[0.698s] Invoking command in '/home/savannah/EECE5554/LAB4/src/gps_driver': CMAKE_PREFIX_PATH=/home/savannah/EECE5554/LAB4/install/gps_message:/home/savannah/EECE5554/LAB4/install/imu_msg LD_LIBRARY_PATH=/home/savannah/EECE5554/LAB4/install/gps_message/lib:/home/savannah/EECE5554/LAB4/install/imu_msg/lib:/opt/ros/humble/opt/rviz_ogre_vendor/lib:/opt/ros/humble/lib/x86_64-linux-gnu:/opt/ros/humble/lib PYTHONPATH=/home/savannah/EECE5554/LAB4/build/gps_driver/prefix_override:/usr/lib/python3/dist-packages/colcon_core/task/python/colcon_distutils_commands:/home/savannah/EECE5554/LAB4/install/gps_driver/lib/python3.10/site-packages:${PYTHONPATH} /usr/bin/python3 -W ignore:setup.py install is deprecated -W ignore:easy_install command is deprecated setup.py egg_info --egg-base ../../build/gps_driver build --build-base /home/savannah/EECE5554/LAB4/build/gps_driver/build install --record /home/savannah/EECE5554/LAB4/build/gps_driver/install.log --single-version-externally-managed install_data
[0.892s] running egg_info
[0.893s] writing ../../build/gps_driver/gps_driver.egg-info/PKG-INFO
[0.893s] writing dependency_links to ../../build/gps_driver/gps_driver.egg-info/dependency_links.txt
[0.893s] writing entry points to ../../build/gps_driver/gps_driver.egg-info/entry_points.txt
[0.893s] writing requirements to ../../build/gps_driver/gps_driver.egg-info/requires.txt
[0.893s] writing top-level names to ../../build/gps_driver/gps_driver.egg-info/top_level.txt
[0.896s] reading manifest file '../../build/gps_driver/gps_driver.egg-info/SOURCES.txt'
[0.896s] adding license file 'LICENSE'
[0.896s] writing manifest file '../../build/gps_driver/gps_driver.egg-info/SOURCES.txt'
[0.896s] running build
[0.896s] running build_py
[0.896s] running install
[0.896s] running install_lib
[0.898s] running install_data
[0.898s] running install_egg_info
[0.898s] removing '/home/savannah/EECE5554/LAB4/install/gps_driver/lib/python3.10/site-packages/gps_driver-0.0.0-py3.10.egg-info' (and everything under it)
[0.898s] Copying ../../build/gps_driver/gps_driver.egg-info to /home/savannah/EECE5554/LAB4/install/gps_driver/lib/python3.10/site-packages/gps_driver-0.0.0-py3.10.egg-info
[0.899s] running install_scripts
[0.923s] Installing driver script to /home/savannah/EECE5554/LAB4/install/gps_driver/lib/gps_driver
[0.923s] writing list of installed files to '/home/savannah/EECE5554/LAB4/build/gps_driver/install.log'
[0.950s] Invoked command in '/home/savannah/EECE5554/LAB4/src/gps_driver' returned '0': CMAKE_PREFIX_PATH=/home/savannah/EECE5554/LAB4/install/gps_message:/home/savannah/EECE5554/LAB4/install/imu_msg LD_LIBRARY_PATH=/home/savannah/EECE5554/LAB4/install/gps_message/lib:/home/savannah/EECE5554/LAB4/install/imu_msg/lib:/opt/ros/humble/opt/rviz_ogre_vendor/lib:/opt/ros/humble/lib/x86_64-linux-gnu:/opt/ros/humble/lib PYTHONPATH=/home/savannah/EECE5554/LAB4/build/gps_driver/prefix_override:/usr/lib/python3/dist-packages/colcon_core/task/python/colcon_distutils_commands:/home/savannah/EECE5554/LAB4/install/gps_driver/lib/python3.10/site-packages:${PYTHONPATH} /usr/bin/python3 -W ignore:setup.py install is deprecated -W ignore:easy_install command is deprecated setup.py egg_info --egg-base ../../build/gps_driver build --build-base /home/savannah/EECE5554/LAB4/build/gps_driver/build install --record /home/savannah/EECE5554/LAB4/build/gps_driver/install.log --single-version-externally-managed install_data
