[0.019s] Invoking command in '/home/savannah/EECE5554/LAB1/build/gps_message': CMAKE_PREFIX_PATH=/opt/ros/humble /usr/bin/cmake /home/savannah/EECE5554/LAB1/src/gps_message -DCMAKE_INSTALL_PREFIX=/home/savannah/EECE5554/LAB1/install/gps_message
[0.184s] -- The C compiler identification is GNU 11.4.0
[0.297s] -- The CXX compiler identification is GNU 11.4.0
[0.313s] -- Detecting C compiler ABI info
[0.390s] -- Detecting C compiler ABI info - done
[0.395s] -- Check for working C compiler: /usr/bin/cc - skipped
[0.396s] -- Detecting C compile features
[0.398s] -- Detecting C compile features - done
[0.402s] -- Detecting CXX compiler ABI info
[0.488s] -- Detecting CXX compiler ABI info - done
[0.493s] -- Check for working CXX compiler: /usr/bin/c++ - skipped
[0.493s] -- Detecting CXX compile features
[0.493s] -- Detecting CXX compile features - done
[0.500s] -- Found ament_cmake: 1.3.11 (/opt/ros/humble/share/ament_cmake/cmake)
[0.639s] -- Found Python3: /usr/bin/python3 (found version "3.10.12") found components: Interpreter 
[0.758s] -- Found rosidl_default_generators: 1.2.0 (/opt/ros/humble/share/rosidl_default_generators/cmake)
[0.767s] -- Using all available rosidl_typesupport_c: rosidl_typesupport_fastrtps_c;rosidl_typesupport_introspection_c
[0.779s] -- Found rosidl_adapter: 3.1.6 (/opt/ros/humble/share/rosidl_adapter/cmake)
[0.840s] -- Using all available rosidl_typesupport_cpp: rosidl_typesupport_fastrtps_cpp;rosidl_typesupport_introspection_cpp
[0.882s] -- Found std_msgs: 4.2.4 (/opt/ros/humble/share/std_msgs/cmake)
[1.152s] -- Found ament_cmake_ros: 0.10.0 (/opt/ros/humble/share/ament_cmake_ros/cmake)
[1.350s] -- Using all available rosidl_typesupport_c: rosidl_typesupport_fastrtps_c;rosidl_typesupport_introspection_c
[1.585s] -- Using all available rosidl_typesupport_cpp: rosidl_typesupport_fastrtps_cpp;rosidl_typesupport_introspection_cpp
[1.603s] -- Found PythonInterp: /usr/bin/python3 (found suitable version "3.10.12", minimum required is "3.6") 
[1.605s] -- Found python_cmake_module: 0.10.0 (/opt/ros/humble/share/python_cmake_module/cmake)
[1.632s] -- Found PythonLibs: /usr/lib/x86_64-linux-gnu/libpython3.10.so (found suitable version "3.10.12", minimum required is "3.5") 
[1.633s] -- Using PYTHON_EXECUTABLE: /usr/bin/python3
[1.633s] -- Using PYTHON_INCLUDE_DIRS: /usr/include/python3.10
[1.633s] -- Using PYTHON_LIBRARIES: /usr/lib/x86_64-linux-gnu/libpython3.10.so
[1.654s] -- Found PythonExtra: .so  
[1.708s] -- Configuring done
[1.742s] -- Generating done
[1.750s] -- Build files have been written to: /home/savannah/EECE5554/LAB1/build/gps_message
[1.755s] Invoked command in '/home/savannah/EECE5554/LAB1/build/gps_message' returned '0': CMAKE_PREFIX_PATH=/opt/ros/humble /usr/bin/cmake /home/savannah/EECE5554/LAB1/src/gps_message -DCMAKE_INSTALL_PREFIX=/home/savannah/EECE5554/LAB1/install/gps_message
[1.757s] Invoking command in '/home/savannah/EECE5554/LAB1/build/gps_message': CMAKE_PREFIX_PATH=/opt/ros/humble /usr/bin/cmake --build /home/savannah/EECE5554/LAB1/build/gps_message -- -j4 -l4
[1.794s] [  3%] [34m[1mGenerating C code for ROS interfaces[0m
[1.804s] [  6%] [34m[1mGenerating C++ code for ROS interfaces[0m
[1.813s] [  6%] Built target ament_cmake_python_copy_gps_message
[2.064s] running egg_info
[2.065s] creating gps_message.egg-info
[2.065s] writing gps_message.egg-info/PKG-INFO
[2.065s] writing dependency_links to gps_message.egg-info/dependency_links.txt
[2.065s] writing top-level names to gps_message.egg-info/top_level.txt
[2.065s] writing manifest file 'gps_message.egg-info/SOURCES.txt'
[2.072s] reading manifest file 'gps_message.egg-info/SOURCES.txt'
[2.072s] writing manifest file 'gps_message.egg-info/SOURCES.txt'
[2.080s] [  6%] Built target gps_message__cpp
[2.096s] [  9%] [34m[1mGenerating C++ type support dispatch for ROS interfaces[0m
[2.110s] [ 12%] [34m[1mGenerating C++ type support for eProsima Fast-RTPS[0m
[2.110s] [ 12%] Built target ament_cmake_python_build_gps_message_egg
[2.125s] [ 16%] [34m[1mGenerating C++ introspection for ROS interfaces[0m
[2.248s] [ 19%] [32mBuilding C object CMakeFiles/gps_message__rosidl_generator_c.dir/rosidl_generator_c/gps_message/msg/detail/gps_msg__functions.c.o[0m
[2.366s] [ 22%] [32m[1mLinking C shared library libgps_message__rosidl_generator_c.so[0m
[2.393s] [ 25%] [32mBuilding CXX object CMakeFiles/gps_message__rosidl_typesupport_cpp.dir/rosidl_typesupport_cpp/gps_message/msg/gps_msg__type_support.cpp.o[0m
[2.393s] [ 29%] [32mBuilding CXX object CMakeFiles/gps_message__rosidl_typesupport_introspection_cpp.dir/rosidl_typesupport_introspection_cpp/gps_message/msg/detail/gps_msg__type_support.cpp.o[0m
[2.424s] [ 29%] Built target gps_message__rosidl_generator_c
[2.440s] [ 32%] [34m[1mGenerating C type support for eProsima Fast-RTPS[0m
[2.457s] [ 35%] [32mBuilding CXX object CMakeFiles/gps_message__rosidl_typesupport_fastrtps_cpp.dir/rosidl_typesupport_fastrtps_cpp/gps_message/msg/detail/dds_fastrtps/gps_msg__type_support.cpp.o[0m
[2.726s] [ 38%] [32mBuilding CXX object CMakeFiles/gps_message__rosidl_typesupport_fastrtps_c.dir/rosidl_typesupport_fastrtps_c/gps_message/msg/detail/gps_msg__type_support_c.cpp.o[0m
[2.862s] [ 41%] [32m[1mLinking CXX shared library libgps_message__rosidl_typesupport_cpp.so[0m
[2.990s] [ 45%] [32m[1mLinking CXX shared library libgps_message__rosidl_typesupport_fastrtps_cpp.so[0m
[2.997s] [ 45%] Built target gps_message__rosidl_typesupport_cpp
[3.019s] [ 48%] [34m[1mGenerating C introspection for ROS interfaces[0m
[3.135s] [ 51%] [32m[1mLinking CXX shared library libgps_message__rosidl_typesupport_introspection_cpp.so[0m
[3.149s] [ 51%] Built target gps_message__rosidl_typesupport_fastrtps_cpp
[3.187s] [ 54%] [34m[1mGenerating C type support dispatch for ROS interfaces[0m
[3.246s] [ 54%] Built target gps_message__rosidl_typesupport_introspection_cpp
[3.261s] [ 58%] [32m[1mLinking CXX shared library libgps_message__rosidl_typesupport_fastrtps_c.so[0m
[3.339s] [ 58%] Built target gps_message__rosidl_typesupport_fastrtps_c
[3.351s] [ 61%] [32mBuilding C object CMakeFiles/gps_message__rosidl_typesupport_introspection_c.dir/rosidl_typesupport_introspection_c/gps_message/msg/detail/gps_msg__type_support.c.o[0m
[3.387s] [ 64%] [32m[1mLinking C shared library libgps_message__rosidl_typesupport_introspection_c.so[0m
[3.408s] [ 67%] [32mBuilding CXX object CMakeFiles/gps_message__rosidl_typesupport_c.dir/rosidl_typesupport_c/gps_message/msg/gps_msg__type_support.cpp.o[0m
[3.422s] [ 67%] Built target gps_message__rosidl_typesupport_introspection_c
[3.435s] [ 70%] [32m[1mLinking CXX shared library libgps_message__rosidl_typesupport_c.so[0m
[3.479s] [ 70%] Built target gps_message__rosidl_typesupport_c
[3.499s] [ 70%] Built target gps_message
[3.514s] [ 74%] [34m[1mGenerating Python code for ROS interfaces[0m
[3.774s] [ 74%] Built target gps_message__py
[3.794s] [ 77%] [32mBuilding C object CMakeFiles/gps_message__rosidl_generator_py.dir/rosidl_generator_py/gps_message/msg/_gps_msg_s.c.o[0m
[3.934s] [ 80%] [32m[1mLinking C shared library rosidl_generator_py/gps_message/libgps_message__rosidl_generator_py.so[0m
[3.976s] [ 80%] Built target gps_message__rosidl_generator_py
[3.997s] [ 83%] [32mBuilding C object CMakeFiles/gps_message__rosidl_typesupport_fastrtps_c__pyext.dir/rosidl_generator_py/gps_message/_gps_message_s.ep.rosidl_typesupport_fastrtps_c.c.o[0m
[3.999s] [ 87%] [32mBuilding C object CMakeFiles/gps_message__rosidl_typesupport_c__pyext.dir/rosidl_generator_py/gps_message/_gps_message_s.ep.rosidl_typesupport_c.c.o[0m
[3.999s] [ 90%] [32mBuilding C object CMakeFiles/gps_message__rosidl_typesupport_introspection_c__pyext.dir/rosidl_generator_py/gps_message/_gps_message_s.ep.rosidl_typesupport_introspection_c.c.o[0m
[4.087s] [ 93%] [32m[1mLinking C shared library rosidl_generator_py/gps_message/gps_message_s__rosidl_typesupport_introspection_c.cpython-310-x86_64-linux-gnu.so[0m
[4.093s] [ 96%] [32m[1mLinking C shared library rosidl_generator_py/gps_message/gps_message_s__rosidl_typesupport_c.cpython-310-x86_64-linux-gnu.so[0m
[4.097s] [100%] [32m[1mLinking C shared library rosidl_generator_py/gps_message/gps_message_s__rosidl_typesupport_fastrtps_c.cpython-310-x86_64-linux-gnu.so[0m
[4.127s] [100%] Built target gps_message__rosidl_typesupport_introspection_c__pyext
[4.134s] [100%] Built target gps_message__rosidl_typesupport_c__pyext
[4.134s] [100%] Built target gps_message__rosidl_typesupport_fastrtps_c__pyext
[4.145s] Invoked command in '/home/savannah/EECE5554/LAB1/build/gps_message' returned '0': CMAKE_PREFIX_PATH=/opt/ros/humble /usr/bin/cmake --build /home/savannah/EECE5554/LAB1/build/gps_message -- -j4 -l4
[4.156s] Invoking command in '/home/savannah/EECE5554/LAB1/build/gps_message': CMAKE_PREFIX_PATH=/opt/ros/humble /usr/bin/cmake --install /home/savannah/EECE5554/LAB1/build/gps_message
[4.166s] -- Install configuration: ""
[4.166s] -- Installing: /home/savannah/EECE5554/LAB1/install/gps_message/share/ament_index/resource_index/rosidl_interfaces/gps_message
[4.166s] -- Installing: /home/savannah/EECE5554/LAB1/install/gps_message/include/gps_message/gps_message
[4.166s] -- Installing: /home/savannah/EECE5554/LAB1/install/gps_message/include/gps_message/gps_message/msg
[4.169s] -- Installing: /home/savannah/EECE5554/LAB1/install/gps_message/include/gps_message/gps_message/msg/gps_msg.h
[4.169s] -- Installing: /home/savannah/EECE5554/LAB1/install/gps_message/include/gps_message/gps_message/msg/detail
[4.169s] -- Installing: /home/savannah/EECE5554/LAB1/install/gps_message/include/gps_message/gps_message/msg/detail/gps_msg__functions.h
[4.169s] -- Installing: /home/savannah/EECE5554/LAB1/install/gps_message/include/gps_message/gps_message/msg/detail/gps_msg__type_support.h
[4.169s] -- Installing: /home/savannah/EECE5554/LAB1/install/gps_message/include/gps_message/gps_message/msg/detail/gps_msg__functions.c
[4.169s] -- Installing: /home/savannah/EECE5554/LAB1/install/gps_message/include/gps_message/gps_message/msg/detail/gps_msg__struct.h
[4.169s] -- Installing: /home/savannah/EECE5554/LAB1/install/gps_message/include/gps_message/gps_message/msg/rosidl_generator_c__visibility_control.h
[4.169s] -- Installing: /home/savannah/EECE5554/LAB1/install/gps_message/share/gps_message/environment/library_path.sh
[4.169s] -- Installing: /home/savannah/EECE5554/LAB1/install/gps_message/share/gps_message/environment/library_path.dsv
[4.169s] -- Installing: /home/savannah/EECE5554/LAB1/install/gps_message/lib/libgps_message__rosidl_generator_c.so
[4.169s] -- Set runtime path of "/home/savannah/EECE5554/LAB1/install/gps_message/lib/libgps_message__rosidl_generator_c.so" to ""
[4.169s] -- Up-to-date: /home/savannah/EECE5554/LAB1/install/gps_message/include/gps_message/gps_message
[4.169s] -- Up-to-date: /home/savannah/EECE5554/LAB1/install/gps_message/include/gps_message/gps_message/msg
[4.169s] -- Up-to-date: /home/savannah/EECE5554/LAB1/install/gps_message/include/gps_message/gps_message/msg/detail
[4.169s] -- Installing: /home/savannah/EECE5554/LAB1/install/gps_message/include/gps_message/gps_message/msg/detail/gps_msg__rosidl_typesupport_fastrtps_c.h
[4.169s] -- Installing: /home/savannah/EECE5554/LAB1/install/gps_message/include/gps_message/gps_message/msg/rosidl_typesupport_fastrtps_c__visibility_control.h
[4.170s] -- Installing: /home/savannah/EECE5554/LAB1/install/gps_message/lib/libgps_message__rosidl_typesupport_fastrtps_c.so
[4.170s] -- Set runtime path of "/home/savannah/EECE5554/LAB1/install/gps_message/lib/libgps_message__rosidl_typesupport_fastrtps_c.so" to ""
[4.170s] -- Up-to-date: /home/savannah/EECE5554/LAB1/install/gps_message/include/gps_message/gps_message
[4.170s] -- Up-to-date: /home/savannah/EECE5554/LAB1/install/gps_message/include/gps_message/gps_message/msg
[4.170s] -- Up-to-date: /home/savannah/EECE5554/LAB1/install/gps_message/include/gps_message/gps_message/msg/detail
[4.170s] -- Installing: /home/savannah/EECE5554/LAB1/install/gps_message/include/gps_message/gps_message/msg/detail/gps_msg__rosidl_typesupport_introspection_c.h
[4.170s] -- Installing: /home/savannah/EECE5554/LAB1/install/gps_message/include/gps_message/gps_message/msg/detail/gps_msg__type_support.c
[4.170s] -- Installing: /home/savannah/EECE5554/LAB1/install/gps_message/include/gps_message/gps_message/msg/rosidl_typesupport_introspection_c__visibility_control.h
[4.170s] -- Installing: /home/savannah/EECE5554/LAB1/install/gps_message/lib/libgps_message__rosidl_typesupport_introspection_c.so
[4.171s] -- Set runtime path of "/home/savannah/EECE5554/LAB1/install/gps_message/lib/libgps_message__rosidl_typesupport_introspection_c.so" to ""
[4.171s] -- Installing: /home/savannah/EECE5554/LAB1/install/gps_message/lib/libgps_message__rosidl_typesupport_c.so
[4.171s] -- Set runtime path of "/home/savannah/EECE5554/LAB1/install/gps_message/lib/libgps_message__rosidl_typesupport_c.so" to ""
[4.171s] -- Up-to-date: /home/savannah/EECE5554/LAB1/install/gps_message/include/gps_message/gps_message
[4.171s] -- Up-to-date: /home/savannah/EECE5554/LAB1/install/gps_message/include/gps_message/gps_message/msg
[4.172s] -- Installing: /home/savannah/EECE5554/LAB1/install/gps_message/include/gps_message/gps_message/msg/gps_msg.hpp
[4.172s] -- Up-to-date: /home/savannah/EECE5554/LAB1/install/gps_message/include/gps_message/gps_message/msg/detail
[4.172s] -- Installing: /home/savannah/EECE5554/LAB1/install/gps_message/include/gps_message/gps_message/msg/detail/gps_msg__struct.hpp
[4.172s] -- Installing: /home/savannah/EECE5554/LAB1/install/gps_message/include/gps_message/gps_message/msg/detail/gps_msg__traits.hpp
[4.172s] -- Installing: /home/savannah/EECE5554/LAB1/install/gps_message/include/gps_message/gps_message/msg/detail/gps_msg__builder.hpp
[4.172s] -- Installing: /home/savannah/EECE5554/LAB1/install/gps_message/include/gps_message/gps_message/msg/detail/gps_msg__type_support.hpp
[4.172s] -- Installing: /home/savannah/EECE5554/LAB1/install/gps_message/include/gps_message/gps_message/msg/rosidl_generator_cpp__visibility_control.hpp
[4.172s] -- Up-to-date: /home/savannah/EECE5554/LAB1/install/gps_message/include/gps_message/gps_message
[4.172s] -- Up-to-date: /home/savannah/EECE5554/LAB1/install/gps_message/include/gps_message/gps_message/msg
[4.172s] -- Up-to-date: /home/savannah/EECE5554/LAB1/install/gps_message/include/gps_message/gps_message/msg/detail
[4.173s] -- Installing: /home/savannah/EECE5554/LAB1/install/gps_message/include/gps_message/gps_message/msg/detail/gps_msg__rosidl_typesupport_fastrtps_cpp.hpp
[4.173s] -- Installing: /home/savannah/EECE5554/LAB1/install/gps_message/include/gps_message/gps_message/msg/detail/dds_fastrtps
[4.173s] -- Installing: /home/savannah/EECE5554/LAB1/install/gps_message/include/gps_message/gps_message/msg/rosidl_typesupport_fastrtps_cpp__visibility_control.h
[4.173s] -- Installing: /home/savannah/EECE5554/LAB1/install/gps_message/lib/libgps_message__rosidl_typesupport_fastrtps_cpp.so
[4.173s] -- Set runtime path of "/home/savannah/EECE5554/LAB1/install/gps_message/lib/libgps_message__rosidl_typesupport_fastrtps_cpp.so" to ""
[4.173s] -- Up-to-date: /home/savannah/EECE5554/LAB1/install/gps_message/include/gps_message/gps_message
[4.173s] -- Up-to-date: /home/savannah/EECE5554/LAB1/install/gps_message/include/gps_message/gps_message/msg
[4.173s] -- Up-to-date: /home/savannah/EECE5554/LAB1/install/gps_message/include/gps_message/gps_message/msg/detail
[4.173s] -- Installing: /home/savannah/EECE5554/LAB1/install/gps_message/include/gps_message/gps_message/msg/detail/gps_msg__type_support.cpp
[4.173s] -- Installing: /home/savannah/EECE5554/LAB1/install/gps_message/include/gps_message/gps_message/msg/detail/gps_msg__rosidl_typesupport_introspection_cpp.hpp
[4.174s] -- Installing: /home/savannah/EECE5554/LAB1/install/gps_message/lib/libgps_message__rosidl_typesupport_introspection_cpp.so
[4.174s] -- Set runtime path of "/home/savannah/EECE5554/LAB1/install/gps_message/lib/libgps_message__rosidl_typesupport_introspection_cpp.so" to ""
[4.174s] -- Installing: /home/savannah/EECE5554/LAB1/install/gps_message/lib/libgps_message__rosidl_typesupport_cpp.so
[4.174s] -- Set runtime path of "/home/savannah/EECE5554/LAB1/install/gps_message/lib/libgps_message__rosidl_typesupport_cpp.so" to ""
[4.174s] -- Installing: /home/savannah/EECE5554/LAB1/install/gps_message/share/gps_message/environment/pythonpath.sh
[4.174s] -- Installing: /home/savannah/EECE5554/LAB1/install/gps_message/share/gps_message/environment/pythonpath.dsv
[4.174s] -- Installing: /home/savannah/EECE5554/LAB1/install/gps_message/local/lib/python3.10/dist-packages/gps_message-0.0.0-py3.10.egg-info
[4.174s] -- Installing: /home/savannah/EECE5554/LAB1/install/gps_message/local/lib/python3.10/dist-packages/gps_message-0.0.0-py3.10.egg-info/top_level.txt
[4.174s] -- Installing: /home/savannah/EECE5554/LAB1/install/gps_message/local/lib/python3.10/dist-packages/gps_message-0.0.0-py3.10.egg-info/dependency_links.txt
[4.174s] -- Installing: /home/savannah/EECE5554/LAB1/install/gps_message/local/lib/python3.10/dist-packages/gps_message-0.0.0-py3.10.egg-info/SOURCES.txt
[4.174s] -- Installing: /home/savannah/EECE5554/LAB1/install/gps_message/local/lib/python3.10/dist-packages/gps_message-0.0.0-py3.10.egg-info/PKG-INFO
[4.174s] -- Installing: /home/savannah/EECE5554/LAB1/install/gps_message/local/lib/python3.10/dist-packages/gps_message
[4.174s] -- Installing: /home/savannah/EECE5554/LAB1/install/gps_message/local/lib/python3.10/dist-packages/gps_message/_gps_message_s.ep.rosidl_typesupport_c.c
[4.175s] -- Installing: /home/savannah/EECE5554/LAB1/install/gps_message/local/lib/python3.10/dist-packages/gps_message/libgps_message__rosidl_generator_py.so
[4.175s] -- Installing: /home/savannah/EECE5554/LAB1/install/gps_message/local/lib/python3.10/dist-packages/gps_message/gps_message_s__rosidl_typesupport_fastrtps_c.cpython-310-x86_64-linux-gnu.so
[4.175s] -- Installing: /home/savannah/EECE5554/LAB1/install/gps_message/local/lib/python3.10/dist-packages/gps_message/gps_message_s__rosidl_typesupport_c.cpython-310-x86_64-linux-gnu.so
[4.175s] -- Installing: /home/savannah/EECE5554/LAB1/install/gps_message/local/lib/python3.10/dist-packages/gps_message/gps_message_s__rosidl_typesupport_introspection_c.cpython-310-x86_64-linux-gnu.so
[4.175s] -- Installing: /home/savannah/EECE5554/LAB1/install/gps_message/local/lib/python3.10/dist-packages/gps_message/_gps_message_s.ep.rosidl_typesupport_fastrtps_c.c
[4.175s] -- Installing: /home/savannah/EECE5554/LAB1/install/gps_message/local/lib/python3.10/dist-packages/gps_message/msg
[4.175s] -- Installing: /home/savannah/EECE5554/LAB1/install/gps_message/local/lib/python3.10/dist-packages/gps_message/msg/_gps_msg_s.c
[4.175s] -- Installing: /home/savannah/EECE5554/LAB1/install/gps_message/local/lib/python3.10/dist-packages/gps_message/msg/_gps_msg.py
[4.175s] -- Installing: /home/savannah/EECE5554/LAB1/install/gps_message/local/lib/python3.10/dist-packages/gps_message/msg/__init__.py
[4.175s] -- Installing: /home/savannah/EECE5554/LAB1/install/gps_message/local/lib/python3.10/dist-packages/gps_message/__init__.py
[4.175s] -- Installing: /home/savannah/EECE5554/LAB1/install/gps_message/local/lib/python3.10/dist-packages/gps_message/_gps_message_s.ep.rosidl_typesupport_introspection_c.c
[4.201s] Listing '/home/savannah/EECE5554/LAB1/install/gps_message/local/lib/python3.10/dist-packages/gps_message'...
[4.201s] Compiling '/home/savannah/EECE5554/LAB1/install/gps_message/local/lib/python3.10/dist-packages/gps_message/__init__.py'...
[4.201s] Listing '/home/savannah/EECE5554/LAB1/install/gps_message/local/lib/python3.10/dist-packages/gps_message/msg'...
[4.201s] Compiling '/home/savannah/EECE5554/LAB1/install/gps_message/local/lib/python3.10/dist-packages/gps_message/msg/__init__.py'...
[4.201s] Compiling '/home/savannah/EECE5554/LAB1/install/gps_message/local/lib/python3.10/dist-packages/gps_message/msg/_gps_msg.py'...
[4.205s] -- Installing: /home/savannah/EECE5554/LAB1/install/gps_message/local/lib/python3.10/dist-packages/gps_message/gps_message_s__rosidl_typesupport_fastrtps_c.cpython-310-x86_64-linux-gnu.so
[4.205s] -- Set runtime path of "/home/savannah/EECE5554/LAB1/install/gps_message/local/lib/python3.10/dist-packages/gps_message/gps_message_s__rosidl_typesupport_fastrtps_c.cpython-310-x86_64-linux-gnu.so" to ""
[4.205s] -- Installing: /home/savannah/EECE5554/LAB1/install/gps_message/local/lib/python3.10/dist-packages/gps_message/gps_message_s__rosidl_typesupport_introspection_c.cpython-310-x86_64-linux-gnu.so
[4.205s] -- Set runtime path of "/home/savannah/EECE5554/LAB1/install/gps_message/local/lib/python3.10/dist-packages/gps_message/gps_message_s__rosidl_typesupport_introspection_c.cpython-310-x86_64-linux-gnu.so" to ""
[4.206s] -- Installing: /home/savannah/EECE5554/LAB1/install/gps_message/local/lib/python3.10/dist-packages/gps_message/gps_message_s__rosidl_typesupport_c.cpython-310-x86_64-linux-gnu.so
[4.206s] -- Set runtime path of "/home/savannah/EECE5554/LAB1/install/gps_message/local/lib/python3.10/dist-packages/gps_message/gps_message_s__rosidl_typesupport_c.cpython-310-x86_64-linux-gnu.so" to ""
[4.206s] -- Installing: /home/savannah/EECE5554/LAB1/install/gps_message/lib/libgps_message__rosidl_generator_py.so
[4.206s] -- Set runtime path of "/home/savannah/EECE5554/LAB1/install/gps_message/lib/libgps_message__rosidl_generator_py.so" to ""
[4.206s] -- Installing: /home/savannah/EECE5554/LAB1/install/gps_message/share/gps_message/msg/GpsMsg.idl
[4.206s] -- Installing: /home/savannah/EECE5554/LAB1/install/gps_message/share/gps_message/msg/GpsMsg.msg
[4.206s] -- Installing: /home/savannah/EECE5554/LAB1/install/gps_message/share/ament_index/resource_index/package_run_dependencies/gps_message
[4.206s] -- Installing: /home/savannah/EECE5554/LAB1/install/gps_message/share/ament_index/resource_index/parent_prefix_path/gps_message
[4.207s] -- Installing: /home/savannah/EECE5554/LAB1/install/gps_message/share/gps_message/environment/ament_prefix_path.sh
[4.207s] -- Installing: /home/savannah/EECE5554/LAB1/install/gps_message/share/gps_message/environment/ament_prefix_path.dsv
[4.207s] -- Installing: /home/savannah/EECE5554/LAB1/install/gps_message/share/gps_message/environment/path.sh
[4.207s] -- Installing: /home/savannah/EECE5554/LAB1/install/gps_message/share/gps_message/environment/path.dsv
[4.207s] -- Installing: /home/savannah/EECE5554/LAB1/install/gps_message/share/gps_message/local_setup.bash
[4.207s] -- Installing: /home/savannah/EECE5554/LAB1/install/gps_message/share/gps_message/local_setup.sh
[4.207s] -- Installing: /home/savannah/EECE5554/LAB1/install/gps_message/share/gps_message/local_setup.zsh
[4.208s] -- Installing: /home/savannah/EECE5554/LAB1/install/gps_message/share/gps_message/local_setup.dsv
[4.208s] -- Installing: /home/savannah/EECE5554/LAB1/install/gps_message/share/gps_message/package.dsv
[4.208s] -- Installing: /home/savannah/EECE5554/LAB1/install/gps_message/share/ament_index/resource_index/packages/gps_message
[4.208s] -- Installing: /home/savannah/EECE5554/LAB1/install/gps_message/share/gps_message/cmake/export_gps_message__rosidl_generator_cExport.cmake
[4.208s] -- Installing: /home/savannah/EECE5554/LAB1/install/gps_message/share/gps_message/cmake/export_gps_message__rosidl_generator_cExport-noconfig.cmake
[4.208s] -- Installing: /home/savannah/EECE5554/LAB1/install/gps_message/share/gps_message/cmake/export_gps_message__rosidl_typesupport_fastrtps_cExport.cmake
[4.208s] -- Installing: /home/savannah/EECE5554/LAB1/install/gps_message/share/gps_message/cmake/export_gps_message__rosidl_typesupport_fastrtps_cExport-noconfig.cmake
[4.208s] -- Installing: /home/savannah/EECE5554/LAB1/install/gps_message/share/gps_message/cmake/gps_message__rosidl_typesupport_introspection_cExport.cmake
[4.208s] -- Installing: /home/savannah/EECE5554/LAB1/install/gps_message/share/gps_message/cmake/gps_message__rosidl_typesupport_introspection_cExport-noconfig.cmake
[4.208s] -- Installing: /home/savannah/EECE5554/LAB1/install/gps_message/share/gps_message/cmake/gps_message__rosidl_typesupport_cExport.cmake
[4.208s] -- Installing: /home/savannah/EECE5554/LAB1/install/gps_message/share/gps_message/cmake/gps_message__rosidl_typesupport_cExport-noconfig.cmake
[4.208s] -- Installing: /home/savannah/EECE5554/LAB1/install/gps_message/share/gps_message/cmake/export_gps_message__rosidl_generator_cppExport.cmake
[4.208s] -- Installing: /home/savannah/EECE5554/LAB1/install/gps_message/share/gps_message/cmake/export_gps_message__rosidl_typesupport_fastrtps_cppExport.cmake
[4.209s] -- Installing: /home/savannah/EECE5554/LAB1/install/gps_message/share/gps_message/cmake/export_gps_message__rosidl_typesupport_fastrtps_cppExport-noconfig.cmake
[4.209s] -- Installing: /home/savannah/EECE5554/LAB1/install/gps_message/share/gps_message/cmake/gps_message__rosidl_typesupport_introspection_cppExport.cmake
[4.209s] -- Installing: /home/savannah/EECE5554/LAB1/install/gps_message/share/gps_message/cmake/gps_message__rosidl_typesupport_introspection_cppExport-noconfig.cmake
[4.209s] -- Installing: /home/savannah/EECE5554/LAB1/install/gps_message/share/gps_message/cmake/gps_message__rosidl_typesupport_cppExport.cmake
[4.209s] -- Installing: /home/savannah/EECE5554/LAB1/install/gps_message/share/gps_message/cmake/gps_message__rosidl_typesupport_cppExport-noconfig.cmake
[4.209s] -- Installing: /home/savannah/EECE5554/LAB1/install/gps_message/share/gps_message/cmake/export_gps_message__rosidl_generator_pyExport.cmake
[4.209s] -- Installing: /home/savannah/EECE5554/LAB1/install/gps_message/share/gps_message/cmake/export_gps_message__rosidl_generator_pyExport-noconfig.cmake
[4.209s] -- Installing: /home/savannah/EECE5554/LAB1/install/gps_message/share/gps_message/cmake/rosidl_cmake-extras.cmake
[4.209s] -- Installing: /home/savannah/EECE5554/LAB1/install/gps_message/share/gps_message/cmake/ament_cmake_export_dependencies-extras.cmake
[4.210s] -- Installing: /home/savannah/EECE5554/LAB1/install/gps_message/share/gps_message/cmake/ament_cmake_export_include_directories-extras.cmake
[4.210s] -- Installing: /home/savannah/EECE5554/LAB1/install/gps_message/share/gps_message/cmake/ament_cmake_export_libraries-extras.cmake
[4.210s] -- Installing: /home/savannah/EECE5554/LAB1/install/gps_message/share/gps_message/cmake/ament_cmake_export_targets-extras.cmake
[4.210s] -- Installing: /home/savannah/EECE5554/LAB1/install/gps_message/share/gps_message/cmake/rosidl_cmake_export_typesupport_targets-extras.cmake
[4.210s] -- Installing: /home/savannah/EECE5554/LAB1/install/gps_message/share/gps_message/cmake/rosidl_cmake_export_typesupport_libraries-extras.cmake
[4.210s] -- Installing: /home/savannah/EECE5554/LAB1/install/gps_message/share/gps_message/cmake/gps_messageConfig.cmake
[4.210s] -- Installing: /home/savannah/EECE5554/LAB1/install/gps_message/share/gps_message/cmake/gps_messageConfig-version.cmake
[4.210s] -- Installing: /home/savannah/EECE5554/LAB1/install/gps_message/share/gps_message/package.xml
[4.213s] Invoked command in '/home/savannah/EECE5554/LAB1/build/gps_message' returned '0': CMAKE_PREFIX_PATH=/opt/ros/humble /usr/bin/cmake --install /home/savannah/EECE5554/LAB1/build/gps_message
