[0.498s] Invoking command in '/home/savannah/EECE5554/LAB1/src/gps_driver': PYTHONPATH=/home/savannah/EECE5554/LAB1/build/gps_driver/prefix_override:/usr/lib/python3/dist-packages/colcon_core/task/python/colcon_distutils_commands:/home/savannah/EECE5554/LAB1/install/gps_driver/lib/python3.10/site-packages:${PYTHONPATH} /usr/bin/python3 -W ignore:setup.py install is deprecated -W ignore:easy_install command is deprecated setup.py egg_info --egg-base ../../build/gps_driver build --build-base /home/savannah/EECE5554/LAB1/build/gps_driver/build install --record /home/savannah/EECE5554/LAB1/build/gps_driver/install.log --single-version-externally-managed install_data
[0.688s] running egg_info
[0.689s] writing ../../build/gps_driver/gps_driver.egg-info/PKG-INFO
[0.689s] writing dependency_links to ../../build/gps_driver/gps_driver.egg-info/dependency_links.txt
[0.689s] writing entry points to ../../build/gps_driver/gps_driver.egg-info/entry_points.txt
[0.690s] writing requirements to ../../build/gps_driver/gps_driver.egg-info/requires.txt
[0.690s] writing top-level names to ../../build/gps_driver/gps_driver.egg-info/top_level.txt
[0.691s] reading manifest file '../../build/gps_driver/gps_driver.egg-info/SOURCES.txt'
[0.691s] adding license file 'LICENSE'
[0.691s] writing manifest file '../../build/gps_driver/gps_driver.egg-info/SOURCES.txt'
[0.691s] running build
[0.691s] running build_py
[0.692s] running install
[0.692s] running install_lib
[0.693s] running install_data
[0.693s] copying package.xml -> /home/savannah/EECE5554/LAB1/install/gps_driver/share/gps_driver
[0.693s] running install_egg_info
[0.696s] removing '/home/savannah/EECE5554/LAB1/install/gps_driver/lib/python3.10/site-packages/gps_driver-0.0.0-py3.10.egg-info' (and everything under it)
[0.696s] Copying ../../build/gps_driver/gps_driver.egg-info to /home/savannah/EECE5554/LAB1/install/gps_driver/lib/python3.10/site-packages/gps_driver-0.0.0-py3.10.egg-info
[0.697s] running install_scripts
[0.713s] Installing driver script to /home/savannah/EECE5554/LAB1/install/gps_driver/lib/gps_driver
[0.714s] writing list of installed files to '/home/savannah/EECE5554/LAB1/build/gps_driver/install.log'
[0.734s] Invoked command in '/home/savannah/EECE5554/LAB1/src/gps_driver' returned '0': PYTHONPATH=/home/savannah/EECE5554/LAB1/build/gps_driver/prefix_override:/usr/lib/python3/dist-packages/colcon_core/task/python/colcon_distutils_commands:/home/savannah/EECE5554/LAB1/install/gps_driver/lib/python3.10/site-packages:${PYTHONPATH} /usr/bin/python3 -W ignore:setup.py install is deprecated -W ignore:easy_install command is deprecated setup.py egg_info --egg-base ../../build/gps_driver build --build-base /home/savannah/EECE5554/LAB1/build/gps_driver/build install --record /home/savannah/EECE5554/LAB1/build/gps_driver/install.log --single-version-externally-managed install_data
