[0.083s] DEBUG:colcon:Command line arguments: ['/usr/bin/colcon', 'build']
[0.083s] DEBUG:colcon:Parsed command line arguments: Namespace(log_base=None, log_level=None, verb_name='build', build_base='build', install_base='install', merge_install=False, symlink_install=False, test_result_base=None, continue_on_error=False, executor='parallel', parallel_workers=4, event_handlers=None, ignore_user_meta=False, metas=['./colcon.meta'], base_paths=['.'], packages_ignore=None, packages_ignore_regex=None, paths=None, packages_up_to=None, packages_up_to_regex=None, packages_above=None, packages_above_and_dependencies=None, packages_above_depth=None, packages_select_by_dep=None, packages_skip_by_dep=None, packages_skip_up_to=None, packages_select_build_failed=False, packages_skip_build_finished=False, packages_select_test_failures=False, packages_skip_test_passed=False, packages_select=None, packages_skip=None, packages_select_regex=None, packages_skip_regex=None, packages_start=None, packages_end=None, allow_overriding=[], cmake_args=None, cmake_target=None, cmake_target_skip_unavailable=False, cmake_clean_cache=False, cmake_clean_first=False, cmake_force_configure=False, ament_cmake_args=None, catkin_cmake_args=None, catkin_skip_building_tests=False, mixin_files=None, mixin=None, verb_parser=<colcon_mixin.mixin.mixin_argument.MixinArgumentDecorator object at 0x70b41aa5a9b0>, verb_extension=<colcon_core.verb.build.BuildVerb object at 0x70b41aa5a320>, main=<bound method BuildVerb.main of <colcon_core.verb.build.BuildVerb object at 0x70b41aa5a320>>, mixin_verb=('build',))
[0.203s] Level 1:colcon.colcon_core.package_discovery:discover_packages(colcon_meta) check parameters
[0.203s] Level 1:colcon.colcon_core.package_discovery:discover_packages(recursive) check parameters
[0.203s] Level 1:colcon.colcon_core.package_discovery:discover_packages(ignore) check parameters
[0.203s] Level 1:colcon.colcon_core.package_discovery:discover_packages(path) check parameters
[0.203s] Level 1:colcon.colcon_core.package_discovery:discover_packages(colcon_meta) discover
[0.203s] Level 1:colcon.colcon_core.package_discovery:discover_packages(recursive) discover
[0.203s] INFO:colcon.colcon_core.package_discovery:Crawling recursively for packages in '/home/savannah/EECE5554/LAB4'
[0.204s] Level 1:colcon.colcon_core.package_identification:_identify(.) by extensions ['ignore', 'ignore_ament_install']
[0.204s] Level 1:colcon.colcon_core.package_identification:_identify(.) by extension 'ignore'
[0.204s] Level 1:colcon.colcon_core.package_identification:_identify(.) by extension 'ignore_ament_install'
[0.204s] Level 1:colcon.colcon_core.package_identification:_identify(.) by extensions ['colcon_pkg']
[0.204s] Level 1:colcon.colcon_core.package_identification:_identify(.) by extension 'colcon_pkg'
[0.204s] Level 1:colcon.colcon_core.package_identification:_identify(.) by extensions ['colcon_meta']
[0.204s] Level 1:colcon.colcon_core.package_identification:_identify(.) by extension 'colcon_meta'
[0.204s] Level 1:colcon.colcon_core.package_identification:_identify(.) by extensions ['ros']
[0.204s] Level 1:colcon.colcon_core.package_identification:_identify(.) by extension 'ros'
[0.212s] Level 1:colcon.colcon_core.package_identification:_identify(.) by extensions ['cmake', 'python']
[0.212s] Level 1:colcon.colcon_core.package_identification:_identify(.) by extension 'cmake'
[0.212s] Level 1:colcon.colcon_core.package_identification:_identify(.) by extension 'python'
[0.212s] Level 1:colcon.colcon_core.package_identification:_identify(.) by extensions ['python_setup_py']
[0.212s] Level 1:colcon.colcon_core.package_identification:_identify(.) by extension 'python_setup_py'
[0.212s] Level 1:colcon.colcon_core.package_identification:_identify(analysis) by extensions ['ignore', 'ignore_ament_install']
[0.212s] Level 1:colcon.colcon_core.package_identification:_identify(analysis) by extension 'ignore'
[0.212s] Level 1:colcon.colcon_core.package_identification:_identify(analysis) by extension 'ignore_ament_install'
[0.212s] Level 1:colcon.colcon_core.package_identification:_identify(analysis) by extensions ['colcon_pkg']
[0.212s] Level 1:colcon.colcon_core.package_identification:_identify(analysis) by extension 'colcon_pkg'
[0.212s] Level 1:colcon.colcon_core.package_identification:_identify(analysis) by extensions ['colcon_meta']
[0.212s] Level 1:colcon.colcon_core.package_identification:_identify(analysis) by extension 'colcon_meta'
[0.212s] Level 1:colcon.colcon_core.package_identification:_identify(analysis) by extensions ['ros']
[0.212s] Level 1:colcon.colcon_core.package_identification:_identify(analysis) by extension 'ros'
[0.212s] Level 1:colcon.colcon_core.package_identification:_identify(analysis) by extensions ['cmake', 'python']
[0.212s] Level 1:colcon.colcon_core.package_identification:_identify(analysis) by extension 'cmake'
[0.212s] Level 1:colcon.colcon_core.package_identification:_identify(analysis) by extension 'python'
[0.212s] Level 1:colcon.colcon_core.package_identification:_identify(analysis) by extensions ['python_setup_py']
[0.212s] Level 1:colcon.colcon_core.package_identification:_identify(analysis) by extension 'python_setup_py'
[0.213s] Level 1:colcon.colcon_core.package_identification:_identify(build) by extensions ['ignore', 'ignore_ament_install']
[0.213s] Level 1:colcon.colcon_core.package_identification:_identify(build) by extension 'ignore'
[0.213s] Level 1:colcon.colcon_core.package_identification:_identify(build) ignored
[0.213s] Level 1:colcon.colcon_core.package_identification:_identify(data) by extensions ['ignore', 'ignore_ament_install']
[0.213s] Level 1:colcon.colcon_core.package_identification:_identify(data) by extension 'ignore'
[0.213s] Level 1:colcon.colcon_core.package_identification:_identify(data) by extension 'ignore_ament_install'
[0.213s] Level 1:colcon.colcon_core.package_identification:_identify(data) by extensions ['colcon_pkg']
[0.213s] Level 1:colcon.colcon_core.package_identification:_identify(data) by extension 'colcon_pkg'
[0.213s] Level 1:colcon.colcon_core.package_identification:_identify(data) by extensions ['colcon_meta']
[0.213s] Level 1:colcon.colcon_core.package_identification:_identify(data) by extension 'colcon_meta'
[0.213s] Level 1:colcon.colcon_core.package_identification:_identify(data) by extensions ['ros']
[0.213s] Level 1:colcon.colcon_core.package_identification:_identify(data) by extension 'ros'
[0.213s] Level 1:colcon.colcon_core.package_identification:_identify(data) by extensions ['cmake', 'python']
[0.213s] Level 1:colcon.colcon_core.package_identification:_identify(data) by extension 'cmake'
[0.213s] Level 1:colcon.colcon_core.package_identification:_identify(data) by extension 'python'
[0.213s] Level 1:colcon.colcon_core.package_identification:_identify(data) by extensions ['python_setup_py']
[0.213s] Level 1:colcon.colcon_core.package_identification:_identify(data) by extension 'python_setup_py'
[0.213s] Level 1:colcon.colcon_core.package_identification:_identify(install) by extensions ['ignore', 'ignore_ament_install']
[0.213s] Level 1:colcon.colcon_core.package_identification:_identify(install) by extension 'ignore'
[0.213s] Level 1:colcon.colcon_core.package_identification:_identify(install) ignored
[0.213s] Level 1:colcon.colcon_core.package_identification:_identify(log) by extensions ['ignore', 'ignore_ament_install']
[0.213s] Level 1:colcon.colcon_core.package_identification:_identify(log) by extension 'ignore'
[0.213s] Level 1:colcon.colcon_core.package_identification:_identify(log) ignored
[0.214s] Level 1:colcon.colcon_core.package_identification:_identify(src) by extensions ['ignore', 'ignore_ament_install']
[0.214s] Level 1:colcon.colcon_core.package_identification:_identify(src) by extension 'ignore'
[0.214s] Level 1:colcon.colcon_core.package_identification:_identify(src) by extension 'ignore_ament_install'
[0.214s] Level 1:colcon.colcon_core.package_identification:_identify(src) by extensions ['colcon_pkg']
[0.214s] Level 1:colcon.colcon_core.package_identification:_identify(src) by extension 'colcon_pkg'
[0.214s] Level 1:colcon.colcon_core.package_identification:_identify(src) by extensions ['colcon_meta']
[0.214s] Level 1:colcon.colcon_core.package_identification:_identify(src) by extension 'colcon_meta'
[0.214s] Level 1:colcon.colcon_core.package_identification:_identify(src) by extensions ['ros']
[0.214s] Level 1:colcon.colcon_core.package_identification:_identify(src) by extension 'ros'
[0.214s] Level 1:colcon.colcon_core.package_identification:_identify(src) by extensions ['cmake', 'python']
[0.214s] Level 1:colcon.colcon_core.package_identification:_identify(src) by extension 'cmake'
[0.214s] Level 1:colcon.colcon_core.package_identification:_identify(src) by extension 'python'
[0.214s] Level 1:colcon.colcon_core.package_identification:_identify(src) by extensions ['python_setup_py']
[0.214s] Level 1:colcon.colcon_core.package_identification:_identify(src) by extension 'python_setup_py'
[0.214s] Level 1:colcon.colcon_core.package_identification:_identify(src/build) by extensions ['ignore', 'ignore_ament_install']
[0.214s] Level 1:colcon.colcon_core.package_identification:_identify(src/build) by extension 'ignore'
[0.214s] Level 1:colcon.colcon_core.package_identification:_identify(src/build) ignored
[0.214s] Level 1:colcon.colcon_core.package_identification:_identify(src/fusion_driver) by extensions ['ignore', 'ignore_ament_install']
[0.214s] Level 1:colcon.colcon_core.package_identification:_identify(src/fusion_driver) by extension 'ignore'
[0.214s] Level 1:colcon.colcon_core.package_identification:_identify(src/fusion_driver) by extension 'ignore_ament_install'
[0.214s] Level 1:colcon.colcon_core.package_identification:_identify(src/fusion_driver) by extensions ['colcon_pkg']
[0.214s] Level 1:colcon.colcon_core.package_identification:_identify(src/fusion_driver) by extension 'colcon_pkg'
[0.215s] Level 1:colcon.colcon_core.package_identification:_identify(src/fusion_driver) by extensions ['colcon_meta']
[0.215s] Level 1:colcon.colcon_core.package_identification:_identify(src/fusion_driver) by extension 'colcon_meta'
[0.215s] Level 1:colcon.colcon_core.package_identification:_identify(src/fusion_driver) by extensions ['ros']
[0.215s] Level 1:colcon.colcon_core.package_identification:_identify(src/fusion_driver) by extension 'ros'
[0.217s] DEBUG:colcon.colcon_core.package_identification:Package 'src/fusion_driver' with type 'ros.ament_python' and name 'fusion_driver'
[0.217s] Level 1:colcon.colcon_core.package_identification:_identify(src/gps_driver) by extensions ['ignore', 'ignore_ament_install']
[0.217s] Level 1:colcon.colcon_core.package_identification:_identify(src/gps_driver) by extension 'ignore'
[0.217s] Level 1:colcon.colcon_core.package_identification:_identify(src/gps_driver) by extension 'ignore_ament_install'
[0.217s] Level 1:colcon.colcon_core.package_identification:_identify(src/gps_driver) by extensions ['colcon_pkg']
[0.217s] Level 1:colcon.colcon_core.package_identification:_identify(src/gps_driver) by extension 'colcon_pkg'
[0.217s] Level 1:colcon.colcon_core.package_identification:_identify(src/gps_driver) by extensions ['colcon_meta']
[0.217s] Level 1:colcon.colcon_core.package_identification:_identify(src/gps_driver) by extension 'colcon_meta'
[0.217s] Level 1:colcon.colcon_core.package_identification:_identify(src/gps_driver) by extensions ['ros']
[0.217s] Level 1:colcon.colcon_core.package_identification:_identify(src/gps_driver) by extension 'ros'
[0.218s] DEBUG:colcon.colcon_core.package_identification:Package 'src/gps_driver' with type 'ros.ament_python' and name 'gps_driver'
[0.218s] Level 1:colcon.colcon_core.package_identification:_identify(src/gps_message) by extensions ['ignore', 'ignore_ament_install']
[0.218s] Level 1:colcon.colcon_core.package_identification:_identify(src/gps_message) by extension 'ignore'
[0.218s] Level 1:colcon.colcon_core.package_identification:_identify(src/gps_message) by extension 'ignore_ament_install'
[0.218s] Level 1:colcon.colcon_core.package_identification:_identify(src/gps_message) by extensions ['colcon_pkg']
[0.218s] Level 1:colcon.colcon_core.package_identification:_identify(src/gps_message) by extension 'colcon_pkg'
[0.218s] Level 1:colcon.colcon_core.package_identification:_identify(src/gps_message) by extensions ['colcon_meta']
[0.218s] Level 1:colcon.colcon_core.package_identification:_identify(src/gps_message) by extension 'colcon_meta'
[0.218s] Level 1:colcon.colcon_core.package_identification:_identify(src/gps_message) by extensions ['ros']
[0.218s] Level 1:colcon.colcon_core.package_identification:_identify(src/gps_message) by extension 'ros'
[0.219s] DEBUG:colcon.colcon_core.package_identification:Package 'src/gps_message' with type 'ros.ament_cmake' and name 'gps_message'
[0.219s] Level 1:colcon.colcon_core.package_identification:_identify(src/imu_driver) by extensions ['ignore', 'ignore_ament_install']
[0.219s] Level 1:colcon.colcon_core.package_identification:_identify(src/imu_driver) by extension 'ignore'
[0.219s] Level 1:colcon.colcon_core.package_identification:_identify(src/imu_driver) by extension 'ignore_ament_install'
[0.219s] Level 1:colcon.colcon_core.package_identification:_identify(src/imu_driver) by extensions ['colcon_pkg']
[0.219s] Level 1:colcon.colcon_core.package_identification:_identify(src/imu_driver) by extension 'colcon_pkg'
[0.219s] Level 1:colcon.colcon_core.package_identification:_identify(src/imu_driver) by extensions ['colcon_meta']
[0.219s] Level 1:colcon.colcon_core.package_identification:_identify(src/imu_driver) by extension 'colcon_meta'
[0.219s] Level 1:colcon.colcon_core.package_identification:_identify(src/imu_driver) by extensions ['ros']
[0.219s] Level 1:colcon.colcon_core.package_identification:_identify(src/imu_driver) by extension 'ros'
[0.220s] DEBUG:colcon.colcon_core.package_identification:Package 'src/imu_driver' with type 'ros.ament_python' and name 'imu_driver'
[0.220s] Level 1:colcon.colcon_core.package_identification:_identify(src/imu_msg) by extensions ['ignore', 'ignore_ament_install']
[0.220s] Level 1:colcon.colcon_core.package_identification:_identify(src/imu_msg) by extension 'ignore'
[0.220s] Level 1:colcon.colcon_core.package_identification:_identify(src/imu_msg) by extension 'ignore_ament_install'
[0.220s] Level 1:colcon.colcon_core.package_identification:_identify(src/imu_msg) by extensions ['colcon_pkg']
[0.220s] Level 1:colcon.colcon_core.package_identification:_identify(src/imu_msg) by extension 'colcon_pkg'
[0.220s] Level 1:colcon.colcon_core.package_identification:_identify(src/imu_msg) by extensions ['colcon_meta']
[0.220s] Level 1:colcon.colcon_core.package_identification:_identify(src/imu_msg) by extension 'colcon_meta'
[0.220s] Level 1:colcon.colcon_core.package_identification:_identify(src/imu_msg) by extensions ['ros']
[0.220s] Level 1:colcon.colcon_core.package_identification:_identify(src/imu_msg) by extension 'ros'
[0.220s] DEBUG:colcon.colcon_core.package_identification:Package 'src/imu_msg' with type 'ros.ament_cmake' and name 'imu_msg'
[0.220s] Level 1:colcon.colcon_core.package_identification:_identify(src/install) by extensions ['ignore', 'ignore_ament_install']
[0.221s] Level 1:colcon.colcon_core.package_identification:_identify(src/install) by extension 'ignore'
[0.221s] Level 1:colcon.colcon_core.package_identification:_identify(src/install) ignored
[0.221s] Level 1:colcon.colcon_core.package_identification:_identify(src/log) by extensions ['ignore', 'ignore_ament_install']
[0.221s] Level 1:colcon.colcon_core.package_identification:_identify(src/log) by extension 'ignore'
[0.221s] Level 1:colcon.colcon_core.package_identification:_identify(src/log) ignored
[0.221s] Level 1:colcon.colcon_core.package_discovery:discover_packages(recursive) using defaults
[0.221s] Level 1:colcon.colcon_core.package_discovery:discover_packages(ignore) discover
[0.221s] Level 1:colcon.colcon_core.package_discovery:discover_packages(ignore) using defaults
[0.221s] Level 1:colcon.colcon_core.package_discovery:discover_packages(path) discover
[0.221s] Level 1:colcon.colcon_core.package_discovery:discover_packages(path) using defaults
[0.250s] Level 1:colcon.colcon_core.package_discovery:discover_packages(prefix_path) check parameters
[0.250s] Level 1:colcon.colcon_core.package_discovery:discover_packages(prefix_path) discover
[0.252s] DEBUG:colcon.colcon_installed_package_information.package_discovery:Found 5 installed packages in /home/savannah/EECE5554/LAB4/install
[0.253s] DEBUG:colcon.colcon_installed_package_information.package_discovery:Found 271 installed packages in /opt/ros/humble
[0.254s] Level 1:colcon.colcon_core.package_discovery:discover_packages(prefix_path) using defaults
[0.280s] Level 5:colcon.colcon_core.verb:set package 'gps_message' build argument 'cmake_args' from command line to 'None'
[0.280s] Level 5:colcon.colcon_core.verb:set package 'gps_message' build argument 'cmake_target' from command line to 'None'
[0.280s] Level 5:colcon.colcon_core.verb:set package 'gps_message' build argument 'cmake_target_skip_unavailable' from command line to 'False'
[0.280s] Level 5:colcon.colcon_core.verb:set package 'gps_message' build argument 'cmake_clean_cache' from command line to 'False'
[0.280s] Level 5:colcon.colcon_core.verb:set package 'gps_message' build argument 'cmake_clean_first' from command line to 'False'
[0.280s] Level 5:colcon.colcon_core.verb:set package 'gps_message' build argument 'cmake_force_configure' from command line to 'False'
[0.280s] Level 5:colcon.colcon_core.verb:set package 'gps_message' build argument 'ament_cmake_args' from command line to 'None'
[0.280s] Level 5:colcon.colcon_core.verb:set package 'gps_message' build argument 'catkin_cmake_args' from command line to 'None'
[0.280s] Level 5:colcon.colcon_core.verb:set package 'gps_message' build argument 'catkin_skip_building_tests' from command line to 'False'
[0.280s] DEBUG:colcon.colcon_core.verb:Building package 'gps_message' with the following arguments: {'ament_cmake_args': None, 'build_base': '/home/savannah/EECE5554/LAB4/build/gps_message', 'catkin_cmake_args': None, 'catkin_skip_building_tests': False, 'cmake_args': None, 'cmake_clean_cache': False, 'cmake_clean_first': False, 'cmake_force_configure': False, 'cmake_target': None, 'cmake_target_skip_unavailable': False, 'install_base': '/home/savannah/EECE5554/LAB4/install/gps_message', 'merge_install': False, 'path': '/home/savannah/EECE5554/LAB4/src/gps_message', 'symlink_install': False, 'test_result_base': None}
[0.280s] Level 5:colcon.colcon_core.verb:set package 'imu_msg' build argument 'cmake_args' from command line to 'None'
[0.280s] Level 5:colcon.colcon_core.verb:set package 'imu_msg' build argument 'cmake_target' from command line to 'None'
[0.280s] Level 5:colcon.colcon_core.verb:set package 'imu_msg' build argument 'cmake_target_skip_unavailable' from command line to 'False'
[0.280s] Level 5:colcon.colcon_core.verb:set package 'imu_msg' build argument 'cmake_clean_cache' from command line to 'False'
[0.280s] Level 5:colcon.colcon_core.verb:set package 'imu_msg' build argument 'cmake_clean_first' from command line to 'False'
[0.280s] Level 5:colcon.colcon_core.verb:set package 'imu_msg' build argument 'cmake_force_configure' from command line to 'False'
[0.280s] Level 5:colcon.colcon_core.verb:set package 'imu_msg' build argument 'ament_cmake_args' from command line to 'None'
[0.280s] Level 5:colcon.colcon_core.verb:set package 'imu_msg' build argument 'catkin_cmake_args' from command line to 'None'
[0.280s] Level 5:colcon.colcon_core.verb:set package 'imu_msg' build argument 'catkin_skip_building_tests' from command line to 'False'
[0.280s] DEBUG:colcon.colcon_core.verb:Building package 'imu_msg' with the following arguments: {'ament_cmake_args': None, 'build_base': '/home/savannah/EECE5554/LAB4/build/imu_msg', 'catkin_cmake_args': None, 'catkin_skip_building_tests': False, 'cmake_args': None, 'cmake_clean_cache': False, 'cmake_clean_first': False, 'cmake_force_configure': False, 'cmake_target': None, 'cmake_target_skip_unavailable': False, 'install_base': '/home/savannah/EECE5554/LAB4/install/imu_msg', 'merge_install': False, 'path': '/home/savannah/EECE5554/LAB4/src/imu_msg', 'symlink_install': False, 'test_result_base': None}
[0.281s] Level 5:colcon.colcon_core.verb:set package 'gps_driver' build argument 'cmake_args' from command line to 'None'
[0.281s] Level 5:colcon.colcon_core.verb:set package 'gps_driver' build argument 'cmake_target' from command line to 'None'
[0.281s] Level 5:colcon.colcon_core.verb:set package 'gps_driver' build argument 'cmake_target_skip_unavailable' from command line to 'False'
[0.281s] Level 5:colcon.colcon_core.verb:set package 'gps_driver' build argument 'cmake_clean_cache' from command line to 'False'
[0.281s] Level 5:colcon.colcon_core.verb:set package 'gps_driver' build argument 'cmake_clean_first' from command line to 'False'
[0.281s] Level 5:colcon.colcon_core.verb:set package 'gps_driver' build argument 'cmake_force_configure' from command line to 'False'
[0.281s] Level 5:colcon.colcon_core.verb:set package 'gps_driver' build argument 'ament_cmake_args' from command line to 'None'
[0.281s] Level 5:colcon.colcon_core.verb:set package 'gps_driver' build argument 'catkin_cmake_args' from command line to 'None'
[0.281s] Level 5:colcon.colcon_core.verb:set package 'gps_driver' build argument 'catkin_skip_building_tests' from command line to 'False'
[0.281s] DEBUG:colcon.colcon_core.verb:Building package 'gps_driver' with the following arguments: {'ament_cmake_args': None, 'build_base': '/home/savannah/EECE5554/LAB4/build/gps_driver', 'catkin_cmake_args': None, 'catkin_skip_building_tests': False, 'cmake_args': None, 'cmake_clean_cache': False, 'cmake_clean_first': False, 'cmake_force_configure': False, 'cmake_target': None, 'cmake_target_skip_unavailable': False, 'install_base': '/home/savannah/EECE5554/LAB4/install/gps_driver', 'merge_install': False, 'path': '/home/savannah/EECE5554/LAB4/src/gps_driver', 'symlink_install': False, 'test_result_base': None}
[0.281s] Level 5:colcon.colcon_core.verb:set package 'imu_driver' build argument 'cmake_args' from command line to 'None'
[0.281s] Level 5:colcon.colcon_core.verb:set package 'imu_driver' build argument 'cmake_target' from command line to 'None'
[0.281s] Level 5:colcon.colcon_core.verb:set package 'imu_driver' build argument 'cmake_target_skip_unavailable' from command line to 'False'
[0.281s] Level 5:colcon.colcon_core.verb:set package 'imu_driver' build argument 'cmake_clean_cache' from command line to 'False'
[0.281s] Level 5:colcon.colcon_core.verb:set package 'imu_driver' build argument 'cmake_clean_first' from command line to 'False'
[0.281s] Level 5:colcon.colcon_core.verb:set package 'imu_driver' build argument 'cmake_force_configure' from command line to 'False'
[0.281s] Level 5:colcon.colcon_core.verb:set package 'imu_driver' build argument 'ament_cmake_args' from command line to 'None'
[0.281s] Level 5:colcon.colcon_core.verb:set package 'imu_driver' build argument 'catkin_cmake_args' from command line to 'None'
[0.281s] Level 5:colcon.colcon_core.verb:set package 'imu_driver' build argument 'catkin_skip_building_tests' from command line to 'False'
[0.281s] DEBUG:colcon.colcon_core.verb:Building package 'imu_driver' with the following arguments: {'ament_cmake_args': None, 'build_base': '/home/savannah/EECE5554/LAB4/build/imu_driver', 'catkin_cmake_args': None, 'catkin_skip_building_tests': False, 'cmake_args': None, 'cmake_clean_cache': False, 'cmake_clean_first': False, 'cmake_force_configure': False, 'cmake_target': None, 'cmake_target_skip_unavailable': False, 'install_base': '/home/savannah/EECE5554/LAB4/install/imu_driver', 'merge_install': False, 'path': '/home/savannah/EECE5554/LAB4/src/imu_driver', 'symlink_install': False, 'test_result_base': None}
[0.282s] Level 5:colcon.colcon_core.verb:set package 'fusion_driver' build argument 'cmake_args' from command line to 'None'
[0.282s] Level 5:colcon.colcon_core.verb:set package 'fusion_driver' build argument 'cmake_target' from command line to 'None'
[0.282s] Level 5:colcon.colcon_core.verb:set package 'fusion_driver' build argument 'cmake_target_skip_unavailable' from command line to 'False'
[0.282s] Level 5:colcon.colcon_core.verb:set package 'fusion_driver' build argument 'cmake_clean_cache' from command line to 'False'
[0.282s] Level 5:colcon.colcon_core.verb:set package 'fusion_driver' build argument 'cmake_clean_first' from command line to 'False'
[0.282s] Level 5:colcon.colcon_core.verb:set package 'fusion_driver' build argument 'cmake_force_configure' from command line to 'False'
[0.282s] Level 5:colcon.colcon_core.verb:set package 'fusion_driver' build argument 'ament_cmake_args' from command line to 'None'
[0.282s] Level 5:colcon.colcon_core.verb:set package 'fusion_driver' build argument 'catkin_cmake_args' from command line to 'None'
[0.282s] Level 5:colcon.colcon_core.verb:set package 'fusion_driver' build argument 'catkin_skip_building_tests' from command line to 'False'
[0.282s] DEBUG:colcon.colcon_core.verb:Building package 'fusion_driver' with the following arguments: {'ament_cmake_args': None, 'build_base': '/home/savannah/EECE5554/LAB4/build/fusion_driver', 'catkin_cmake_args': None, 'catkin_skip_building_tests': False, 'cmake_args': None, 'cmake_clean_cache': False, 'cmake_clean_first': False, 'cmake_force_configure': False, 'cmake_target': None, 'cmake_target_skip_unavailable': False, 'install_base': '/home/savannah/EECE5554/LAB4/install/fusion_driver', 'merge_install': False, 'path': '/home/savannah/EECE5554/LAB4/src/fusion_driver', 'symlink_install': False, 'test_result_base': None}
[0.282s] INFO:colcon.colcon_core.executor:Executing jobs using 'parallel' executor
[0.283s] DEBUG:colcon.colcon_parallel_executor.executor.parallel:run_until_complete
[0.283s] INFO:colcon.colcon_ros.task.ament_cmake.build:Building ROS package in '/home/savannah/EECE5554/LAB4/src/gps_message' with build type 'ament_cmake'
[0.283s] INFO:colcon.colcon_cmake.task.cmake.build:Building CMake package in '/home/savannah/EECE5554/LAB4/src/gps_message'
[0.285s] INFO:colcon.colcon_core.plugin_system:Skipping extension 'colcon_core.shell.bat': Not used on non-Windows systems
[0.285s] INFO:colcon.colcon_core.shell:Skip shell extension 'powershell' for command environment: Not usable outside of PowerShell
[0.285s] DEBUG:colcon.colcon_core.shell:Skip shell extension 'dsv' for command environment
[0.288s] INFO:colcon.colcon_ros.task.ament_cmake.build:Building ROS package in '/home/savannah/EECE5554/LAB4/src/imu_msg' with build type 'ament_cmake'
[0.288s] INFO:colcon.colcon_cmake.task.cmake.build:Building CMake package in '/home/savannah/EECE5554/LAB4/src/imu_msg'
[0.289s] INFO:colcon.colcon_core.shell:Skip shell extension 'powershell' for command environment: Not usable outside of PowerShell
[0.289s] DEBUG:colcon.colcon_core.shell:Skip shell extension 'dsv' for command environment
[0.297s] DEBUG:colcon.colcon_core.event_handler.log_command:Invoking command in '/home/savannah/EECE5554/LAB4/build/gps_message': CMAKE_PREFIX_PATH=${CMAKE_PREFIX_PATH}:/home/savannah/EECE5554/LAB4/install/fusion_driver:/home/savannah/EECE5554/LAB4/install/imu_driver:/home/savannah/EECE5554/LAB4/install/gps_driver:/opt/ros/humble /usr/bin/cmake --build /home/savannah/EECE5554/LAB4/build/gps_message -- -j4 -l4
[0.301s] DEBUG:colcon.colcon_core.event_handler.log_command:Invoking command in '/home/savannah/EECE5554/LAB4/build/imu_msg': CMAKE_PREFIX_PATH=${CMAKE_PREFIX_PATH}:/home/savannah/EECE5554/LAB4/install/fusion_driver:/home/savannah/EECE5554/LAB4/install/imu_driver:/home/savannah/EECE5554/LAB4/install/gps_driver:/opt/ros/humble /usr/bin/cmake --build /home/savannah/EECE5554/LAB4/build/imu_msg -- -j4 -l4
[0.736s] DEBUG:colcon.colcon_core.event_handler.log_command:Invoked command in '/home/savannah/EECE5554/LAB4/build/gps_message' returned '0': CMAKE_PREFIX_PATH=${CMAKE_PREFIX_PATH}:/home/savannah/EECE5554/LAB4/install/fusion_driver:/home/savannah/EECE5554/LAB4/install/imu_driver:/home/savannah/EECE5554/LAB4/install/gps_driver:/opt/ros/humble /usr/bin/cmake --build /home/savannah/EECE5554/LAB4/build/gps_message -- -j4 -l4
[0.759s] DEBUG:colcon.colcon_core.event_handler.log_command:Invoking command in '/home/savannah/EECE5554/LAB4/build/gps_message': CMAKE_PREFIX_PATH=${CMAKE_PREFIX_PATH}:/home/savannah/EECE5554/LAB4/install/fusion_driver:/home/savannah/EECE5554/LAB4/install/imu_driver:/home/savannah/EECE5554/LAB4/install/gps_driver:/opt/ros/humble /usr/bin/cmake --install /home/savannah/EECE5554/LAB4/build/gps_message
[0.759s] DEBUG:colcon.colcon_core.event_handler.log_command:Invoked command in '/home/savannah/EECE5554/LAB4/build/imu_msg' returned '0': CMAKE_PREFIX_PATH=${CMAKE_PREFIX_PATH}:/home/savannah/EECE5554/LAB4/install/fusion_driver:/home/savannah/EECE5554/LAB4/install/imu_driver:/home/savannah/EECE5554/LAB4/install/gps_driver:/opt/ros/humble /usr/bin/cmake --build /home/savannah/EECE5554/LAB4/build/imu_msg -- -j4 -l4
[0.761s] DEBUG:colcon.colcon_core.event_handler.log_command:Invoking command in '/home/savannah/EECE5554/LAB4/build/imu_msg': CMAKE_PREFIX_PATH=${CMAKE_PREFIX_PATH}:/home/savannah/EECE5554/LAB4/install/fusion_driver:/home/savannah/EECE5554/LAB4/install/imu_driver:/home/savannah/EECE5554/LAB4/install/gps_driver:/opt/ros/humble /usr/bin/cmake --install /home/savannah/EECE5554/LAB4/build/imu_msg
[0.814s] Level 1:colcon.colcon_core.environment:create_environment_scripts_only(gps_message)
[0.820s] Level 1:colcon.colcon_core.environment:checking '/home/savannah/EECE5554/LAB4/install/gps_message' for CMake module files
[0.823s] DEBUG:colcon.colcon_core.event_handler.log_command:Invoked command in '/home/savannah/EECE5554/LAB4/build/gps_message' returned '0': CMAKE_PREFIX_PATH=${CMAKE_PREFIX_PATH}:/home/savannah/EECE5554/LAB4/install/fusion_driver:/home/savannah/EECE5554/LAB4/install/imu_driver:/home/savannah/EECE5554/LAB4/install/gps_driver:/opt/ros/humble /usr/bin/cmake --install /home/savannah/EECE5554/LAB4/build/gps_message
[0.823s] Level 1:colcon.colcon_core.environment:checking '/home/savannah/EECE5554/LAB4/install/gps_message' for CMake config files
[0.823s] Level 1:colcon.colcon_core.shell:create_environment_hook('gps_message', 'cmake_prefix_path')
[0.823s] INFO:colcon.colcon_core.shell:Creating environment hook '/home/savannah/EECE5554/LAB4/install/gps_message/share/gps_message/hook/cmake_prefix_path.ps1'
[0.824s] INFO:colcon.colcon_core.shell:Creating environment descriptor '/home/savannah/EECE5554/LAB4/install/gps_message/share/gps_message/hook/cmake_prefix_path.dsv'
[0.825s] INFO:colcon.colcon_core.shell:Creating environment hook '/home/savannah/EECE5554/LAB4/install/gps_message/share/gps_message/hook/cmake_prefix_path.sh'
[0.826s] Level 1:colcon.colcon_core.environment:checking '/home/savannah/EECE5554/LAB4/install/gps_message/lib'
[0.826s] Level 1:colcon.colcon_core.shell:create_environment_hook('gps_message', 'ld_library_path_lib')
[0.826s] INFO:colcon.colcon_core.shell:Creating environment hook '/home/savannah/EECE5554/LAB4/install/gps_message/share/gps_message/hook/ld_library_path_lib.ps1'
[0.827s] INFO:colcon.colcon_core.shell:Creating environment descriptor '/home/savannah/EECE5554/LAB4/install/gps_message/share/gps_message/hook/ld_library_path_lib.dsv'
[0.827s] INFO:colcon.colcon_core.shell:Creating environment hook '/home/savannah/EECE5554/LAB4/install/gps_message/share/gps_message/hook/ld_library_path_lib.sh'
[0.827s] Level 1:colcon.colcon_core.environment:checking '/home/savannah/EECE5554/LAB4/install/gps_message/bin'
[0.828s] Level 1:colcon.colcon_core.environment:checking '/home/savannah/EECE5554/LAB4/install/gps_message/lib/pkgconfig/gps_message.pc'
[0.828s] Level 1:colcon.colcon_core.environment:checking '/home/savannah/EECE5554/LAB4/install/gps_message/lib/python3.10/site-packages'
[0.828s] Level 1:colcon.colcon_core.environment:checking '/home/savannah/EECE5554/LAB4/install/gps_message/bin'
[0.828s] INFO:colcon.colcon_core.shell:Creating package script '/home/savannah/EECE5554/LAB4/install/gps_message/share/gps_message/package.ps1'
[0.829s] INFO:colcon.colcon_core.shell:Creating package descriptor '/home/savannah/EECE5554/LAB4/install/gps_message/share/gps_message/package.dsv'
[0.829s] INFO:colcon.colcon_core.shell:Creating package script '/home/savannah/EECE5554/LAB4/install/gps_message/share/gps_message/package.sh'
[0.830s] INFO:colcon.colcon_core.shell:Creating package script '/home/savannah/EECE5554/LAB4/install/gps_message/share/gps_message/package.bash'
[0.830s] INFO:colcon.colcon_core.shell:Creating package script '/home/savannah/EECE5554/LAB4/install/gps_message/share/gps_message/package.zsh'
[0.831s] Level 1:colcon.colcon_core.environment:create_file_with_runtime_dependencies(/home/savannah/EECE5554/LAB4/install/gps_message/share/colcon-core/packages/gps_message)
[0.832s] Level 1:colcon.colcon_core.environment:create_environment_scripts_only(gps_message)
[0.832s] Level 1:colcon.colcon_core.environment:checking '/home/savannah/EECE5554/LAB4/install/gps_message' for CMake module files
[0.832s] Level 1:colcon.colcon_core.environment:checking '/home/savannah/EECE5554/LAB4/install/gps_message' for CMake config files
[0.833s] Level 1:colcon.colcon_core.shell:create_environment_hook('gps_message', 'cmake_prefix_path')
[0.833s] INFO:colcon.colcon_core.shell:Creating environment hook '/home/savannah/EECE5554/LAB4/install/gps_message/share/gps_message/hook/cmake_prefix_path.ps1'
[0.833s] INFO:colcon.colcon_core.shell:Creating environment descriptor '/home/savannah/EECE5554/LAB4/install/gps_message/share/gps_message/hook/cmake_prefix_path.dsv'
[0.833s] INFO:colcon.colcon_core.shell:Creating environment hook '/home/savannah/EECE5554/LAB4/install/gps_message/share/gps_message/hook/cmake_prefix_path.sh'
[0.834s] Level 1:colcon.colcon_core.environment:checking '/home/savannah/EECE5554/LAB4/install/gps_message/lib'
[0.834s] Level 1:colcon.colcon_core.shell:create_environment_hook('gps_message', 'ld_library_path_lib')
[0.834s] INFO:colcon.colcon_core.shell:Creating environment hook '/home/savannah/EECE5554/LAB4/install/gps_message/share/gps_message/hook/ld_library_path_lib.ps1'
[0.835s] INFO:colcon.colcon_core.shell:Creating environment descriptor '/home/savannah/EECE5554/LAB4/install/gps_message/share/gps_message/hook/ld_library_path_lib.dsv'
[0.836s] INFO:colcon.colcon_core.shell:Creating environment hook '/home/savannah/EECE5554/LAB4/install/gps_message/share/gps_message/hook/ld_library_path_lib.sh'
[0.836s] Level 1:colcon.colcon_core.environment:checking '/home/savannah/EECE5554/LAB4/install/gps_message/bin'
[0.836s] Level 1:colcon.colcon_core.environment:checking '/home/savannah/EECE5554/LAB4/install/gps_message/lib/pkgconfig/gps_message.pc'
[0.836s] Level 1:colcon.colcon_core.environment:checking '/home/savannah/EECE5554/LAB4/install/gps_message/lib/python3.10/site-packages'
[0.837s] Level 1:colcon.colcon_core.environment:checking '/home/savannah/EECE5554/LAB4/install/gps_message/bin'
[0.837s] INFO:colcon.colcon_core.shell:Creating package script '/home/savannah/EECE5554/LAB4/install/gps_message/share/gps_message/package.ps1'
[0.837s] INFO:colcon.colcon_core.shell:Creating package descriptor '/home/savannah/EECE5554/LAB4/install/gps_message/share/gps_message/package.dsv'
[0.838s] INFO:colcon.colcon_core.shell:Creating package script '/home/savannah/EECE5554/LAB4/install/gps_message/share/gps_message/package.sh'
[0.839s] INFO:colcon.colcon_core.shell:Creating package script '/home/savannah/EECE5554/LAB4/install/gps_message/share/gps_message/package.bash'
[0.839s] INFO:colcon.colcon_core.shell:Creating package script '/home/savannah/EECE5554/LAB4/install/gps_message/share/gps_message/package.zsh'
[0.839s] Level 1:colcon.colcon_core.environment:create_file_with_runtime_dependencies(/home/savannah/EECE5554/LAB4/install/gps_message/share/colcon-core/packages/gps_message)
[0.840s] INFO:colcon.colcon_ros.task.ament_python.build:Building ROS package in '/home/savannah/EECE5554/LAB4/src/gps_driver' with build type 'ament_python'
[0.840s] Level 1:colcon.colcon_core.shell:create_environment_hook('gps_driver', 'ament_prefix_path')
[0.840s] INFO:colcon.colcon_core.shell:Creating environment hook '/home/savannah/EECE5554/LAB4/install/gps_driver/share/gps_driver/hook/ament_prefix_path.ps1'
[0.841s] INFO:colcon.colcon_core.shell:Creating environment descriptor '/home/savannah/EECE5554/LAB4/install/gps_driver/share/gps_driver/hook/ament_prefix_path.dsv'
[0.842s] INFO:colcon.colcon_core.shell:Creating environment hook '/home/savannah/EECE5554/LAB4/install/gps_driver/share/gps_driver/hook/ament_prefix_path.sh'
[0.842s] INFO:colcon.colcon_core.shell:Skip shell extension 'powershell' for command environment: Not usable outside of PowerShell
[0.842s] DEBUG:colcon.colcon_core.shell:Skip shell extension 'dsv' for command environment
[0.846s] Level 1:colcon.colcon_core.environment:create_environment_scripts_only(imu_msg)
[0.847s] Level 1:colcon.colcon_core.environment:checking '/home/savannah/EECE5554/LAB4/install/imu_msg' for CMake module files
[0.847s] DEBUG:colcon.colcon_core.event_handler.log_command:Invoked command in '/home/savannah/EECE5554/LAB4/build/imu_msg' returned '0': CMAKE_PREFIX_PATH=${CMAKE_PREFIX_PATH}:/home/savannah/EECE5554/LAB4/install/fusion_driver:/home/savannah/EECE5554/LAB4/install/imu_driver:/home/savannah/EECE5554/LAB4/install/gps_driver:/opt/ros/humble /usr/bin/cmake --install /home/savannah/EECE5554/LAB4/build/imu_msg
[0.848s] Level 1:colcon.colcon_core.environment:checking '/home/savannah/EECE5554/LAB4/install/imu_msg' for CMake config files
[0.848s] Level 1:colcon.colcon_core.shell:create_environment_hook('imu_msg', 'cmake_prefix_path')
[0.848s] INFO:colcon.colcon_core.shell:Creating environment hook '/home/savannah/EECE5554/LAB4/install/imu_msg/share/imu_msg/hook/cmake_prefix_path.ps1'
[0.849s] INFO:colcon.colcon_core.shell:Creating environment descriptor '/home/savannah/EECE5554/LAB4/install/imu_msg/share/imu_msg/hook/cmake_prefix_path.dsv'
[0.849s] INFO:colcon.colcon_core.shell:Creating environment hook '/home/savannah/EECE5554/LAB4/install/imu_msg/share/imu_msg/hook/cmake_prefix_path.sh'
[0.850s] Level 1:colcon.colcon_core.environment:checking '/home/savannah/EECE5554/LAB4/install/imu_msg/lib'
[0.850s] Level 1:colcon.colcon_core.shell:create_environment_hook('imu_msg', 'ld_library_path_lib')
[0.850s] INFO:colcon.colcon_core.shell:Creating environment hook '/home/savannah/EECE5554/LAB4/install/imu_msg/share/imu_msg/hook/ld_library_path_lib.ps1'
[0.850s] INFO:colcon.colcon_core.shell:Creating environment descriptor '/home/savannah/EECE5554/LAB4/install/imu_msg/share/imu_msg/hook/ld_library_path_lib.dsv'
[0.851s] INFO:colcon.colcon_core.shell:Creating environment hook '/home/savannah/EECE5554/LAB4/install/imu_msg/share/imu_msg/hook/ld_library_path_lib.sh'
[0.851s] Level 1:colcon.colcon_core.environment:checking '/home/savannah/EECE5554/LAB4/install/imu_msg/bin'
[0.851s] Level 1:colcon.colcon_core.environment:checking '/home/savannah/EECE5554/LAB4/install/imu_msg/lib/pkgconfig/imu_msg.pc'
[0.851s] Level 1:colcon.colcon_core.environment:checking '/home/savannah/EECE5554/LAB4/install/imu_msg/lib/python3.10/site-packages'
[0.851s] Level 1:colcon.colcon_core.environment:checking '/home/savannah/EECE5554/LAB4/install/imu_msg/bin'
[0.852s] INFO:colcon.colcon_core.shell:Creating package script '/home/savannah/EECE5554/LAB4/install/imu_msg/share/imu_msg/package.ps1'
[0.852s] INFO:colcon.colcon_core.shell:Creating package descriptor '/home/savannah/EECE5554/LAB4/install/imu_msg/share/imu_msg/package.dsv'
[0.853s] INFO:colcon.colcon_core.shell:Creating package script '/home/savannah/EECE5554/LAB4/install/imu_msg/share/imu_msg/package.sh'
[0.853s] INFO:colcon.colcon_core.shell:Creating package script '/home/savannah/EECE5554/LAB4/install/imu_msg/share/imu_msg/package.bash'
[0.854s] INFO:colcon.colcon_core.shell:Creating package script '/home/savannah/EECE5554/LAB4/install/imu_msg/share/imu_msg/package.zsh'
[0.854s] Level 1:colcon.colcon_core.environment:create_file_with_runtime_dependencies(/home/savannah/EECE5554/LAB4/install/imu_msg/share/colcon-core/packages/imu_msg)
[0.855s] Level 1:colcon.colcon_core.environment:create_environment_scripts_only(imu_msg)
[0.856s] Level 1:colcon.colcon_core.environment:checking '/home/savannah/EECE5554/LAB4/install/imu_msg' for CMake module files
[0.856s] Level 1:colcon.colcon_core.environment:checking '/home/savannah/EECE5554/LAB4/install/imu_msg' for CMake config files
[0.857s] Level 1:colcon.colcon_core.shell:create_environment_hook('imu_msg', 'cmake_prefix_path')
[0.857s] INFO:colcon.colcon_core.shell:Creating environment hook '/home/savannah/EECE5554/LAB4/install/imu_msg/share/imu_msg/hook/cmake_prefix_path.ps1'
[0.858s] INFO:colcon.colcon_core.shell:Creating environment descriptor '/home/savannah/EECE5554/LAB4/install/imu_msg/share/imu_msg/hook/cmake_prefix_path.dsv'
[0.858s] INFO:colcon.colcon_core.shell:Creating environment hook '/home/savannah/EECE5554/LAB4/install/imu_msg/share/imu_msg/hook/cmake_prefix_path.sh'
[0.859s] Level 1:colcon.colcon_core.environment:checking '/home/savannah/EECE5554/LAB4/install/imu_msg/lib'
[0.859s] Level 1:colcon.colcon_core.shell:create_environment_hook('imu_msg', 'ld_library_path_lib')
[0.859s] INFO:colcon.colcon_core.shell:Creating environment hook '/home/savannah/EECE5554/LAB4/install/imu_msg/share/imu_msg/hook/ld_library_path_lib.ps1'
[0.860s] INFO:colcon.colcon_core.shell:Creating environment descriptor '/home/savannah/EECE5554/LAB4/install/imu_msg/share/imu_msg/hook/ld_library_path_lib.dsv'
[0.860s] INFO:colcon.colcon_core.shell:Creating environment hook '/home/savannah/EECE5554/LAB4/install/imu_msg/share/imu_msg/hook/ld_library_path_lib.sh'
[0.861s] Level 1:colcon.colcon_core.environment:checking '/home/savannah/EECE5554/LAB4/install/imu_msg/bin'
[0.861s] Level 1:colcon.colcon_core.environment:checking '/home/savannah/EECE5554/LAB4/install/imu_msg/lib/pkgconfig/imu_msg.pc'
[0.861s] Level 1:colcon.colcon_core.environment:checking '/home/savannah/EECE5554/LAB4/install/imu_msg/lib/python3.10/site-packages'
[0.861s] Level 1:colcon.colcon_core.environment:checking '/home/savannah/EECE5554/LAB4/install/imu_msg/bin'
[0.862s] INFO:colcon.colcon_core.shell:Creating package script '/home/savannah/EECE5554/LAB4/install/imu_msg/share/imu_msg/package.ps1'
[0.862s] INFO:colcon.colcon_core.shell:Creating package descriptor '/home/savannah/EECE5554/LAB4/install/imu_msg/share/imu_msg/package.dsv'
[0.863s] INFO:colcon.colcon_core.shell:Creating package script '/home/savannah/EECE5554/LAB4/install/imu_msg/share/imu_msg/package.sh'
[0.863s] INFO:colcon.colcon_core.shell:Creating package script '/home/savannah/EECE5554/LAB4/install/imu_msg/share/imu_msg/package.bash'
[0.864s] INFO:colcon.colcon_core.shell:Creating package script '/home/savannah/EECE5554/LAB4/install/imu_msg/share/imu_msg/package.zsh'
[0.864s] Level 1:colcon.colcon_core.environment:create_file_with_runtime_dependencies(/home/savannah/EECE5554/LAB4/install/imu_msg/share/colcon-core/packages/imu_msg)
[0.865s] INFO:colcon.colcon_ros.task.ament_python.build:Building ROS package in '/home/savannah/EECE5554/LAB4/src/imu_driver' with build type 'ament_python'
[0.865s] Level 1:colcon.colcon_core.shell:create_environment_hook('imu_driver', 'ament_prefix_path')
[0.866s] INFO:colcon.colcon_core.shell:Creating environment hook '/home/savannah/EECE5554/LAB4/install/imu_driver/share/imu_driver/hook/ament_prefix_path.ps1'
[0.866s] INFO:colcon.colcon_core.shell:Creating environment descriptor '/home/savannah/EECE5554/LAB4/install/imu_driver/share/imu_driver/hook/ament_prefix_path.dsv'
[0.866s] INFO:colcon.colcon_core.shell:Creating environment hook '/home/savannah/EECE5554/LAB4/install/imu_driver/share/imu_driver/hook/ament_prefix_path.sh'
[0.867s] INFO:colcon.colcon_core.shell:Skip shell extension 'powershell' for command environment: Not usable outside of PowerShell
[0.867s] DEBUG:colcon.colcon_core.shell:Skip shell extension 'dsv' for command environment
[1.071s] INFO:colcon.colcon_core.task.python.build:Building Python package in '/home/savannah/EECE5554/LAB4/src/gps_driver'
[1.072s] INFO:colcon.colcon_core.shell:Skip shell extension 'powershell' for command environment: Not usable outside of PowerShell
[1.072s] DEBUG:colcon.colcon_core.shell:Skip shell extension 'dsv' for command environment
[1.270s] INFO:colcon.colcon_core.task.python.build:Building Python package in '/home/savannah/EECE5554/LAB4/src/imu_driver'
[1.271s] INFO:colcon.colcon_core.shell:Skip shell extension 'powershell' for command environment: Not usable outside of PowerShell
[1.271s] DEBUG:colcon.colcon_core.shell:Skip shell extension 'dsv' for command environment
[1.540s] DEBUG:colcon.colcon_core.event_handler.log_command:Invoking command in '/home/savannah/EECE5554/LAB4/src/gps_driver': CMAKE_PREFIX_PATH=/home/savannah/EECE5554/LAB4/install/gps_message:/home/savannah/EECE5554/LAB4/install/imu_msg LD_LIBRARY_PATH=/home/savannah/EECE5554/LAB4/install/gps_message/lib:/home/savannah/EECE5554/LAB4/install/imu_msg/lib:/opt/ros/humble/opt/rviz_ogre_vendor/lib:/opt/ros/humble/lib/x86_64-linux-gnu:/opt/ros/humble/lib PYTHONPATH=/home/savannah/EECE5554/LAB4/build/gps_driver/prefix_override:/usr/lib/python3/dist-packages/colcon_core/task/python/colcon_distutils_commands:/home/savannah/EECE5554/LAB4/install/gps_driver/lib/python3.10/site-packages:${PYTHONPATH} /usr/bin/python3 -W ignore:setup.py install is deprecated -W ignore:easy_install command is deprecated setup.py egg_info --egg-base ../../build/gps_driver build --build-base /home/savannah/EECE5554/LAB4/build/gps_driver/build install --record /home/savannah/EECE5554/LAB4/build/gps_driver/install.log --single-version-externally-managed install_data
[1.561s] DEBUG:colcon.colcon_core.event_handler.log_command:Invoking command in '/home/savannah/EECE5554/LAB4/src/imu_driver': PYTHONPATH=/home/savannah/EECE5554/LAB4/build/imu_driver/prefix_override:/usr/lib/python3/dist-packages/colcon_core/task/python/colcon_distutils_commands:/home/savannah/EECE5554/LAB4/install/imu_driver/lib/python3.10/site-packages:${PYTHONPATH} /usr/bin/python3 -W ignore:setup.py install is deprecated -W ignore:easy_install command is deprecated setup.py egg_info --egg-base ../../build/imu_driver build --build-base /home/savannah/EECE5554/LAB4/build/imu_driver/build install --record /home/savannah/EECE5554/LAB4/build/imu_driver/install.log --single-version-externally-managed install_data
[1.791s] Level 1:colcon.colcon_core.environment:checking '/home/savannah/EECE5554/LAB4/install/gps_driver' for CMake module files
[1.792s] DEBUG:colcon.colcon_core.event_handler.log_command:Invoked command in '/home/savannah/EECE5554/LAB4/src/gps_driver' returned '0': CMAKE_PREFIX_PATH=/home/savannah/EECE5554/LAB4/install/gps_message:/home/savannah/EECE5554/LAB4/install/imu_msg LD_LIBRARY_PATH=/home/savannah/EECE5554/LAB4/install/gps_message/lib:/home/savannah/EECE5554/LAB4/install/imu_msg/lib:/opt/ros/humble/opt/rviz_ogre_vendor/lib:/opt/ros/humble/lib/x86_64-linux-gnu:/opt/ros/humble/lib PYTHONPATH=/home/savannah/EECE5554/LAB4/build/gps_driver/prefix_override:/usr/lib/python3/dist-packages/colcon_core/task/python/colcon_distutils_commands:/home/savannah/EECE5554/LAB4/install/gps_driver/lib/python3.10/site-packages:${PYTHONPATH} /usr/bin/python3 -W ignore:setup.py install is deprecated -W ignore:easy_install command is deprecated setup.py egg_info --egg-base ../../build/gps_driver build --build-base /home/savannah/EECE5554/LAB4/build/gps_driver/build install --record /home/savannah/EECE5554/LAB4/build/gps_driver/install.log --single-version-externally-managed install_data
[1.792s] Level 1:colcon.colcon_core.environment:checking '/home/savannah/EECE5554/LAB4/install/gps_driver' for CMake config files
[1.792s] Level 1:colcon.colcon_core.environment:checking '/home/savannah/EECE5554/LAB4/install/gps_driver/lib'
[1.792s] Level 1:colcon.colcon_core.environment:checking '/home/savannah/EECE5554/LAB4/install/gps_driver/bin'
[1.792s] Level 1:colcon.colcon_core.environment:checking '/home/savannah/EECE5554/LAB4/install/gps_driver/lib/pkgconfig/gps_driver.pc'
[1.793s] Level 1:colcon.colcon_core.environment:checking '/home/savannah/EECE5554/LAB4/install/gps_driver/lib/python3.10/site-packages'
[1.793s] Level 1:colcon.colcon_core.shell:create_environment_hook('gps_driver', 'pythonpath')
[1.793s] INFO:colcon.colcon_core.shell:Creating environment hook '/home/savannah/EECE5554/LAB4/install/gps_driver/share/gps_driver/hook/pythonpath.ps1'
[1.793s] INFO:colcon.colcon_core.shell:Creating environment descriptor '/home/savannah/EECE5554/LAB4/install/gps_driver/share/gps_driver/hook/pythonpath.dsv'
[1.794s] INFO:colcon.colcon_core.shell:Creating environment hook '/home/savannah/EECE5554/LAB4/install/gps_driver/share/gps_driver/hook/pythonpath.sh'
[1.794s] Level 1:colcon.colcon_core.environment:checking '/home/savannah/EECE5554/LAB4/install/gps_driver/bin'
[1.794s] Level 1:colcon.colcon_core.environment:create_environment_scripts_only(gps_driver)
[1.795s] INFO:colcon.colcon_core.shell:Creating package script '/home/savannah/EECE5554/LAB4/install/gps_driver/share/gps_driver/package.ps1'
[1.795s] INFO:colcon.colcon_core.shell:Creating package descriptor '/home/savannah/EECE5554/LAB4/install/gps_driver/share/gps_driver/package.dsv'
[1.796s] INFO:colcon.colcon_core.shell:Creating package script '/home/savannah/EECE5554/LAB4/install/gps_driver/share/gps_driver/package.sh'
[1.796s] INFO:colcon.colcon_core.shell:Creating package script '/home/savannah/EECE5554/LAB4/install/gps_driver/share/gps_driver/package.bash'
[1.796s] INFO:colcon.colcon_core.shell:Creating package script '/home/savannah/EECE5554/LAB4/install/gps_driver/share/gps_driver/package.zsh'
[1.797s] Level 1:colcon.colcon_core.environment:create_file_with_runtime_dependencies(/home/savannah/EECE5554/LAB4/install/gps_driver/share/colcon-core/packages/gps_driver)
[1.824s] Level 1:colcon.colcon_core.environment:checking '/home/savannah/EECE5554/LAB4/install/imu_driver' for CMake module files
[1.824s] DEBUG:colcon.colcon_core.event_handler.log_command:Invoked command in '/home/savannah/EECE5554/LAB4/src/imu_driver' returned '0': PYTHONPATH=/home/savannah/EECE5554/LAB4/build/imu_driver/prefix_override:/usr/lib/python3/dist-packages/colcon_core/task/python/colcon_distutils_commands:/home/savannah/EECE5554/LAB4/install/imu_driver/lib/python3.10/site-packages:${PYTHONPATH} /usr/bin/python3 -W ignore:setup.py install is deprecated -W ignore:easy_install command is deprecated setup.py egg_info --egg-base ../../build/imu_driver build --build-base /home/savannah/EECE5554/LAB4/build/imu_driver/build install --record /home/savannah/EECE5554/LAB4/build/imu_driver/install.log --single-version-externally-managed install_data
[1.824s] Level 1:colcon.colcon_core.environment:checking '/home/savannah/EECE5554/LAB4/install/imu_driver' for CMake config files
[1.825s] Level 1:colcon.colcon_core.environment:checking '/home/savannah/EECE5554/LAB4/install/imu_driver/lib'
[1.825s] Level 1:colcon.colcon_core.environment:checking '/home/savannah/EECE5554/LAB4/install/imu_driver/bin'
[1.825s] Level 1:colcon.colcon_core.environment:checking '/home/savannah/EECE5554/LAB4/install/imu_driver/lib/pkgconfig/imu_driver.pc'
[1.825s] Level 1:colcon.colcon_core.environment:checking '/home/savannah/EECE5554/LAB4/install/imu_driver/lib/python3.10/site-packages'
[1.825s] Level 1:colcon.colcon_core.shell:create_environment_hook('imu_driver', 'pythonpath')
[1.825s] INFO:colcon.colcon_core.shell:Creating environment hook '/home/savannah/EECE5554/LAB4/install/imu_driver/share/imu_driver/hook/pythonpath.ps1'
[1.826s] INFO:colcon.colcon_core.shell:Creating environment descriptor '/home/savannah/EECE5554/LAB4/install/imu_driver/share/imu_driver/hook/pythonpath.dsv'
[1.826s] INFO:colcon.colcon_core.shell:Creating environment hook '/home/savannah/EECE5554/LAB4/install/imu_driver/share/imu_driver/hook/pythonpath.sh'
[1.827s] Level 1:colcon.colcon_core.environment:checking '/home/savannah/EECE5554/LAB4/install/imu_driver/bin'
[1.827s] Level 1:colcon.colcon_core.environment:create_environment_scripts_only(imu_driver)
[1.827s] INFO:colcon.colcon_core.shell:Creating package script '/home/savannah/EECE5554/LAB4/install/imu_driver/share/imu_driver/package.ps1'
[1.828s] INFO:colcon.colcon_core.shell:Creating package descriptor '/home/savannah/EECE5554/LAB4/install/imu_driver/share/imu_driver/package.dsv'
[1.828s] INFO:colcon.colcon_core.shell:Creating package script '/home/savannah/EECE5554/LAB4/install/imu_driver/share/imu_driver/package.sh'
[1.828s] INFO:colcon.colcon_core.shell:Creating package script '/home/savannah/EECE5554/LAB4/install/imu_driver/share/imu_driver/package.bash'
[1.829s] INFO:colcon.colcon_core.shell:Creating package script '/home/savannah/EECE5554/LAB4/install/imu_driver/share/imu_driver/package.zsh'
[1.829s] Level 1:colcon.colcon_core.environment:create_file_with_runtime_dependencies(/home/savannah/EECE5554/LAB4/install/imu_driver/share/colcon-core/packages/imu_driver)
[1.829s] INFO:colcon.colcon_ros.task.ament_python.build:Building ROS package in '/home/savannah/EECE5554/LAB4/src/fusion_driver' with build type 'ament_python'
[1.829s] Level 1:colcon.colcon_core.shell:create_environment_hook('fusion_driver', 'ament_prefix_path')
[1.830s] INFO:colcon.colcon_core.shell:Creating environment hook '/home/savannah/EECE5554/LAB4/install/fusion_driver/share/fusion_driver/hook/ament_prefix_path.ps1'
[1.830s] INFO:colcon.colcon_core.shell:Creating environment descriptor '/home/savannah/EECE5554/LAB4/install/fusion_driver/share/fusion_driver/hook/ament_prefix_path.dsv'
[1.831s] INFO:colcon.colcon_core.shell:Creating environment hook '/home/savannah/EECE5554/LAB4/install/fusion_driver/share/fusion_driver/hook/ament_prefix_path.sh'
[1.831s] INFO:colcon.colcon_core.shell:Skip shell extension 'powershell' for command environment: Not usable outside of PowerShell
[1.831s] DEBUG:colcon.colcon_core.shell:Skip shell extension 'dsv' for command environment
[2.062s] INFO:colcon.colcon_core.task.python.build:Building Python package in '/home/savannah/EECE5554/LAB4/src/fusion_driver'
[2.062s] INFO:colcon.colcon_core.shell:Skip shell extension 'powershell' for command environment: Not usable outside of PowerShell
[2.062s] DEBUG:colcon.colcon_core.shell:Skip shell extension 'dsv' for command environment
[2.373s] DEBUG:colcon.colcon_core.event_handler.log_command:Invoking command in '/home/savannah/EECE5554/LAB4/src/fusion_driver': AMENT_PREFIX_PATH=/home/savannah/EECE5554/LAB4/install/imu_driver:/home/savannah/EECE5554/LAB4/install/gps_driver:/home/savannah/EECE5554/LAB4/install/fusion_driver:/home/savannah/EECE5554/LAB4/install/imu_msg:/home/savannah/EECE5554/LAB4/install/gps_message:/opt/ros/humble PYTHONPATH=/home/savannah/EECE5554/LAB4/build/fusion_driver/prefix_override:/usr/lib/python3/dist-packages/colcon_core/task/python/colcon_distutils_commands:/home/savannah/EECE5554/LAB4/install/fusion_driver/lib/python3.10/site-packages:/home/savannah/EECE5554/LAB4/install/imu_driver/lib/python3.10/site-packages:/home/savannah/EECE5554/LAB4/install/gps_driver/lib/python3.10/site-packages:/home/savannah/EECE5554/LAB4/install/fusion_driver/lib/python3.10/site-packages:/home/savannah/EECE5554/LAB4/install/imu_msg/local/lib/python3.10/dist-packages:/home/savannah/EECE5554/LAB4/install/gps_message/local/lib/python3.10/dist-packages:/opt/ros/humble/lib/python3.10/site-packages:/opt/ros/humble/local/lib/python3.10/dist-packages /usr/bin/python3 -W ignore:setup.py install is deprecated -W ignore:easy_install command is deprecated setup.py egg_info --egg-base ../../build/fusion_driver build --build-base /home/savannah/EECE5554/LAB4/build/fusion_driver/build install --record /home/savannah/EECE5554/LAB4/build/fusion_driver/install.log --single-version-externally-managed install_data
[2.608s] Level 1:colcon.colcon_core.environment:checking '/home/savannah/EECE5554/LAB4/install/fusion_driver' for CMake module files
[2.608s] DEBUG:colcon.colcon_core.event_handler.log_command:Invoked command in '/home/savannah/EECE5554/LAB4/src/fusion_driver' returned '0': AMENT_PREFIX_PATH=/home/savannah/EECE5554/LAB4/install/imu_driver:/home/savannah/EECE5554/LAB4/install/gps_driver:/home/savannah/EECE5554/LAB4/install/fusion_driver:/home/savannah/EECE5554/LAB4/install/imu_msg:/home/savannah/EECE5554/LAB4/install/gps_message:/opt/ros/humble PYTHONPATH=/home/savannah/EECE5554/LAB4/build/fusion_driver/prefix_override:/usr/lib/python3/dist-packages/colcon_core/task/python/colcon_distutils_commands:/home/savannah/EECE5554/LAB4/install/fusion_driver/lib/python3.10/site-packages:/home/savannah/EECE5554/LAB4/install/imu_driver/lib/python3.10/site-packages:/home/savannah/EECE5554/LAB4/install/gps_driver/lib/python3.10/site-packages:/home/savannah/EECE5554/LAB4/install/fusion_driver/lib/python3.10/site-packages:/home/savannah/EECE5554/LAB4/install/imu_msg/local/lib/python3.10/dist-packages:/home/savannah/EECE5554/LAB4/install/gps_message/local/lib/python3.10/dist-packages:/opt/ros/humble/lib/python3.10/site-packages:/opt/ros/humble/local/lib/python3.10/dist-packages /usr/bin/python3 -W ignore:setup.py install is deprecated -W ignore:easy_install command is deprecated setup.py egg_info --egg-base ../../build/fusion_driver build --build-base /home/savannah/EECE5554/LAB4/build/fusion_driver/build install --record /home/savannah/EECE5554/LAB4/build/fusion_driver/install.log --single-version-externally-managed install_data
[2.609s] Level 1:colcon.colcon_core.environment:checking '/home/savannah/EECE5554/LAB4/install/fusion_driver' for CMake config files
[2.609s] Level 1:colcon.colcon_core.environment:checking '/home/savannah/EECE5554/LAB4/install/fusion_driver/lib'
[2.609s] Level 1:colcon.colcon_core.environment:checking '/home/savannah/EECE5554/LAB4/install/fusion_driver/bin'
[2.609s] Level 1:colcon.colcon_core.environment:checking '/home/savannah/EECE5554/LAB4/install/fusion_driver/lib/pkgconfig/fusion_driver.pc'
[2.609s] Level 1:colcon.colcon_core.environment:checking '/home/savannah/EECE5554/LAB4/install/fusion_driver/lib/python3.10/site-packages'
[2.609s] Level 1:colcon.colcon_core.shell:create_environment_hook('fusion_driver', 'pythonpath')
[2.609s] INFO:colcon.colcon_core.shell:Creating environment hook '/home/savannah/EECE5554/LAB4/install/fusion_driver/share/fusion_driver/hook/pythonpath.ps1'
[2.610s] INFO:colcon.colcon_core.shell:Creating environment descriptor '/home/savannah/EECE5554/LAB4/install/fusion_driver/share/fusion_driver/hook/pythonpath.dsv'
[2.611s] INFO:colcon.colcon_core.shell:Creating environment hook '/home/savannah/EECE5554/LAB4/install/fusion_driver/share/fusion_driver/hook/pythonpath.sh'
[2.611s] Level 1:colcon.colcon_core.environment:checking '/home/savannah/EECE5554/LAB4/install/fusion_driver/bin'
[2.611s] Level 1:colcon.colcon_core.environment:create_environment_scripts_only(fusion_driver)
[2.611s] INFO:colcon.colcon_core.shell:Creating package script '/home/savannah/EECE5554/LAB4/install/fusion_driver/share/fusion_driver/package.ps1'
[2.612s] INFO:colcon.colcon_core.shell:Creating package descriptor '/home/savannah/EECE5554/LAB4/install/fusion_driver/share/fusion_driver/package.dsv'
[2.612s] INFO:colcon.colcon_core.shell:Creating package script '/home/savannah/EECE5554/LAB4/install/fusion_driver/share/fusion_driver/package.sh'
[2.612s] INFO:colcon.colcon_core.shell:Creating package script '/home/savannah/EECE5554/LAB4/install/fusion_driver/share/fusion_driver/package.bash'
[2.613s] INFO:colcon.colcon_core.shell:Creating package script '/home/savannah/EECE5554/LAB4/install/fusion_driver/share/fusion_driver/package.zsh'
[2.613s] Level 1:colcon.colcon_core.environment:create_file_with_runtime_dependencies(/home/savannah/EECE5554/LAB4/install/fusion_driver/share/colcon-core/packages/fusion_driver)
[2.613s] DEBUG:colcon.colcon_parallel_executor.executor.parallel:closing loop
[2.614s] DEBUG:colcon.colcon_parallel_executor.executor.parallel:loop closed
[2.614s] DEBUG:colcon.colcon_parallel_executor.executor.parallel:run_until_complete finished with '0'
[2.614s] DEBUG:colcon.colcon_core.event_reactor:joining thread
[2.618s] INFO:colcon.colcon_core.plugin_system:Skipping extension 'colcon_notification.desktop_notification.terminal_notifier': Not used on non-Darwin systems
[2.618s] INFO:colcon.colcon_core.plugin_system:Skipping extension 'colcon_notification.desktop_notification.win32': Not used on non-Windows systems
[2.618s] INFO:colcon.colcon_notification.desktop_notification:Sending desktop notification using 'notify2'
[2.632s] DEBUG:colcon.colcon_core.event_reactor:joined thread
[2.632s] INFO:colcon.colcon_core.shell:Creating prefix script '/home/savannah/EECE5554/LAB4/install/local_setup.ps1'
[2.637s] INFO:colcon.colcon_core.shell:Creating prefix util module '/home/savannah/EECE5554/LAB4/install/_local_setup_util_ps1.py'
[2.638s] INFO:colcon.colcon_core.shell:Creating prefix chain script '/home/savannah/EECE5554/LAB4/install/setup.ps1'
[2.639s] INFO:colcon.colcon_core.shell:Creating prefix script '/home/savannah/EECE5554/LAB4/install/local_setup.sh'
[2.640s] INFO:colcon.colcon_core.shell:Creating prefix util module '/home/savannah/EECE5554/LAB4/install/_local_setup_util_sh.py'
[2.644s] INFO:colcon.colcon_core.shell:Creating prefix chain script '/home/savannah/EECE5554/LAB4/install/setup.sh'
[2.646s] INFO:colcon.colcon_core.shell:Creating prefix script '/home/savannah/EECE5554/LAB4/install/local_setup.bash'
[2.646s] INFO:colcon.colcon_core.shell:Creating prefix chain script '/home/savannah/EECE5554/LAB4/install/setup.bash'
[2.648s] INFO:colcon.colcon_core.shell:Creating prefix script '/home/savannah/EECE5554/LAB4/install/local_setup.zsh'
[2.648s] INFO:colcon.colcon_core.shell:Creating prefix chain script '/home/savannah/EECE5554/LAB4/install/setup.zsh'
