[0.977s] Invoking command in '/home/savannah/EECE5554/LAB4/src/gps_driver': AMENT_PREFIX_PATH=/home/savannah/EECE5554/LAB4/install/gps_message:${AMENT_PREFIX_PATH} CMAKE_PREFIX_PATH=/home/savannah/EECE5554/LAB4/install/gps_message LD_LIBRARY_PATH=/home/savannah/EECE5554/LAB4/install/gps_message/lib:${LD_LIBRARY_PATH} PYTHONPATH=/home/savannah/EECE5554/LAB4/build/gps_driver/prefix_override:/usr/lib/python3/dist-packages/colcon_core/task/python/colcon_distutils_commands:/home/savannah/EECE5554/LAB4/install/gps_driver/lib/python3.10/site-packages:/home/savannah/EECE5554/LAB4/install/gps_message/local/lib/python3.10/dist-packages:${PYTHONPATH} /usr/bin/python3 -W ignore:setup.py install is deprecated -W ignore:easy_install command is deprecated setup.py egg_info --egg-base ../../build/gps_driver build --build-base /home/savannah/EECE5554/LAB4/build/gps_driver/build install --record /home/savannah/EECE5554/LAB4/build/gps_driver/install.log --single-version-externally-managed install_data
[1.266s] running egg_info
[1.271s] creating ../../build/gps_driver/gps_driver.egg-info
[1.271s] writing ../../build/gps_driver/gps_driver.egg-info/PKG-INFO
[1.271s] writing dependency_links to ../../build/gps_driver/gps_driver.egg-info/dependency_links.txt
[1.272s] writing entry points to ../../build/gps_driver/gps_driver.egg-info/entry_points.txt
[1.272s] writing requirements to ../../build/gps_driver/gps_driver.egg-info/requires.txt
[1.272s] writing top-level names to ../../build/gps_driver/gps_driver.egg-info/top_level.txt
[1.272s] writing manifest file '../../build/gps_driver/gps_driver.egg-info/SOURCES.txt'
[1.273s] reading manifest file '../../build/gps_driver/gps_driver.egg-info/SOURCES.txt'
[1.273s] adding license file 'LICENSE'
[1.273s] writing manifest file '../../build/gps_driver/gps_driver.egg-info/SOURCES.txt'
[1.274s] running build
[1.275s] running build_py
[1.276s] creating /home/savannah/EECE5554/LAB4/build/gps_driver/build
[1.276s] creating /home/savannah/EECE5554/LAB4/build/gps_driver/build/lib
[1.276s] creating /home/savannah/EECE5554/LAB4/build/gps_driver/build/lib/gps_driver
[1.276s] copying gps_driver/gps_driver.py -> /home/savannah/EECE5554/LAB4/build/gps_driver/build/lib/gps_driver
[1.276s] copying gps_driver/__init__.py -> /home/savannah/EECE5554/LAB4/build/gps_driver/build/lib/gps_driver
[1.276s] running install
[1.276s] running install_lib
[1.276s] creating /home/savannah/EECE5554/LAB4/install/gps_driver/lib/python3.10/site-packages/gps_driver
[1.276s] copying /home/savannah/EECE5554/LAB4/build/gps_driver/build/lib/gps_driver/gps_driver.py -> /home/savannah/EECE5554/LAB4/install/gps_driver/lib/python3.10/site-packages/gps_driver
[1.276s] copying /home/savannah/EECE5554/LAB4/build/gps_driver/build/lib/gps_driver/__init__.py -> /home/savannah/EECE5554/LAB4/install/gps_driver/lib/python3.10/site-packages/gps_driver
[1.276s] byte-compiling /home/savannah/EECE5554/LAB4/install/gps_driver/lib/python3.10/site-packages/gps_driver/gps_driver.py to gps_driver.cpython-310.pyc
[1.281s] byte-compiling /home/savannah/EECE5554/LAB4/install/gps_driver/lib/python3.10/site-packages/gps_driver/__init__.py to __init__.cpython-310.pyc
[1.282s] running install_data
[1.283s] creating /home/savannah/EECE5554/LAB4/install/gps_driver/share/ament_index
[1.283s] creating /home/savannah/EECE5554/LAB4/install/gps_driver/share/ament_index/resource_index
[1.283s] creating /home/savannah/EECE5554/LAB4/install/gps_driver/share/ament_index/resource_index/packages
[1.283s] copying resource/gps_driver -> /home/savannah/EECE5554/LAB4/install/gps_driver/share/ament_index/resource_index/packages
[1.283s] copying package.xml -> /home/savannah/EECE5554/LAB4/install/gps_driver/share/gps_driver
[1.283s] creating /home/savannah/EECE5554/LAB4/install/gps_driver/share/gps_driver/launch
[1.283s] copying launch/driver.launch.py -> /home/savannah/EECE5554/LAB4/install/gps_driver/share/gps_driver/launch
[1.283s] running install_egg_info
[1.285s] Copying ../../build/gps_driver/gps_driver.egg-info to /home/savannah/EECE5554/LAB4/install/gps_driver/lib/python3.10/site-packages/gps_driver-0.0.0-py3.10.egg-info
[1.289s] running install_scripts
[1.309s] Installing driver script to /home/savannah/EECE5554/LAB4/install/gps_driver/lib/gps_driver
[1.310s] writing list of installed files to '/home/savannah/EECE5554/LAB4/build/gps_driver/install.log'
[1.339s] Invoked command in '/home/savannah/EECE5554/LAB4/src/gps_driver' returned '0': AMENT_PREFIX_PATH=/home/savannah/EECE5554/LAB4/install/gps_message:${AMENT_PREFIX_PATH} CMAKE_PREFIX_PATH=/home/savannah/EECE5554/LAB4/install/gps_message LD_LIBRARY_PATH=/home/savannah/EECE5554/LAB4/install/gps_message/lib:${LD_LIBRARY_PATH} PYTHONPATH=/home/savannah/EECE5554/LAB4/build/gps_driver/prefix_override:/usr/lib/python3/dist-packages/colcon_core/task/python/colcon_distutils_commands:/home/savannah/EECE5554/LAB4/install/gps_driver/lib/python3.10/site-packages:/home/savannah/EECE5554/LAB4/install/gps_message/local/lib/python3.10/dist-packages:${PYTHONPATH} /usr/bin/python3 -W ignore:setup.py install is deprecated -W ignore:easy_install command is deprecated setup.py egg_info --egg-base ../../build/gps_driver build --build-base /home/savannah/EECE5554/LAB4/build/gps_driver/build install --record /home/savannah/EECE5554/LAB4/build/gps_driver/install.log --single-version-externally-managed install_data
