running egg_info
writing ../../build/gps_driver/gps_driver.egg-info/PKG-INFO
writing dependency_links to ../../build/gps_driver/gps_driver.egg-info/dependency_links.txt
writing entry points to ../../build/gps_driver/gps_driver.egg-info/entry_points.txt
writing requirements to ../../build/gps_driver/gps_driver.egg-info/requires.txt
writing top-level names to ../../build/gps_driver/gps_driver.egg-info/top_level.txt
reading manifest file '../../build/gps_driver/gps_driver.egg-info/SOURCES.txt'
adding license file 'LICENSE'
writing manifest file '../../build/gps_driver/gps_driver.egg-info/SOURCES.txt'
running build
running build_py
copying gps_driver/driver.py -> /home/savannah/EECE5554/LAB1/build/gps_driver/build/lib/gps_driver
running install
running install_lib
copying /home/savannah/EECE5554/LAB1/build/gps_driver/build/lib/gps_driver/driver.py -> /home/savannah/EECE5554/LAB1/install/gps_driver/lib/python3.10/site-packages/gps_driver
byte-compiling /home/savannah/EECE5554/LAB1/install/gps_driver/lib/python3.10/site-packages/gps_driver/driver.py to driver.cpython-310.pyc
running install_data
running install_egg_info
removing '/home/savannah/EECE5554/LAB1/install/gps_driver/lib/python3.10/site-packages/gps_driver-0.0.0-py3.10.egg-info' (and everything under it)
Copying ../../build/gps_driver/gps_driver.egg-info to /home/savannah/EECE5554/LAB1/install/gps_driver/lib/python3.10/site-packages/gps_driver-0.0.0-py3.10.egg-info
running install_scripts
Installing driver script to /home/savannah/EECE5554/LAB1/install/gps_driver/lib/gps_driver
writing list of installed files to '/home/savannah/EECE5554/LAB1/build/gps_driver/install.log'
