[0.014s] Invoking command in '/home/savannah/EECE5554/LAB1/build/gps_message': CMAKE_PREFIX_PATH=${CMAKE_PREFIX_PATH}:/home/savannah/EECE5554/LAB1/install/gps_driver:/opt/ros/humble /usr/bin/cmake --build /home/savannah/EECE5554/LAB1/build/gps_message -- -j4 -l4
[0.052s] [35m[1mConsolidate compiler generated dependencies of target gps_message__rosidl_generator_c[0m
[0.067s] [  3%] Built target gps_message__cpp
[0.069s] [ 12%] Built target gps_message__rosidl_generator_c
[0.076s] [ 12%] Built target ament_cmake_python_copy_gps_message
[0.079s] [35m[1mConsolidate compiler generated dependencies of target gps_message__rosidl_typesupport_cpp[0m
[0.079s] [35m[1mConsolidate compiler generated dependencies of target gps_message__rosidl_typesupport_fastrtps_cpp[0m
[0.083s] [35m[1mConsolidate compiler generated dependencies of target gps_message__rosidl_typesupport_introspection_cpp[0m
[0.089s] [35m[1mConsolidate compiler generated dependencies of target gps_message__rosidl_typesupport_fastrtps_c[0m
[0.091s] [ 22%] Built target gps_message__rosidl_typesupport_cpp
[0.094s] [ 32%] Built target gps_message__rosidl_typesupport_introspection_cpp
[0.095s] [ 41%] Built target gps_message__rosidl_typesupport_fastrtps_cpp
[0.103s] [35m[1mConsolidate compiler generated dependencies of target gps_message__rosidl_typesupport_introspection_c[0m
[0.105s] [ 51%] Built target gps_message__rosidl_typesupport_fastrtps_c
[0.108s] [35m[1mConsolidate compiler generated dependencies of target gps_message__rosidl_typesupport_c[0m
[0.116s] [ 61%] Built target gps_message__rosidl_typesupport_introspection_c
[0.120s] [ 70%] Built target gps_message__rosidl_typesupport_c
[0.151s] [ 70%] Built target gps_message
[0.173s] [ 74%] Built target gps_message__py
[0.182s] [35m[1mConsolidate compiler generated dependencies of target gps_message__rosidl_generator_py[0m
[0.195s] [ 80%] Built target gps_message__rosidl_generator_py
[0.208s] [35m[1mConsolidate compiler generated dependencies of target gps_message__rosidl_typesupport_introspection_c__pyext[0m
[0.208s] [35m[1mConsolidate compiler generated dependencies of target gps_message__rosidl_typesupport_c__pyext[0m
[0.211s] [35m[1mConsolidate compiler generated dependencies of target gps_message__rosidl_typesupport_fastrtps_c__pyext[0m
[0.222s] [ 87%] Built target gps_message__rosidl_typesupport_introspection_c__pyext
[0.227s] [ 93%] Built target gps_message__rosidl_typesupport_fastrtps_c__pyext
[0.230s] [100%] Built target gps_message__rosidl_typesupport_c__pyext
[0.313s] running egg_info
[0.313s] writing gps_message.egg-info/PKG-INFO
[0.313s] writing dependency_links to gps_message.egg-info/dependency_links.txt
[0.313s] writing top-level names to gps_message.egg-info/top_level.txt
[0.315s] reading manifest file 'gps_message.egg-info/SOURCES.txt'
[0.316s] writing manifest file 'gps_message.egg-info/SOURCES.txt'
[0.338s] [100%] Built target ament_cmake_python_build_gps_message_egg
[0.352s] Invoked command in '/home/savannah/EECE5554/LAB1/build/gps_message' returned '0': CMAKE_PREFIX_PATH=${CMAKE_PREFIX_PATH}:/home/savannah/EECE5554/LAB1/install/gps_driver:/opt/ros/humble /usr/bin/cmake --build /home/savannah/EECE5554/LAB1/build/gps_message -- -j4 -l4
[0.359s] Invoking command in '/home/savannah/EECE5554/LAB1/build/gps_message': CMAKE_PREFIX_PATH=${CMAKE_PREFIX_PATH}:/home/savannah/EECE5554/LAB1/install/gps_driver:/opt/ros/humble /usr/bin/cmake --install /home/savannah/EECE5554/LAB1/build/gps_message
[0.368s] -- Install configuration: ""
[0.368s] -- Up-to-date: /home/savannah/EECE5554/LAB1/install/gps_message/share/ament_index/resource_index/rosidl_interfaces/gps_message
[0.369s] -- Up-to-date: /home/savannah/EECE5554/LAB1/install/gps_message/include/gps_message/gps_message
[0.369s] -- Up-to-date: /home/savannah/EECE5554/LAB1/install/gps_message/include/gps_message/gps_message/msg
[0.370s] -- Up-to-date: /home/savannah/EECE5554/LAB1/install/gps_message/include/gps_message/gps_message/msg/gps_msg.h
[0.370s] -- Up-to-date: /home/savannah/EECE5554/LAB1/install/gps_message/include/gps_message/gps_message/msg/detail
[0.370s] -- Up-to-date: /home/savannah/EECE5554/LAB1/install/gps_message/include/gps_message/gps_message/msg/detail/gps_msg__functions.h
[0.370s] -- Up-to-date: /home/savannah/EECE5554/LAB1/install/gps_message/include/gps_message/gps_message/msg/detail/gps_msg__type_support.h
[0.370s] -- Up-to-date: /home/savannah/EECE5554/LAB1/install/gps_message/include/gps_message/gps_message/msg/detail/gps_msg__functions.c
[0.370s] -- Up-to-date: /home/savannah/EECE5554/LAB1/install/gps_message/include/gps_message/gps_message/msg/detail/gps_msg__struct.h
[0.370s] -- Up-to-date: /home/savannah/EECE5554/LAB1/install/gps_message/include/gps_message/gps_message/msg/rosidl_generator_c__visibility_control.h
[0.370s] -- Up-to-date: /home/savannah/EECE5554/LAB1/install/gps_message/share/gps_message/environment/library_path.sh
[0.370s] -- Up-to-date: /home/savannah/EECE5554/LAB1/install/gps_message/share/gps_message/environment/library_path.dsv
[0.371s] -- Up-to-date: /home/savannah/EECE5554/LAB1/install/gps_message/lib/libgps_message__rosidl_generator_c.so
[0.371s] -- Up-to-date: /home/savannah/EECE5554/LAB1/install/gps_message/include/gps_message/gps_message
[0.372s] -- Up-to-date: /home/savannah/EECE5554/LAB1/install/gps_message/include/gps_message/gps_message/msg
[0.372s] -- Up-to-date: /home/savannah/EECE5554/LAB1/install/gps_message/include/gps_message/gps_message/msg/detail
[0.372s] -- Up-to-date: /home/savannah/EECE5554/LAB1/install/gps_message/include/gps_message/gps_message/msg/detail/gps_msg__rosidl_typesupport_fastrtps_c.h
[0.372s] -- Up-to-date: /home/savannah/EECE5554/LAB1/install/gps_message/include/gps_message/gps_message/msg/rosidl_typesupport_fastrtps_c__visibility_control.h
[0.372s] -- Up-to-date: /home/savannah/EECE5554/LAB1/install/gps_message/lib/libgps_message__rosidl_typesupport_fastrtps_c.so
[0.372s] -- Up-to-date: /home/savannah/EECE5554/LAB1/install/gps_message/include/gps_message/gps_message
[0.372s] -- Up-to-date: /home/savannah/EECE5554/LAB1/install/gps_message/include/gps_message/gps_message/msg
[0.372s] -- Up-to-date: /home/savannah/EECE5554/LAB1/install/gps_message/include/gps_message/gps_message/msg/detail
[0.372s] -- Up-to-date: /home/savannah/EECE5554/LAB1/install/gps_message/include/gps_message/gps_message/msg/detail/gps_msg__rosidl_typesupport_introspection_c.h
[0.372s] -- Up-to-date: /home/savannah/EECE5554/LAB1/install/gps_message/include/gps_message/gps_message/msg/detail/gps_msg__type_support.c
[0.372s] -- Up-to-date: /home/savannah/EECE5554/LAB1/install/gps_message/include/gps_message/gps_message/msg/rosidl_typesupport_introspection_c__visibility_control.h
[0.372s] -- Up-to-date: /home/savannah/EECE5554/LAB1/install/gps_message/lib/libgps_message__rosidl_typesupport_introspection_c.so
[0.372s] -- Up-to-date: /home/savannah/EECE5554/LAB1/install/gps_message/lib/libgps_message__rosidl_typesupport_c.so
[0.372s] -- Up-to-date: /home/savannah/EECE5554/LAB1/install/gps_message/include/gps_message/gps_message
[0.372s] -- Up-to-date: /home/savannah/EECE5554/LAB1/install/gps_message/include/gps_message/gps_message/msg
[0.372s] -- Up-to-date: /home/savannah/EECE5554/LAB1/install/gps_message/include/gps_message/gps_message/msg/gps_msg.hpp
[0.372s] -- Up-to-date: /home/savannah/EECE5554/LAB1/install/gps_message/include/gps_message/gps_message/msg/detail
[0.372s] -- Up-to-date: /home/savannah/EECE5554/LAB1/install/gps_message/include/gps_message/gps_message/msg/detail/gps_msg__struct.hpp
[0.372s] -- Up-to-date: /home/savannah/EECE5554/LAB1/install/gps_message/include/gps_message/gps_message/msg/detail/gps_msg__traits.hpp
[0.372s] -- Up-to-date: /home/savannah/EECE5554/LAB1/install/gps_message/include/gps_message/gps_message/msg/detail/gps_msg__builder.hpp
[0.372s] -- Up-to-date: /home/savannah/EECE5554/LAB1/install/gps_message/include/gps_message/gps_message/msg/detail/gps_msg__type_support.hpp
[0.372s] -- Up-to-date: /home/savannah/EECE5554/LAB1/install/gps_message/include/gps_message/gps_message/msg/rosidl_generator_cpp__visibility_control.hpp
[0.373s] -- Up-to-date: /home/savannah/EECE5554/LAB1/install/gps_message/include/gps_message/gps_message
[0.373s] -- Up-to-date: /home/savannah/EECE5554/LAB1/install/gps_message/include/gps_message/gps_message/msg
[0.373s] -- Up-to-date: /home/savannah/EECE5554/LAB1/install/gps_message/include/gps_message/gps_message/msg/detail
[0.373s] -- Up-to-date: /home/savannah/EECE5554/LAB1/install/gps_message/include/gps_message/gps_message/msg/detail/gps_msg__rosidl_typesupport_fastrtps_cpp.hpp
[0.373s] -- Up-to-date: /home/savannah/EECE5554/LAB1/install/gps_message/include/gps_message/gps_message/msg/detail/dds_fastrtps
[0.373s] -- Up-to-date: /home/savannah/EECE5554/LAB1/install/gps_message/include/gps_message/gps_message/msg/rosidl_typesupport_fastrtps_cpp__visibility_control.h
[0.373s] -- Up-to-date: /home/savannah/EECE5554/LAB1/install/gps_message/lib/libgps_message__rosidl_typesupport_fastrtps_cpp.so
[0.373s] -- Up-to-date: /home/savannah/EECE5554/LAB1/install/gps_message/include/gps_message/gps_message
[0.373s] -- Up-to-date: /home/savannah/EECE5554/LAB1/install/gps_message/include/gps_message/gps_message/msg
[0.373s] -- Up-to-date: /home/savannah/EECE5554/LAB1/install/gps_message/include/gps_message/gps_message/msg/detail
[0.373s] -- Up-to-date: /home/savannah/EECE5554/LAB1/install/gps_message/include/gps_message/gps_message/msg/detail/gps_msg__type_support.cpp
[0.373s] -- Up-to-date: /home/savannah/EECE5554/LAB1/install/gps_message/include/gps_message/gps_message/msg/detail/gps_msg__rosidl_typesupport_introspection_cpp.hpp
[0.373s] -- Up-to-date: /home/savannah/EECE5554/LAB1/install/gps_message/lib/libgps_message__rosidl_typesupport_introspection_cpp.so
[0.373s] -- Up-to-date: /home/savannah/EECE5554/LAB1/install/gps_message/lib/libgps_message__rosidl_typesupport_cpp.so
[0.373s] -- Up-to-date: /home/savannah/EECE5554/LAB1/install/gps_message/share/gps_message/environment/pythonpath.sh
[0.373s] -- Up-to-date: /home/savannah/EECE5554/LAB1/install/gps_message/share/gps_message/environment/pythonpath.dsv
[0.373s] -- Up-to-date: /home/savannah/EECE5554/LAB1/install/gps_message/local/lib/python3.10/dist-packages/gps_message-0.0.0-py3.10.egg-info
[0.373s] -- Installing: /home/savannah/EECE5554/LAB1/install/gps_message/local/lib/python3.10/dist-packages/gps_message-0.0.0-py3.10.egg-info/top_level.txt
[0.373s] -- Installing: /home/savannah/EECE5554/LAB1/install/gps_message/local/lib/python3.10/dist-packages/gps_message-0.0.0-py3.10.egg-info/dependency_links.txt
[0.374s] -- Installing: /home/savannah/EECE5554/LAB1/install/gps_message/local/lib/python3.10/dist-packages/gps_message-0.0.0-py3.10.egg-info/SOURCES.txt
[0.374s] -- Installing: /home/savannah/EECE5554/LAB1/install/gps_message/local/lib/python3.10/dist-packages/gps_message-0.0.0-py3.10.egg-info/PKG-INFO
[0.374s] -- Up-to-date: /home/savannah/EECE5554/LAB1/install/gps_message/local/lib/python3.10/dist-packages/gps_message
[0.374s] -- Up-to-date: /home/savannah/EECE5554/LAB1/install/gps_message/local/lib/python3.10/dist-packages/gps_message/_gps_message_s.ep.rosidl_typesupport_c.c
[0.374s] -- Up-to-date: /home/savannah/EECE5554/LAB1/install/gps_message/local/lib/python3.10/dist-packages/gps_message/libgps_message__rosidl_generator_py.so
[0.374s] -- Up-to-date: /home/savannah/EECE5554/LAB1/install/gps_message/local/lib/python3.10/dist-packages/gps_message/gps_message_s__rosidl_typesupport_fastrtps_c.cpython-310-x86_64-linux-gnu.so
[0.374s] -- Up-to-date: /home/savannah/EECE5554/LAB1/install/gps_message/local/lib/python3.10/dist-packages/gps_message/gps_message_s__rosidl_typesupport_c.cpython-310-x86_64-linux-gnu.so
[0.374s] -- Up-to-date: /home/savannah/EECE5554/LAB1/install/gps_message/local/lib/python3.10/dist-packages/gps_message/gps_message_s__rosidl_typesupport_introspection_c.cpython-310-x86_64-linux-gnu.so
[0.374s] -- Up-to-date: /home/savannah/EECE5554/LAB1/install/gps_message/local/lib/python3.10/dist-packages/gps_message/_gps_message_s.ep.rosidl_typesupport_fastrtps_c.c
[0.374s] -- Up-to-date: /home/savannah/EECE5554/LAB1/install/gps_message/local/lib/python3.10/dist-packages/gps_message/msg
[0.374s] -- Up-to-date: /home/savannah/EECE5554/LAB1/install/gps_message/local/lib/python3.10/dist-packages/gps_message/msg/_gps_msg_s.c
[0.374s] -- Up-to-date: /home/savannah/EECE5554/LAB1/install/gps_message/local/lib/python3.10/dist-packages/gps_message/msg/_gps_msg.py
[0.374s] -- Up-to-date: /home/savannah/EECE5554/LAB1/install/gps_message/local/lib/python3.10/dist-packages/gps_message/msg/__init__.py
[0.374s] -- Up-to-date: /home/savannah/EECE5554/LAB1/install/gps_message/local/lib/python3.10/dist-packages/gps_message/__init__.py
[0.374s] -- Up-to-date: /home/savannah/EECE5554/LAB1/install/gps_message/local/lib/python3.10/dist-packages/gps_message/_gps_message_s.ep.rosidl_typesupport_introspection_c.c
[0.398s] Listing '/home/savannah/EECE5554/LAB1/install/gps_message/local/lib/python3.10/dist-packages/gps_message'...
[0.398s] Listing '/home/savannah/EECE5554/LAB1/install/gps_message/local/lib/python3.10/dist-packages/gps_message/msg'...
[0.402s] -- Up-to-date: /home/savannah/EECE5554/LAB1/install/gps_message/local/lib/python3.10/dist-packages/gps_message/gps_message_s__rosidl_typesupport_fastrtps_c.cpython-310-x86_64-linux-gnu.so
[0.402s] -- Up-to-date: /home/savannah/EECE5554/LAB1/install/gps_message/local/lib/python3.10/dist-packages/gps_message/gps_message_s__rosidl_typesupport_introspection_c.cpython-310-x86_64-linux-gnu.so
[0.403s] -- Up-to-date: /home/savannah/EECE5554/LAB1/install/gps_message/local/lib/python3.10/dist-packages/gps_message/gps_message_s__rosidl_typesupport_c.cpython-310-x86_64-linux-gnu.so
[0.403s] -- Up-to-date: /home/savannah/EECE5554/LAB1/install/gps_message/lib/libgps_message__rosidl_generator_py.so
[0.403s] -- Up-to-date: /home/savannah/EECE5554/LAB1/install/gps_message/share/gps_message/msg/GpsMsg.idl
[0.403s] -- Up-to-date: /home/savannah/EECE5554/LAB1/install/gps_message/share/gps_message/msg/GpsMsg.msg
[0.403s] -- Up-to-date: /home/savannah/EECE5554/LAB1/install/gps_message/share/ament_index/resource_index/package_run_dependencies/gps_message
[0.403s] -- Up-to-date: /home/savannah/EECE5554/LAB1/install/gps_message/share/ament_index/resource_index/parent_prefix_path/gps_message
[0.403s] -- Up-to-date: /home/savannah/EECE5554/LAB1/install/gps_message/share/gps_message/environment/ament_prefix_path.sh
[0.403s] -- Up-to-date: /home/savannah/EECE5554/LAB1/install/gps_message/share/gps_message/environment/ament_prefix_path.dsv
[0.403s] -- Up-to-date: /home/savannah/EECE5554/LAB1/install/gps_message/share/gps_message/environment/path.sh
[0.403s] -- Up-to-date: /home/savannah/EECE5554/LAB1/install/gps_message/share/gps_message/environment/path.dsv
[0.404s] -- Up-to-date: /home/savannah/EECE5554/LAB1/install/gps_message/share/gps_message/local_setup.bash
[0.404s] -- Up-to-date: /home/savannah/EECE5554/LAB1/install/gps_message/share/gps_message/local_setup.sh
[0.404s] -- Up-to-date: /home/savannah/EECE5554/LAB1/install/gps_message/share/gps_message/local_setup.zsh
[0.404s] -- Up-to-date: /home/savannah/EECE5554/LAB1/install/gps_message/share/gps_message/local_setup.dsv
[0.404s] -- Installing: /home/savannah/EECE5554/LAB1/install/gps_message/share/gps_message/package.dsv
[0.404s] -- Up-to-date: /home/savannah/EECE5554/LAB1/install/gps_message/share/ament_index/resource_index/packages/gps_message
[0.404s] -- Up-to-date: /home/savannah/EECE5554/LAB1/install/gps_message/share/gps_message/cmake/export_gps_message__rosidl_generator_cExport.cmake
[0.404s] -- Up-to-date: /home/savannah/EECE5554/LAB1/install/gps_message/share/gps_message/cmake/export_gps_message__rosidl_generator_cExport-noconfig.cmake
[0.404s] -- Up-to-date: /home/savannah/EECE5554/LAB1/install/gps_message/share/gps_message/cmake/export_gps_message__rosidl_typesupport_fastrtps_cExport.cmake
[0.404s] -- Up-to-date: /home/savannah/EECE5554/LAB1/install/gps_message/share/gps_message/cmake/export_gps_message__rosidl_typesupport_fastrtps_cExport-noconfig.cmake
[0.404s] -- Up-to-date: /home/savannah/EECE5554/LAB1/install/gps_message/share/gps_message/cmake/gps_message__rosidl_typesupport_introspection_cExport.cmake
[0.404s] -- Up-to-date: /home/savannah/EECE5554/LAB1/install/gps_message/share/gps_message/cmake/gps_message__rosidl_typesupport_introspection_cExport-noconfig.cmake
[0.405s] -- Up-to-date: /home/savannah/EECE5554/LAB1/install/gps_message/share/gps_message/cmake/gps_message__rosidl_typesupport_cExport.cmake
[0.405s] -- Up-to-date: /home/savannah/EECE5554/LAB1/install/gps_message/share/gps_message/cmake/gps_message__rosidl_typesupport_cExport-noconfig.cmake
[0.405s] -- Up-to-date: /home/savannah/EECE5554/LAB1/install/gps_message/share/gps_message/cmake/export_gps_message__rosidl_generator_cppExport.cmake
[0.405s] -- Up-to-date: /home/savannah/EECE5554/LAB1/install/gps_message/share/gps_message/cmake/export_gps_message__rosidl_typesupport_fastrtps_cppExport.cmake
[0.405s] -- Up-to-date: /home/savannah/EECE5554/LAB1/install/gps_message/share/gps_message/cmake/export_gps_message__rosidl_typesupport_fastrtps_cppExport-noconfig.cmake
[0.405s] -- Up-to-date: /home/savannah/EECE5554/LAB1/install/gps_message/share/gps_message/cmake/gps_message__rosidl_typesupport_introspection_cppExport.cmake
[0.405s] -- Up-to-date: /home/savannah/EECE5554/LAB1/install/gps_message/share/gps_message/cmake/gps_message__rosidl_typesupport_introspection_cppExport-noconfig.cmake
[0.406s] -- Up-to-date: /home/savannah/EECE5554/LAB1/install/gps_message/share/gps_message/cmake/gps_message__rosidl_typesupport_cppExport.cmake
[0.406s] -- Up-to-date: /home/savannah/EECE5554/LAB1/install/gps_message/share/gps_message/cmake/gps_message__rosidl_typesupport_cppExport-noconfig.cmake
[0.406s] -- Up-to-date: /home/savannah/EECE5554/LAB1/install/gps_message/share/gps_message/cmake/export_gps_message__rosidl_generator_pyExport.cmake
[0.406s] -- Up-to-date: /home/savannah/EECE5554/LAB1/install/gps_message/share/gps_message/cmake/export_gps_message__rosidl_generator_pyExport-noconfig.cmake
[0.406s] -- Up-to-date: /home/savannah/EECE5554/LAB1/install/gps_message/share/gps_message/cmake/rosidl_cmake-extras.cmake
[0.406s] -- Up-to-date: /home/savannah/EECE5554/LAB1/install/gps_message/share/gps_message/cmake/ament_cmake_export_dependencies-extras.cmake
[0.406s] -- Up-to-date: /home/savannah/EECE5554/LAB1/install/gps_message/share/gps_message/cmake/ament_cmake_export_include_directories-extras.cmake
[0.406s] -- Up-to-date: /home/savannah/EECE5554/LAB1/install/gps_message/share/gps_message/cmake/ament_cmake_export_libraries-extras.cmake
[0.406s] -- Up-to-date: /home/savannah/EECE5554/LAB1/install/gps_message/share/gps_message/cmake/ament_cmake_export_targets-extras.cmake
[0.406s] -- Up-to-date: /home/savannah/EECE5554/LAB1/install/gps_message/share/gps_message/cmake/rosidl_cmake_export_typesupport_targets-extras.cmake
[0.406s] -- Up-to-date: /home/savannah/EECE5554/LAB1/install/gps_message/share/gps_message/cmake/rosidl_cmake_export_typesupport_libraries-extras.cmake
[0.406s] -- Up-to-date: /home/savannah/EECE5554/LAB1/install/gps_message/share/gps_message/cmake/gps_messageConfig.cmake
[0.406s] -- Up-to-date: /home/savannah/EECE5554/LAB1/install/gps_message/share/gps_message/cmake/gps_messageConfig-version.cmake
[0.406s] -- Up-to-date: /home/savannah/EECE5554/LAB1/install/gps_message/share/gps_message/package.xml
[0.409s] Invoked command in '/home/savannah/EECE5554/LAB1/build/gps_message' returned '0': CMAKE_PREFIX_PATH=${CMAKE_PREFIX_PATH}:/home/savannah/EECE5554/LAB1/install/gps_driver:/opt/ros/humble /usr/bin/cmake --install /home/savannah/EECE5554/LAB1/build/gps_message
