[0.012s] Invoking command in '/home/savannah/EECE5554/LAB4/build/gps_message': CMAKE_PREFIX_PATH=${CMAKE_PREFIX_PATH}:/home/savannah/EECE5554/LAB4/install/fusion_driver:/home/savannah/EECE5554/LAB4/install/imu_driver:/home/savannah/EECE5554/LAB4/install/gps_driver:/opt/ros/humble /usr/bin/cmake /home/savannah/EECE5554/LAB4/src/gps_message -DCMAKE_INSTALL_PREFIX=/home/savannah/EECE5554/LAB4/install/gps_message
[0.071s] -- The C compiler identification is GNU 11.4.0
[0.136s] -- The CXX compiler identification is GNU 11.4.0
[0.152s] -- Detecting C compiler ABI info
[0.251s] -- Detecting C compiler ABI info - done
[0.263s] -- Check for working C compiler: /usr/bin/cc - skipped
[0.263s] -- Detecting C compile features
[0.266s] -- Detecting C compile features - done
[0.266s] -- Detecting CXX compiler ABI info
[0.390s] -- Detecting CXX compiler ABI info - done
[0.401s] -- Check for working CXX compiler: /usr/bin/c++ - skipped
[0.401s] -- Detecting CXX compile features
[0.401s] -- Detecting CXX compile features - done
[0.405s] -- Found ament_cmake: 1.3.11 (/opt/ros/humble/share/ament_cmake/cmake)
[0.570s] -- Found Python3: /usr/bin/python3 (found version "3.10.12") found components: Interpreter 
[0.640s] -- Found rosidl_default_generators: 1.2.0 (/opt/ros/humble/share/rosidl_default_generators/cmake)
[0.643s] -- Using all available rosidl_typesupport_c: rosidl_typesupport_fastrtps_c;rosidl_typesupport_introspection_c
[0.649s] -- Found rosidl_adapter: 3.1.6 (/opt/ros/humble/share/rosidl_adapter/cmake)
[0.678s] -- Using all available rosidl_typesupport_cpp: rosidl_typesupport_fastrtps_cpp;rosidl_typesupport_introspection_cpp
[0.705s] -- Found std_msgs: 4.2.4 (/opt/ros/humble/share/std_msgs/cmake)
[1.039s] -- Found ament_cmake_ros: 0.10.0 (/opt/ros/humble/share/ament_cmake_ros/cmake)
[1.309s] -- Using all available rosidl_typesupport_c: rosidl_typesupport_fastrtps_c;rosidl_typesupport_introspection_c
[1.699s] -- Using all available rosidl_typesupport_cpp: rosidl_typesupport_fastrtps_cpp;rosidl_typesupport_introspection_cpp
[1.729s] -- Found PythonInterp: /usr/bin/python3 (found suitable version "3.10.12", minimum required is "3.6") 
[1.730s] -- Found python_cmake_module: 0.10.0 (/opt/ros/humble/share/python_cmake_module/cmake)
[1.766s] -- Found PythonLibs: /usr/lib/x86_64-linux-gnu/libpython3.10.so (found suitable version "3.10.12", minimum required is "3.5") 
[1.766s] -- Using PYTHON_EXECUTABLE: /usr/bin/python3
[1.766s] -- Using PYTHON_INCLUDE_DIRS: /usr/include/python3.10
[1.766s] -- Using PYTHON_LIBRARIES: /usr/lib/x86_64-linux-gnu/libpython3.10.so
[1.798s] -- Found PythonExtra: .so  
[1.857s] -- Configuring done
[1.889s] -- Generating done
[1.899s] -- Build files have been written to: /home/savannah/EECE5554/LAB4/build/gps_message
[1.902s] Invoked command in '/home/savannah/EECE5554/LAB4/build/gps_message' returned '0': CMAKE_PREFIX_PATH=${CMAKE_PREFIX_PATH}:/home/savannah/EECE5554/LAB4/install/fusion_driver:/home/savannah/EECE5554/LAB4/install/imu_driver:/home/savannah/EECE5554/LAB4/install/gps_driver:/opt/ros/humble /usr/bin/cmake /home/savannah/EECE5554/LAB4/src/gps_message -DCMAKE_INSTALL_PREFIX=/home/savannah/EECE5554/LAB4/install/gps_message
[1.906s] Invoking command in '/home/savannah/EECE5554/LAB4/build/gps_message': CMAKE_PREFIX_PATH=${CMAKE_PREFIX_PATH}:/home/savannah/EECE5554/LAB4/install/fusion_driver:/home/savannah/EECE5554/LAB4/install/imu_driver:/home/savannah/EECE5554/LAB4/install/gps_driver:/opt/ros/humble /usr/bin/cmake --build /home/savannah/EECE5554/LAB4/build/gps_message -- -j4 -l4
[1.945s] [  3%] [34m[1mGenerating C code for ROS interfaces[0m
[1.959s] [  6%] [34m[1mGenerating C++ code for ROS interfaces[0m
[1.976s] [  6%] Built target ament_cmake_python_copy_gps_message
[2.281s] running egg_info
[2.281s] creating gps_message.egg-info
[2.281s] writing gps_message.egg-info/PKG-INFO
[2.281s] writing dependency_links to gps_message.egg-info/dependency_links.txt
[2.281s] writing top-level names to gps_message.egg-info/top_level.txt
[2.281s] writing manifest file 'gps_message.egg-info/SOURCES.txt'
[2.281s] reading manifest file 'gps_message.egg-info/SOURCES.txt'
[2.281s] writing manifest file 'gps_message.egg-info/SOURCES.txt'
[2.335s] [  6%] Built target ament_cmake_python_build_gps_message_egg
[2.415s] [  6%] Built target gps_message__cpp
[2.435s] [  9%] [34m[1mGenerating C++ type support dispatch for ROS interfaces[0m
[2.436s] [ 12%] [34m[1mGenerating C++ type support for eProsima Fast-RTPS[0m
[2.445s] [ 16%] [34m[1mGenerating C++ introspection for ROS interfaces[0m
[2.486s] [ 19%] [32mBuilding C object CMakeFiles/gps_message__rosidl_generator_c.dir/rosidl_generator_c/gps_message/msg/detail/gps_msg__functions.c.o[0m
[2.552s] [ 22%] [32m[1mLinking C shared library libgps_message__rosidl_generator_c.so[0m
[2.630s] [ 22%] Built target gps_message__rosidl_generator_c
[2.658s] [ 25%] [34m[1mGenerating C type support for eProsima Fast-RTPS[0m
[2.858s] [ 29%] [32mBuilding CXX object CMakeFiles/gps_message__rosidl_typesupport_introspection_cpp.dir/rosidl_typesupport_introspection_cpp/gps_message/msg/detail/gps_msg__type_support.cpp.o[0m
[2.932s] [ 32%] [32mBuilding CXX object CMakeFiles/gps_message__rosidl_typesupport_cpp.dir/rosidl_typesupport_cpp/gps_message/msg/gps_msg__type_support.cpp.o[0m
[3.051s] [ 35%] [32mBuilding CXX object CMakeFiles/gps_message__rosidl_typesupport_fastrtps_cpp.dir/rosidl_typesupport_fastrtps_cpp/gps_message/msg/detail/dds_fastrtps/gps_msg__type_support.cpp.o[0m
[3.218s] [ 38%] [32mBuilding CXX object CMakeFiles/gps_message__rosidl_typesupport_fastrtps_c.dir/rosidl_typesupport_fastrtps_c/gps_message/msg/detail/gps_msg__type_support_c.cpp.o[0m
[3.713s] [ 41%] [32m[1mLinking CXX shared library libgps_message__rosidl_typesupport_introspection_cpp.so[0m
[3.720s] [ 45%] [32m[1mLinking CXX shared library libgps_message__rosidl_typesupport_cpp.so[0m
[3.796s] [ 45%] Built target gps_message__rosidl_typesupport_cpp
[3.821s] [ 48%] [34m[1mGenerating C introspection for ROS interfaces[0m
[3.822s] [ 48%] Built target gps_message__rosidl_typesupport_introspection_cpp
[3.842s] [ 51%] [34m[1mGenerating C type support dispatch for ROS interfaces[0m
[3.866s] [ 54%] [32m[1mLinking CXX shared library libgps_message__rosidl_typesupport_fastrtps_c.so[0m
[4.122s] [ 54%] Built target gps_message__rosidl_typesupport_fastrtps_c
[4.216s] [ 58%] [32mBuilding CXX object CMakeFiles/gps_message__rosidl_typesupport_c.dir/rosidl_typesupport_c/gps_message/msg/gps_msg__type_support.cpp.o[0m
[4.232s] [ 61%] [32m[1mLinking CXX shared library libgps_message__rosidl_typesupport_fastrtps_cpp.so[0m
[4.275s] [ 64%] [32m[1mLinking CXX shared library libgps_message__rosidl_typesupport_c.so[0m
[4.394s] [ 64%] Built target gps_message__rosidl_typesupport_c
[4.437s] [ 64%] Built target gps_message__rosidl_typesupport_fastrtps_cpp
[4.515s] [ 67%] [32mBuilding C object CMakeFiles/gps_message__rosidl_typesupport_introspection_c.dir/rosidl_typesupport_introspection_c/gps_message/msg/detail/gps_msg__type_support.c.o[0m
[4.586s] [ 70%] [32m[1mLinking C shared library libgps_message__rosidl_typesupport_introspection_c.so[0m
[4.643s] [ 70%] Built target gps_message__rosidl_typesupport_introspection_c
[4.668s] [ 70%] Built target gps_message
[4.693s] [ 74%] [34m[1mGenerating Python code for ROS interfaces[0m
[5.021s] [ 74%] Built target gps_message__py
[5.046s] [ 77%] [32mBuilding C object CMakeFiles/gps_message__rosidl_generator_py.dir/rosidl_generator_py/gps_message/msg/_gps_msg_s.c.o[0m
[5.160s] [ 80%] [32m[1mLinking C shared library rosidl_generator_py/gps_message/libgps_message__rosidl_generator_py.so[0m
[5.199s] [ 80%] Built target gps_message__rosidl_generator_py
[5.220s] [ 87%] [32mBuilding C object CMakeFiles/gps_message__rosidl_typesupport_c__pyext.dir/rosidl_generator_py/gps_message/_gps_message_s.ep.rosidl_typesupport_c.c.o[0m
[5.220s] [ 87%] [32mBuilding C object CMakeFiles/gps_message__rosidl_typesupport_fastrtps_c__pyext.dir/rosidl_generator_py/gps_message/_gps_message_s.ep.rosidl_typesupport_fastrtps_c.c.o[0m
[5.238s] [ 90%] [32mBuilding C object CMakeFiles/gps_message__rosidl_typesupport_introspection_c__pyext.dir/rosidl_generator_py/gps_message/_gps_message_s.ep.rosidl_typesupport_introspection_c.c.o[0m
[5.337s] [ 93%] [32m[1mLinking C shared library rosidl_generator_py/gps_message/gps_message_s__rosidl_typesupport_fastrtps_c.cpython-310-x86_64-linux-gnu.so[0m
[5.340s] [ 96%] [32m[1mLinking C shared library rosidl_generator_py/gps_message/gps_message_s__rosidl_typesupport_c.cpython-310-x86_64-linux-gnu.so[0m
[5.345s] [100%] [32m[1mLinking C shared library rosidl_generator_py/gps_message/gps_message_s__rosidl_typesupport_introspection_c.cpython-310-x86_64-linux-gnu.so[0m
[5.391s] [100%] Built target gps_message__rosidl_typesupport_c__pyext
[5.402s] [100%] Built target gps_message__rosidl_typesupport_fastrtps_c__pyext
[5.404s] [100%] Built target gps_message__rosidl_typesupport_introspection_c__pyext
[5.432s] Invoked command in '/home/savannah/EECE5554/LAB4/build/gps_message' returned '0': CMAKE_PREFIX_PATH=${CMAKE_PREFIX_PATH}:/home/savannah/EECE5554/LAB4/install/fusion_driver:/home/savannah/EECE5554/LAB4/install/imu_driver:/home/savannah/EECE5554/LAB4/install/gps_driver:/opt/ros/humble /usr/bin/cmake --build /home/savannah/EECE5554/LAB4/build/gps_message -- -j4 -l4
[5.458s] Invoking command in '/home/savannah/EECE5554/LAB4/build/gps_message': CMAKE_PREFIX_PATH=${CMAKE_PREFIX_PATH}:/home/savannah/EECE5554/LAB4/install/fusion_driver:/home/savannah/EECE5554/LAB4/install/imu_driver:/home/savannah/EECE5554/LAB4/install/gps_driver:/opt/ros/humble /usr/bin/cmake --install /home/savannah/EECE5554/LAB4/build/gps_message
[5.473s] -- Install configuration: ""
[5.473s] -- Installing: /home/savannah/EECE5554/LAB4/install/gps_message/share/ament_index/resource_index/rosidl_interfaces/gps_message
[5.473s] -- Installing: /home/savannah/EECE5554/LAB4/install/gps_message/include/gps_message/gps_message
[5.473s] -- Installing: /home/savannah/EECE5554/LAB4/install/gps_message/include/gps_message/gps_message/msg
[5.474s] -- Installing: /home/savannah/EECE5554/LAB4/install/gps_message/include/gps_message/gps_message/msg/gps_msg.h
[5.474s] -- Installing: /home/savannah/EECE5554/LAB4/install/gps_message/include/gps_message/gps_message/msg/detail
[5.474s] -- Installing: /home/savannah/EECE5554/LAB4/install/gps_message/include/gps_message/gps_message/msg/detail/gps_msg__functions.h
[5.474s] -- Installing: /home/savannah/EECE5554/LAB4/install/gps_message/include/gps_message/gps_message/msg/detail/gps_msg__type_support.h
[5.474s] -- Installing: /home/savannah/EECE5554/LAB4/install/gps_message/include/gps_message/gps_message/msg/detail/gps_msg__functions.c
[5.474s] -- Installing: /home/savannah/EECE5554/LAB4/install/gps_message/include/gps_message/gps_message/msg/detail/gps_msg__struct.h
[5.474s] -- Installing: /home/savannah/EECE5554/LAB4/install/gps_message/include/gps_message/gps_message/msg/rosidl_generator_c__visibility_control.h
[5.474s] -- Installing: /home/savannah/EECE5554/LAB4/install/gps_message/share/gps_message/environment/library_path.sh
[5.475s] -- Installing: /home/savannah/EECE5554/LAB4/install/gps_message/share/gps_message/environment/library_path.dsv
[5.476s] -- Installing: /home/savannah/EECE5554/LAB4/install/gps_message/lib/libgps_message__rosidl_generator_c.so
[5.477s] -- Set runtime path of "/home/savannah/EECE5554/LAB4/install/gps_message/lib/libgps_message__rosidl_generator_c.so" to ""
[5.477s] -- Up-to-date: /home/savannah/EECE5554/LAB4/install/gps_message/include/gps_message/gps_message
[5.477s] -- Up-to-date: /home/savannah/EECE5554/LAB4/install/gps_message/include/gps_message/gps_message/msg
[5.478s] -- Up-to-date: /home/savannah/EECE5554/LAB4/install/gps_message/include/gps_message/gps_message/msg/detail
[5.478s] -- Installing: /home/savannah/EECE5554/LAB4/install/gps_message/include/gps_message/gps_message/msg/detail/gps_msg__rosidl_typesupport_fastrtps_c.h
[5.478s] -- Installing: /home/savannah/EECE5554/LAB4/install/gps_message/include/gps_message/gps_message/msg/rosidl_typesupport_fastrtps_c__visibility_control.h
[5.478s] -- Installing: /home/savannah/EECE5554/LAB4/install/gps_message/lib/libgps_message__rosidl_typesupport_fastrtps_c.so
[5.481s] -- Set runtime path of "/home/savannah/EECE5554/LAB4/install/gps_message/lib/libgps_message__rosidl_typesupport_fastrtps_c.so" to ""
[5.481s] -- Up-to-date: /home/savannah/EECE5554/LAB4/install/gps_message/include/gps_message/gps_message
[5.481s] -- Up-to-date: /home/savannah/EECE5554/LAB4/install/gps_message/include/gps_message/gps_message/msg
[5.481s] -- Up-to-date: /home/savannah/EECE5554/LAB4/install/gps_message/include/gps_message/gps_message/msg/detail
[5.481s] -- Installing: /home/savannah/EECE5554/LAB4/install/gps_message/include/gps_message/gps_message/msg/detail/gps_msg__rosidl_typesupport_introspection_c.h
[5.481s] -- Installing: /home/savannah/EECE5554/LAB4/install/gps_message/include/gps_message/gps_message/msg/detail/gps_msg__type_support.c
[5.481s] -- Installing: /home/savannah/EECE5554/LAB4/install/gps_message/include/gps_message/gps_message/msg/rosidl_typesupport_introspection_c__visibility_control.h
[5.481s] -- Installing: /home/savannah/EECE5554/LAB4/install/gps_message/lib/libgps_message__rosidl_typesupport_introspection_c.so
[5.482s] -- Set runtime path of "/home/savannah/EECE5554/LAB4/install/gps_message/lib/libgps_message__rosidl_typesupport_introspection_c.so" to ""
[5.482s] -- Installing: /home/savannah/EECE5554/LAB4/install/gps_message/lib/libgps_message__rosidl_typesupport_c.so
[5.482s] -- Set runtime path of "/home/savannah/EECE5554/LAB4/install/gps_message/lib/libgps_message__rosidl_typesupport_c.so" to ""
[5.482s] -- Up-to-date: /home/savannah/EECE5554/LAB4/install/gps_message/include/gps_message/gps_message
[5.482s] -- Up-to-date: /home/savannah/EECE5554/LAB4/install/gps_message/include/gps_message/gps_message/msg
[5.482s] -- Installing: /home/savannah/EECE5554/LAB4/install/gps_message/include/gps_message/gps_message/msg/gps_msg.hpp
[5.484s] -- Up-to-date: /home/savannah/EECE5554/LAB4/install/gps_message/include/gps_message/gps_message/msg/detail
[5.484s] -- Installing: /home/savannah/EECE5554/LAB4/install/gps_message/include/gps_message/gps_message/msg/detail/gps_msg__struct.hpp
[5.484s] -- Installing: /home/savannah/EECE5554/LAB4/install/gps_message/include/gps_message/gps_message/msg/detail/gps_msg__traits.hpp
[5.484s] -- Installing: /home/savannah/EECE5554/LAB4/install/gps_message/include/gps_message/gps_message/msg/detail/gps_msg__builder.hpp
[5.484s] -- Installing: /home/savannah/EECE5554/LAB4/install/gps_message/include/gps_message/gps_message/msg/detail/gps_msg__type_support.hpp
[5.484s] -- Installing: /home/savannah/EECE5554/LAB4/install/gps_message/include/gps_message/gps_message/msg/rosidl_generator_cpp__visibility_control.hpp
[5.484s] -- Up-to-date: /home/savannah/EECE5554/LAB4/install/gps_message/include/gps_message/gps_message
[5.484s] -- Up-to-date: /home/savannah/EECE5554/LAB4/install/gps_message/include/gps_message/gps_message/msg
[5.485s] -- Up-to-date: /home/savannah/EECE5554/LAB4/install/gps_message/include/gps_message/gps_message/msg/detail
[5.485s] -- Installing: /home/savannah/EECE5554/LAB4/install/gps_message/include/gps_message/gps_message/msg/detail/gps_msg__rosidl_typesupport_fastrtps_cpp.hpp
[5.485s] -- Installing: /home/savannah/EECE5554/LAB4/install/gps_message/include/gps_message/gps_message/msg/detail/dds_fastrtps
[5.485s] -- Installing: /home/savannah/EECE5554/LAB4/install/gps_message/include/gps_message/gps_message/msg/rosidl_typesupport_fastrtps_cpp__visibility_control.h
[5.487s] -- Installing: /home/savannah/EECE5554/LAB4/install/gps_message/lib/libgps_message__rosidl_typesupport_fastrtps_cpp.so
[5.487s] -- Set runtime path of "/home/savannah/EECE5554/LAB4/install/gps_message/lib/libgps_message__rosidl_typesupport_fastrtps_cpp.so" to ""
[5.487s] -- Up-to-date: /home/savannah/EECE5554/LAB4/install/gps_message/include/gps_message/gps_message
[5.488s] -- Up-to-date: /home/savannah/EECE5554/LAB4/install/gps_message/include/gps_message/gps_message/msg
[5.488s] -- Up-to-date: /home/savannah/EECE5554/LAB4/install/gps_message/include/gps_message/gps_message/msg/detail
[5.489s] -- Installing: /home/savannah/EECE5554/LAB4/install/gps_message/include/gps_message/gps_message/msg/detail/gps_msg__type_support.cpp
[5.489s] -- Installing: /home/savannah/EECE5554/LAB4/install/gps_message/include/gps_message/gps_message/msg/detail/gps_msg__rosidl_typesupport_introspection_cpp.hpp
[5.490s] -- Installing: /home/savannah/EECE5554/LAB4/install/gps_message/lib/libgps_message__rosidl_typesupport_introspection_cpp.so
[5.490s] -- Set runtime path of "/home/savannah/EECE5554/LAB4/install/gps_message/lib/libgps_message__rosidl_typesupport_introspection_cpp.so" to ""
[5.490s] -- Installing: /home/savannah/EECE5554/LAB4/install/gps_message/lib/libgps_message__rosidl_typesupport_cpp.so
[5.490s] -- Set runtime path of "/home/savannah/EECE5554/LAB4/install/gps_message/lib/libgps_message__rosidl_typesupport_cpp.so" to ""
[5.491s] -- Installing: /home/savannah/EECE5554/LAB4/install/gps_message/share/gps_message/environment/pythonpath.sh
[5.491s] -- Installing: /home/savannah/EECE5554/LAB4/install/gps_message/share/gps_message/environment/pythonpath.dsv
[5.491s] -- Installing: /home/savannah/EECE5554/LAB4/install/gps_message/local/lib/python3.10/dist-packages/gps_message-0.0.0-py3.10.egg-info
[5.492s] -- Installing: /home/savannah/EECE5554/LAB4/install/gps_message/local/lib/python3.10/dist-packages/gps_message-0.0.0-py3.10.egg-info/top_level.txt
[5.492s] -- Installing: /home/savannah/EECE5554/LAB4/install/gps_message/local/lib/python3.10/dist-packages/gps_message-0.0.0-py3.10.egg-info/dependency_links.txt
[5.492s] -- Installing: /home/savannah/EECE5554/LAB4/install/gps_message/local/lib/python3.10/dist-packages/gps_message-0.0.0-py3.10.egg-info/SOURCES.txt
[5.493s] -- Installing: /home/savannah/EECE5554/LAB4/install/gps_message/local/lib/python3.10/dist-packages/gps_message-0.0.0-py3.10.egg-info/PKG-INFO
[5.493s] -- Installing: /home/savannah/EECE5554/LAB4/install/gps_message/local/lib/python3.10/dist-packages/gps_message
[5.493s] -- Installing: /home/savannah/EECE5554/LAB4/install/gps_message/local/lib/python3.10/dist-packages/gps_message/_gps_message_s.ep.rosidl_typesupport_c.c
[5.493s] -- Installing: /home/savannah/EECE5554/LAB4/install/gps_message/local/lib/python3.10/dist-packages/gps_message/libgps_message__rosidl_generator_py.so
[5.494s] -- Installing: /home/savannah/EECE5554/LAB4/install/gps_message/local/lib/python3.10/dist-packages/gps_message/gps_message_s__rosidl_typesupport_fastrtps_c.cpython-310-x86_64-linux-gnu.so
[5.494s] -- Installing: /home/savannah/EECE5554/LAB4/install/gps_message/local/lib/python3.10/dist-packages/gps_message/gps_message_s__rosidl_typesupport_c.cpython-310-x86_64-linux-gnu.so
[5.497s] -- Installing: /home/savannah/EECE5554/LAB4/install/gps_message/local/lib/python3.10/dist-packages/gps_message/gps_message_s__rosidl_typesupport_introspection_c.cpython-310-x86_64-linux-gnu.so
[5.497s] -- Installing: /home/savannah/EECE5554/LAB4/install/gps_message/local/lib/python3.10/dist-packages/gps_message/_gps_message_s.ep.rosidl_typesupport_fastrtps_c.c
[5.497s] -- Installing: /home/savannah/EECE5554/LAB4/install/gps_message/local/lib/python3.10/dist-packages/gps_message/msg
[5.497s] -- Installing: /home/savannah/EECE5554/LAB4/install/gps_message/local/lib/python3.10/dist-packages/gps_message/msg/_gps_msg_s.c
[5.498s] -- Installing: /home/savannah/EECE5554/LAB4/install/gps_message/local/lib/python3.10/dist-packages/gps_message/msg/_gps_msg.py
[5.498s] -- Installing: /home/savannah/EECE5554/LAB4/install/gps_message/local/lib/python3.10/dist-packages/gps_message/msg/__init__.py
[5.498s] -- Installing: /home/savannah/EECE5554/LAB4/install/gps_message/local/lib/python3.10/dist-packages/gps_message/__init__.py
[5.498s] -- Installing: /home/savannah/EECE5554/LAB4/install/gps_message/local/lib/python3.10/dist-packages/gps_message/_gps_message_s.ep.rosidl_typesupport_introspection_c.c
[5.536s] Listing '/home/savannah/EECE5554/LAB4/install/gps_message/local/lib/python3.10/dist-packages/gps_message'...
[5.536s] Compiling '/home/savannah/EECE5554/LAB4/install/gps_message/local/lib/python3.10/dist-packages/gps_message/__init__.py'...
[5.536s] Listing '/home/savannah/EECE5554/LAB4/install/gps_message/local/lib/python3.10/dist-packages/gps_message/msg'...
[5.537s] Compiling '/home/savannah/EECE5554/LAB4/install/gps_message/local/lib/python3.10/dist-packages/gps_message/msg/__init__.py'...
[5.537s] Compiling '/home/savannah/EECE5554/LAB4/install/gps_message/local/lib/python3.10/dist-packages/gps_message/msg/_gps_msg.py'...
[5.542s] -- Installing: /home/savannah/EECE5554/LAB4/install/gps_message/local/lib/python3.10/dist-packages/gps_message/gps_message_s__rosidl_typesupport_fastrtps_c.cpython-310-x86_64-linux-gnu.so
[5.542s] -- Set runtime path of "/home/savannah/EECE5554/LAB4/install/gps_message/local/lib/python3.10/dist-packages/gps_message/gps_message_s__rosidl_typesupport_fastrtps_c.cpython-310-x86_64-linux-gnu.so" to ""
[5.542s] -- Installing: /home/savannah/EECE5554/LAB4/install/gps_message/local/lib/python3.10/dist-packages/gps_message/gps_message_s__rosidl_typesupport_introspection_c.cpython-310-x86_64-linux-gnu.so
[5.542s] -- Set runtime path of "/home/savannah/EECE5554/LAB4/install/gps_message/local/lib/python3.10/dist-packages/gps_message/gps_message_s__rosidl_typesupport_introspection_c.cpython-310-x86_64-linux-gnu.so" to ""
[5.542s] -- Installing: /home/savannah/EECE5554/LAB4/install/gps_message/local/lib/python3.10/dist-packages/gps_message/gps_message_s__rosidl_typesupport_c.cpython-310-x86_64-linux-gnu.so
[5.542s] -- Set runtime path of "/home/savannah/EECE5554/LAB4/install/gps_message/local/lib/python3.10/dist-packages/gps_message/gps_message_s__rosidl_typesupport_c.cpython-310-x86_64-linux-gnu.so" to ""
[5.542s] -- Installing: /home/savannah/EECE5554/LAB4/install/gps_message/lib/libgps_message__rosidl_generator_py.so
[5.542s] -- Set runtime path of "/home/savannah/EECE5554/LAB4/install/gps_message/lib/libgps_message__rosidl_generator_py.so" to ""
[5.542s] -- Installing: /home/savannah/EECE5554/LAB4/install/gps_message/share/gps_message/msg/GpsMsg.idl
[5.542s] -- Installing: /home/savannah/EECE5554/LAB4/install/gps_message/share/gps_message/msg/GpsMsg.msg
[5.542s] -- Installing: /home/savannah/EECE5554/LAB4/install/gps_message/share/ament_index/resource_index/package_run_dependencies/gps_message
[5.544s] -- Installing: /home/savannah/EECE5554/LAB4/install/gps_message/share/ament_index/resource_index/parent_prefix_path/gps_message
[5.544s] -- Installing: /home/savannah/EECE5554/LAB4/install/gps_message/share/gps_message/environment/ament_prefix_path.sh
[5.544s] -- Installing: /home/savannah/EECE5554/LAB4/install/gps_message/share/gps_message/environment/ament_prefix_path.dsv
[5.544s] -- Installing: /home/savannah/EECE5554/LAB4/install/gps_message/share/gps_message/environment/path.sh
[5.544s] -- Installing: /home/savannah/EECE5554/LAB4/install/gps_message/share/gps_message/environment/path.dsv
[5.544s] -- Installing: /home/savannah/EECE5554/LAB4/install/gps_message/share/gps_message/local_setup.bash
[5.544s] -- Installing: /home/savannah/EECE5554/LAB4/install/gps_message/share/gps_message/local_setup.sh
[5.544s] -- Installing: /home/savannah/EECE5554/LAB4/install/gps_message/share/gps_message/local_setup.zsh
[5.544s] -- Installing: /home/savannah/EECE5554/LAB4/install/gps_message/share/gps_message/local_setup.dsv
[5.544s] -- Installing: /home/savannah/EECE5554/LAB4/install/gps_message/share/gps_message/package.dsv
[5.544s] -- Installing: /home/savannah/EECE5554/LAB4/install/gps_message/share/ament_index/resource_index/packages/gps_message
[5.545s] -- Installing: /home/savannah/EECE5554/LAB4/install/gps_message/share/gps_message/cmake/export_gps_message__rosidl_generator_cExport.cmake
[5.545s] -- Installing: /home/savannah/EECE5554/LAB4/install/gps_message/share/gps_message/cmake/export_gps_message__rosidl_generator_cExport-noconfig.cmake
[5.545s] -- Installing: /home/savannah/EECE5554/LAB4/install/gps_message/share/gps_message/cmake/export_gps_message__rosidl_typesupport_fastrtps_cExport.cmake
[5.545s] -- Installing: /home/savannah/EECE5554/LAB4/install/gps_message/share/gps_message/cmake/export_gps_message__rosidl_typesupport_fastrtps_cExport-noconfig.cmake
[5.545s] -- Installing: /home/savannah/EECE5554/LAB4/install/gps_message/share/gps_message/cmake/gps_message__rosidl_typesupport_introspection_cExport.cmake
[5.545s] -- Installing: /home/savannah/EECE5554/LAB4/install/gps_message/share/gps_message/cmake/gps_message__rosidl_typesupport_introspection_cExport-noconfig.cmake
[5.545s] -- Installing: /home/savannah/EECE5554/LAB4/install/gps_message/share/gps_message/cmake/gps_message__rosidl_typesupport_cExport.cmake
[5.545s] -- Installing: /home/savannah/EECE5554/LAB4/install/gps_message/share/gps_message/cmake/gps_message__rosidl_typesupport_cExport-noconfig.cmake
[5.545s] -- Installing: /home/savannah/EECE5554/LAB4/install/gps_message/share/gps_message/cmake/export_gps_message__rosidl_generator_cppExport.cmake
[5.545s] -- Installing: /home/savannah/EECE5554/LAB4/install/gps_message/share/gps_message/cmake/export_gps_message__rosidl_typesupport_fastrtps_cppExport.cmake
[5.545s] -- Installing: /home/savannah/EECE5554/LAB4/install/gps_message/share/gps_message/cmake/export_gps_message__rosidl_typesupport_fastrtps_cppExport-noconfig.cmake
[5.545s] -- Installing: /home/savannah/EECE5554/LAB4/install/gps_message/share/gps_message/cmake/gps_message__rosidl_typesupport_introspection_cppExport.cmake
[5.545s] -- Installing: /home/savannah/EECE5554/LAB4/install/gps_message/share/gps_message/cmake/gps_message__rosidl_typesupport_introspection_cppExport-noconfig.cmake
[5.545s] -- Installing: /home/savannah/EECE5554/LAB4/install/gps_message/share/gps_message/cmake/gps_message__rosidl_typesupport_cppExport.cmake
[5.545s] -- Installing: /home/savannah/EECE5554/LAB4/install/gps_message/share/gps_message/cmake/gps_message__rosidl_typesupport_cppExport-noconfig.cmake
[5.545s] -- Installing: /home/savannah/EECE5554/LAB4/install/gps_message/share/gps_message/cmake/export_gps_message__rosidl_generator_pyExport.cmake
[5.545s] -- Installing: /home/savannah/EECE5554/LAB4/install/gps_message/share/gps_message/cmake/export_gps_message__rosidl_generator_pyExport-noconfig.cmake
[5.545s] -- Installing: /home/savannah/EECE5554/LAB4/install/gps_message/share/gps_message/cmake/rosidl_cmake-extras.cmake
[5.546s] -- Installing: /home/savannah/EECE5554/LAB4/install/gps_message/share/gps_message/cmake/ament_cmake_export_dependencies-extras.cmake
[5.546s] -- Installing: /home/savannah/EECE5554/LAB4/install/gps_message/share/gps_message/cmake/ament_cmake_export_include_directories-extras.cmake
[5.546s] -- Installing: /home/savannah/EECE5554/LAB4/install/gps_message/share/gps_message/cmake/ament_cmake_export_libraries-extras.cmake
[5.546s] -- Installing: /home/savannah/EECE5554/LAB4/install/gps_message/share/gps_message/cmake/ament_cmake_export_targets-extras.cmake
[5.546s] -- Installing: /home/savannah/EECE5554/LAB4/install/gps_message/share/gps_message/cmake/rosidl_cmake_export_typesupport_targets-extras.cmake
[5.546s] -- Installing: /home/savannah/EECE5554/LAB4/install/gps_message/share/gps_message/cmake/rosidl_cmake_export_typesupport_libraries-extras.cmake
[5.546s] -- Installing: /home/savannah/EECE5554/LAB4/install/gps_message/share/gps_message/cmake/gps_messageConfig.cmake
[5.546s] -- Installing: /home/savannah/EECE5554/LAB4/install/gps_message/share/gps_message/cmake/gps_messageConfig-version.cmake
[5.546s] -- Installing: /home/savannah/EECE5554/LAB4/install/gps_message/share/gps_message/package.xml
[5.552s] Invoked command in '/home/savannah/EECE5554/LAB4/build/gps_message' returned '0': CMAKE_PREFIX_PATH=${CMAKE_PREFIX_PATH}:/home/savannah/EECE5554/LAB4/install/fusion_driver:/home/savannah/EECE5554/LAB4/install/imu_driver:/home/savannah/EECE5554/LAB4/install/gps_driver:/opt/ros/humble /usr/bin/cmake --install /home/savannah/EECE5554/LAB4/build/gps_message
