running egg_info
writing ../../build/fusion_driver/fusion_driver.egg-info/PKG-INFO
writing dependency_links to ../../build/fusion_driver/fusion_driver.egg-info/dependency_links.txt
writing entry points to ../../build/fusion_driver/fusion_driver.egg-info/entry_points.txt
writing requirements to ../../build/fusion_driver/fusion_driver.egg-info/requires.txt
writing top-level names to ../../build/fusion_driver/fusion_driver.egg-info/top_level.txt
reading manifest file '../../build/fusion_driver/fusion_driver.egg-info/SOURCES.txt'
adding license file 'LICENSE'
writing manifest file '../../build/fusion_driver/fusion_driver.egg-info/SOURCES.txt'
running build
running build_py
running install
running install_lib
running install_data
copying launch/fusion_launch.py -> /home/savannah/EECE5554/LAB4/install/fusion_driver/share/fusion_driver/launch
running install_egg_info
removing '/home/savannah/EECE5554/LAB4/install/fusion_driver/lib/python3.10/site-packages/fusion_driver-0.0.0-py3.10.egg-info' (and everything under it)
Copying ../../build/fusion_driver/fusion_driver.egg-info to /home/savannah/EECE5554/LAB4/install/fusion_driver/lib/python3.10/site-packages/fusion_driver-0.0.0-py3.10.egg-info
running install_scripts
writing list of installed files to '/home/savannah/EECE5554/LAB4/build/fusion_driver/install.log'
