[0.009s] Invoking command in '/home/savannah/EECE5554/LAB3/src/build/imu_msg': CMAKE_PREFIX_PATH=${CMAKE_PREFIX_PATH}:/home/savannah/EECE5554/LAB3/src/install/imu_driver:/home/savannah/EECE5554/LAB3/install/imu_driver:/opt/ros/humble /usr/bin/cmake --build /home/savannah/EECE5554/LAB3/src/build/imu_msg -- -j4 -l4
[0.047s] -- Found ament_cmake: 1.3.11 (/opt/ros/humble/share/ament_cmake/cmake)
[0.146s] -- Found std_msgs: 4.2.4 (/opt/ros/humble/share/std_msgs/cmake)
[0.163s] -- Found rosidl_generator_c: 3.1.6 (/opt/ros/humble/share/rosidl_generator_c/cmake)
[0.164s] -- Found rosidl_adapter: 3.1.6 (/opt/ros/humble/share/rosidl_adapter/cmake)
[0.168s] -- Found rosidl_generator_cpp: 3.1.6 (/opt/ros/humble/share/rosidl_generator_cpp/cmake)
[0.175s] -- Using all available rosidl_typesupport_c: rosidl_typesupport_fastrtps_c;rosidl_typesupport_introspection_c
[0.185s] -- Using all available rosidl_typesupport_cpp: rosidl_typesupport_fastrtps_cpp;rosidl_typesupport_introspection_cpp
[0.200s] -- Found sensor_msgs: 4.2.4 (/opt/ros/humble/share/sensor_msgs/cmake)
[0.220s] -- Found rosidl_default_generators: 1.2.0 (/opt/ros/humble/share/rosidl_default_generators/cmake)
[0.458s] -- Found ament_cmake_ros: 0.10.0 (/opt/ros/humble/share/ament_cmake_ros/cmake)
[0.822s] -- Using all available rosidl_typesupport_c: rosidl_typesupport_fastrtps_c;rosidl_typesupport_introspection_c
[0.963s] -- Using all available rosidl_typesupport_cpp: rosidl_typesupport_fastrtps_cpp;rosidl_typesupport_introspection_cpp
[0.981s] -- Found python_cmake_module: 0.10.0 (/opt/ros/humble/share/python_cmake_module/cmake)
[1.000s] -- Using PYTHON_EXECUTABLE: /usr/bin/python3
[1.000s] -- Using PYTHON_INCLUDE_DIRS: /usr/include/python3.10
[1.001s] -- Using PYTHON_LIBRARIES: /usr/lib/x86_64-linux-gnu/libpython3.10.so
[1.042s] -- Configuring done
[1.071s] -- Generating done
[1.081s] -- Build files have been written to: /home/savannah/EECE5554/LAB3/src/build/imu_msg
[1.102s] [35m[1mConsolidate compiler generated dependencies of target imu_msg__rosidl_generator_c[0m
[1.112s] [  3%] Built target imu_msg__cpp
[1.114s] [ 12%] Built target imu_msg__rosidl_generator_c
[1.121s] [35m[1mConsolidate compiler generated dependencies of target imu_msg__rosidl_typesupport_fastrtps_cpp[0m
[1.122s] [ 12%] Built target ament_cmake_python_copy_imu_msg
[1.124s] [35m[1mConsolidate compiler generated dependencies of target imu_msg__rosidl_typesupport_introspection_cpp[0m
[1.136s] [ 22%] Built target imu_msg__rosidl_typesupport_fastrtps_cpp
[1.144s] [ 32%] Built target imu_msg__rosidl_typesupport_introspection_cpp
[1.148s] [35m[1mConsolidate compiler generated dependencies of target imu_msg__rosidl_typesupport_cpp[0m
[1.152s] [35m[1mConsolidate compiler generated dependencies of target imu_msg__rosidl_typesupport_fastrtps_c[0m
[1.162s] [35m[1mConsolidate compiler generated dependencies of target imu_msg__rosidl_typesupport_introspection_c[0m
[1.167s] [ 41%] Built target imu_msg__rosidl_typesupport_fastrtps_c
[1.168s] [ 51%] Built target imu_msg__rosidl_typesupport_cpp
[1.177s] [35m[1mConsolidate compiler generated dependencies of target imu_msg__rosidl_typesupport_c[0m
[1.177s] [ 61%] Built target imu_msg__rosidl_typesupport_introspection_c
[1.188s] [ 70%] Built target imu_msg__rosidl_typesupport_c
[1.217s] [ 70%] Built target imu_msg
[1.256s] [ 74%] Built target imu_msg__py
[1.269s] [35m[1mConsolidate compiler generated dependencies of target imu_msg__rosidl_generator_py[0m
[1.280s] [ 80%] Built target imu_msg__rosidl_generator_py
[1.301s] [35m[1mConsolidate compiler generated dependencies of target imu_msg__rosidl_typesupport_c__pyext[0m
[1.302s] [35m[1mConsolidate compiler generated dependencies of target imu_msg__rosidl_typesupport_introspection_c__pyext[0m
[1.302s] [35m[1mConsolidate compiler generated dependencies of target imu_msg__rosidl_typesupport_fastrtps_c__pyext[0m
[1.302s] [ 87%] Built target imu_msg__rosidl_typesupport_introspection_c__pyext
[1.310s] [ 93%] Built target imu_msg__rosidl_typesupport_c__pyext
[1.313s] [100%] Built target imu_msg__rosidl_typesupport_fastrtps_c__pyext
[1.369s] running egg_info
[1.369s] writing imu_msg.egg-info/PKG-INFO
[1.369s] writing dependency_links to imu_msg.egg-info/dependency_links.txt
[1.369s] writing top-level names to imu_msg.egg-info/top_level.txt
[1.370s] reading manifest file 'imu_msg.egg-info/SOURCES.txt'
[1.370s] writing manifest file 'imu_msg.egg-info/SOURCES.txt'
[1.392s] [100%] Built target ament_cmake_python_build_imu_msg_egg
[1.406s] Invoked command in '/home/savannah/EECE5554/LAB3/src/build/imu_msg' returned '0': CMAKE_PREFIX_PATH=${CMAKE_PREFIX_PATH}:/home/savannah/EECE5554/LAB3/src/install/imu_driver:/home/savannah/EECE5554/LAB3/install/imu_driver:/opt/ros/humble /usr/bin/cmake --build /home/savannah/EECE5554/LAB3/src/build/imu_msg -- -j4 -l4
[1.416s] Invoking command in '/home/savannah/EECE5554/LAB3/src/build/imu_msg': CMAKE_PREFIX_PATH=${CMAKE_PREFIX_PATH}:/home/savannah/EECE5554/LAB3/src/install/imu_driver:/home/savannah/EECE5554/LAB3/install/imu_driver:/opt/ros/humble /usr/bin/cmake --install /home/savannah/EECE5554/LAB3/src/build/imu_msg
[1.422s] -- Install configuration: ""
[1.422s] -- Up-to-date: /home/savannah/EECE5554/LAB3/src/install/imu_msg/share/ament_index/resource_index/rosidl_interfaces/imu_msg
[1.422s] -- Up-to-date: /home/savannah/EECE5554/LAB3/src/install/imu_msg/include/imu_msg/imu_msg
[1.422s] -- Up-to-date: /home/savannah/EECE5554/LAB3/src/install/imu_msg/include/imu_msg/imu_msg/msg
[1.422s] -- Up-to-date: /home/savannah/EECE5554/LAB3/src/install/imu_msg/include/imu_msg/imu_msg/msg/imu_msg.h
[1.422s] -- Up-to-date: /home/savannah/EECE5554/LAB3/src/install/imu_msg/include/imu_msg/imu_msg/msg/detail
[1.423s] -- Up-to-date: /home/savannah/EECE5554/LAB3/src/install/imu_msg/include/imu_msg/imu_msg/msg/detail/imu_msg__functions.c
[1.423s] -- Up-to-date: /home/savannah/EECE5554/LAB3/src/install/imu_msg/include/imu_msg/imu_msg/msg/detail/imu_msg__struct.h
[1.423s] -- Up-to-date: /home/savannah/EECE5554/LAB3/src/install/imu_msg/include/imu_msg/imu_msg/msg/detail/imu_msg__type_support.h
[1.423s] -- Up-to-date: /home/savannah/EECE5554/LAB3/src/install/imu_msg/include/imu_msg/imu_msg/msg/detail/imu_msg__functions.h
[1.423s] -- Up-to-date: /home/savannah/EECE5554/LAB3/src/install/imu_msg/include/imu_msg/imu_msg/msg/rosidl_generator_c__visibility_control.h
[1.423s] -- Up-to-date: /home/savannah/EECE5554/LAB3/src/install/imu_msg/share/imu_msg/environment/library_path.sh
[1.423s] -- Installing: /home/savannah/EECE5554/LAB3/src/install/imu_msg/share/imu_msg/environment/library_path.dsv
[1.423s] -- Up-to-date: /home/savannah/EECE5554/LAB3/src/install/imu_msg/lib/libimu_msg__rosidl_generator_c.so
[1.423s] -- Up-to-date: /home/savannah/EECE5554/LAB3/src/install/imu_msg/include/imu_msg/imu_msg
[1.423s] -- Up-to-date: /home/savannah/EECE5554/LAB3/src/install/imu_msg/include/imu_msg/imu_msg/msg
[1.423s] -- Up-to-date: /home/savannah/EECE5554/LAB3/src/install/imu_msg/include/imu_msg/imu_msg/msg/detail
[1.423s] -- Up-to-date: /home/savannah/EECE5554/LAB3/src/install/imu_msg/include/imu_msg/imu_msg/msg/detail/imu_msg__rosidl_typesupport_fastrtps_c.h
[1.423s] -- Up-to-date: /home/savannah/EECE5554/LAB3/src/install/imu_msg/include/imu_msg/imu_msg/msg/rosidl_typesupport_fastrtps_c__visibility_control.h
[1.423s] -- Up-to-date: /home/savannah/EECE5554/LAB3/src/install/imu_msg/lib/libimu_msg__rosidl_typesupport_fastrtps_c.so
[1.423s] -- Up-to-date: /home/savannah/EECE5554/LAB3/src/install/imu_msg/include/imu_msg/imu_msg
[1.423s] -- Up-to-date: /home/savannah/EECE5554/LAB3/src/install/imu_msg/include/imu_msg/imu_msg/msg
[1.423s] -- Up-to-date: /home/savannah/EECE5554/LAB3/src/install/imu_msg/include/imu_msg/imu_msg/msg/imu_msg.hpp
[1.423s] -- Up-to-date: /home/savannah/EECE5554/LAB3/src/install/imu_msg/include/imu_msg/imu_msg/msg/detail
[1.423s] -- Up-to-date: /home/savannah/EECE5554/LAB3/src/install/imu_msg/include/imu_msg/imu_msg/msg/detail/imu_msg__struct.hpp
[1.423s] -- Up-to-date: /home/savannah/EECE5554/LAB3/src/install/imu_msg/include/imu_msg/imu_msg/msg/detail/imu_msg__traits.hpp
[1.423s] -- Up-to-date: /home/savannah/EECE5554/LAB3/src/install/imu_msg/include/imu_msg/imu_msg/msg/detail/imu_msg__type_support.hpp
[1.423s] -- Up-to-date: /home/savannah/EECE5554/LAB3/src/install/imu_msg/include/imu_msg/imu_msg/msg/detail/imu_msg__builder.hpp
[1.423s] -- Up-to-date: /home/savannah/EECE5554/LAB3/src/install/imu_msg/include/imu_msg/imu_msg/msg/rosidl_generator_cpp__visibility_control.hpp
[1.423s] -- Up-to-date: /home/savannah/EECE5554/LAB3/src/install/imu_msg/include/imu_msg/imu_msg
[1.423s] -- Up-to-date: /home/savannah/EECE5554/LAB3/src/install/imu_msg/include/imu_msg/imu_msg/msg
[1.423s] -- Up-to-date: /home/savannah/EECE5554/LAB3/src/install/imu_msg/include/imu_msg/imu_msg/msg/detail
[1.423s] -- Up-to-date: /home/savannah/EECE5554/LAB3/src/install/imu_msg/include/imu_msg/imu_msg/msg/detail/dds_fastrtps
[1.424s] -- Up-to-date: /home/savannah/EECE5554/LAB3/src/install/imu_msg/include/imu_msg/imu_msg/msg/detail/imu_msg__rosidl_typesupport_fastrtps_cpp.hpp
[1.424s] -- Up-to-date: /home/savannah/EECE5554/LAB3/src/install/imu_msg/include/imu_msg/imu_msg/msg/rosidl_typesupport_fastrtps_cpp__visibility_control.h
[1.424s] -- Up-to-date: /home/savannah/EECE5554/LAB3/src/install/imu_msg/lib/libimu_msg__rosidl_typesupport_fastrtps_cpp.so
[1.424s] -- Up-to-date: /home/savannah/EECE5554/LAB3/src/install/imu_msg/include/imu_msg/imu_msg
[1.424s] -- Up-to-date: /home/savannah/EECE5554/LAB3/src/install/imu_msg/include/imu_msg/imu_msg/msg
[1.424s] -- Up-to-date: /home/savannah/EECE5554/LAB3/src/install/imu_msg/include/imu_msg/imu_msg/msg/detail
[1.424s] -- Up-to-date: /home/savannah/EECE5554/LAB3/src/install/imu_msg/include/imu_msg/imu_msg/msg/detail/imu_msg__rosidl_typesupport_introspection_c.h
[1.424s] -- Up-to-date: /home/savannah/EECE5554/LAB3/src/install/imu_msg/include/imu_msg/imu_msg/msg/detail/imu_msg__type_support.c
[1.424s] -- Up-to-date: /home/savannah/EECE5554/LAB3/src/install/imu_msg/include/imu_msg/imu_msg/msg/rosidl_typesupport_introspection_c__visibility_control.h
[1.424s] -- Up-to-date: /home/savannah/EECE5554/LAB3/src/install/imu_msg/lib/libimu_msg__rosidl_typesupport_introspection_c.so
[1.427s] -- Up-to-date: /home/savannah/EECE5554/LAB3/src/install/imu_msg/lib/libimu_msg__rosidl_typesupport_c.so
[1.427s] -- Up-to-date: /home/savannah/EECE5554/LAB3/src/install/imu_msg/include/imu_msg/imu_msg
[1.427s] -- Up-to-date: /home/savannah/EECE5554/LAB3/src/install/imu_msg/include/imu_msg/imu_msg/msg
[1.427s] -- Up-to-date: /home/savannah/EECE5554/LAB3/src/install/imu_msg/include/imu_msg/imu_msg/msg/detail
[1.427s] -- Up-to-date: /home/savannah/EECE5554/LAB3/src/install/imu_msg/include/imu_msg/imu_msg/msg/detail/imu_msg__type_support.cpp
[1.428s] -- Up-to-date: /home/savannah/EECE5554/LAB3/src/install/imu_msg/include/imu_msg/imu_msg/msg/detail/imu_msg__rosidl_typesupport_introspection_cpp.hpp
[1.428s] -- Up-to-date: /home/savannah/EECE5554/LAB3/src/install/imu_msg/lib/libimu_msg__rosidl_typesupport_introspection_cpp.so
[1.428s] -- Up-to-date: /home/savannah/EECE5554/LAB3/src/install/imu_msg/lib/libimu_msg__rosidl_typesupport_cpp.so
[1.428s] -- Up-to-date: /home/savannah/EECE5554/LAB3/src/install/imu_msg/share/imu_msg/environment/pythonpath.sh
[1.428s] -- Installing: /home/savannah/EECE5554/LAB3/src/install/imu_msg/share/imu_msg/environment/pythonpath.dsv
[1.428s] -- Up-to-date: /home/savannah/EECE5554/LAB3/src/install/imu_msg/local/lib/python3.10/dist-packages/imu_msg-0.0.0-py3.10.egg-info
[1.428s] -- Installing: /home/savannah/EECE5554/LAB3/src/install/imu_msg/local/lib/python3.10/dist-packages/imu_msg-0.0.0-py3.10.egg-info/top_level.txt
[1.428s] -- Installing: /home/savannah/EECE5554/LAB3/src/install/imu_msg/local/lib/python3.10/dist-packages/imu_msg-0.0.0-py3.10.egg-info/dependency_links.txt
[1.428s] -- Installing: /home/savannah/EECE5554/LAB3/src/install/imu_msg/local/lib/python3.10/dist-packages/imu_msg-0.0.0-py3.10.egg-info/SOURCES.txt
[1.428s] -- Installing: /home/savannah/EECE5554/LAB3/src/install/imu_msg/local/lib/python3.10/dist-packages/imu_msg-0.0.0-py3.10.egg-info/PKG-INFO
[1.428s] -- Up-to-date: /home/savannah/EECE5554/LAB3/src/install/imu_msg/local/lib/python3.10/dist-packages/imu_msg
[1.428s] -- Up-to-date: /home/savannah/EECE5554/LAB3/src/install/imu_msg/local/lib/python3.10/dist-packages/imu_msg/_imu_msg_s.ep.rosidl_typesupport_c.c
[1.428s] -- Up-to-date: /home/savannah/EECE5554/LAB3/src/install/imu_msg/local/lib/python3.10/dist-packages/imu_msg/libimu_msg__rosidl_generator_py.so
[1.428s] -- Up-to-date: /home/savannah/EECE5554/LAB3/src/install/imu_msg/local/lib/python3.10/dist-packages/imu_msg/_imu_msg_s.ep.rosidl_typesupport_introspection_c.c
[1.428s] -- Up-to-date: /home/savannah/EECE5554/LAB3/src/install/imu_msg/local/lib/python3.10/dist-packages/imu_msg/_imu_msg_s.ep.rosidl_typesupport_fastrtps_c.c
[1.428s] -- Up-to-date: /home/savannah/EECE5554/LAB3/src/install/imu_msg/local/lib/python3.10/dist-packages/imu_msg/imu_msg_s__rosidl_typesupport_fastrtps_c.cpython-310-x86_64-linux-gnu.so
[1.428s] -- Up-to-date: /home/savannah/EECE5554/LAB3/src/install/imu_msg/local/lib/python3.10/dist-packages/imu_msg/imu_msg_s__rosidl_typesupport_c.cpython-310-x86_64-linux-gnu.so
[1.428s] -- Up-to-date: /home/savannah/EECE5554/LAB3/src/install/imu_msg/local/lib/python3.10/dist-packages/imu_msg/imu_msg_s__rosidl_typesupport_introspection_c.cpython-310-x86_64-linux-gnu.so
[1.428s] -- Up-to-date: /home/savannah/EECE5554/LAB3/src/install/imu_msg/local/lib/python3.10/dist-packages/imu_msg/msg
[1.428s] -- Up-to-date: /home/savannah/EECE5554/LAB3/src/install/imu_msg/local/lib/python3.10/dist-packages/imu_msg/msg/_imu_msg_s.c
[1.428s] -- Up-to-date: /home/savannah/EECE5554/LAB3/src/install/imu_msg/local/lib/python3.10/dist-packages/imu_msg/msg/_imu_msg.py
[1.428s] -- Up-to-date: /home/savannah/EECE5554/LAB3/src/install/imu_msg/local/lib/python3.10/dist-packages/imu_msg/msg/__init__.py
[1.428s] -- Installing: /home/savannah/EECE5554/LAB3/src/install/imu_msg/local/lib/python3.10/dist-packages/imu_msg/__init__.py
[1.459s] Listing '/home/savannah/EECE5554/LAB3/src/install/imu_msg/local/lib/python3.10/dist-packages/imu_msg'...
[1.459s] Compiling '/home/savannah/EECE5554/LAB3/src/install/imu_msg/local/lib/python3.10/dist-packages/imu_msg/__init__.py'...
[1.460s] Listing '/home/savannah/EECE5554/LAB3/src/install/imu_msg/local/lib/python3.10/dist-packages/imu_msg/msg'...
[1.461s] -- Up-to-date: /home/savannah/EECE5554/LAB3/src/install/imu_msg/local/lib/python3.10/dist-packages/imu_msg/imu_msg_s__rosidl_typesupport_fastrtps_c.cpython-310-x86_64-linux-gnu.so
[1.462s] -- Up-to-date: /home/savannah/EECE5554/LAB3/src/install/imu_msg/local/lib/python3.10/dist-packages/imu_msg/imu_msg_s__rosidl_typesupport_introspection_c.cpython-310-x86_64-linux-gnu.so
[1.462s] -- Up-to-date: /home/savannah/EECE5554/LAB3/src/install/imu_msg/local/lib/python3.10/dist-packages/imu_msg/imu_msg_s__rosidl_typesupport_c.cpython-310-x86_64-linux-gnu.so
[1.463s] -- Up-to-date: /home/savannah/EECE5554/LAB3/src/install/imu_msg/lib/libimu_msg__rosidl_generator_py.so
[1.463s] -- Up-to-date: /home/savannah/EECE5554/LAB3/src/install/imu_msg/share/imu_msg/msg/ImuMsg.idl
[1.463s] -- Up-to-date: /home/savannah/EECE5554/LAB3/src/install/imu_msg/share/imu_msg/msg/ImuMsg.msg
[1.463s] -- Up-to-date: /home/savannah/EECE5554/LAB3/src/install/imu_msg/share/ament_index/resource_index/package_run_dependencies/imu_msg
[1.463s] -- Up-to-date: /home/savannah/EECE5554/LAB3/src/install/imu_msg/share/ament_index/resource_index/parent_prefix_path/imu_msg
[1.463s] -- Up-to-date: /home/savannah/EECE5554/LAB3/src/install/imu_msg/share/imu_msg/environment/ament_prefix_path.sh
[1.463s] -- Installing: /home/savannah/EECE5554/LAB3/src/install/imu_msg/share/imu_msg/environment/ament_prefix_path.dsv
[1.463s] -- Up-to-date: /home/savannah/EECE5554/LAB3/src/install/imu_msg/share/imu_msg/environment/path.sh
[1.463s] -- Installing: /home/savannah/EECE5554/LAB3/src/install/imu_msg/share/imu_msg/environment/path.dsv
[1.463s] -- Up-to-date: /home/savannah/EECE5554/LAB3/src/install/imu_msg/share/imu_msg/local_setup.bash
[1.464s] -- Up-to-date: /home/savannah/EECE5554/LAB3/src/install/imu_msg/share/imu_msg/local_setup.sh
[1.464s] -- Up-to-date: /home/savannah/EECE5554/LAB3/src/install/imu_msg/share/imu_msg/local_setup.zsh
[1.464s] -- Installing: /home/savannah/EECE5554/LAB3/src/install/imu_msg/share/imu_msg/local_setup.dsv
[1.464s] -- Installing: /home/savannah/EECE5554/LAB3/src/install/imu_msg/share/imu_msg/package.dsv
[1.464s] -- Up-to-date: /home/savannah/EECE5554/LAB3/src/install/imu_msg/share/ament_index/resource_index/packages/imu_msg
[1.464s] -- Up-to-date: /home/savannah/EECE5554/LAB3/src/install/imu_msg/share/imu_msg/cmake/export_imu_msg__rosidl_generator_cExport.cmake
[1.464s] -- Up-to-date: /home/savannah/EECE5554/LAB3/src/install/imu_msg/share/imu_msg/cmake/export_imu_msg__rosidl_generator_cExport-noconfig.cmake
[1.464s] -- Up-to-date: /home/savannah/EECE5554/LAB3/src/install/imu_msg/share/imu_msg/cmake/export_imu_msg__rosidl_typesupport_fastrtps_cExport.cmake
[1.464s] -- Up-to-date: /home/savannah/EECE5554/LAB3/src/install/imu_msg/share/imu_msg/cmake/export_imu_msg__rosidl_typesupport_fastrtps_cExport-noconfig.cmake
[1.464s] -- Up-to-date: /home/savannah/EECE5554/LAB3/src/install/imu_msg/share/imu_msg/cmake/export_imu_msg__rosidl_generator_cppExport.cmake
[1.464s] -- Up-to-date: /home/savannah/EECE5554/LAB3/src/install/imu_msg/share/imu_msg/cmake/export_imu_msg__rosidl_typesupport_fastrtps_cppExport.cmake
[1.465s] -- Up-to-date: /home/savannah/EECE5554/LAB3/src/install/imu_msg/share/imu_msg/cmake/export_imu_msg__rosidl_typesupport_fastrtps_cppExport-noconfig.cmake
[1.467s] -- Up-to-date: /home/savannah/EECE5554/LAB3/src/install/imu_msg/share/imu_msg/cmake/imu_msg__rosidl_typesupport_introspection_cExport.cmake
[1.470s] -- Up-to-date: /home/savannah/EECE5554/LAB3/src/install/imu_msg/share/imu_msg/cmake/imu_msg__rosidl_typesupport_introspection_cExport-noconfig.cmake
[1.471s] -- Up-to-date: /home/savannah/EECE5554/LAB3/src/install/imu_msg/share/imu_msg/cmake/imu_msg__rosidl_typesupport_cExport.cmake
[1.471s] -- Up-to-date: /home/savannah/EECE5554/LAB3/src/install/imu_msg/share/imu_msg/cmake/imu_msg__rosidl_typesupport_cExport-noconfig.cmake
[1.471s] -- Up-to-date: /home/savannah/EECE5554/LAB3/src/install/imu_msg/share/imu_msg/cmake/imu_msg__rosidl_typesupport_introspection_cppExport.cmake
[1.471s] -- Up-to-date: /home/savannah/EECE5554/LAB3/src/install/imu_msg/share/imu_msg/cmake/imu_msg__rosidl_typesupport_introspection_cppExport-noconfig.cmake
[1.471s] -- Up-to-date: /home/savannah/EECE5554/LAB3/src/install/imu_msg/share/imu_msg/cmake/imu_msg__rosidl_typesupport_cppExport.cmake
[1.472s] -- Up-to-date: /home/savannah/EECE5554/LAB3/src/install/imu_msg/share/imu_msg/cmake/imu_msg__rosidl_typesupport_cppExport-noconfig.cmake
[1.472s] -- Up-to-date: /home/savannah/EECE5554/LAB3/src/install/imu_msg/share/imu_msg/cmake/export_imu_msg__rosidl_generator_pyExport.cmake
[1.472s] -- Up-to-date: /home/savannah/EECE5554/LAB3/src/install/imu_msg/share/imu_msg/cmake/export_imu_msg__rosidl_generator_pyExport-noconfig.cmake
[1.472s] -- Up-to-date: /home/savannah/EECE5554/LAB3/src/install/imu_msg/share/imu_msg/cmake/rosidl_cmake-extras.cmake
[1.472s] -- Up-to-date: /home/savannah/EECE5554/LAB3/src/install/imu_msg/share/imu_msg/cmake/ament_cmake_export_dependencies-extras.cmake
[1.472s] -- Up-to-date: /home/savannah/EECE5554/LAB3/src/install/imu_msg/share/imu_msg/cmake/ament_cmake_export_include_directories-extras.cmake
[1.472s] -- Up-to-date: /home/savannah/EECE5554/LAB3/src/install/imu_msg/share/imu_msg/cmake/ament_cmake_export_libraries-extras.cmake
[1.472s] -- Up-to-date: /home/savannah/EECE5554/LAB3/src/install/imu_msg/share/imu_msg/cmake/ament_cmake_export_targets-extras.cmake
[1.472s] -- Up-to-date: /home/savannah/EECE5554/LAB3/src/install/imu_msg/share/imu_msg/cmake/rosidl_cmake_export_typesupport_targets-extras.cmake
[1.472s] -- Up-to-date: /home/savannah/EECE5554/LAB3/src/install/imu_msg/share/imu_msg/cmake/rosidl_cmake_export_typesupport_libraries-extras.cmake
[1.472s] -- Up-to-date: /home/savannah/EECE5554/LAB3/src/install/imu_msg/share/imu_msg/cmake/imu_msgConfig.cmake
[1.472s] -- Up-to-date: /home/savannah/EECE5554/LAB3/src/install/imu_msg/share/imu_msg/cmake/imu_msgConfig-version.cmake
[1.473s] -- Installing: /home/savannah/EECE5554/LAB3/src/install/imu_msg/share/imu_msg/package.xml
[1.473s] Invoked command in '/home/savannah/EECE5554/LAB3/src/build/imu_msg' returned '0': CMAKE_PREFIX_PATH=${CMAKE_PREFIX_PATH}:/home/savannah/EECE5554/LAB3/src/install/imu_driver:/home/savannah/EECE5554/LAB3/install/imu_driver:/opt/ros/humble /usr/bin/cmake --install /home/savannah/EECE5554/LAB3/src/build/imu_msg
