[0.936s] Invoking command in '/home/savannah/EECE5554/LAB3/src/imu_driver': AMENT_PREFIX_PATH=/home/savannah/EECE5554/LAB3/install/imu_msg:${AMENT_PREFIX_PATH} CMAKE_PREFIX_PATH=/home/savannah/EECE5554/LAB3/install/imu_msg LD_LIBRARY_PATH=/home/savannah/EECE5554/LAB3/install/imu_msg/lib:${LD_LIBRARY_PATH} PYTHONPATH=/home/savannah/EECE5554/LAB3/build/imu_driver/prefix_override:/usr/lib/python3/dist-packages/colcon_core/task/python/colcon_distutils_commands:/home/savannah/EECE5554/LAB3/install/imu_driver/lib/python3.10/site-packages:/home/savannah/EECE5554/LAB3/install/imu_msg/local/lib/python3.10/dist-packages:${PYTHONPATH} /usr/bin/python3 -W ignore:setup.py install is deprecated -W ignore:easy_install command is deprecated setup.py egg_info --egg-base ../../build/imu_driver build --build-base /home/savannah/EECE5554/LAB3/build/imu_driver/build install --record /home/savannah/EECE5554/LAB3/build/imu_driver/install.log --single-version-externally-managed install_data
[1.189s] running egg_info
[1.189s] writing ../../build/imu_driver/imu_driver.egg-info/PKG-INFO
[1.190s] writing dependency_links to ../../build/imu_driver/imu_driver.egg-info/dependency_links.txt
[1.190s] writing entry points to ../../build/imu_driver/imu_driver.egg-info/entry_points.txt
[1.191s] writing requirements to ../../build/imu_driver/imu_driver.egg-info/requires.txt
[1.191s] writing top-level names to ../../build/imu_driver/imu_driver.egg-info/top_level.txt
[1.193s] reading manifest file '../../build/imu_driver/imu_driver.egg-info/SOURCES.txt'
[1.220s] adding license file 'LICENSE'
[1.222s] writing manifest file '../../build/imu_driver/imu_driver.egg-info/SOURCES.txt'
[1.222s] running build
[1.222s] running build_py
[1.227s] copying imu_driver/driver.py -> /home/savannah/EECE5554/LAB3/build/imu_driver/build/lib/imu_driver
[1.227s] running install
[1.227s] running install_lib
[1.227s] copying /home/savannah/EECE5554/LAB3/build/imu_driver/build/lib/imu_driver/driver.py -> /home/savannah/EECE5554/LAB3/install/imu_driver/lib/python3.10/site-packages/imu_driver
[1.227s] byte-compiling /home/savannah/EECE5554/LAB3/install/imu_driver/lib/python3.10/site-packages/imu_driver/driver.py to driver.cpython-310.pyc
[1.231s] running install_data
[1.232s] running install_egg_info
[1.235s] removing '/home/savannah/EECE5554/LAB3/install/imu_driver/lib/python3.10/site-packages/imu_driver-0.0.0-py3.10.egg-info' (and everything under it)
[1.238s] Copying ../../build/imu_driver/imu_driver.egg-info to /home/savannah/EECE5554/LAB3/install/imu_driver/lib/python3.10/site-packages/imu_driver-0.0.0-py3.10.egg-info
[1.241s] running install_scripts
[1.264s] Installing driver script to /home/savannah/EECE5554/LAB3/install/imu_driver/lib/imu_driver
[1.264s] writing list of installed files to '/home/savannah/EECE5554/LAB3/build/imu_driver/install.log'
[1.287s] Invoked command in '/home/savannah/EECE5554/LAB3/src/imu_driver' returned '0': AMENT_PREFIX_PATH=/home/savannah/EECE5554/LAB3/install/imu_msg:${AMENT_PREFIX_PATH} CMAKE_PREFIX_PATH=/home/savannah/EECE5554/LAB3/install/imu_msg LD_LIBRARY_PATH=/home/savannah/EECE5554/LAB3/install/imu_msg/lib:${LD_LIBRARY_PATH} PYTHONPATH=/home/savannah/EECE5554/LAB3/build/imu_driver/prefix_override:/usr/lib/python3/dist-packages/colcon_core/task/python/colcon_distutils_commands:/home/savannah/EECE5554/LAB3/install/imu_driver/lib/python3.10/site-packages:/home/savannah/EECE5554/LAB3/install/imu_msg/local/lib/python3.10/dist-packages:${PYTHONPATH} /usr/bin/python3 -W ignore:setup.py install is deprecated -W ignore:easy_install command is deprecated setup.py egg_info --egg-base ../../build/imu_driver build --build-base /home/savannah/EECE5554/LAB3/build/imu_driver/build install --record /home/savannah/EECE5554/LAB3/build/imu_driver/install.log --single-version-externally-managed install_data
