[0.467s] Invoking command in '/home/savannah/EECE5554/LAB3/src/imu_driver': PYTHONPATH=/home/savannah/EECE5554/LAB3/src/build/imu_driver/prefix_override:/usr/lib/python3/dist-packages/colcon_core/task/python/colcon_distutils_commands:/home/savannah/EECE5554/LAB3/src/install/imu_driver/lib/python3.10/site-packages:${PYTHONPATH} /usr/bin/python3 -W ignore:setup.py install is deprecated -W ignore:easy_install command is deprecated setup.py egg_info --egg-base ../build/imu_driver build --build-base /home/savannah/EECE5554/LAB3/src/build/imu_driver/build install --record /home/savannah/EECE5554/LAB3/src/build/imu_driver/install.log --single-version-externally-managed install_data
[0.654s] running egg_info
[0.654s] creating ../build/imu_driver/imu_driver.egg-info
[0.654s] writing ../build/imu_driver/imu_driver.egg-info/PKG-INFO
[0.654s] writing dependency_links to ../build/imu_driver/imu_driver.egg-info/dependency_links.txt
[0.654s] writing entry points to ../build/imu_driver/imu_driver.egg-info/entry_points.txt
[0.654s] writing requirements to ../build/imu_driver/imu_driver.egg-info/requires.txt
[0.654s] writing top-level names to ../build/imu_driver/imu_driver.egg-info/top_level.txt
[0.655s] writing manifest file '../build/imu_driver/imu_driver.egg-info/SOURCES.txt'
[0.656s] reading manifest file '../build/imu_driver/imu_driver.egg-info/SOURCES.txt'
[0.656s] adding license file 'LICENSE'
[0.656s] writing manifest file '../build/imu_driver/imu_driver.egg-info/SOURCES.txt'
[0.657s] running build
[0.657s] running build_py
[0.657s] creating /home/savannah/EECE5554/LAB3/src/build/imu_driver/build
[0.657s] creating /home/savannah/EECE5554/LAB3/src/build/imu_driver/build/lib
[0.657s] creating /home/savannah/EECE5554/LAB3/src/build/imu_driver/build/lib/imu_driver
[0.657s] copying imu_driver/driver.py -> /home/savannah/EECE5554/LAB3/src/build/imu_driver/build/lib/imu_driver
[0.657s] copying imu_driver/__init__.py -> /home/savannah/EECE5554/LAB3/src/build/imu_driver/build/lib/imu_driver
[0.657s] running install
[0.657s] running install_lib
[0.658s] creating /home/savannah/EECE5554/LAB3/src/install/imu_driver/lib/python3.10/site-packages/imu_driver
[0.658s] copying /home/savannah/EECE5554/LAB3/src/build/imu_driver/build/lib/imu_driver/driver.py -> /home/savannah/EECE5554/LAB3/src/install/imu_driver/lib/python3.10/site-packages/imu_driver
[0.658s] copying /home/savannah/EECE5554/LAB3/src/build/imu_driver/build/lib/imu_driver/__init__.py -> /home/savannah/EECE5554/LAB3/src/install/imu_driver/lib/python3.10/site-packages/imu_driver
[0.658s] byte-compiling /home/savannah/EECE5554/LAB3/src/install/imu_driver/lib/python3.10/site-packages/imu_driver/driver.py to driver.cpython-310.pyc
[0.659s] byte-compiling /home/savannah/EECE5554/LAB3/src/install/imu_driver/lib/python3.10/site-packages/imu_driver/__init__.py to __init__.cpython-310.pyc
[0.659s] running install_data
[0.660s] creating /home/savannah/EECE5554/LAB3/src/install/imu_driver/share/ament_index
[0.660s] creating /home/savannah/EECE5554/LAB3/src/install/imu_driver/share/ament_index/resource_index
[0.660s] creating /home/savannah/EECE5554/LAB3/src/install/imu_driver/share/ament_index/resource_index/packages
[0.660s] copying resource/imu_driver -> /home/savannah/EECE5554/LAB3/src/install/imu_driver/share/ament_index/resource_index/packages
[0.660s] copying package.xml -> /home/savannah/EECE5554/LAB3/src/install/imu_driver/share/imu_driver
[0.660s] creating /home/savannah/EECE5554/LAB3/src/install/imu_driver/share/imu_driver/launch
[0.660s] copying launch/imu_launch.py -> /home/savannah/EECE5554/LAB3/src/install/imu_driver/share/imu_driver/launch
[0.660s] running install_egg_info
[0.661s] Copying ../build/imu_driver/imu_driver.egg-info to /home/savannah/EECE5554/LAB3/src/install/imu_driver/lib/python3.10/site-packages/imu_driver-0.0.0-py3.10.egg-info
[0.662s] running install_scripts
[0.678s] Installing driver script to /home/savannah/EECE5554/LAB3/src/install/imu_driver/lib/imu_driver
[0.678s] writing list of installed files to '/home/savannah/EECE5554/LAB3/src/build/imu_driver/install.log'
[0.702s] Invoked command in '/home/savannah/EECE5554/LAB3/src/imu_driver' returned '0': PYTHONPATH=/home/savannah/EECE5554/LAB3/src/build/imu_driver/prefix_override:/usr/lib/python3/dist-packages/colcon_core/task/python/colcon_distutils_commands:/home/savannah/EECE5554/LAB3/src/install/imu_driver/lib/python3.10/site-packages:${PYTHONPATH} /usr/bin/python3 -W ignore:setup.py install is deprecated -W ignore:easy_install command is deprecated setup.py egg_info --egg-base ../build/imu_driver build --build-base /home/savannah/EECE5554/LAB3/src/build/imu_driver/build install --record /home/savannah/EECE5554/LAB3/src/build/imu_driver/install.log --single-version-externally-managed install_data
