[0.525s] Invoking command in '/home/savannah/EECE5554/LAB3/src/imu_driver': PYTHONPATH=/home/savannah/EECE5554/LAB3/src/build/imu_driver/prefix_override:/usr/lib/python3/dist-packages/colcon_core/task/python/colcon_distutils_commands:/home/savannah/EECE5554/LAB3/src/install/imu_driver/lib/python3.10/site-packages:${PYTHONPATH} /usr/bin/python3 -W ignore:setup.py install is deprecated -W ignore:easy_install command is deprecated setup.py egg_info --egg-base ../build/imu_driver build --build-base /home/savannah/EECE5554/LAB3/src/build/imu_driver/build install --record /home/savannah/EECE5554/LAB3/src/build/imu_driver/install.log --single-version-externally-managed install_data
[0.750s] running egg_info
[0.752s] writing ../build/imu_driver/imu_driver.egg-info/PKG-INFO
[0.752s] writing dependency_links to ../build/imu_driver/imu_driver.egg-info/dependency_links.txt
[0.752s] writing entry points to ../build/imu_driver/imu_driver.egg-info/entry_points.txt
[0.752s] writing requirements to ../build/imu_driver/imu_driver.egg-info/requires.txt
[0.752s] writing top-level names to ../build/imu_driver/imu_driver.egg-info/top_level.txt
[0.754s] reading manifest file '../build/imu_driver/imu_driver.egg-info/SOURCES.txt'
[0.754s] adding license file 'LICENSE'
[0.756s] writing manifest file '../build/imu_driver/imu_driver.egg-info/SOURCES.txt'
[0.756s] running build
[0.756s] running build_py
[0.757s] running install
[0.757s] running install_lib
[0.757s] running install_data
[0.757s] running install_egg_info
[0.757s] removing '/home/savannah/EECE5554/LAB3/src/install/imu_driver/lib/python3.10/site-packages/imu_driver-0.0.0-py3.10.egg-info' (and everything under it)
[0.758s] Copying ../build/imu_driver/imu_driver.egg-info to /home/savannah/EECE5554/LAB3/src/install/imu_driver/lib/python3.10/site-packages/imu_driver-0.0.0-py3.10.egg-info
[0.758s] running install_scripts
[0.783s] Installing driver script to /home/savannah/EECE5554/LAB3/src/install/imu_driver/lib/imu_driver
[0.783s] writing list of installed files to '/home/savannah/EECE5554/LAB3/src/build/imu_driver/install.log'
[0.808s] Invoked command in '/home/savannah/EECE5554/LAB3/src/imu_driver' returned '0': PYTHONPATH=/home/savannah/EECE5554/LAB3/src/build/imu_driver/prefix_override:/usr/lib/python3/dist-packages/colcon_core/task/python/colcon_distutils_commands:/home/savannah/EECE5554/LAB3/src/install/imu_driver/lib/python3.10/site-packages:${PYTHONPATH} /usr/bin/python3 -W ignore:setup.py install is deprecated -W ignore:easy_install command is deprecated setup.py egg_info --egg-base ../build/imu_driver build --build-base /home/savannah/EECE5554/LAB3/src/build/imu_driver/build install --record /home/savannah/EECE5554/LAB3/src/build/imu_driver/install.log --single-version-externally-managed install_data
