[0.094s] DEBUG:colcon:Command line arguments: ['/usr/bin/colcon', 'build']
[0.094s] DEBUG:colcon:Parsed command line arguments: Namespace(log_base=None, log_level=None, verb_name='build', build_base='build', install_base='install', merge_install=False, symlink_install=False, test_result_base=None, continue_on_error=False, executor='parallel', parallel_workers=4, event_handlers=None, ignore_user_meta=False, metas=['./colcon.meta'], base_paths=['.'], packages_ignore=None, packages_ignore_regex=None, paths=None, packages_up_to=None, packages_up_to_regex=None, packages_above=None, packages_above_and_dependencies=None, packages_above_depth=None, packages_select_by_dep=None, packages_skip_by_dep=None, packages_skip_up_to=None, packages_select_build_failed=False, packages_skip_build_finished=False, packages_select_test_failures=False, packages_skip_test_passed=False, packages_select=None, packages_skip=None, packages_select_regex=None, packages_skip_regex=None, packages_start=None, packages_end=None, allow_overriding=[], cmake_args=None, cmake_target=None, cmake_target_skip_unavailable=False, cmake_clean_cache=False, cmake_clean_first=False, cmake_force_configure=False, ament_cmake_args=None, catkin_cmake_args=None, catkin_skip_building_tests=False, mixin_files=None, mixin=None, verb_parser=<colcon_mixin.mixin.mixin_argument.MixinArgumentDecorator object at 0x779a150ee5f0>, verb_extension=<colcon_core.verb.build.BuildVerb object at 0x779a150edf60>, main=<bound method BuildVerb.main of <colcon_core.verb.build.BuildVerb object at 0x779a150edf60>>, mixin_verb=('build',))
[0.233s] Level 1:colcon.colcon_core.package_discovery:discover_packages(colcon_meta) check parameters
[0.233s] Level 1:colcon.colcon_core.package_discovery:discover_packages(recursive) check parameters
[0.233s] Level 1:colcon.colcon_core.package_discovery:discover_packages(ignore) check parameters
[0.233s] Level 1:colcon.colcon_core.package_discovery:discover_packages(path) check parameters
[0.233s] Level 1:colcon.colcon_core.package_discovery:discover_packages(colcon_meta) discover
[0.233s] Level 1:colcon.colcon_core.package_discovery:discover_packages(recursive) discover
[0.233s] INFO:colcon.colcon_core.package_discovery:Crawling recursively for packages in '/home/savannah/EECE5554/LAB1'
[0.233s] Level 1:colcon.colcon_core.package_identification:_identify(.) by extensions ['ignore', 'ignore_ament_install']
[0.233s] Level 1:colcon.colcon_core.package_identification:_identify(.) by extension 'ignore'
[0.233s] Level 1:colcon.colcon_core.package_identification:_identify(.) by extension 'ignore_ament_install'
[0.233s] Level 1:colcon.colcon_core.package_identification:_identify(.) by extensions ['colcon_pkg']
[0.233s] Level 1:colcon.colcon_core.package_identification:_identify(.) by extension 'colcon_pkg'
[0.233s] Level 1:colcon.colcon_core.package_identification:_identify(.) by extensions ['colcon_meta']
[0.233s] Level 1:colcon.colcon_core.package_identification:_identify(.) by extension 'colcon_meta'
[0.234s] Level 1:colcon.colcon_core.package_identification:_identify(.) by extensions ['ros']
[0.234s] Level 1:colcon.colcon_core.package_identification:_identify(.) by extension 'ros'
[0.244s] Level 1:colcon.colcon_core.package_identification:_identify(.) by extensions ['cmake', 'python']
[0.244s] Level 1:colcon.colcon_core.package_identification:_identify(.) by extension 'cmake'
[0.244s] Level 1:colcon.colcon_core.package_identification:_identify(.) by extension 'python'
[0.244s] Level 1:colcon.colcon_core.package_identification:_identify(.) by extensions ['python_setup_py']
[0.244s] Level 1:colcon.colcon_core.package_identification:_identify(.) by extension 'python_setup_py'
[0.245s] Level 1:colcon.colcon_core.package_identification:_identify(build) by extensions ['ignore', 'ignore_ament_install']
[0.245s] Level 1:colcon.colcon_core.package_identification:_identify(build) by extension 'ignore'
[0.245s] Level 1:colcon.colcon_core.package_identification:_identify(build) ignored
[0.245s] Level 1:colcon.colcon_core.package_identification:_identify(install) by extensions ['ignore', 'ignore_ament_install']
[0.245s] Level 1:colcon.colcon_core.package_identification:_identify(install) by extension 'ignore'
[0.245s] Level 1:colcon.colcon_core.package_identification:_identify(install) ignored
[0.245s] Level 1:colcon.colcon_core.package_identification:_identify(log) by extensions ['ignore', 'ignore_ament_install']
[0.245s] Level 1:colcon.colcon_core.package_identification:_identify(log) by extension 'ignore'
[0.245s] Level 1:colcon.colcon_core.package_identification:_identify(log) ignored
[0.245s] Level 1:colcon.colcon_core.package_identification:_identify(src) by extensions ['ignore', 'ignore_ament_install']
[0.246s] Level 1:colcon.colcon_core.package_identification:_identify(src) by extension 'ignore'
[0.246s] Level 1:colcon.colcon_core.package_identification:_identify(src) by extension 'ignore_ament_install'
[0.246s] Level 1:colcon.colcon_core.package_identification:_identify(src) by extensions ['colcon_pkg']
[0.246s] Level 1:colcon.colcon_core.package_identification:_identify(src) by extension 'colcon_pkg'
[0.246s] Level 1:colcon.colcon_core.package_identification:_identify(src) by extensions ['colcon_meta']
[0.246s] Level 1:colcon.colcon_core.package_identification:_identify(src) by extension 'colcon_meta'
[0.246s] Level 1:colcon.colcon_core.package_identification:_identify(src) by extensions ['ros']
[0.246s] Level 1:colcon.colcon_core.package_identification:_identify(src) by extension 'ros'
[0.246s] Level 1:colcon.colcon_core.package_identification:_identify(src) by extensions ['cmake', 'python']
[0.246s] Level 1:colcon.colcon_core.package_identification:_identify(src) by extension 'cmake'
[0.246s] Level 1:colcon.colcon_core.package_identification:_identify(src) by extension 'python'
[0.246s] Level 1:colcon.colcon_core.package_identification:_identify(src) by extensions ['python_setup_py']
[0.246s] Level 1:colcon.colcon_core.package_identification:_identify(src) by extension 'python_setup_py'
[0.246s] Level 1:colcon.colcon_core.package_identification:_identify(src/db3_files) by extensions ['ignore', 'ignore_ament_install']
[0.246s] Level 1:colcon.colcon_core.package_identification:_identify(src/db3_files) by extension 'ignore'
[0.246s] Level 1:colcon.colcon_core.package_identification:_identify(src/db3_files) by extension 'ignore_ament_install'
[0.246s] Level 1:colcon.colcon_core.package_identification:_identify(src/db3_files) by extensions ['colcon_pkg']
[0.246s] Level 1:colcon.colcon_core.package_identification:_identify(src/db3_files) by extension 'colcon_pkg'
[0.246s] Level 1:colcon.colcon_core.package_identification:_identify(src/db3_files) by extensions ['colcon_meta']
[0.246s] Level 1:colcon.colcon_core.package_identification:_identify(src/db3_files) by extension 'colcon_meta'
[0.246s] Level 1:colcon.colcon_core.package_identification:_identify(src/db3_files) by extensions ['ros']
[0.247s] Level 1:colcon.colcon_core.package_identification:_identify(src/db3_files) by extension 'ros'
[0.247s] Level 1:colcon.colcon_core.package_identification:_identify(src/db3_files) by extensions ['cmake', 'python']
[0.247s] Level 1:colcon.colcon_core.package_identification:_identify(src/db3_files) by extension 'cmake'
[0.247s] Level 1:colcon.colcon_core.package_identification:_identify(src/db3_files) by extension 'python'
[0.247s] Level 1:colcon.colcon_core.package_identification:_identify(src/db3_files) by extensions ['python_setup_py']
[0.247s] Level 1:colcon.colcon_core.package_identification:_identify(src/db3_files) by extension 'python_setup_py'
[0.247s] Level 1:colcon.colcon_core.package_identification:_identify(src/gps_driver) by extensions ['ignore', 'ignore_ament_install']
[0.247s] Level 1:colcon.colcon_core.package_identification:_identify(src/gps_driver) by extension 'ignore'
[0.247s] Level 1:colcon.colcon_core.package_identification:_identify(src/gps_driver) by extension 'ignore_ament_install'
[0.247s] Level 1:colcon.colcon_core.package_identification:_identify(src/gps_driver) by extensions ['colcon_pkg']
[0.247s] Level 1:colcon.colcon_core.package_identification:_identify(src/gps_driver) by extension 'colcon_pkg'
[0.247s] Level 1:colcon.colcon_core.package_identification:_identify(src/gps_driver) by extensions ['colcon_meta']
[0.247s] Level 1:colcon.colcon_core.package_identification:_identify(src/gps_driver) by extension 'colcon_meta'
[0.247s] Level 1:colcon.colcon_core.package_identification:_identify(src/gps_driver) by extensions ['ros']
[0.247s] Level 1:colcon.colcon_core.package_identification:_identify(src/gps_driver) by extension 'ros'
[0.250s] DEBUG:colcon.colcon_core.package_identification:Package 'src/gps_driver' with type 'ros.ament_python' and name 'gps_driver'
[0.251s] Level 1:colcon.colcon_core.package_identification:_identify(src/gps_message) by extensions ['ignore', 'ignore_ament_install']
[0.251s] Level 1:colcon.colcon_core.package_identification:_identify(src/gps_message) by extension 'ignore'
[0.251s] Level 1:colcon.colcon_core.package_identification:_identify(src/gps_message) by extension 'ignore_ament_install'
[0.251s] Level 1:colcon.colcon_core.package_identification:_identify(src/gps_message) by extensions ['colcon_pkg']
[0.251s] Level 1:colcon.colcon_core.package_identification:_identify(src/gps_message) by extension 'colcon_pkg'
[0.251s] Level 1:colcon.colcon_core.package_identification:_identify(src/gps_message) by extensions ['colcon_meta']
[0.251s] Level 1:colcon.colcon_core.package_identification:_identify(src/gps_message) by extension 'colcon_meta'
[0.251s] Level 1:colcon.colcon_core.package_identification:_identify(src/gps_message) by extensions ['ros']
[0.251s] Level 1:colcon.colcon_core.package_identification:_identify(src/gps_message) by extension 'ros'
[0.252s] DEBUG:colcon.colcon_core.package_identification:Package 'src/gps_message' with type 'ros.ament_cmake' and name 'gps_message'
[0.252s] Level 1:colcon.colcon_core.package_discovery:discover_packages(recursive) using defaults
[0.252s] Level 1:colcon.colcon_core.package_discovery:discover_packages(ignore) discover
[0.252s] Level 1:colcon.colcon_core.package_discovery:discover_packages(ignore) using defaults
[0.252s] Level 1:colcon.colcon_core.package_discovery:discover_packages(path) discover
[0.252s] Level 1:colcon.colcon_core.package_discovery:discover_packages(path) using defaults
[0.279s] Level 1:colcon.colcon_core.package_discovery:discover_packages(prefix_path) check parameters
[0.279s] Level 1:colcon.colcon_core.package_discovery:discover_packages(prefix_path) discover
[0.280s] WARNING:colcon.colcon_core.prefix_path.colcon:The path '/home/savannah/EECE5554/LAB3/install' in the environment variable COLCON_PREFIX_PATH doesn't exist
[0.280s] WARNING:colcon.colcon_ros.prefix_path.ament:The path '/home/savannah/EECE5554/LAB3/install/imu_driver' in the environment variable AMENT_PREFIX_PATH doesn't exist
[0.280s] WARNING:colcon.colcon_ros.prefix_path.ament:The path '/home/savannah/EECE5554/LAB3/install/imu_msg' in the environment variable AMENT_PREFIX_PATH doesn't exist
[0.280s] WARNING:colcon.colcon_ros.prefix_path.ament:The path '/home/savannah/EECE5554/LAB1/install/gps_driver' in the environment variable AMENT_PREFIX_PATH doesn't exist
[0.280s] WARNING:colcon.colcon_ros.prefix_path.ament:The path '/home/savannah/EECE5554/LAB1/install/gps_message' in the environment variable AMENT_PREFIX_PATH doesn't exist
[0.280s] WARNING:colcon.colcon_ros.prefix_path.catkin:The path '/home/savannah/EECE5554/LAB3/install/imu_msg' in the environment variable CMAKE_PREFIX_PATH doesn't exist
[0.280s] WARNING:colcon.colcon_ros.prefix_path.catkin:The path '/home/savannah/EECE5554/LAB1/install/gps_message' in the environment variable CMAKE_PREFIX_PATH doesn't exist
[0.281s] DEBUG:colcon.colcon_installed_package_information.package_discovery:Found 0 installed packages in /home/savannah/EECE5554/LAB1/install
[0.282s] DEBUG:colcon.colcon_installed_package_information.package_discovery:Found 271 installed packages in /opt/ros/humble
[0.283s] Level 1:colcon.colcon_core.package_discovery:discover_packages(prefix_path) using defaults
[0.322s] Level 5:colcon.colcon_core.verb:set package 'gps_message' build argument 'cmake_args' from command line to 'None'
[0.322s] Level 5:colcon.colcon_core.verb:set package 'gps_message' build argument 'cmake_target' from command line to 'None'
[0.322s] Level 5:colcon.colcon_core.verb:set package 'gps_message' build argument 'cmake_target_skip_unavailable' from command line to 'False'
[0.322s] Level 5:colcon.colcon_core.verb:set package 'gps_message' build argument 'cmake_clean_cache' from command line to 'False'
[0.322s] Level 5:colcon.colcon_core.verb:set package 'gps_message' build argument 'cmake_clean_first' from command line to 'False'
[0.322s] Level 5:colcon.colcon_core.verb:set package 'gps_message' build argument 'cmake_force_configure' from command line to 'False'
[0.322s] Level 5:colcon.colcon_core.verb:set package 'gps_message' build argument 'ament_cmake_args' from command line to 'None'
[0.322s] Level 5:colcon.colcon_core.verb:set package 'gps_message' build argument 'catkin_cmake_args' from command line to 'None'
[0.322s] Level 5:colcon.colcon_core.verb:set package 'gps_message' build argument 'catkin_skip_building_tests' from command line to 'False'
[0.322s] DEBUG:colcon.colcon_core.verb:Building package 'gps_message' with the following arguments: {'ament_cmake_args': None, 'build_base': '/home/savannah/EECE5554/LAB1/build/gps_message', 'catkin_cmake_args': None, 'catkin_skip_building_tests': False, 'cmake_args': None, 'cmake_clean_cache': False, 'cmake_clean_first': False, 'cmake_force_configure': False, 'cmake_target': None, 'cmake_target_skip_unavailable': False, 'install_base': '/home/savannah/EECE5554/LAB1/install/gps_message', 'merge_install': False, 'path': '/home/savannah/EECE5554/LAB1/src/gps_message', 'symlink_install': False, 'test_result_base': None}
[0.322s] Level 5:colcon.colcon_core.verb:set package 'gps_driver' build argument 'cmake_args' from command line to 'None'
[0.322s] Level 5:colcon.colcon_core.verb:set package 'gps_driver' build argument 'cmake_target' from command line to 'None'
[0.322s] Level 5:colcon.colcon_core.verb:set package 'gps_driver' build argument 'cmake_target_skip_unavailable' from command line to 'False'
[0.323s] Level 5:colcon.colcon_core.verb:set package 'gps_driver' build argument 'cmake_clean_cache' from command line to 'False'
[0.323s] Level 5:colcon.colcon_core.verb:set package 'gps_driver' build argument 'cmake_clean_first' from command line to 'False'
[0.323s] Level 5:colcon.colcon_core.verb:set package 'gps_driver' build argument 'cmake_force_configure' from command line to 'False'
[0.323s] Level 5:colcon.colcon_core.verb:set package 'gps_driver' build argument 'ament_cmake_args' from command line to 'None'
[0.323s] Level 5:colcon.colcon_core.verb:set package 'gps_driver' build argument 'catkin_cmake_args' from command line to 'None'
[0.323s] Level 5:colcon.colcon_core.verb:set package 'gps_driver' build argument 'catkin_skip_building_tests' from command line to 'False'
[0.323s] DEBUG:colcon.colcon_core.verb:Building package 'gps_driver' with the following arguments: {'ament_cmake_args': None, 'build_base': '/home/savannah/EECE5554/LAB1/build/gps_driver', 'catkin_cmake_args': None, 'catkin_skip_building_tests': False, 'cmake_args': None, 'cmake_clean_cache': False, 'cmake_clean_first': False, 'cmake_force_configure': False, 'cmake_target': None, 'cmake_target_skip_unavailable': False, 'install_base': '/home/savannah/EECE5554/LAB1/install/gps_driver', 'merge_install': False, 'path': '/home/savannah/EECE5554/LAB1/src/gps_driver', 'symlink_install': False, 'test_result_base': None}
[0.323s] INFO:colcon.colcon_core.executor:Executing jobs using 'parallel' executor
[0.324s] DEBUG:colcon.colcon_parallel_executor.executor.parallel:run_until_complete
[0.324s] INFO:colcon.colcon_ros.task.ament_cmake.build:Building ROS package in '/home/savannah/EECE5554/LAB1/src/gps_message' with build type 'ament_cmake'
[0.324s] INFO:colcon.colcon_cmake.task.cmake.build:Building CMake package in '/home/savannah/EECE5554/LAB1/src/gps_message'
[0.327s] INFO:colcon.colcon_core.plugin_system:Skipping extension 'colcon_core.shell.bat': Not used on non-Windows systems
[0.327s] INFO:colcon.colcon_core.shell:Skip shell extension 'powershell' for command environment: Not usable outside of PowerShell
[0.328s] DEBUG:colcon.colcon_core.shell:Skip shell extension 'dsv' for command environment
[0.340s] DEBUG:colcon.colcon_core.event_handler.log_command:Invoking command in '/home/savannah/EECE5554/LAB1/build/gps_message': CMAKE_PREFIX_PATH=${CMAKE_PREFIX_PATH}:/home/savannah/EECE5554/LAB3/install/imu_driver:/home/savannah/EECE5554/LAB1/install/gps_driver:/opt/ros/humble /usr/bin/cmake /home/savannah/EECE5554/LAB1/src/gps_message -DCMAKE_INSTALL_PREFIX=/home/savannah/EECE5554/LAB1/install/gps_message
[1.819s] DEBUG:colcon.colcon_core.event_handler.log_command:Invoked command in '/home/savannah/EECE5554/LAB1/build/gps_message' returned '0': CMAKE_PREFIX_PATH=${CMAKE_PREFIX_PATH}:/home/savannah/EECE5554/LAB3/install/imu_driver:/home/savannah/EECE5554/LAB1/install/gps_driver:/opt/ros/humble /usr/bin/cmake /home/savannah/EECE5554/LAB1/src/gps_message -DCMAKE_INSTALL_PREFIX=/home/savannah/EECE5554/LAB1/install/gps_message
[1.819s] DEBUG:colcon.colcon_core.event_handler.log_command:Invoking command in '/home/savannah/EECE5554/LAB1/build/gps_message': CMAKE_PREFIX_PATH=${CMAKE_PREFIX_PATH}:/home/savannah/EECE5554/LAB3/install/imu_driver:/home/savannah/EECE5554/LAB1/install/gps_driver:/opt/ros/humble /usr/bin/cmake --build /home/savannah/EECE5554/LAB1/build/gps_message -- -j4 -l4
[4.419s] DEBUG:colcon.colcon_core.event_handler.log_command:Invoked command in '/home/savannah/EECE5554/LAB1/build/gps_message' returned '0': CMAKE_PREFIX_PATH=${CMAKE_PREFIX_PATH}:/home/savannah/EECE5554/LAB3/install/imu_driver:/home/savannah/EECE5554/LAB1/install/gps_driver:/opt/ros/humble /usr/bin/cmake --build /home/savannah/EECE5554/LAB1/build/gps_message -- -j4 -l4
[4.430s] DEBUG:colcon.colcon_core.event_handler.log_command:Invoking command in '/home/savannah/EECE5554/LAB1/build/gps_message': CMAKE_PREFIX_PATH=${CMAKE_PREFIX_PATH}:/home/savannah/EECE5554/LAB3/install/imu_driver:/home/savannah/EECE5554/LAB1/install/gps_driver:/opt/ros/humble /usr/bin/cmake --install /home/savannah/EECE5554/LAB1/build/gps_message
[4.492s] Level 1:colcon.colcon_core.environment:create_environment_scripts_only(gps_message)
[4.493s] Level 1:colcon.colcon_core.environment:checking '/home/savannah/EECE5554/LAB1/install/gps_message' for CMake module files
[4.494s] Level 1:colcon.colcon_core.environment:checking '/home/savannah/EECE5554/LAB1/install/gps_message' for CMake config files
[4.494s] Level 1:colcon.colcon_core.shell:create_environment_hook('gps_message', 'cmake_prefix_path')
[4.494s] INFO:colcon.colcon_core.shell:Creating environment hook '/home/savannah/EECE5554/LAB1/install/gps_message/share/gps_message/hook/cmake_prefix_path.ps1'
[4.495s] INFO:colcon.colcon_core.shell:Creating environment descriptor '/home/savannah/EECE5554/LAB1/install/gps_message/share/gps_message/hook/cmake_prefix_path.dsv'
[4.495s] INFO:colcon.colcon_core.shell:Creating environment hook '/home/savannah/EECE5554/LAB1/install/gps_message/share/gps_message/hook/cmake_prefix_path.sh'
[4.496s] Level 1:colcon.colcon_core.environment:checking '/home/savannah/EECE5554/LAB1/install/gps_message/lib'
[4.496s] Level 1:colcon.colcon_core.shell:create_environment_hook('gps_message', 'ld_library_path_lib')
[4.496s] INFO:colcon.colcon_core.shell:Creating environment hook '/home/savannah/EECE5554/LAB1/install/gps_message/share/gps_message/hook/ld_library_path_lib.ps1'
[4.496s] INFO:colcon.colcon_core.shell:Creating environment descriptor '/home/savannah/EECE5554/LAB1/install/gps_message/share/gps_message/hook/ld_library_path_lib.dsv'
[4.496s] INFO:colcon.colcon_core.shell:Creating environment hook '/home/savannah/EECE5554/LAB1/install/gps_message/share/gps_message/hook/ld_library_path_lib.sh'
[4.497s] Level 1:colcon.colcon_core.environment:checking '/home/savannah/EECE5554/LAB1/install/gps_message/bin'
[4.497s] Level 1:colcon.colcon_core.environment:checking '/home/savannah/EECE5554/LAB1/install/gps_message/lib/pkgconfig/gps_message.pc'
[4.497s] Level 1:colcon.colcon_core.environment:checking '/home/savannah/EECE5554/LAB1/install/gps_message/lib/python3.10/site-packages'
[4.497s] Level 1:colcon.colcon_core.environment:checking '/home/savannah/EECE5554/LAB1/install/gps_message/bin'
[4.497s] INFO:colcon.colcon_core.shell:Creating package script '/home/savannah/EECE5554/LAB1/install/gps_message/share/gps_message/package.ps1'
[4.498s] INFO:colcon.colcon_core.shell:Creating package descriptor '/home/savannah/EECE5554/LAB1/install/gps_message/share/gps_message/package.dsv'
[4.498s] INFO:colcon.colcon_core.shell:Creating package script '/home/savannah/EECE5554/LAB1/install/gps_message/share/gps_message/package.sh'
[4.500s] DEBUG:colcon.colcon_core.event_handler.log_command:Invoked command in '/home/savannah/EECE5554/LAB1/build/gps_message' returned '0': CMAKE_PREFIX_PATH=${CMAKE_PREFIX_PATH}:/home/savannah/EECE5554/LAB3/install/imu_driver:/home/savannah/EECE5554/LAB1/install/gps_driver:/opt/ros/humble /usr/bin/cmake --install /home/savannah/EECE5554/LAB1/build/gps_message
[4.500s] INFO:colcon.colcon_core.shell:Creating package script '/home/savannah/EECE5554/LAB1/install/gps_message/share/gps_message/package.bash'
[4.500s] INFO:colcon.colcon_core.shell:Creating package script '/home/savannah/EECE5554/LAB1/install/gps_message/share/gps_message/package.zsh'
[4.501s] Level 1:colcon.colcon_core.environment:create_file_with_runtime_dependencies(/home/savannah/EECE5554/LAB1/install/gps_message/share/colcon-core/packages/gps_message)
[4.501s] Level 1:colcon.colcon_core.environment:create_environment_scripts_only(gps_message)
[4.502s] Level 1:colcon.colcon_core.environment:checking '/home/savannah/EECE5554/LAB1/install/gps_message' for CMake module files
[4.502s] Level 1:colcon.colcon_core.environment:checking '/home/savannah/EECE5554/LAB1/install/gps_message' for CMake config files
[4.502s] Level 1:colcon.colcon_core.shell:create_environment_hook('gps_message', 'cmake_prefix_path')
[4.502s] INFO:colcon.colcon_core.shell:Creating environment hook '/home/savannah/EECE5554/LAB1/install/gps_message/share/gps_message/hook/cmake_prefix_path.ps1'
[4.503s] INFO:colcon.colcon_core.shell:Creating environment descriptor '/home/savannah/EECE5554/LAB1/install/gps_message/share/gps_message/hook/cmake_prefix_path.dsv'
[4.503s] INFO:colcon.colcon_core.shell:Creating environment hook '/home/savannah/EECE5554/LAB1/install/gps_message/share/gps_message/hook/cmake_prefix_path.sh'
[4.504s] Level 1:colcon.colcon_core.environment:checking '/home/savannah/EECE5554/LAB1/install/gps_message/lib'
[4.504s] Level 1:colcon.colcon_core.shell:create_environment_hook('gps_message', 'ld_library_path_lib')
[4.504s] INFO:colcon.colcon_core.shell:Creating environment hook '/home/savannah/EECE5554/LAB1/install/gps_message/share/gps_message/hook/ld_library_path_lib.ps1'
[4.504s] INFO:colcon.colcon_core.shell:Creating environment descriptor '/home/savannah/EECE5554/LAB1/install/gps_message/share/gps_message/hook/ld_library_path_lib.dsv'
[4.505s] INFO:colcon.colcon_core.shell:Creating environment hook '/home/savannah/EECE5554/LAB1/install/gps_message/share/gps_message/hook/ld_library_path_lib.sh'
[4.506s] Level 1:colcon.colcon_core.environment:checking '/home/savannah/EECE5554/LAB1/install/gps_message/bin'
[4.506s] Level 1:colcon.colcon_core.environment:checking '/home/savannah/EECE5554/LAB1/install/gps_message/lib/pkgconfig/gps_message.pc'
[4.506s] Level 1:colcon.colcon_core.environment:checking '/home/savannah/EECE5554/LAB1/install/gps_message/lib/python3.10/site-packages'
[4.506s] Level 1:colcon.colcon_core.environment:checking '/home/savannah/EECE5554/LAB1/install/gps_message/bin'
[4.507s] INFO:colcon.colcon_core.shell:Creating package script '/home/savannah/EECE5554/LAB1/install/gps_message/share/gps_message/package.ps1'
[4.507s] INFO:colcon.colcon_core.shell:Creating package descriptor '/home/savannah/EECE5554/LAB1/install/gps_message/share/gps_message/package.dsv'
[4.508s] INFO:colcon.colcon_core.shell:Creating package script '/home/savannah/EECE5554/LAB1/install/gps_message/share/gps_message/package.sh'
[4.508s] INFO:colcon.colcon_core.shell:Creating package script '/home/savannah/EECE5554/LAB1/install/gps_message/share/gps_message/package.bash'
[4.509s] INFO:colcon.colcon_core.shell:Creating package script '/home/savannah/EECE5554/LAB1/install/gps_message/share/gps_message/package.zsh'
[4.509s] Level 1:colcon.colcon_core.environment:create_file_with_runtime_dependencies(/home/savannah/EECE5554/LAB1/install/gps_message/share/colcon-core/packages/gps_message)
[4.509s] INFO:colcon.colcon_ros.task.ament_python.build:Building ROS package in '/home/savannah/EECE5554/LAB1/src/gps_driver' with build type 'ament_python'
[4.509s] Level 1:colcon.colcon_core.shell:create_environment_hook('gps_driver', 'ament_prefix_path')
[4.510s] INFO:colcon.colcon_core.shell:Creating environment hook '/home/savannah/EECE5554/LAB1/install/gps_driver/share/gps_driver/hook/ament_prefix_path.ps1'
[4.510s] INFO:colcon.colcon_core.shell:Creating environment descriptor '/home/savannah/EECE5554/LAB1/install/gps_driver/share/gps_driver/hook/ament_prefix_path.dsv'
[4.511s] INFO:colcon.colcon_core.shell:Creating environment hook '/home/savannah/EECE5554/LAB1/install/gps_driver/share/gps_driver/hook/ament_prefix_path.sh'
[4.511s] INFO:colcon.colcon_core.shell:Skip shell extension 'powershell' for command environment: Not usable outside of PowerShell
[4.511s] DEBUG:colcon.colcon_core.shell:Skip shell extension 'dsv' for command environment
[4.725s] INFO:colcon.colcon_core.task.python.build:Building Python package in '/home/savannah/EECE5554/LAB1/src/gps_driver'
[4.726s] INFO:colcon.colcon_core.shell:Skip shell extension 'powershell' for command environment: Not usable outside of PowerShell
[4.726s] DEBUG:colcon.colcon_core.shell:Skip shell extension 'dsv' for command environment
[5.005s] DEBUG:colcon.colcon_core.event_handler.log_command:Invoking command in '/home/savannah/EECE5554/LAB1/src/gps_driver': CMAKE_PREFIX_PATH=/home/savannah/EECE5554/LAB1/install/gps_message:/home/savannah/EECE5554/LAB3/install/imu_msg LD_LIBRARY_PATH=/home/savannah/EECE5554/LAB1/install/gps_message/lib:/home/savannah/EECE5554/LAB3/install/imu_msg/lib:/opt/ros/humble/opt/rviz_ogre_vendor/lib:/opt/ros/humble/lib/x86_64-linux-gnu:/opt/ros/humble/lib PYTHONPATH=/home/savannah/EECE5554/LAB1/build/gps_driver/prefix_override:/usr/lib/python3/dist-packages/colcon_core/task/python/colcon_distutils_commands:/home/savannah/EECE5554/LAB1/install/gps_driver/lib/python3.10/site-packages:${PYTHONPATH} /usr/bin/python3 -W ignore:setup.py install is deprecated -W ignore:easy_install command is deprecated setup.py egg_info --egg-base ../../build/gps_driver build --build-base /home/savannah/EECE5554/LAB1/build/gps_driver/build install --record /home/savannah/EECE5554/LAB1/build/gps_driver/install.log --single-version-externally-managed install_data
[5.258s] Level 1:colcon.colcon_core.environment:checking '/home/savannah/EECE5554/LAB1/install/gps_driver' for CMake module files
[5.259s] DEBUG:colcon.colcon_core.event_handler.log_command:Invoked command in '/home/savannah/EECE5554/LAB1/src/gps_driver' returned '0': CMAKE_PREFIX_PATH=/home/savannah/EECE5554/LAB1/install/gps_message:/home/savannah/EECE5554/LAB3/install/imu_msg LD_LIBRARY_PATH=/home/savannah/EECE5554/LAB1/install/gps_message/lib:/home/savannah/EECE5554/LAB3/install/imu_msg/lib:/opt/ros/humble/opt/rviz_ogre_vendor/lib:/opt/ros/humble/lib/x86_64-linux-gnu:/opt/ros/humble/lib PYTHONPATH=/home/savannah/EECE5554/LAB1/build/gps_driver/prefix_override:/usr/lib/python3/dist-packages/colcon_core/task/python/colcon_distutils_commands:/home/savannah/EECE5554/LAB1/install/gps_driver/lib/python3.10/site-packages:${PYTHONPATH} /usr/bin/python3 -W ignore:setup.py install is deprecated -W ignore:easy_install command is deprecated setup.py egg_info --egg-base ../../build/gps_driver build --build-base /home/savannah/EECE5554/LAB1/build/gps_driver/build install --record /home/savannah/EECE5554/LAB1/build/gps_driver/install.log --single-version-externally-managed install_data
[5.259s] Level 1:colcon.colcon_core.environment:checking '/home/savannah/EECE5554/LAB1/install/gps_driver' for CMake config files
[5.260s] Level 1:colcon.colcon_core.environment:checking '/home/savannah/EECE5554/LAB1/install/gps_driver/lib'
[5.260s] Level 1:colcon.colcon_core.environment:checking '/home/savannah/EECE5554/LAB1/install/gps_driver/bin'
[5.260s] Level 1:colcon.colcon_core.environment:checking '/home/savannah/EECE5554/LAB1/install/gps_driver/lib/pkgconfig/gps_driver.pc'
[5.260s] Level 1:colcon.colcon_core.environment:checking '/home/savannah/EECE5554/LAB1/install/gps_driver/lib/python3.10/site-packages'
[5.260s] Level 1:colcon.colcon_core.shell:create_environment_hook('gps_driver', 'pythonpath')
[5.260s] INFO:colcon.colcon_core.shell:Creating environment hook '/home/savannah/EECE5554/LAB1/install/gps_driver/share/gps_driver/hook/pythonpath.ps1'
[5.260s] INFO:colcon.colcon_core.shell:Creating environment descriptor '/home/savannah/EECE5554/LAB1/install/gps_driver/share/gps_driver/hook/pythonpath.dsv'
[5.261s] INFO:colcon.colcon_core.shell:Creating environment hook '/home/savannah/EECE5554/LAB1/install/gps_driver/share/gps_driver/hook/pythonpath.sh'
[5.261s] Level 1:colcon.colcon_core.environment:checking '/home/savannah/EECE5554/LAB1/install/gps_driver/bin'
[5.261s] Level 1:colcon.colcon_core.environment:create_environment_scripts_only(gps_driver)
[5.261s] INFO:colcon.colcon_core.shell:Creating package script '/home/savannah/EECE5554/LAB1/install/gps_driver/share/gps_driver/package.ps1'
[5.262s] INFO:colcon.colcon_core.shell:Creating package descriptor '/home/savannah/EECE5554/LAB1/install/gps_driver/share/gps_driver/package.dsv'
[5.262s] INFO:colcon.colcon_core.shell:Creating package script '/home/savannah/EECE5554/LAB1/install/gps_driver/share/gps_driver/package.sh'
[5.262s] INFO:colcon.colcon_core.shell:Creating package script '/home/savannah/EECE5554/LAB1/install/gps_driver/share/gps_driver/package.bash'
[5.262s] INFO:colcon.colcon_core.shell:Creating package script '/home/savannah/EECE5554/LAB1/install/gps_driver/share/gps_driver/package.zsh'
[5.262s] Level 1:colcon.colcon_core.environment:create_file_with_runtime_dependencies(/home/savannah/EECE5554/LAB1/install/gps_driver/share/colcon-core/packages/gps_driver)
[5.263s] DEBUG:colcon.colcon_parallel_executor.executor.parallel:closing loop
[5.263s] DEBUG:colcon.colcon_parallel_executor.executor.parallel:loop closed
[5.263s] DEBUG:colcon.colcon_parallel_executor.executor.parallel:run_until_complete finished with '0'
[5.263s] DEBUG:colcon.colcon_core.event_reactor:joining thread
[5.268s] INFO:colcon.colcon_core.plugin_system:Skipping extension 'colcon_notification.desktop_notification.terminal_notifier': Not used on non-Darwin systems
[5.268s] INFO:colcon.colcon_core.plugin_system:Skipping extension 'colcon_notification.desktop_notification.win32': Not used on non-Windows systems
[5.268s] INFO:colcon.colcon_notification.desktop_notification:Sending desktop notification using 'notify2'
[5.286s] DEBUG:colcon.colcon_core.event_reactor:joined thread
[5.287s] INFO:colcon.colcon_core.shell:Creating prefix script '/home/savannah/EECE5554/LAB1/install/local_setup.ps1'
[5.288s] INFO:colcon.colcon_core.shell:Creating prefix util module '/home/savannah/EECE5554/LAB1/install/_local_setup_util_ps1.py'
[5.290s] INFO:colcon.colcon_core.shell:Creating prefix chain script '/home/savannah/EECE5554/LAB1/install/setup.ps1'
[5.291s] INFO:colcon.colcon_core.shell:Creating prefix script '/home/savannah/EECE5554/LAB1/install/local_setup.sh'
[5.291s] INFO:colcon.colcon_core.shell:Creating prefix util module '/home/savannah/EECE5554/LAB1/install/_local_setup_util_sh.py'
[5.291s] INFO:colcon.colcon_core.shell:Creating prefix chain script '/home/savannah/EECE5554/LAB1/install/setup.sh'
[5.292s] INFO:colcon.colcon_core.shell:Creating prefix script '/home/savannah/EECE5554/LAB1/install/local_setup.bash'
[5.293s] INFO:colcon.colcon_core.shell:Creating prefix chain script '/home/savannah/EECE5554/LAB1/install/setup.bash'
[5.293s] INFO:colcon.colcon_core.shell:Creating prefix script '/home/savannah/EECE5554/LAB1/install/local_setup.zsh'
[5.296s] INFO:colcon.colcon_core.shell:Creating prefix chain script '/home/savannah/EECE5554/LAB1/install/setup.zsh'
