[0.447s] Invoking command in '/home/savannah/EECE5554/LAB4/src/fusion_driver': AMENT_PREFIX_PATH=/home/savannah/EECE5554/LAB4/install/imu_driver:/home/savannah/EECE5554/LAB4/install/gps_driver:/home/savannah/EECE5554/LAB4/install/fusion_driver:/home/savannah/EECE5554/LAB4/install/imu_msg:/home/savannah/EECE5554/LAB4/install/gps_message:/opt/ros/humble PYTHONPATH=/home/savannah/EECE5554/LAB4/build/fusion_driver/prefix_override:/usr/lib/python3/dist-packages/colcon_core/task/python/colcon_distutils_commands:/home/savannah/EECE5554/LAB4/install/fusion_driver/lib/python3.10/site-packages:/home/savannah/EECE5554/LAB4/install/imu_driver/lib/python3.10/site-packages:/home/savannah/EECE5554/LAB4/install/gps_driver/lib/python3.10/site-packages:/home/savannah/EECE5554/LAB4/install/fusion_driver/lib/python3.10/site-packages:/home/savannah/EECE5554/LAB4/install/imu_msg/local/lib/python3.10/dist-packages:/home/savannah/EECE5554/LAB4/install/gps_message/local/lib/python3.10/dist-packages:/opt/ros/humble/lib/python3.10/site-packages:/opt/ros/humble/local/lib/python3.10/dist-packages /usr/bin/python3 -W ignore:setup.py install is deprecated -W ignore:easy_install command is deprecated setup.py egg_info --egg-base ../../build/fusion_driver build --build-base /home/savannah/EECE5554/LAB4/build/fusion_driver/build install --record /home/savannah/EECE5554/LAB4/build/fusion_driver/install.log --single-version-externally-managed install_data
[0.621s] running egg_info
[0.621s] creating ../../build/fusion_driver/fusion_driver.egg-info
[0.621s] writing ../../build/fusion_driver/fusion_driver.egg-info/PKG-INFO
[0.621s] writing dependency_links to ../../build/fusion_driver/fusion_driver.egg-info/dependency_links.txt
[0.622s] writing entry points to ../../build/fusion_driver/fusion_driver.egg-info/entry_points.txt
[0.622s] writing requirements to ../../build/fusion_driver/fusion_driver.egg-info/requires.txt
[0.622s] writing top-level names to ../../build/fusion_driver/fusion_driver.egg-info/top_level.txt
[0.622s] writing manifest file '../../build/fusion_driver/fusion_driver.egg-info/SOURCES.txt'
[0.623s] reading manifest file '../../build/fusion_driver/fusion_driver.egg-info/SOURCES.txt'
[0.623s] adding license file 'LICENSE'
[0.624s] writing manifest file '../../build/fusion_driver/fusion_driver.egg-info/SOURCES.txt'
[0.624s] running build
[0.624s] running build_py
[0.626s] creating /home/savannah/EECE5554/LAB4/build/fusion_driver/build
[0.627s] creating /home/savannah/EECE5554/LAB4/build/fusion_driver/build/lib
[0.627s] creating /home/savannah/EECE5554/LAB4/build/fusion_driver/build/lib/fusion_driver
[0.627s] copying fusion_driver/__init__.py -> /home/savannah/EECE5554/LAB4/build/fusion_driver/build/lib/fusion_driver
[0.627s] running install
[0.627s] running install_lib
[0.627s] creating /home/savannah/EECE5554/LAB4/install/fusion_driver/lib/python3.10/site-packages/fusion_driver
[0.627s] copying /home/savannah/EECE5554/LAB4/build/fusion_driver/build/lib/fusion_driver/__init__.py -> /home/savannah/EECE5554/LAB4/install/fusion_driver/lib/python3.10/site-packages/fusion_driver
[0.627s] byte-compiling /home/savannah/EECE5554/LAB4/install/fusion_driver/lib/python3.10/site-packages/fusion_driver/__init__.py to __init__.cpython-310.pyc
[0.627s] running install_data
[0.627s] creating /home/savannah/EECE5554/LAB4/install/fusion_driver/share/ament_index
[0.627s] creating /home/savannah/EECE5554/LAB4/install/fusion_driver/share/ament_index/resource_index
[0.627s] creating /home/savannah/EECE5554/LAB4/install/fusion_driver/share/ament_index/resource_index/packages
[0.627s] copying resource/fusion_driver -> /home/savannah/EECE5554/LAB4/install/fusion_driver/share/ament_index/resource_index/packages
[0.627s] copying package.xml -> /home/savannah/EECE5554/LAB4/install/fusion_driver/share/fusion_driver
[0.627s] creating /home/savannah/EECE5554/LAB4/install/fusion_driver/share/fusion_driver/launch
[0.627s] copying launch/fusion_launch.py -> /home/savannah/EECE5554/LAB4/install/fusion_driver/share/fusion_driver/launch
[0.627s] running install_egg_info
[0.630s] Copying ../../build/fusion_driver/fusion_driver.egg-info to /home/savannah/EECE5554/LAB4/install/fusion_driver/lib/python3.10/site-packages/fusion_driver-0.0.0-py3.10.egg-info
[0.630s] running install_scripts
[0.648s] writing list of installed files to '/home/savannah/EECE5554/LAB4/build/fusion_driver/install.log'
[0.671s] Invoked command in '/home/savannah/EECE5554/LAB4/src/fusion_driver' returned '0': AMENT_PREFIX_PATH=/home/savannah/EECE5554/LAB4/install/imu_driver:/home/savannah/EECE5554/LAB4/install/gps_driver:/home/savannah/EECE5554/LAB4/install/fusion_driver:/home/savannah/EECE5554/LAB4/install/imu_msg:/home/savannah/EECE5554/LAB4/install/gps_message:/opt/ros/humble PYTHONPATH=/home/savannah/EECE5554/LAB4/build/fusion_driver/prefix_override:/usr/lib/python3/dist-packages/colcon_core/task/python/colcon_distutils_commands:/home/savannah/EECE5554/LAB4/install/fusion_driver/lib/python3.10/site-packages:/home/savannah/EECE5554/LAB4/install/imu_driver/lib/python3.10/site-packages:/home/savannah/EECE5554/LAB4/install/gps_driver/lib/python3.10/site-packages:/home/savannah/EECE5554/LAB4/install/fusion_driver/lib/python3.10/site-packages:/home/savannah/EECE5554/LAB4/install/imu_msg/local/lib/python3.10/dist-packages:/home/savannah/EECE5554/LAB4/install/gps_message/local/lib/python3.10/dist-packages:/opt/ros/humble/lib/python3.10/site-packages:/opt/ros/humble/local/lib/python3.10/dist-packages /usr/bin/python3 -W ignore:setup.py install is deprecated -W ignore:easy_install command is deprecated setup.py egg_info --egg-base ../../build/fusion_driver build --build-base /home/savannah/EECE5554/LAB4/build/fusion_driver/build install --record /home/savannah/EECE5554/LAB4/build/fusion_driver/install.log --single-version-externally-managed install_data
