running egg_info
creating ../../build/fusion_driver/fusion_driver.egg-info
writing ../../build/fusion_driver/fusion_driver.egg-info/PKG-INFO
writing dependency_links to ../../build/fusion_driver/fusion_driver.egg-info/dependency_links.txt
writing entry points to ../../build/fusion_driver/fusion_driver.egg-info/entry_points.txt
writing requirements to ../../build/fusion_driver/fusion_driver.egg-info/requires.txt
writing top-level names to ../../build/fusion_driver/fusion_driver.egg-info/top_level.txt
writing manifest file '../../build/fusion_driver/fusion_driver.egg-info/SOURCES.txt'
reading manifest file '../../build/fusion_driver/fusion_driver.egg-info/SOURCES.txt'
adding license file 'LICENSE'
writing manifest file '../../build/fusion_driver/fusion_driver.egg-info/SOURCES.txt'
running build
running build_py
creating /home/savannah/EECE5554/LAB4/build/fusion_driver/build
creating /home/savannah/EECE5554/LAB4/build/fusion_driver/build/lib
creating /home/savannah/EECE5554/LAB4/build/fusion_driver/build/lib/fusion_driver
copying fusion_driver/__init__.py -> /home/savannah/EECE5554/LAB4/build/fusion_driver/build/lib/fusion_driver
running install
running install_lib
creating /home/savannah/EECE5554/LAB4/install/fusion_driver/lib/python3.10/site-packages/fusion_driver
copying /home/savannah/EECE5554/LAB4/build/fusion_driver/build/lib/fusion_driver/__init__.py -> /home/savannah/EECE5554/LAB4/install/fusion_driver/lib/python3.10/site-packages/fusion_driver
byte-compiling /home/savannah/EECE5554/LAB4/install/fusion_driver/lib/python3.10/site-packages/fusion_driver/__init__.py to __init__.cpython-310.pyc
running install_data
creating /home/savannah/EECE5554/LAB4/install/fusion_driver/share/ament_index
creating /home/savannah/EECE5554/LAB4/install/fusion_driver/share/ament_index/resource_index
creating /home/savannah/EECE5554/LAB4/install/fusion_driver/share/ament_index/resource_index/packages
copying resource/fusion_driver -> /home/savannah/EECE5554/LAB4/install/fusion_driver/share/ament_index/resource_index/packages
copying package.xml -> /home/savannah/EECE5554/LAB4/install/fusion_driver/share/fusion_driver
creating /home/savannah/EECE5554/LAB4/install/fusion_driver/share/fusion_driver/launch
copying launch/fusion_launch.py -> /home/savannah/EECE5554/LAB4/install/fusion_driver/share/fusion_driver/launch
running install_egg_info
Copying ../../build/fusion_driver/fusion_driver.egg-info to /home/savannah/EECE5554/LAB4/install/fusion_driver/lib/python3.10/site-packages/fusion_driver-0.0.0-py3.10.egg-info
running install_scripts
writing list of installed files to '/home/savannah/EECE5554/LAB4/build/fusion_driver/install.log'
