[0.611s] Invoking command in '/home/savannah/EECE5554/LAB4/src/fusion_driver': AMENT_PREFIX_PATH=/home/savannah/EECE5554/LAB4/install/imu_driver:/home/savannah/EECE5554/LAB4/install/gps_driver:/home/savannah/EECE5554/LAB4/install/imu_msg:/home/savannah/EECE5554/LAB4/install/gps_message:${AMENT_PREFIX_PATH} CMAKE_PREFIX_PATH=/home/savannah/EECE5554/LAB4/install/imu_msg:/home/savannah/EECE5554/LAB4/install/gps_message LD_LIBRARY_PATH=/home/savannah/EECE5554/LAB4/install/imu_msg/lib:/home/savannah/EECE5554/LAB4/install/gps_message/lib:${LD_LIBRARY_PATH} PYTHONPATH=/home/savannah/EECE5554/LAB4/build/fusion_driver/prefix_override:/usr/lib/python3/dist-packages/colcon_core/task/python/colcon_distutils_commands:/home/savannah/EECE5554/LAB4/install/fusion_driver/lib/python3.10/site-packages:/home/savannah/EECE5554/LAB4/install/imu_driver/lib/python3.10/site-packages:/home/savannah/EECE5554/LAB4/install/gps_driver/lib/python3.10/site-packages:/home/savannah/EECE5554/LAB4/install/imu_msg/local/lib/python3.10/dist-packages:/home/savannah/EECE5554/LAB4/install/gps_message/local/lib/python3.10/dist-packages:${PYTHONPATH} /usr/bin/python3 -W ignore:setup.py install is deprecated -W ignore:easy_install command is deprecated setup.py egg_info --egg-base ../../build/fusion_driver build --build-base /home/savannah/EECE5554/LAB4/build/fusion_driver/build install --record /home/savannah/EECE5554/LAB4/build/fusion_driver/install.log --single-version-externally-managed install_data
[0.844s] running egg_info
[0.844s] creating ../../build/fusion_driver/fusion_driver.egg-info
[0.844s] writing ../../build/fusion_driver/fusion_driver.egg-info/PKG-INFO
[0.845s] writing dependency_links to ../../build/fusion_driver/fusion_driver.egg-info/dependency_links.txt
[0.845s] writing entry points to ../../build/fusion_driver/fusion_driver.egg-info/entry_points.txt
[0.845s] writing requirements to ../../build/fusion_driver/fusion_driver.egg-info/requires.txt
[0.845s] writing top-level names to ../../build/fusion_driver/fusion_driver.egg-info/top_level.txt
[0.845s] writing manifest file '../../build/fusion_driver/fusion_driver.egg-info/SOURCES.txt'
[0.846s] reading manifest file '../../build/fusion_driver/fusion_driver.egg-info/SOURCES.txt'
[0.847s] adding license file 'LICENSE'
[0.847s] writing manifest file '../../build/fusion_driver/fusion_driver.egg-info/SOURCES.txt'
[0.847s] running build
[0.847s] running build_py
[0.847s] creating /home/savannah/EECE5554/LAB4/build/fusion_driver/build
[0.847s] creating /home/savannah/EECE5554/LAB4/build/fusion_driver/build/lib
[0.847s] creating /home/savannah/EECE5554/LAB4/build/fusion_driver/build/lib/fusion_driver
[0.848s] copying fusion_driver/__init__.py -> /home/savannah/EECE5554/LAB4/build/fusion_driver/build/lib/fusion_driver
[0.848s] running install
[0.848s] running install_lib
[0.848s] creating /home/savannah/EECE5554/LAB4/install/fusion_driver/lib/python3.10/site-packages/fusion_driver
[0.849s] copying /home/savannah/EECE5554/LAB4/build/fusion_driver/build/lib/fusion_driver/__init__.py -> /home/savannah/EECE5554/LAB4/install/fusion_driver/lib/python3.10/site-packages/fusion_driver
[0.849s] byte-compiling /home/savannah/EECE5554/LAB4/install/fusion_driver/lib/python3.10/site-packages/fusion_driver/__init__.py to __init__.cpython-310.pyc
[0.849s] running install_data
[0.849s] creating /home/savannah/EECE5554/LAB4/install/fusion_driver/share/ament_index
[0.849s] creating /home/savannah/EECE5554/LAB4/install/fusion_driver/share/ament_index/resource_index
[0.849s] creating /home/savannah/EECE5554/LAB4/install/fusion_driver/share/ament_index/resource_index/packages
[0.850s] copying resource/fusion_driver -> /home/savannah/EECE5554/LAB4/install/fusion_driver/share/ament_index/resource_index/packages
[0.850s] copying package.xml -> /home/savannah/EECE5554/LAB4/install/fusion_driver/share/fusion_driver
[0.850s] creating /home/savannah/EECE5554/LAB4/install/fusion_driver/share/fusion_driver/launch
[0.850s] copying launch/fusion_launch.py -> /home/savannah/EECE5554/LAB4/install/fusion_driver/share/fusion_driver/launch
[0.850s] running install_egg_info
[0.852s] Copying ../../build/fusion_driver/fusion_driver.egg-info to /home/savannah/EECE5554/LAB4/install/fusion_driver/lib/python3.10/site-packages/fusion_driver-0.0.0-py3.10.egg-info
[0.853s] running install_scripts
[0.873s] writing list of installed files to '/home/savannah/EECE5554/LAB4/build/fusion_driver/install.log'
[0.896s] Invoked command in '/home/savannah/EECE5554/LAB4/src/fusion_driver' returned '0': AMENT_PREFIX_PATH=/home/savannah/EECE5554/LAB4/install/imu_driver:/home/savannah/EECE5554/LAB4/install/gps_driver:/home/savannah/EECE5554/LAB4/install/imu_msg:/home/savannah/EECE5554/LAB4/install/gps_message:${AMENT_PREFIX_PATH} CMAKE_PREFIX_PATH=/home/savannah/EECE5554/LAB4/install/imu_msg:/home/savannah/EECE5554/LAB4/install/gps_message LD_LIBRARY_PATH=/home/savannah/EECE5554/LAB4/install/imu_msg/lib:/home/savannah/EECE5554/LAB4/install/gps_message/lib:${LD_LIBRARY_PATH} PYTHONPATH=/home/savannah/EECE5554/LAB4/build/fusion_driver/prefix_override:/usr/lib/python3/dist-packages/colcon_core/task/python/colcon_distutils_commands:/home/savannah/EECE5554/LAB4/install/fusion_driver/lib/python3.10/site-packages:/home/savannah/EECE5554/LAB4/install/imu_driver/lib/python3.10/site-packages:/home/savannah/EECE5554/LAB4/install/gps_driver/lib/python3.10/site-packages:/home/savannah/EECE5554/LAB4/install/imu_msg/local/lib/python3.10/dist-packages:/home/savannah/EECE5554/LAB4/install/gps_message/local/lib/python3.10/dist-packages:${PYTHONPATH} /usr/bin/python3 -W ignore:setup.py install is deprecated -W ignore:easy_install command is deprecated setup.py egg_info --egg-base ../../build/fusion_driver build --build-base /home/savannah/EECE5554/LAB4/build/fusion_driver/build install --record /home/savannah/EECE5554/LAB4/build/fusion_driver/install.log --single-version-externally-managed install_data
