[0.084s] DEBUG:colcon:Command line arguments: ['/usr/bin/colcon', 'build']
[0.084s] DEBUG:colcon:Parsed command line arguments: Namespace(log_base=None, log_level=None, verb_name='build', build_base='build', install_base='install', merge_install=False, symlink_install=False, test_result_base=None, continue_on_error=False, executor='parallel', parallel_workers=4, event_handlers=None, ignore_user_meta=False, metas=['./colcon.meta'], base_paths=['.'], packages_ignore=None, packages_ignore_regex=None, paths=None, packages_up_to=None, packages_up_to_regex=None, packages_above=None, packages_above_and_dependencies=None, packages_above_depth=None, packages_select_by_dep=None, packages_skip_by_dep=None, packages_skip_up_to=None, packages_select_build_failed=False, packages_skip_build_finished=False, packages_select_test_failures=False, packages_skip_test_passed=False, packages_select=None, packages_skip=None, packages_select_regex=None, packages_skip_regex=None, packages_start=None, packages_end=None, allow_overriding=[], cmake_args=None, cmake_target=None, cmake_target_skip_unavailable=False, cmake_clean_cache=False, cmake_clean_first=False, cmake_force_configure=False, ament_cmake_args=None, catkin_cmake_args=None, catkin_skip_building_tests=False, mixin_files=None, mixin=None, verb_parser=<colcon_mixin.mixin.mixin_argument.MixinArgumentDecorator object at 0x7be34d0f1ba0>, verb_extension=<colcon_core.verb.build.BuildVerb object at 0x7be34d0f1510>, main=<bound method BuildVerb.main of <colcon_core.verb.build.BuildVerb object at 0x7be34d0f1510>>, mixin_verb=('build',))
[0.195s] Level 1:colcon.colcon_core.package_discovery:discover_packages(colcon_meta) check parameters
[0.195s] Level 1:colcon.colcon_core.package_discovery:discover_packages(recursive) check parameters
[0.195s] Level 1:colcon.colcon_core.package_discovery:discover_packages(ignore) check parameters
[0.195s] Level 1:colcon.colcon_core.package_discovery:discover_packages(path) check parameters
[0.196s] Level 1:colcon.colcon_core.package_discovery:discover_packages(colcon_meta) discover
[0.196s] Level 1:colcon.colcon_core.package_discovery:discover_packages(recursive) discover
[0.196s] INFO:colcon.colcon_core.package_discovery:Crawling recursively for packages in '/home/savannah/EECE5554/LAB3'
[0.196s] Level 1:colcon.colcon_core.package_identification:_identify(.) by extensions ['ignore', 'ignore_ament_install']
[0.196s] Level 1:colcon.colcon_core.package_identification:_identify(.) by extension 'ignore'
[0.196s] Level 1:colcon.colcon_core.package_identification:_identify(.) by extension 'ignore_ament_install'
[0.196s] Level 1:colcon.colcon_core.package_identification:_identify(.) by extensions ['colcon_pkg']
[0.196s] Level 1:colcon.colcon_core.package_identification:_identify(.) by extension 'colcon_pkg'
[0.196s] Level 1:colcon.colcon_core.package_identification:_identify(.) by extensions ['colcon_meta']
[0.196s] Level 1:colcon.colcon_core.package_identification:_identify(.) by extension 'colcon_meta'
[0.196s] Level 1:colcon.colcon_core.package_identification:_identify(.) by extensions ['ros']
[0.196s] Level 1:colcon.colcon_core.package_identification:_identify(.) by extension 'ros'
[0.204s] Level 1:colcon.colcon_core.package_identification:_identify(.) by extensions ['cmake', 'python']
[0.204s] Level 1:colcon.colcon_core.package_identification:_identify(.) by extension 'cmake'
[0.204s] Level 1:colcon.colcon_core.package_identification:_identify(.) by extension 'python'
[0.204s] Level 1:colcon.colcon_core.package_identification:_identify(.) by extensions ['python_setup_py']
[0.204s] Level 1:colcon.colcon_core.package_identification:_identify(.) by extension 'python_setup_py'
[0.205s] Level 1:colcon.colcon_core.package_identification:_identify(build) by extensions ['ignore', 'ignore_ament_install']
[0.205s] Level 1:colcon.colcon_core.package_identification:_identify(build) by extension 'ignore'
[0.205s] Level 1:colcon.colcon_core.package_identification:_identify(build) ignored
[0.205s] Level 1:colcon.colcon_core.package_identification:_identify(install) by extensions ['ignore', 'ignore_ament_install']
[0.205s] Level 1:colcon.colcon_core.package_identification:_identify(install) by extension 'ignore'
[0.205s] Level 1:colcon.colcon_core.package_identification:_identify(install) ignored
[0.205s] Level 1:colcon.colcon_core.package_identification:_identify(log) by extensions ['ignore', 'ignore_ament_install']
[0.205s] Level 1:colcon.colcon_core.package_identification:_identify(log) by extension 'ignore'
[0.205s] Level 1:colcon.colcon_core.package_identification:_identify(log) ignored
[0.205s] Level 1:colcon.colcon_core.package_identification:_identify(src) by extensions ['ignore', 'ignore_ament_install']
[0.205s] Level 1:colcon.colcon_core.package_identification:_identify(src) by extension 'ignore'
[0.205s] Level 1:colcon.colcon_core.package_identification:_identify(src) by extension 'ignore_ament_install'
[0.205s] Level 1:colcon.colcon_core.package_identification:_identify(src) by extensions ['colcon_pkg']
[0.205s] Level 1:colcon.colcon_core.package_identification:_identify(src) by extension 'colcon_pkg'
[0.205s] Level 1:colcon.colcon_core.package_identification:_identify(src) by extensions ['colcon_meta']
[0.205s] Level 1:colcon.colcon_core.package_identification:_identify(src) by extension 'colcon_meta'
[0.206s] Level 1:colcon.colcon_core.package_identification:_identify(src) by extensions ['ros']
[0.206s] Level 1:colcon.colcon_core.package_identification:_identify(src) by extension 'ros'
[0.206s] Level 1:colcon.colcon_core.package_identification:_identify(src) by extensions ['cmake', 'python']
[0.206s] Level 1:colcon.colcon_core.package_identification:_identify(src) by extension 'cmake'
[0.206s] Level 1:colcon.colcon_core.package_identification:_identify(src) by extension 'python'
[0.206s] Level 1:colcon.colcon_core.package_identification:_identify(src) by extensions ['python_setup_py']
[0.206s] Level 1:colcon.colcon_core.package_identification:_identify(src) by extension 'python_setup_py'
[0.206s] Level 1:colcon.colcon_core.package_identification:_identify(src/analysis) by extensions ['ignore', 'ignore_ament_install']
[0.206s] Level 1:colcon.colcon_core.package_identification:_identify(src/analysis) by extension 'ignore'
[0.206s] Level 1:colcon.colcon_core.package_identification:_identify(src/analysis) by extension 'ignore_ament_install'
[0.206s] Level 1:colcon.colcon_core.package_identification:_identify(src/analysis) by extensions ['colcon_pkg']
[0.206s] Level 1:colcon.colcon_core.package_identification:_identify(src/analysis) by extension 'colcon_pkg'
[0.206s] Level 1:colcon.colcon_core.package_identification:_identify(src/analysis) by extensions ['colcon_meta']
[0.206s] Level 1:colcon.colcon_core.package_identification:_identify(src/analysis) by extension 'colcon_meta'
[0.206s] Level 1:colcon.colcon_core.package_identification:_identify(src/analysis) by extensions ['ros']
[0.206s] Level 1:colcon.colcon_core.package_identification:_identify(src/analysis) by extension 'ros'
[0.206s] Level 1:colcon.colcon_core.package_identification:_identify(src/analysis) by extensions ['cmake', 'python']
[0.206s] Level 1:colcon.colcon_core.package_identification:_identify(src/analysis) by extension 'cmake'
[0.206s] Level 1:colcon.colcon_core.package_identification:_identify(src/analysis) by extension 'python'
[0.206s] Level 1:colcon.colcon_core.package_identification:_identify(src/analysis) by extensions ['python_setup_py']
[0.206s] Level 1:colcon.colcon_core.package_identification:_identify(src/analysis) by extension 'python_setup_py'
[0.206s] Level 1:colcon.colcon_core.package_identification:_identify(src/data) by extensions ['ignore', 'ignore_ament_install']
[0.206s] Level 1:colcon.colcon_core.package_identification:_identify(src/data) by extension 'ignore'
[0.206s] Level 1:colcon.colcon_core.package_identification:_identify(src/data) by extension 'ignore_ament_install'
[0.206s] Level 1:colcon.colcon_core.package_identification:_identify(src/data) by extensions ['colcon_pkg']
[0.206s] Level 1:colcon.colcon_core.package_identification:_identify(src/data) by extension 'colcon_pkg'
[0.206s] Level 1:colcon.colcon_core.package_identification:_identify(src/data) by extensions ['colcon_meta']
[0.207s] Level 1:colcon.colcon_core.package_identification:_identify(src/data) by extension 'colcon_meta'
[0.207s] Level 1:colcon.colcon_core.package_identification:_identify(src/data) by extensions ['ros']
[0.207s] Level 1:colcon.colcon_core.package_identification:_identify(src/data) by extension 'ros'
[0.207s] Level 1:colcon.colcon_core.package_identification:_identify(src/data) by extensions ['cmake', 'python']
[0.207s] Level 1:colcon.colcon_core.package_identification:_identify(src/data) by extension 'cmake'
[0.207s] Level 1:colcon.colcon_core.package_identification:_identify(src/data) by extension 'python'
[0.207s] Level 1:colcon.colcon_core.package_identification:_identify(src/data) by extensions ['python_setup_py']
[0.207s] Level 1:colcon.colcon_core.package_identification:_identify(src/data) by extension 'python_setup_py'
[0.207s] Level 1:colcon.colcon_core.package_identification:_identify(src/data/motion_1) by extensions ['ignore', 'ignore_ament_install']
[0.207s] Level 1:colcon.colcon_core.package_identification:_identify(src/data/motion_1) by extension 'ignore'
[0.207s] Level 1:colcon.colcon_core.package_identification:_identify(src/data/motion_1) by extension 'ignore_ament_install'
[0.207s] Level 1:colcon.colcon_core.package_identification:_identify(src/data/motion_1) by extensions ['colcon_pkg']
[0.207s] Level 1:colcon.colcon_core.package_identification:_identify(src/data/motion_1) by extension 'colcon_pkg'
[0.207s] Level 1:colcon.colcon_core.package_identification:_identify(src/data/motion_1) by extensions ['colcon_meta']
[0.207s] Level 1:colcon.colcon_core.package_identification:_identify(src/data/motion_1) by extension 'colcon_meta'
[0.207s] Level 1:colcon.colcon_core.package_identification:_identify(src/data/motion_1) by extensions ['ros']
[0.207s] Level 1:colcon.colcon_core.package_identification:_identify(src/data/motion_1) by extension 'ros'
[0.207s] Level 1:colcon.colcon_core.package_identification:_identify(src/data/motion_1) by extensions ['cmake', 'python']
[0.207s] Level 1:colcon.colcon_core.package_identification:_identify(src/data/motion_1) by extension 'cmake'
[0.207s] Level 1:colcon.colcon_core.package_identification:_identify(src/data/motion_1) by extension 'python'
[0.207s] Level 1:colcon.colcon_core.package_identification:_identify(src/data/motion_1) by extensions ['python_setup_py']
[0.207s] Level 1:colcon.colcon_core.package_identification:_identify(src/data/motion_1) by extension 'python_setup_py'
[0.207s] Level 1:colcon.colcon_core.package_identification:_identify(src/data/stationary) by extensions ['ignore', 'ignore_ament_install']
[0.207s] Level 1:colcon.colcon_core.package_identification:_identify(src/data/stationary) by extension 'ignore'
[0.208s] Level 1:colcon.colcon_core.package_identification:_identify(src/data/stationary) by extension 'ignore_ament_install'
[0.208s] Level 1:colcon.colcon_core.package_identification:_identify(src/data/stationary) by extensions ['colcon_pkg']
[0.208s] Level 1:colcon.colcon_core.package_identification:_identify(src/data/stationary) by extension 'colcon_pkg'
[0.208s] Level 1:colcon.colcon_core.package_identification:_identify(src/data/stationary) by extensions ['colcon_meta']
[0.208s] Level 1:colcon.colcon_core.package_identification:_identify(src/data/stationary) by extension 'colcon_meta'
[0.208s] Level 1:colcon.colcon_core.package_identification:_identify(src/data/stationary) by extensions ['ros']
[0.208s] Level 1:colcon.colcon_core.package_identification:_identify(src/data/stationary) by extension 'ros'
[0.208s] Level 1:colcon.colcon_core.package_identification:_identify(src/data/stationary) by extensions ['cmake', 'python']
[0.208s] Level 1:colcon.colcon_core.package_identification:_identify(src/data/stationary) by extension 'cmake'
[0.208s] Level 1:colcon.colcon_core.package_identification:_identify(src/data/stationary) by extension 'python'
[0.208s] Level 1:colcon.colcon_core.package_identification:_identify(src/data/stationary) by extensions ['python_setup_py']
[0.208s] Level 1:colcon.colcon_core.package_identification:_identify(src/data/stationary) by extension 'python_setup_py'
[0.208s] Level 1:colcon.colcon_core.package_identification:_identify(src/imu_driver) by extensions ['ignore', 'ignore_ament_install']
[0.208s] Level 1:colcon.colcon_core.package_identification:_identify(src/imu_driver) by extension 'ignore'
[0.208s] Level 1:colcon.colcon_core.package_identification:_identify(src/imu_driver) by extension 'ignore_ament_install'
[0.208s] Level 1:colcon.colcon_core.package_identification:_identify(src/imu_driver) by extensions ['colcon_pkg']
[0.208s] Level 1:colcon.colcon_core.package_identification:_identify(src/imu_driver) by extension 'colcon_pkg'
[0.208s] Level 1:colcon.colcon_core.package_identification:_identify(src/imu_driver) by extensions ['colcon_meta']
[0.208s] Level 1:colcon.colcon_core.package_identification:_identify(src/imu_driver) by extension 'colcon_meta'
[0.208s] Level 1:colcon.colcon_core.package_identification:_identify(src/imu_driver) by extensions ['ros']
[0.208s] Level 1:colcon.colcon_core.package_identification:_identify(src/imu_driver) by extension 'ros'
[0.210s] DEBUG:colcon.colcon_core.package_identification:Package 'src/imu_driver' with type 'ros.ament_python' and name 'imu_driver'
[0.210s] Level 1:colcon.colcon_core.package_identification:_identify(src/imu_msg) by extensions ['ignore', 'ignore_ament_install']
[0.210s] Level 1:colcon.colcon_core.package_identification:_identify(src/imu_msg) by extension 'ignore'
[0.210s] Level 1:colcon.colcon_core.package_identification:_identify(src/imu_msg) by extension 'ignore_ament_install'
[0.210s] Level 1:colcon.colcon_core.package_identification:_identify(src/imu_msg) by extensions ['colcon_pkg']
[0.210s] Level 1:colcon.colcon_core.package_identification:_identify(src/imu_msg) by extension 'colcon_pkg'
[0.210s] Level 1:colcon.colcon_core.package_identification:_identify(src/imu_msg) by extensions ['colcon_meta']
[0.210s] Level 1:colcon.colcon_core.package_identification:_identify(src/imu_msg) by extension 'colcon_meta'
[0.210s] Level 1:colcon.colcon_core.package_identification:_identify(src/imu_msg) by extensions ['ros']
[0.210s] Level 1:colcon.colcon_core.package_identification:_identify(src/imu_msg) by extension 'ros'
[0.211s] DEBUG:colcon.colcon_core.package_identification:Package 'src/imu_msg' with type 'ros.ament_cmake' and name 'imu_msg'
[0.211s] Level 1:colcon.colcon_core.package_identification:_identify(test) by extensions ['ignore', 'ignore_ament_install']
[0.211s] Level 1:colcon.colcon_core.package_identification:_identify(test) by extension 'ignore'
[0.211s] Level 1:colcon.colcon_core.package_identification:_identify(test) by extension 'ignore_ament_install'
[0.211s] Level 1:colcon.colcon_core.package_identification:_identify(test) by extensions ['colcon_pkg']
[0.211s] Level 1:colcon.colcon_core.package_identification:_identify(test) by extension 'colcon_pkg'
[0.211s] Level 1:colcon.colcon_core.package_identification:_identify(test) by extensions ['colcon_meta']
[0.211s] Level 1:colcon.colcon_core.package_identification:_identify(test) by extension 'colcon_meta'
[0.211s] Level 1:colcon.colcon_core.package_identification:_identify(test) by extensions ['ros']
[0.211s] Level 1:colcon.colcon_core.package_identification:_identify(test) by extension 'ros'
[0.211s] Level 1:colcon.colcon_core.package_identification:_identify(test) by extensions ['cmake', 'python']
[0.211s] Level 1:colcon.colcon_core.package_identification:_identify(test) by extension 'cmake'
[0.211s] Level 1:colcon.colcon_core.package_identification:_identify(test) by extension 'python'
[0.212s] Level 1:colcon.colcon_core.package_identification:_identify(test) by extensions ['python_setup_py']
[0.212s] Level 1:colcon.colcon_core.package_identification:_identify(test) by extension 'python_setup_py'
[0.212s] Level 1:colcon.colcon_core.package_discovery:discover_packages(recursive) using defaults
[0.212s] Level 1:colcon.colcon_core.package_discovery:discover_packages(ignore) discover
[0.212s] Level 1:colcon.colcon_core.package_discovery:discover_packages(ignore) using defaults
[0.212s] Level 1:colcon.colcon_core.package_discovery:discover_packages(path) discover
[0.212s] Level 1:colcon.colcon_core.package_discovery:discover_packages(path) using defaults
[0.233s] Level 1:colcon.colcon_core.package_discovery:discover_packages(prefix_path) check parameters
[0.233s] Level 1:colcon.colcon_core.package_discovery:discover_packages(prefix_path) discover
[0.235s] DEBUG:colcon.colcon_installed_package_information.package_discovery:Found 2 installed packages in /home/savannah/EECE5554/LAB3/install
[0.236s] DEBUG:colcon.colcon_installed_package_information.package_discovery:Found 271 installed packages in /opt/ros/humble
[0.236s] Level 1:colcon.colcon_core.package_discovery:discover_packages(prefix_path) using defaults
[0.261s] Level 5:colcon.colcon_core.verb:set package 'imu_msg' build argument 'cmake_args' from command line to 'None'
[0.261s] Level 5:colcon.colcon_core.verb:set package 'imu_msg' build argument 'cmake_target' from command line to 'None'
[0.261s] Level 5:colcon.colcon_core.verb:set package 'imu_msg' build argument 'cmake_target_skip_unavailable' from command line to 'False'
[0.261s] Level 5:colcon.colcon_core.verb:set package 'imu_msg' build argument 'cmake_clean_cache' from command line to 'False'
[0.261s] Level 5:colcon.colcon_core.verb:set package 'imu_msg' build argument 'cmake_clean_first' from command line to 'False'
[0.261s] Level 5:colcon.colcon_core.verb:set package 'imu_msg' build argument 'cmake_force_configure' from command line to 'False'
[0.261s] Level 5:colcon.colcon_core.verb:set package 'imu_msg' build argument 'ament_cmake_args' from command line to 'None'
[0.261s] Level 5:colcon.colcon_core.verb:set package 'imu_msg' build argument 'catkin_cmake_args' from command line to 'None'
[0.261s] Level 5:colcon.colcon_core.verb:set package 'imu_msg' build argument 'catkin_skip_building_tests' from command line to 'False'
[0.261s] DEBUG:colcon.colcon_core.verb:Building package 'imu_msg' with the following arguments: {'ament_cmake_args': None, 'build_base': '/home/savannah/EECE5554/LAB3/build/imu_msg', 'catkin_cmake_args': None, 'catkin_skip_building_tests': False, 'cmake_args': None, 'cmake_clean_cache': False, 'cmake_clean_first': False, 'cmake_force_configure': False, 'cmake_target': None, 'cmake_target_skip_unavailable': False, 'install_base': '/home/savannah/EECE5554/LAB3/install/imu_msg', 'merge_install': False, 'path': '/home/savannah/EECE5554/LAB3/src/imu_msg', 'symlink_install': False, 'test_result_base': None}
[0.261s] Level 5:colcon.colcon_core.verb:set package 'imu_driver' build argument 'cmake_args' from command line to 'None'
[0.261s] Level 5:colcon.colcon_core.verb:set package 'imu_driver' build argument 'cmake_target' from command line to 'None'
[0.261s] Level 5:colcon.colcon_core.verb:set package 'imu_driver' build argument 'cmake_target_skip_unavailable' from command line to 'False'
[0.262s] Level 5:colcon.colcon_core.verb:set package 'imu_driver' build argument 'cmake_clean_cache' from command line to 'False'
[0.262s] Level 5:colcon.colcon_core.verb:set package 'imu_driver' build argument 'cmake_clean_first' from command line to 'False'
[0.262s] Level 5:colcon.colcon_core.verb:set package 'imu_driver' build argument 'cmake_force_configure' from command line to 'False'
[0.262s] Level 5:colcon.colcon_core.verb:set package 'imu_driver' build argument 'ament_cmake_args' from command line to 'None'
[0.262s] Level 5:colcon.colcon_core.verb:set package 'imu_driver' build argument 'catkin_cmake_args' from command line to 'None'
[0.262s] Level 5:colcon.colcon_core.verb:set package 'imu_driver' build argument 'catkin_skip_building_tests' from command line to 'False'
[0.262s] DEBUG:colcon.colcon_core.verb:Building package 'imu_driver' with the following arguments: {'ament_cmake_args': None, 'build_base': '/home/savannah/EECE5554/LAB3/build/imu_driver', 'catkin_cmake_args': None, 'catkin_skip_building_tests': False, 'cmake_args': None, 'cmake_clean_cache': False, 'cmake_clean_first': False, 'cmake_force_configure': False, 'cmake_target': None, 'cmake_target_skip_unavailable': False, 'install_base': '/home/savannah/EECE5554/LAB3/install/imu_driver', 'merge_install': False, 'path': '/home/savannah/EECE5554/LAB3/src/imu_driver', 'symlink_install': False, 'test_result_base': None}
[0.262s] INFO:colcon.colcon_core.executor:Executing jobs using 'parallel' executor
[0.263s] DEBUG:colcon.colcon_parallel_executor.executor.parallel:run_until_complete
[0.263s] INFO:colcon.colcon_ros.task.ament_cmake.build:Building ROS package in '/home/savannah/EECE5554/LAB3/src/imu_msg' with build type 'ament_cmake'
[0.263s] INFO:colcon.colcon_cmake.task.cmake.build:Building CMake package in '/home/savannah/EECE5554/LAB3/src/imu_msg'
[0.265s] INFO:colcon.colcon_core.plugin_system:Skipping extension 'colcon_core.shell.bat': Not used on non-Windows systems
[0.265s] INFO:colcon.colcon_core.shell:Skip shell extension 'powershell' for command environment: Not usable outside of PowerShell
[0.265s] DEBUG:colcon.colcon_core.shell:Skip shell extension 'dsv' for command environment
[0.273s] DEBUG:colcon.colcon_core.event_handler.log_command:Invoking command in '/home/savannah/EECE5554/LAB3/build/imu_msg': CMAKE_PREFIX_PATH=${CMAKE_PREFIX_PATH}:/home/savannah/EECE5554/LAB3/install/imu_driver:/opt/ros/humble /usr/bin/cmake --build /home/savannah/EECE5554/LAB3/build/imu_msg -- -j4 -l4
[0.569s] DEBUG:colcon.colcon_core.event_handler.log_command:Invoked command in '/home/savannah/EECE5554/LAB3/build/imu_msg' returned '0': CMAKE_PREFIX_PATH=${CMAKE_PREFIX_PATH}:/home/savannah/EECE5554/LAB3/install/imu_driver:/opt/ros/humble /usr/bin/cmake --build /home/savannah/EECE5554/LAB3/build/imu_msg -- -j4 -l4
[0.578s] DEBUG:colcon.colcon_core.event_handler.log_command:Invoking command in '/home/savannah/EECE5554/LAB3/build/imu_msg': CMAKE_PREFIX_PATH=${CMAKE_PREFIX_PATH}:/home/savannah/EECE5554/LAB3/install/imu_driver:/opt/ros/humble /usr/bin/cmake --install /home/savannah/EECE5554/LAB3/build/imu_msg
[0.626s] Level 1:colcon.colcon_core.environment:create_environment_scripts_only(imu_msg)
[0.627s] Level 1:colcon.colcon_core.environment:checking '/home/savannah/EECE5554/LAB3/install/imu_msg' for CMake module files
[0.628s] Level 1:colcon.colcon_core.environment:checking '/home/savannah/EECE5554/LAB3/install/imu_msg' for CMake config files
[0.628s] DEBUG:colcon.colcon_core.event_handler.log_command:Invoked command in '/home/savannah/EECE5554/LAB3/build/imu_msg' returned '0': CMAKE_PREFIX_PATH=${CMAKE_PREFIX_PATH}:/home/savannah/EECE5554/LAB3/install/imu_driver:/opt/ros/humble /usr/bin/cmake --install /home/savannah/EECE5554/LAB3/build/imu_msg
[0.628s] Level 1:colcon.colcon_core.shell:create_environment_hook('imu_msg', 'cmake_prefix_path')
[0.629s] INFO:colcon.colcon_core.shell:Creating environment hook '/home/savannah/EECE5554/LAB3/install/imu_msg/share/imu_msg/hook/cmake_prefix_path.ps1'
[0.629s] INFO:colcon.colcon_core.shell:Creating environment descriptor '/home/savannah/EECE5554/LAB3/install/imu_msg/share/imu_msg/hook/cmake_prefix_path.dsv'
[0.630s] INFO:colcon.colcon_core.shell:Creating environment hook '/home/savannah/EECE5554/LAB3/install/imu_msg/share/imu_msg/hook/cmake_prefix_path.sh'
[0.630s] Level 1:colcon.colcon_core.environment:checking '/home/savannah/EECE5554/LAB3/install/imu_msg/lib'
[0.630s] Level 1:colcon.colcon_core.shell:create_environment_hook('imu_msg', 'ld_library_path_lib')
[0.631s] INFO:colcon.colcon_core.shell:Creating environment hook '/home/savannah/EECE5554/LAB3/install/imu_msg/share/imu_msg/hook/ld_library_path_lib.ps1'
[0.631s] INFO:colcon.colcon_core.shell:Creating environment descriptor '/home/savannah/EECE5554/LAB3/install/imu_msg/share/imu_msg/hook/ld_library_path_lib.dsv'
[0.631s] INFO:colcon.colcon_core.shell:Creating environment hook '/home/savannah/EECE5554/LAB3/install/imu_msg/share/imu_msg/hook/ld_library_path_lib.sh'
[0.632s] Level 1:colcon.colcon_core.environment:checking '/home/savannah/EECE5554/LAB3/install/imu_msg/bin'
[0.632s] Level 1:colcon.colcon_core.environment:checking '/home/savannah/EECE5554/LAB3/install/imu_msg/lib/pkgconfig/imu_msg.pc'
[0.632s] Level 1:colcon.colcon_core.environment:checking '/home/savannah/EECE5554/LAB3/install/imu_msg/lib/python3.10/site-packages'
[0.632s] Level 1:colcon.colcon_core.environment:checking '/home/savannah/EECE5554/LAB3/install/imu_msg/bin'
[0.632s] INFO:colcon.colcon_core.shell:Creating package script '/home/savannah/EECE5554/LAB3/install/imu_msg/share/imu_msg/package.ps1'
[0.633s] INFO:colcon.colcon_core.shell:Creating package descriptor '/home/savannah/EECE5554/LAB3/install/imu_msg/share/imu_msg/package.dsv'
[0.633s] INFO:colcon.colcon_core.shell:Creating package script '/home/savannah/EECE5554/LAB3/install/imu_msg/share/imu_msg/package.sh'
[0.634s] INFO:colcon.colcon_core.shell:Creating package script '/home/savannah/EECE5554/LAB3/install/imu_msg/share/imu_msg/package.bash'
[0.634s] INFO:colcon.colcon_core.shell:Creating package script '/home/savannah/EECE5554/LAB3/install/imu_msg/share/imu_msg/package.zsh'
[0.635s] Level 1:colcon.colcon_core.environment:create_file_with_runtime_dependencies(/home/savannah/EECE5554/LAB3/install/imu_msg/share/colcon-core/packages/imu_msg)
[0.636s] Level 1:colcon.colcon_core.environment:create_environment_scripts_only(imu_msg)
[0.636s] Level 1:colcon.colcon_core.environment:checking '/home/savannah/EECE5554/LAB3/install/imu_msg' for CMake module files
[0.636s] Level 1:colcon.colcon_core.environment:checking '/home/savannah/EECE5554/LAB3/install/imu_msg' for CMake config files
[0.636s] Level 1:colcon.colcon_core.shell:create_environment_hook('imu_msg', 'cmake_prefix_path')
[0.637s] INFO:colcon.colcon_core.shell:Creating environment hook '/home/savannah/EECE5554/LAB3/install/imu_msg/share/imu_msg/hook/cmake_prefix_path.ps1'
[0.637s] INFO:colcon.colcon_core.shell:Creating environment descriptor '/home/savannah/EECE5554/LAB3/install/imu_msg/share/imu_msg/hook/cmake_prefix_path.dsv'
[0.637s] INFO:colcon.colcon_core.shell:Creating environment hook '/home/savannah/EECE5554/LAB3/install/imu_msg/share/imu_msg/hook/cmake_prefix_path.sh'
[0.638s] Level 1:colcon.colcon_core.environment:checking '/home/savannah/EECE5554/LAB3/install/imu_msg/lib'
[0.638s] Level 1:colcon.colcon_core.shell:create_environment_hook('imu_msg', 'ld_library_path_lib')
[0.638s] INFO:colcon.colcon_core.shell:Creating environment hook '/home/savannah/EECE5554/LAB3/install/imu_msg/share/imu_msg/hook/ld_library_path_lib.ps1'
[0.638s] INFO:colcon.colcon_core.shell:Creating environment descriptor '/home/savannah/EECE5554/LAB3/install/imu_msg/share/imu_msg/hook/ld_library_path_lib.dsv'
[0.639s] INFO:colcon.colcon_core.shell:Creating environment hook '/home/savannah/EECE5554/LAB3/install/imu_msg/share/imu_msg/hook/ld_library_path_lib.sh'
[0.639s] Level 1:colcon.colcon_core.environment:checking '/home/savannah/EECE5554/LAB3/install/imu_msg/bin'
[0.639s] Level 1:colcon.colcon_core.environment:checking '/home/savannah/EECE5554/LAB3/install/imu_msg/lib/pkgconfig/imu_msg.pc'
[0.639s] Level 1:colcon.colcon_core.environment:checking '/home/savannah/EECE5554/LAB3/install/imu_msg/lib/python3.10/site-packages'
[0.639s] Level 1:colcon.colcon_core.environment:checking '/home/savannah/EECE5554/LAB3/install/imu_msg/bin'
[0.640s] INFO:colcon.colcon_core.shell:Creating package script '/home/savannah/EECE5554/LAB3/install/imu_msg/share/imu_msg/package.ps1'
[0.640s] INFO:colcon.colcon_core.shell:Creating package descriptor '/home/savannah/EECE5554/LAB3/install/imu_msg/share/imu_msg/package.dsv'
[0.640s] INFO:colcon.colcon_core.shell:Creating package script '/home/savannah/EECE5554/LAB3/install/imu_msg/share/imu_msg/package.sh'
[0.641s] INFO:colcon.colcon_core.shell:Creating package script '/home/savannah/EECE5554/LAB3/install/imu_msg/share/imu_msg/package.bash'
[0.641s] INFO:colcon.colcon_core.shell:Creating package script '/home/savannah/EECE5554/LAB3/install/imu_msg/share/imu_msg/package.zsh'
[0.642s] Level 1:colcon.colcon_core.environment:create_file_with_runtime_dependencies(/home/savannah/EECE5554/LAB3/install/imu_msg/share/colcon-core/packages/imu_msg)
[0.642s] INFO:colcon.colcon_ros.task.ament_python.build:Building ROS package in '/home/savannah/EECE5554/LAB3/src/imu_driver' with build type 'ament_python'
[0.643s] Level 1:colcon.colcon_core.shell:create_environment_hook('imu_driver', 'ament_prefix_path')
[0.643s] INFO:colcon.colcon_core.shell:Creating environment hook '/home/savannah/EECE5554/LAB3/install/imu_driver/share/imu_driver/hook/ament_prefix_path.ps1'
[0.643s] INFO:colcon.colcon_core.shell:Creating environment descriptor '/home/savannah/EECE5554/LAB3/install/imu_driver/share/imu_driver/hook/ament_prefix_path.dsv'
[0.644s] INFO:colcon.colcon_core.shell:Creating environment hook '/home/savannah/EECE5554/LAB3/install/imu_driver/share/imu_driver/hook/ament_prefix_path.sh'
[0.644s] INFO:colcon.colcon_core.shell:Skip shell extension 'powershell' for command environment: Not usable outside of PowerShell
[0.644s] DEBUG:colcon.colcon_core.shell:Skip shell extension 'dsv' for command environment
[0.833s] INFO:colcon.colcon_core.task.python.build:Building Python package in '/home/savannah/EECE5554/LAB3/src/imu_driver'
[0.834s] INFO:colcon.colcon_core.shell:Skip shell extension 'powershell' for command environment: Not usable outside of PowerShell
[0.834s] DEBUG:colcon.colcon_core.shell:Skip shell extension 'dsv' for command environment
[1.059s] DEBUG:colcon.colcon_core.event_handler.log_command:Invoking command in '/home/savannah/EECE5554/LAB3/src/imu_driver': PYTHONPATH=/home/savannah/EECE5554/LAB3/build/imu_driver/prefix_override:/usr/lib/python3/dist-packages/colcon_core/task/python/colcon_distutils_commands:/home/savannah/EECE5554/LAB3/install/imu_driver/lib/python3.10/site-packages:${PYTHONPATH} /usr/bin/python3 -W ignore:setup.py install is deprecated -W ignore:easy_install command is deprecated setup.py egg_info --egg-base ../../build/imu_driver build --build-base /home/savannah/EECE5554/LAB3/build/imu_driver/build install --record /home/savannah/EECE5554/LAB3/build/imu_driver/install.log --single-version-externally-managed install_data
[1.260s] Level 1:colcon.colcon_core.environment:checking '/home/savannah/EECE5554/LAB3/install/imu_driver' for CMake module files
[1.261s] DEBUG:colcon.colcon_core.event_handler.log_command:Invoked command in '/home/savannah/EECE5554/LAB3/src/imu_driver' returned '0': PYTHONPATH=/home/savannah/EECE5554/LAB3/build/imu_driver/prefix_override:/usr/lib/python3/dist-packages/colcon_core/task/python/colcon_distutils_commands:/home/savannah/EECE5554/LAB3/install/imu_driver/lib/python3.10/site-packages:${PYTHONPATH} /usr/bin/python3 -W ignore:setup.py install is deprecated -W ignore:easy_install command is deprecated setup.py egg_info --egg-base ../../build/imu_driver build --build-base /home/savannah/EECE5554/LAB3/build/imu_driver/build install --record /home/savannah/EECE5554/LAB3/build/imu_driver/install.log --single-version-externally-managed install_data
[1.262s] Level 1:colcon.colcon_core.environment:checking '/home/savannah/EECE5554/LAB3/install/imu_driver' for CMake config files
[1.262s] Level 1:colcon.colcon_core.environment:checking '/home/savannah/EECE5554/LAB3/install/imu_driver/lib'
[1.262s] Level 1:colcon.colcon_core.environment:checking '/home/savannah/EECE5554/LAB3/install/imu_driver/bin'
[1.262s] Level 1:colcon.colcon_core.environment:checking '/home/savannah/EECE5554/LAB3/install/imu_driver/lib/pkgconfig/imu_driver.pc'
[1.262s] Level 1:colcon.colcon_core.environment:checking '/home/savannah/EECE5554/LAB3/install/imu_driver/lib/python3.10/site-packages'
[1.262s] Level 1:colcon.colcon_core.shell:create_environment_hook('imu_driver', 'pythonpath')
[1.263s] INFO:colcon.colcon_core.shell:Creating environment hook '/home/savannah/EECE5554/LAB3/install/imu_driver/share/imu_driver/hook/pythonpath.ps1'
[1.263s] INFO:colcon.colcon_core.shell:Creating environment descriptor '/home/savannah/EECE5554/LAB3/install/imu_driver/share/imu_driver/hook/pythonpath.dsv'
[1.263s] INFO:colcon.colcon_core.shell:Creating environment hook '/home/savannah/EECE5554/LAB3/install/imu_driver/share/imu_driver/hook/pythonpath.sh'
[1.264s] Level 1:colcon.colcon_core.environment:checking '/home/savannah/EECE5554/LAB3/install/imu_driver/bin'
[1.264s] Level 1:colcon.colcon_core.environment:create_environment_scripts_only(imu_driver)
[1.264s] INFO:colcon.colcon_core.shell:Creating package script '/home/savannah/EECE5554/LAB3/install/imu_driver/share/imu_driver/package.ps1'
[1.265s] INFO:colcon.colcon_core.shell:Creating package descriptor '/home/savannah/EECE5554/LAB3/install/imu_driver/share/imu_driver/package.dsv'
[1.265s] INFO:colcon.colcon_core.shell:Creating package script '/home/savannah/EECE5554/LAB3/install/imu_driver/share/imu_driver/package.sh'
[1.265s] INFO:colcon.colcon_core.shell:Creating package script '/home/savannah/EECE5554/LAB3/install/imu_driver/share/imu_driver/package.bash'
[1.266s] INFO:colcon.colcon_core.shell:Creating package script '/home/savannah/EECE5554/LAB3/install/imu_driver/share/imu_driver/package.zsh'
[1.266s] Level 1:colcon.colcon_core.environment:create_file_with_runtime_dependencies(/home/savannah/EECE5554/LAB3/install/imu_driver/share/colcon-core/packages/imu_driver)
[1.266s] DEBUG:colcon.colcon_parallel_executor.executor.parallel:closing loop
[1.266s] DEBUG:colcon.colcon_parallel_executor.executor.parallel:loop closed
[1.266s] DEBUG:colcon.colcon_parallel_executor.executor.parallel:run_until_complete finished with '0'
[1.266s] DEBUG:colcon.colcon_core.event_reactor:joining thread
[1.270s] INFO:colcon.colcon_core.plugin_system:Skipping extension 'colcon_notification.desktop_notification.terminal_notifier': Not used on non-Darwin systems
[1.271s] INFO:colcon.colcon_core.plugin_system:Skipping extension 'colcon_notification.desktop_notification.win32': Not used on non-Windows systems
[1.271s] INFO:colcon.colcon_notification.desktop_notification:Sending desktop notification using 'notify2'
[1.281s] DEBUG:colcon.colcon_core.event_reactor:joined thread
[1.281s] INFO:colcon.colcon_core.shell:Creating prefix script '/home/savannah/EECE5554/LAB3/install/local_setup.ps1'
[1.282s] INFO:colcon.colcon_core.shell:Creating prefix util module '/home/savannah/EECE5554/LAB3/install/_local_setup_util_ps1.py'
[1.283s] INFO:colcon.colcon_core.shell:Creating prefix chain script '/home/savannah/EECE5554/LAB3/install/setup.ps1'
[1.284s] INFO:colcon.colcon_core.shell:Creating prefix script '/home/savannah/EECE5554/LAB3/install/local_setup.sh'
[1.284s] INFO:colcon.colcon_core.shell:Creating prefix util module '/home/savannah/EECE5554/LAB3/install/_local_setup_util_sh.py'
[1.285s] INFO:colcon.colcon_core.shell:Creating prefix chain script '/home/savannah/EECE5554/LAB3/install/setup.sh'
[1.285s] INFO:colcon.colcon_core.shell:Creating prefix script '/home/savannah/EECE5554/LAB3/install/local_setup.bash'
[1.286s] INFO:colcon.colcon_core.shell:Creating prefix chain script '/home/savannah/EECE5554/LAB3/install/setup.bash'
[1.287s] INFO:colcon.colcon_core.shell:Creating prefix script '/home/savannah/EECE5554/LAB3/install/local_setup.zsh'
[1.287s] INFO:colcon.colcon_core.shell:Creating prefix chain script '/home/savannah/EECE5554/LAB3/install/setup.zsh'
