[0.186s] DEBUG:colcon:Command line arguments: ['/usr/bin/colcon', 'build']
[0.186s] DEBUG:colcon:Parsed command line arguments: Namespace(log_base=None, log_level=None, verb_name='build', build_base='build', install_base='install', merge_install=False, symlink_install=False, test_result_base=None, continue_on_error=False, executor='parallel', parallel_workers=4, event_handlers=None, ignore_user_meta=False, metas=['./colcon.meta'], base_paths=['.'], packages_ignore=None, packages_ignore_regex=None, paths=None, packages_up_to=None, packages_up_to_regex=None, packages_above=None, packages_above_and_dependencies=None, packages_above_depth=None, packages_select_by_dep=None, packages_skip_by_dep=None, packages_skip_up_to=None, packages_select_build_failed=False, packages_skip_build_finished=False, packages_select_test_failures=False, packages_skip_test_passed=False, packages_select=None, packages_skip=None, packages_select_regex=None, packages_skip_regex=None, packages_start=None, packages_end=None, allow_overriding=[], cmake_args=None, cmake_target=None, cmake_target_skip_unavailable=False, cmake_clean_cache=False, cmake_clean_first=False, cmake_force_configure=False, ament_cmake_args=None, catkin_cmake_args=None, catkin_skip_building_tests=False, mixin_files=None, mixin=None, verb_parser=<colcon_mixin.mixin.mixin_argument.MixinArgumentDecorator object at 0x7a4cc6e618d0>, verb_extension=<colcon_core.verb.build.BuildVerb object at 0x7a4cc6e61240>, main=<bound method BuildVerb.main of <colcon_core.verb.build.BuildVerb object at 0x7a4cc6e61240>>, mixin_verb=('build',))
[0.421s] Level 1:colcon.colcon_core.package_discovery:discover_packages(colcon_meta) check parameters
[0.421s] Level 1:colcon.colcon_core.package_discovery:discover_packages(recursive) check parameters
[0.421s] Level 1:colcon.colcon_core.package_discovery:discover_packages(ignore) check parameters
[0.421s] Level 1:colcon.colcon_core.package_discovery:discover_packages(path) check parameters
[0.421s] Level 1:colcon.colcon_core.package_discovery:discover_packages(colcon_meta) discover
[0.421s] Level 1:colcon.colcon_core.package_discovery:discover_packages(recursive) discover
[0.421s] INFO:colcon.colcon_core.package_discovery:Crawling recursively for packages in '/home/savannah/EECE5554/LAB1'
[0.421s] Level 1:colcon.colcon_core.package_identification:_identify(.) by extensions ['ignore', 'ignore_ament_install']
[0.421s] Level 1:colcon.colcon_core.package_identification:_identify(.) by extension 'ignore'
[0.421s] Level 1:colcon.colcon_core.package_identification:_identify(.) by extension 'ignore_ament_install'
[0.421s] Level 1:colcon.colcon_core.package_identification:_identify(.) by extensions ['colcon_pkg']
[0.421s] Level 1:colcon.colcon_core.package_identification:_identify(.) by extension 'colcon_pkg'
[0.421s] Level 1:colcon.colcon_core.package_identification:_identify(.) by extensions ['colcon_meta']
[0.421s] Level 1:colcon.colcon_core.package_identification:_identify(.) by extension 'colcon_meta'
[0.421s] Level 1:colcon.colcon_core.package_identification:_identify(.) by extensions ['ros']
[0.421s] Level 1:colcon.colcon_core.package_identification:_identify(.) by extension 'ros'
[0.433s] Level 1:colcon.colcon_core.package_identification:_identify(.) by extensions ['cmake', 'python']
[0.433s] Level 1:colcon.colcon_core.package_identification:_identify(.) by extension 'cmake'
[0.433s] Level 1:colcon.colcon_core.package_identification:_identify(.) by extension 'python'
[0.433s] Level 1:colcon.colcon_core.package_identification:_identify(.) by extensions ['python_setup_py']
[0.433s] Level 1:colcon.colcon_core.package_identification:_identify(.) by extension 'python_setup_py'
[0.433s] Level 1:colcon.colcon_core.package_identification:_identify(build) by extensions ['ignore', 'ignore_ament_install']
[0.433s] Level 1:colcon.colcon_core.package_identification:_identify(build) by extension 'ignore'
[0.433s] Level 1:colcon.colcon_core.package_identification:_identify(build) ignored
[0.434s] Level 1:colcon.colcon_core.package_identification:_identify(install) by extensions ['ignore', 'ignore_ament_install']
[0.434s] Level 1:colcon.colcon_core.package_identification:_identify(install) by extension 'ignore'
[0.434s] Level 1:colcon.colcon_core.package_identification:_identify(install) ignored
[0.434s] Level 1:colcon.colcon_core.package_identification:_identify(log) by extensions ['ignore', 'ignore_ament_install']
[0.434s] Level 1:colcon.colcon_core.package_identification:_identify(log) by extension 'ignore'
[0.434s] Level 1:colcon.colcon_core.package_identification:_identify(log) ignored
[0.434s] Level 1:colcon.colcon_core.package_identification:_identify(src) by extensions ['ignore', 'ignore_ament_install']
[0.434s] Level 1:colcon.colcon_core.package_identification:_identify(src) by extension 'ignore'
[0.434s] Level 1:colcon.colcon_core.package_identification:_identify(src) by extension 'ignore_ament_install'
[0.434s] Level 1:colcon.colcon_core.package_identification:_identify(src) by extensions ['colcon_pkg']
[0.434s] Level 1:colcon.colcon_core.package_identification:_identify(src) by extension 'colcon_pkg'
[0.434s] Level 1:colcon.colcon_core.package_identification:_identify(src) by extensions ['colcon_meta']
[0.434s] Level 1:colcon.colcon_core.package_identification:_identify(src) by extension 'colcon_meta'
[0.434s] Level 1:colcon.colcon_core.package_identification:_identify(src) by extensions ['ros']
[0.434s] Level 1:colcon.colcon_core.package_identification:_identify(src) by extension 'ros'
[0.434s] Level 1:colcon.colcon_core.package_identification:_identify(src) by extensions ['cmake', 'python']
[0.434s] Level 1:colcon.colcon_core.package_identification:_identify(src) by extension 'cmake'
[0.434s] Level 1:colcon.colcon_core.package_identification:_identify(src) by extension 'python'
[0.434s] Level 1:colcon.colcon_core.package_identification:_identify(src) by extensions ['python_setup_py']
[0.434s] Level 1:colcon.colcon_core.package_identification:_identify(src) by extension 'python_setup_py'
[0.434s] Level 1:colcon.colcon_core.package_identification:_identify(src/db3_files) by extensions ['ignore', 'ignore_ament_install']
[0.434s] Level 1:colcon.colcon_core.package_identification:_identify(src/db3_files) by extension 'ignore'
[0.434s] Level 1:colcon.colcon_core.package_identification:_identify(src/db3_files) by extension 'ignore_ament_install'
[0.434s] Level 1:colcon.colcon_core.package_identification:_identify(src/db3_files) by extensions ['colcon_pkg']
[0.434s] Level 1:colcon.colcon_core.package_identification:_identify(src/db3_files) by extension 'colcon_pkg'
[0.434s] Level 1:colcon.colcon_core.package_identification:_identify(src/db3_files) by extensions ['colcon_meta']
[0.434s] Level 1:colcon.colcon_core.package_identification:_identify(src/db3_files) by extension 'colcon_meta'
[0.435s] Level 1:colcon.colcon_core.package_identification:_identify(src/db3_files) by extensions ['ros']
[0.435s] Level 1:colcon.colcon_core.package_identification:_identify(src/db3_files) by extension 'ros'
[0.435s] Level 1:colcon.colcon_core.package_identification:_identify(src/db3_files) by extensions ['cmake', 'python']
[0.435s] Level 1:colcon.colcon_core.package_identification:_identify(src/db3_files) by extension 'cmake'
[0.435s] Level 1:colcon.colcon_core.package_identification:_identify(src/db3_files) by extension 'python'
[0.435s] Level 1:colcon.colcon_core.package_identification:_identify(src/db3_files) by extensions ['python_setup_py']
[0.435s] Level 1:colcon.colcon_core.package_identification:_identify(src/db3_files) by extension 'python_setup_py'
[0.435s] Level 1:colcon.colcon_core.package_identification:_identify(src/gps_driver) by extensions ['ignore', 'ignore_ament_install']
[0.435s] Level 1:colcon.colcon_core.package_identification:_identify(src/gps_driver) by extension 'ignore'
[0.435s] Level 1:colcon.colcon_core.package_identification:_identify(src/gps_driver) by extension 'ignore_ament_install'
[0.435s] Level 1:colcon.colcon_core.package_identification:_identify(src/gps_driver) by extensions ['colcon_pkg']
[0.435s] Level 1:colcon.colcon_core.package_identification:_identify(src/gps_driver) by extension 'colcon_pkg'
[0.435s] Level 1:colcon.colcon_core.package_identification:_identify(src/gps_driver) by extensions ['colcon_meta']
[0.435s] Level 1:colcon.colcon_core.package_identification:_identify(src/gps_driver) by extension 'colcon_meta'
[0.435s] Level 1:colcon.colcon_core.package_identification:_identify(src/gps_driver) by extensions ['ros']
[0.435s] Level 1:colcon.colcon_core.package_identification:_identify(src/gps_driver) by extension 'ros'
[0.439s] DEBUG:colcon.colcon_core.package_identification:Package 'src/gps_driver' with type 'ros.ament_python' and name 'gps_driver'
[0.439s] Level 1:colcon.colcon_core.package_identification:_identify(src/gps_message) by extensions ['ignore', 'ignore_ament_install']
[0.439s] Level 1:colcon.colcon_core.package_identification:_identify(src/gps_message) by extension 'ignore'
[0.439s] Level 1:colcon.colcon_core.package_identification:_identify(src/gps_message) by extension 'ignore_ament_install'
[0.439s] Level 1:colcon.colcon_core.package_identification:_identify(src/gps_message) by extensions ['colcon_pkg']
[0.439s] Level 1:colcon.colcon_core.package_identification:_identify(src/gps_message) by extension 'colcon_pkg'
[0.439s] Level 1:colcon.colcon_core.package_identification:_identify(src/gps_message) by extensions ['colcon_meta']
[0.439s] Level 1:colcon.colcon_core.package_identification:_identify(src/gps_message) by extension 'colcon_meta'
[0.439s] Level 1:colcon.colcon_core.package_identification:_identify(src/gps_message) by extensions ['ros']
[0.439s] Level 1:colcon.colcon_core.package_identification:_identify(src/gps_message) by extension 'ros'
[0.440s] DEBUG:colcon.colcon_core.package_identification:Package 'src/gps_message' with type 'ros.ament_cmake' and name 'gps_message'
[0.440s] Level 1:colcon.colcon_core.package_discovery:discover_packages(recursive) using defaults
[0.440s] Level 1:colcon.colcon_core.package_discovery:discover_packages(ignore) discover
[0.440s] Level 1:colcon.colcon_core.package_discovery:discover_packages(ignore) using defaults
[0.440s] Level 1:colcon.colcon_core.package_discovery:discover_packages(path) discover
[0.440s] Level 1:colcon.colcon_core.package_discovery:discover_packages(path) using defaults
[0.483s] Level 1:colcon.colcon_core.package_discovery:discover_packages(prefix_path) check parameters
[0.483s] Level 1:colcon.colcon_core.package_discovery:discover_packages(prefix_path) discover
[0.488s] DEBUG:colcon.colcon_installed_package_information.package_discovery:Found 271 installed packages in /opt/ros/humble
[0.490s] Level 1:colcon.colcon_core.package_discovery:discover_packages(prefix_path) using defaults
[0.520s] Level 5:colcon.colcon_core.verb:set package 'gps_message' build argument 'cmake_args' from command line to 'None'
[0.520s] Level 5:colcon.colcon_core.verb:set package 'gps_message' build argument 'cmake_target' from command line to 'None'
[0.520s] Level 5:colcon.colcon_core.verb:set package 'gps_message' build argument 'cmake_target_skip_unavailable' from command line to 'False'
[0.520s] Level 5:colcon.colcon_core.verb:set package 'gps_message' build argument 'cmake_clean_cache' from command line to 'False'
[0.520s] Level 5:colcon.colcon_core.verb:set package 'gps_message' build argument 'cmake_clean_first' from command line to 'False'
[0.520s] Level 5:colcon.colcon_core.verb:set package 'gps_message' build argument 'cmake_force_configure' from command line to 'False'
[0.520s] Level 5:colcon.colcon_core.verb:set package 'gps_message' build argument 'ament_cmake_args' from command line to 'None'
[0.520s] Level 5:colcon.colcon_core.verb:set package 'gps_message' build argument 'catkin_cmake_args' from command line to 'None'
[0.520s] Level 5:colcon.colcon_core.verb:set package 'gps_message' build argument 'catkin_skip_building_tests' from command line to 'False'
[0.520s] DEBUG:colcon.colcon_core.verb:Building package 'gps_message' with the following arguments: {'ament_cmake_args': None, 'build_base': '/home/savannah/EECE5554/LAB1/build/gps_message', 'catkin_cmake_args': None, 'catkin_skip_building_tests': False, 'cmake_args': None, 'cmake_clean_cache': False, 'cmake_clean_first': False, 'cmake_force_configure': False, 'cmake_target': None, 'cmake_target_skip_unavailable': False, 'install_base': '/home/savannah/EECE5554/LAB1/install/gps_message', 'merge_install': False, 'path': '/home/savannah/EECE5554/LAB1/src/gps_message', 'symlink_install': False, 'test_result_base': None}
[0.520s] Level 5:colcon.colcon_core.verb:set package 'gps_driver' build argument 'cmake_args' from command line to 'None'
[0.520s] Level 5:colcon.colcon_core.verb:set package 'gps_driver' build argument 'cmake_target' from command line to 'None'
[0.520s] Level 5:colcon.colcon_core.verb:set package 'gps_driver' build argument 'cmake_target_skip_unavailable' from command line to 'False'
[0.520s] Level 5:colcon.colcon_core.verb:set package 'gps_driver' build argument 'cmake_clean_cache' from command line to 'False'
[0.520s] Level 5:colcon.colcon_core.verb:set package 'gps_driver' build argument 'cmake_clean_first' from command line to 'False'
[0.520s] Level 5:colcon.colcon_core.verb:set package 'gps_driver' build argument 'cmake_force_configure' from command line to 'False'
[0.520s] Level 5:colcon.colcon_core.verb:set package 'gps_driver' build argument 'ament_cmake_args' from command line to 'None'
[0.520s] Level 5:colcon.colcon_core.verb:set package 'gps_driver' build argument 'catkin_cmake_args' from command line to 'None'
[0.520s] Level 5:colcon.colcon_core.verb:set package 'gps_driver' build argument 'catkin_skip_building_tests' from command line to 'False'
[0.520s] DEBUG:colcon.colcon_core.verb:Building package 'gps_driver' with the following arguments: {'ament_cmake_args': None, 'build_base': '/home/savannah/EECE5554/LAB1/build/gps_driver', 'catkin_cmake_args': None, 'catkin_skip_building_tests': False, 'cmake_args': None, 'cmake_clean_cache': False, 'cmake_clean_first': False, 'cmake_force_configure': False, 'cmake_target': None, 'cmake_target_skip_unavailable': False, 'install_base': '/home/savannah/EECE5554/LAB1/install/gps_driver', 'merge_install': False, 'path': '/home/savannah/EECE5554/LAB1/src/gps_driver', 'symlink_install': False, 'test_result_base': None}
[0.521s] INFO:colcon.colcon_core.executor:Executing jobs using 'parallel' executor
[0.521s] DEBUG:colcon.colcon_parallel_executor.executor.parallel:run_until_complete
[0.522s] INFO:colcon.colcon_ros.task.ament_cmake.build:Building ROS package in '/home/savannah/EECE5554/LAB1/src/gps_message' with build type 'ament_cmake'
[0.522s] INFO:colcon.colcon_cmake.task.cmake.build:Building CMake package in '/home/savannah/EECE5554/LAB1/src/gps_message'
[0.527s] INFO:colcon.colcon_core.plugin_system:Skipping extension 'colcon_core.shell.bat': Not used on non-Windows systems
[0.527s] INFO:colcon.colcon_core.shell:Skip shell extension 'powershell' for command environment: Not usable outside of PowerShell
[0.527s] DEBUG:colcon.colcon_core.shell:Skip shell extension 'dsv' for command environment
[0.541s] DEBUG:colcon.colcon_core.event_handler.log_command:Invoking command in '/home/savannah/EECE5554/LAB1/build/gps_message': CMAKE_PREFIX_PATH=/opt/ros/humble /usr/bin/cmake /home/savannah/EECE5554/LAB1/src/gps_message -DCMAKE_INSTALL_PREFIX=/home/savannah/EECE5554/LAB1/install/gps_message
[2.277s] DEBUG:colcon.colcon_core.event_handler.log_command:Invoked command in '/home/savannah/EECE5554/LAB1/build/gps_message' returned '0': CMAKE_PREFIX_PATH=/opt/ros/humble /usr/bin/cmake /home/savannah/EECE5554/LAB1/src/gps_message -DCMAKE_INSTALL_PREFIX=/home/savannah/EECE5554/LAB1/install/gps_message
[2.279s] DEBUG:colcon.colcon_core.event_handler.log_command:Invoking command in '/home/savannah/EECE5554/LAB1/build/gps_message': CMAKE_PREFIX_PATH=/opt/ros/humble /usr/bin/cmake --build /home/savannah/EECE5554/LAB1/build/gps_message -- -j4 -l4
[4.667s] DEBUG:colcon.colcon_core.event_handler.log_command:Invoked command in '/home/savannah/EECE5554/LAB1/build/gps_message' returned '0': CMAKE_PREFIX_PATH=/opt/ros/humble /usr/bin/cmake --build /home/savannah/EECE5554/LAB1/build/gps_message -- -j4 -l4
[4.678s] DEBUG:colcon.colcon_core.event_handler.log_command:Invoking command in '/home/savannah/EECE5554/LAB1/build/gps_message': CMAKE_PREFIX_PATH=/opt/ros/humble /usr/bin/cmake --install /home/savannah/EECE5554/LAB1/build/gps_message
[4.734s] Level 1:colcon.colcon_core.environment:create_environment_scripts_only(gps_message)
[4.735s] DEBUG:colcon.colcon_core.event_handler.log_command:Invoked command in '/home/savannah/EECE5554/LAB1/build/gps_message' returned '0': CMAKE_PREFIX_PATH=/opt/ros/humble /usr/bin/cmake --install /home/savannah/EECE5554/LAB1/build/gps_message
[4.740s] Level 1:colcon.colcon_core.environment:checking '/home/savannah/EECE5554/LAB1/install/gps_message' for CMake module files
[4.741s] Level 1:colcon.colcon_core.environment:checking '/home/savannah/EECE5554/LAB1/install/gps_message' for CMake config files
[4.741s] Level 1:colcon.colcon_core.shell:create_environment_hook('gps_message', 'cmake_prefix_path')
[4.741s] INFO:colcon.colcon_core.shell:Creating environment hook '/home/savannah/EECE5554/LAB1/install/gps_message/share/gps_message/hook/cmake_prefix_path.ps1'
[4.742s] INFO:colcon.colcon_core.shell:Creating environment descriptor '/home/savannah/EECE5554/LAB1/install/gps_message/share/gps_message/hook/cmake_prefix_path.dsv'
[4.743s] INFO:colcon.colcon_core.shell:Creating environment hook '/home/savannah/EECE5554/LAB1/install/gps_message/share/gps_message/hook/cmake_prefix_path.sh'
[4.743s] Level 1:colcon.colcon_core.environment:checking '/home/savannah/EECE5554/LAB1/install/gps_message/lib'
[4.744s] Level 1:colcon.colcon_core.shell:create_environment_hook('gps_message', 'ld_library_path_lib')
[4.744s] INFO:colcon.colcon_core.shell:Creating environment hook '/home/savannah/EECE5554/LAB1/install/gps_message/share/gps_message/hook/ld_library_path_lib.ps1'
[4.744s] INFO:colcon.colcon_core.shell:Creating environment descriptor '/home/savannah/EECE5554/LAB1/install/gps_message/share/gps_message/hook/ld_library_path_lib.dsv'
[4.744s] INFO:colcon.colcon_core.shell:Creating environment hook '/home/savannah/EECE5554/LAB1/install/gps_message/share/gps_message/hook/ld_library_path_lib.sh'
[4.745s] Level 1:colcon.colcon_core.environment:checking '/home/savannah/EECE5554/LAB1/install/gps_message/bin'
[4.745s] Level 1:colcon.colcon_core.environment:checking '/home/savannah/EECE5554/LAB1/install/gps_message/lib/pkgconfig/gps_message.pc'
[4.745s] Level 1:colcon.colcon_core.environment:checking '/home/savannah/EECE5554/LAB1/install/gps_message/lib/python3.10/site-packages'
[4.745s] Level 1:colcon.colcon_core.environment:checking '/home/savannah/EECE5554/LAB1/install/gps_message/bin'
[4.746s] INFO:colcon.colcon_core.shell:Creating package script '/home/savannah/EECE5554/LAB1/install/gps_message/share/gps_message/package.ps1'
[4.746s] INFO:colcon.colcon_core.shell:Creating package descriptor '/home/savannah/EECE5554/LAB1/install/gps_message/share/gps_message/package.dsv'
[4.747s] INFO:colcon.colcon_core.shell:Creating package script '/home/savannah/EECE5554/LAB1/install/gps_message/share/gps_message/package.sh'
[4.748s] INFO:colcon.colcon_core.shell:Creating package script '/home/savannah/EECE5554/LAB1/install/gps_message/share/gps_message/package.bash'
[4.750s] INFO:colcon.colcon_core.shell:Creating package script '/home/savannah/EECE5554/LAB1/install/gps_message/share/gps_message/package.zsh'
[4.750s] Level 1:colcon.colcon_core.environment:create_file_with_runtime_dependencies(/home/savannah/EECE5554/LAB1/install/gps_message/share/colcon-core/packages/gps_message)
[4.751s] Level 1:colcon.colcon_core.environment:create_environment_scripts_only(gps_message)
[4.751s] Level 1:colcon.colcon_core.environment:checking '/home/savannah/EECE5554/LAB1/install/gps_message' for CMake module files
[4.751s] Level 1:colcon.colcon_core.environment:checking '/home/savannah/EECE5554/LAB1/install/gps_message' for CMake config files
[4.752s] Level 1:colcon.colcon_core.shell:create_environment_hook('gps_message', 'cmake_prefix_path')
[4.752s] INFO:colcon.colcon_core.shell:Creating environment hook '/home/savannah/EECE5554/LAB1/install/gps_message/share/gps_message/hook/cmake_prefix_path.ps1'
[4.752s] INFO:colcon.colcon_core.shell:Creating environment descriptor '/home/savannah/EECE5554/LAB1/install/gps_message/share/gps_message/hook/cmake_prefix_path.dsv'
[4.752s] INFO:colcon.colcon_core.shell:Creating environment hook '/home/savannah/EECE5554/LAB1/install/gps_message/share/gps_message/hook/cmake_prefix_path.sh'
[4.753s] Level 1:colcon.colcon_core.environment:checking '/home/savannah/EECE5554/LAB1/install/gps_message/lib'
[4.753s] Level 1:colcon.colcon_core.shell:create_environment_hook('gps_message', 'ld_library_path_lib')
[4.753s] INFO:colcon.colcon_core.shell:Creating environment hook '/home/savannah/EECE5554/LAB1/install/gps_message/share/gps_message/hook/ld_library_path_lib.ps1'
[4.753s] INFO:colcon.colcon_core.shell:Creating environment descriptor '/home/savannah/EECE5554/LAB1/install/gps_message/share/gps_message/hook/ld_library_path_lib.dsv'
[4.754s] INFO:colcon.colcon_core.shell:Creating environment hook '/home/savannah/EECE5554/LAB1/install/gps_message/share/gps_message/hook/ld_library_path_lib.sh'
[4.754s] Level 1:colcon.colcon_core.environment:checking '/home/savannah/EECE5554/LAB1/install/gps_message/bin'
[4.754s] Level 1:colcon.colcon_core.environment:checking '/home/savannah/EECE5554/LAB1/install/gps_message/lib/pkgconfig/gps_message.pc'
[4.754s] Level 1:colcon.colcon_core.environment:checking '/home/savannah/EECE5554/LAB1/install/gps_message/lib/python3.10/site-packages'
[4.754s] Level 1:colcon.colcon_core.environment:checking '/home/savannah/EECE5554/LAB1/install/gps_message/bin'
[4.755s] INFO:colcon.colcon_core.shell:Creating package script '/home/savannah/EECE5554/LAB1/install/gps_message/share/gps_message/package.ps1'
[4.755s] INFO:colcon.colcon_core.shell:Creating package descriptor '/home/savannah/EECE5554/LAB1/install/gps_message/share/gps_message/package.dsv'
[4.755s] INFO:colcon.colcon_core.shell:Creating package script '/home/savannah/EECE5554/LAB1/install/gps_message/share/gps_message/package.sh'
[4.756s] INFO:colcon.colcon_core.shell:Creating package script '/home/savannah/EECE5554/LAB1/install/gps_message/share/gps_message/package.bash'
[4.756s] INFO:colcon.colcon_core.shell:Creating package script '/home/savannah/EECE5554/LAB1/install/gps_message/share/gps_message/package.zsh'
[4.757s] Level 1:colcon.colcon_core.environment:create_file_with_runtime_dependencies(/home/savannah/EECE5554/LAB1/install/gps_message/share/colcon-core/packages/gps_message)
[4.757s] INFO:colcon.colcon_ros.task.ament_python.build:Building ROS package in '/home/savannah/EECE5554/LAB1/src/gps_driver' with build type 'ament_python'
[4.757s] Level 1:colcon.colcon_core.shell:create_environment_hook('gps_driver', 'ament_prefix_path')
[4.757s] INFO:colcon.colcon_core.shell:Creating environment hook '/home/savannah/EECE5554/LAB1/install/gps_driver/share/gps_driver/hook/ament_prefix_path.ps1'
[4.758s] INFO:colcon.colcon_core.shell:Creating environment descriptor '/home/savannah/EECE5554/LAB1/install/gps_driver/share/gps_driver/hook/ament_prefix_path.dsv'
[4.758s] INFO:colcon.colcon_core.shell:Creating environment hook '/home/savannah/EECE5554/LAB1/install/gps_driver/share/gps_driver/hook/ament_prefix_path.sh'
[4.759s] INFO:colcon.colcon_core.shell:Skip shell extension 'powershell' for command environment: Not usable outside of PowerShell
[4.759s] DEBUG:colcon.colcon_core.shell:Skip shell extension 'dsv' for command environment
[4.968s] INFO:colcon.colcon_core.task.python.build:Building Python package in '/home/savannah/EECE5554/LAB1/src/gps_driver'
[4.968s] INFO:colcon.colcon_core.shell:Skip shell extension 'powershell' for command environment: Not usable outside of PowerShell
[4.968s] DEBUG:colcon.colcon_core.shell:Skip shell extension 'dsv' for command environment
[5.271s] DEBUG:colcon.colcon_core.event_handler.log_command:Invoking command in '/home/savannah/EECE5554/LAB1/src/gps_driver': AMENT_PREFIX_PATH=/home/savannah/EECE5554/LAB1/install/gps_message:${AMENT_PREFIX_PATH} CMAKE_PREFIX_PATH=/home/savannah/EECE5554/LAB1/install/gps_message LD_LIBRARY_PATH=/home/savannah/EECE5554/LAB1/install/gps_message/lib:${LD_LIBRARY_PATH} PYTHONPATH=/home/savannah/EECE5554/LAB1/build/gps_driver/prefix_override:/usr/lib/python3/dist-packages/colcon_core/task/python/colcon_distutils_commands:/home/savannah/EECE5554/LAB1/install/gps_driver/lib/python3.10/site-packages:/home/savannah/EECE5554/LAB1/install/gps_message/local/lib/python3.10/dist-packages:${PYTHONPATH} /usr/bin/python3 -W ignore:setup.py install is deprecated -W ignore:easy_install command is deprecated setup.py egg_info --egg-base ../../build/gps_driver build --build-base /home/savannah/EECE5554/LAB1/build/gps_driver/build install --record /home/savannah/EECE5554/LAB1/build/gps_driver/install.log --single-version-externally-managed install_data
[5.533s] Level 1:colcon.colcon_core.environment:checking '/home/savannah/EECE5554/LAB1/install/gps_driver' for CMake module files
[5.533s] Level 1:colcon.colcon_core.environment:checking '/home/savannah/EECE5554/LAB1/install/gps_driver' for CMake config files
[5.534s] Level 1:colcon.colcon_core.environment:checking '/home/savannah/EECE5554/LAB1/install/gps_driver/lib'
[5.535s] DEBUG:colcon.colcon_core.event_handler.log_command:Invoked command in '/home/savannah/EECE5554/LAB1/src/gps_driver' returned '0': AMENT_PREFIX_PATH=/home/savannah/EECE5554/LAB1/install/gps_message:${AMENT_PREFIX_PATH} CMAKE_PREFIX_PATH=/home/savannah/EECE5554/LAB1/install/gps_message LD_LIBRARY_PATH=/home/savannah/EECE5554/LAB1/install/gps_message/lib:${LD_LIBRARY_PATH} PYTHONPATH=/home/savannah/EECE5554/LAB1/build/gps_driver/prefix_override:/usr/lib/python3/dist-packages/colcon_core/task/python/colcon_distutils_commands:/home/savannah/EECE5554/LAB1/install/gps_driver/lib/python3.10/site-packages:/home/savannah/EECE5554/LAB1/install/gps_message/local/lib/python3.10/dist-packages:${PYTHONPATH} /usr/bin/python3 -W ignore:setup.py install is deprecated -W ignore:easy_install command is deprecated setup.py egg_info --egg-base ../../build/gps_driver build --build-base /home/savannah/EECE5554/LAB1/build/gps_driver/build install --record /home/savannah/EECE5554/LAB1/build/gps_driver/install.log --single-version-externally-managed install_data
[5.535s] Level 1:colcon.colcon_core.environment:checking '/home/savannah/EECE5554/LAB1/install/gps_driver/bin'
[5.535s] Level 1:colcon.colcon_core.environment:checking '/home/savannah/EECE5554/LAB1/install/gps_driver/lib/pkgconfig/gps_driver.pc'
[5.536s] Level 1:colcon.colcon_core.environment:checking '/home/savannah/EECE5554/LAB1/install/gps_driver/lib/python3.10/site-packages'
[5.536s] Level 1:colcon.colcon_core.shell:create_environment_hook('gps_driver', 'pythonpath')
[5.536s] INFO:colcon.colcon_core.shell:Creating environment hook '/home/savannah/EECE5554/LAB1/install/gps_driver/share/gps_driver/hook/pythonpath.ps1'
[5.536s] INFO:colcon.colcon_core.shell:Creating environment descriptor '/home/savannah/EECE5554/LAB1/install/gps_driver/share/gps_driver/hook/pythonpath.dsv'
[5.537s] INFO:colcon.colcon_core.shell:Creating environment hook '/home/savannah/EECE5554/LAB1/install/gps_driver/share/gps_driver/hook/pythonpath.sh'
[5.537s] Level 1:colcon.colcon_core.environment:checking '/home/savannah/EECE5554/LAB1/install/gps_driver/bin'
[5.537s] Level 1:colcon.colcon_core.environment:create_environment_scripts_only(gps_driver)
[5.537s] INFO:colcon.colcon_core.shell:Creating package script '/home/savannah/EECE5554/LAB1/install/gps_driver/share/gps_driver/package.ps1'
[5.539s] INFO:colcon.colcon_core.shell:Creating package descriptor '/home/savannah/EECE5554/LAB1/install/gps_driver/share/gps_driver/package.dsv'
[5.540s] INFO:colcon.colcon_core.shell:Creating package script '/home/savannah/EECE5554/LAB1/install/gps_driver/share/gps_driver/package.sh'
[5.540s] INFO:colcon.colcon_core.shell:Creating package script '/home/savannah/EECE5554/LAB1/install/gps_driver/share/gps_driver/package.bash'
[5.540s] INFO:colcon.colcon_core.shell:Creating package script '/home/savannah/EECE5554/LAB1/install/gps_driver/share/gps_driver/package.zsh'
[5.541s] Level 1:colcon.colcon_core.environment:create_file_with_runtime_dependencies(/home/savannah/EECE5554/LAB1/install/gps_driver/share/colcon-core/packages/gps_driver)
[5.541s] DEBUG:colcon.colcon_parallel_executor.executor.parallel:closing loop
[5.541s] DEBUG:colcon.colcon_parallel_executor.executor.parallel:loop closed
[5.541s] DEBUG:colcon.colcon_parallel_executor.executor.parallel:run_until_complete finished with '0'
[5.541s] DEBUG:colcon.colcon_core.event_reactor:joining thread
[5.553s] INFO:colcon.colcon_core.plugin_system:Skipping extension 'colcon_notification.desktop_notification.terminal_notifier': Not used on non-Darwin systems
[5.553s] INFO:colcon.colcon_core.plugin_system:Skipping extension 'colcon_notification.desktop_notification.win32': Not used on non-Windows systems
[5.553s] INFO:colcon.colcon_notification.desktop_notification:Sending desktop notification using 'notify2'
[5.578s] DEBUG:colcon.colcon_core.event_reactor:joined thread
[5.578s] INFO:colcon.colcon_core.shell:Creating prefix script '/home/savannah/EECE5554/LAB1/install/local_setup.ps1'
[5.580s] INFO:colcon.colcon_core.shell:Creating prefix util module '/home/savannah/EECE5554/LAB1/install/_local_setup_util_ps1.py'
[5.581s] INFO:colcon.colcon_core.shell:Creating prefix chain script '/home/savannah/EECE5554/LAB1/install/setup.ps1'
[5.582s] INFO:colcon.colcon_core.shell:Creating prefix script '/home/savannah/EECE5554/LAB1/install/local_setup.sh'
[5.583s] INFO:colcon.colcon_core.shell:Creating prefix util module '/home/savannah/EECE5554/LAB1/install/_local_setup_util_sh.py'
[5.584s] INFO:colcon.colcon_core.shell:Creating prefix chain script '/home/savannah/EECE5554/LAB1/install/setup.sh'
[5.585s] INFO:colcon.colcon_core.shell:Creating prefix script '/home/savannah/EECE5554/LAB1/install/local_setup.bash'
[5.586s] INFO:colcon.colcon_core.shell:Creating prefix chain script '/home/savannah/EECE5554/LAB1/install/setup.bash'
[5.587s] INFO:colcon.colcon_core.shell:Creating prefix script '/home/savannah/EECE5554/LAB1/install/local_setup.zsh'
[5.588s] INFO:colcon.colcon_core.shell:Creating prefix chain script '/home/savannah/EECE5554/LAB1/install/setup.zsh'
