[0.964s] Invoking command in '/home/savannah/EECE5554/LAB4/src/imu_driver': AMENT_PREFIX_PATH=/home/savannah/EECE5554/LAB4/install/imu_msg:${AMENT_PREFIX_PATH} CMAKE_PREFIX_PATH=/home/savannah/EECE5554/LAB4/install/imu_msg LD_LIBRARY_PATH=/home/savannah/EECE5554/LAB4/install/imu_msg/lib:${LD_LIBRARY_PATH} PYTHONPATH=/home/savannah/EECE5554/LAB4/build/imu_driver/prefix_override:/usr/lib/python3/dist-packages/colcon_core/task/python/colcon_distutils_commands:/home/savannah/EECE5554/LAB4/install/imu_driver/lib/python3.10/site-packages:/home/savannah/EECE5554/LAB4/install/imu_msg/local/lib/python3.10/dist-packages:${PYTHONPATH} /usr/bin/python3 -W ignore:setup.py install is deprecated -W ignore:easy_install command is deprecated setup.py egg_info --egg-base ../../build/imu_driver build --build-base /home/savannah/EECE5554/LAB4/build/imu_driver/build install --record /home/savannah/EECE5554/LAB4/build/imu_driver/install.log --single-version-externally-managed install_data
[1.214s] running egg_info
[1.215s] creating ../../build/imu_driver/imu_driver.egg-info
[1.215s] writing ../../build/imu_driver/imu_driver.egg-info/PKG-INFO
[1.216s] writing dependency_links to ../../build/imu_driver/imu_driver.egg-info/dependency_links.txt
[1.216s] writing entry points to ../../build/imu_driver/imu_driver.egg-info/entry_points.txt
[1.216s] writing requirements to ../../build/imu_driver/imu_driver.egg-info/requires.txt
[1.216s] writing top-level names to ../../build/imu_driver/imu_driver.egg-info/top_level.txt
[1.216s] writing manifest file '../../build/imu_driver/imu_driver.egg-info/SOURCES.txt'
[1.217s] reading manifest file '../../build/imu_driver/imu_driver.egg-info/SOURCES.txt'
[1.217s] adding license file 'LICENSE'
[1.218s] writing manifest file '../../build/imu_driver/imu_driver.egg-info/SOURCES.txt'
[1.218s] running build
[1.218s] running build_py
[1.219s] creating /home/savannah/EECE5554/LAB4/build/imu_driver/build
[1.219s] creating /home/savannah/EECE5554/LAB4/build/imu_driver/build/lib
[1.219s] creating /home/savannah/EECE5554/LAB4/build/imu_driver/build/lib/imu_driver
[1.219s] copying imu_driver/imu_driver.py -> /home/savannah/EECE5554/LAB4/build/imu_driver/build/lib/imu_driver
[1.219s] copying imu_driver/__init__.py -> /home/savannah/EECE5554/LAB4/build/imu_driver/build/lib/imu_driver
[1.219s] running install
[1.219s] running install_lib
[1.222s] creating /home/savannah/EECE5554/LAB4/install/imu_driver/lib/python3.10/site-packages/imu_driver
[1.222s] copying /home/savannah/EECE5554/LAB4/build/imu_driver/build/lib/imu_driver/imu_driver.py -> /home/savannah/EECE5554/LAB4/install/imu_driver/lib/python3.10/site-packages/imu_driver
[1.222s] copying /home/savannah/EECE5554/LAB4/build/imu_driver/build/lib/imu_driver/__init__.py -> /home/savannah/EECE5554/LAB4/install/imu_driver/lib/python3.10/site-packages/imu_driver
[1.222s] byte-compiling /home/savannah/EECE5554/LAB4/install/imu_driver/lib/python3.10/site-packages/imu_driver/imu_driver.py to imu_driver.cpython-310.pyc
[1.223s] byte-compiling /home/savannah/EECE5554/LAB4/install/imu_driver/lib/python3.10/site-packages/imu_driver/__init__.py to __init__.cpython-310.pyc
[1.223s] running install_data
[1.223s] creating /home/savannah/EECE5554/LAB4/install/imu_driver/share/ament_index
[1.223s] creating /home/savannah/EECE5554/LAB4/install/imu_driver/share/ament_index/resource_index
[1.223s] creating /home/savannah/EECE5554/LAB4/install/imu_driver/share/ament_index/resource_index/packages
[1.223s] copying resource/imu_driver -> /home/savannah/EECE5554/LAB4/install/imu_driver/share/ament_index/resource_index/packages
[1.223s] copying package.xml -> /home/savannah/EECE5554/LAB4/install/imu_driver/share/imu_driver
[1.223s] creating /home/savannah/EECE5554/LAB4/install/imu_driver/share/imu_driver/launch
[1.223s] copying launch/imu_launch.py -> /home/savannah/EECE5554/LAB4/install/imu_driver/share/imu_driver/launch
[1.223s] running install_egg_info
[1.225s] Copying ../../build/imu_driver/imu_driver.egg-info to /home/savannah/EECE5554/LAB4/install/imu_driver/lib/python3.10/site-packages/imu_driver-0.0.0-py3.10.egg-info
[1.225s] running install_scripts
[1.247s] Installing imu_driver script to /home/savannah/EECE5554/LAB4/install/imu_driver/lib/imu_driver
[1.248s] writing list of installed files to '/home/savannah/EECE5554/LAB4/build/imu_driver/install.log'
[1.279s] Invoked command in '/home/savannah/EECE5554/LAB4/src/imu_driver' returned '0': AMENT_PREFIX_PATH=/home/savannah/EECE5554/LAB4/install/imu_msg:${AMENT_PREFIX_PATH} CMAKE_PREFIX_PATH=/home/savannah/EECE5554/LAB4/install/imu_msg LD_LIBRARY_PATH=/home/savannah/EECE5554/LAB4/install/imu_msg/lib:${LD_LIBRARY_PATH} PYTHONPATH=/home/savannah/EECE5554/LAB4/build/imu_driver/prefix_override:/usr/lib/python3/dist-packages/colcon_core/task/python/colcon_distutils_commands:/home/savannah/EECE5554/LAB4/install/imu_driver/lib/python3.10/site-packages:/home/savannah/EECE5554/LAB4/install/imu_msg/local/lib/python3.10/dist-packages:${PYTHONPATH} /usr/bin/python3 -W ignore:setup.py install is deprecated -W ignore:easy_install command is deprecated setup.py egg_info --egg-base ../../build/imu_driver build --build-base /home/savannah/EECE5554/LAB4/build/imu_driver/build install --record /home/savannah/EECE5554/LAB4/build/imu_driver/install.log --single-version-externally-managed install_data
