[0.012s] Invoking command in '/home/savannah/EECE5554/LAB4/build/imu_msg': CMAKE_PREFIX_PATH=${CMAKE_PREFIX_PATH}:/home/savannah/EECE5554/LAB4/install/fusion_driver:/home/savannah/EECE5554/LAB4/install/imu_driver:/home/savannah/EECE5554/LAB4/install/gps_driver:/opt/ros/humble /usr/bin/cmake /home/savannah/EECE5554/LAB4/src/imu_msg -DCMAKE_INSTALL_PREFIX=/home/savannah/EECE5554/LAB4/install/imu_msg
[0.063s] -- The C compiler identification is GNU 11.4.0
[0.108s] -- The CXX compiler identification is GNU 11.4.0
[0.114s] -- Detecting C compiler ABI info
[0.187s] -- Detecting C compiler ABI info - done
[0.191s] -- Check for working C compiler: /usr/bin/cc - skipped
[0.192s] -- Detecting C compile features
[0.192s] -- Detecting C compile features - done
[0.194s] -- Detecting CXX compiler ABI info
[0.272s] -- Detecting CXX compiler ABI info - done
[0.278s] -- Check for working CXX compiler: /usr/bin/c++ - skipped
[0.278s] -- Detecting CXX compile features
[0.278s] -- Detecting CXX compile features - done
[0.280s] -- Found ament_cmake: 1.3.11 (/opt/ros/humble/share/ament_cmake/cmake)
[0.419s] -- Found Python3: /usr/bin/python3 (found version "3.10.12") found components: Interpreter 
[0.496s] -- Found std_msgs: 4.2.4 (/opt/ros/humble/share/std_msgs/cmake)
[0.516s] -- Found rosidl_generator_c: 3.1.6 (/opt/ros/humble/share/rosidl_generator_c/cmake)
[0.521s] -- Found rosidl_adapter: 3.1.6 (/opt/ros/humble/share/rosidl_adapter/cmake)
[0.527s] -- Found rosidl_generator_cpp: 3.1.6 (/opt/ros/humble/share/rosidl_generator_cpp/cmake)
[0.537s] -- Using all available rosidl_typesupport_c: rosidl_typesupport_fastrtps_c;rosidl_typesupport_introspection_c
[0.548s] -- Using all available rosidl_typesupport_cpp: rosidl_typesupport_fastrtps_cpp;rosidl_typesupport_introspection_cpp
[0.571s] -- Found sensor_msgs: 4.2.4 (/opt/ros/humble/share/sensor_msgs/cmake)
[0.594s] -- Found rosidl_default_generators: 1.2.0 (/opt/ros/humble/share/rosidl_default_generators/cmake)
[0.855s] -- Found ament_cmake_ros: 0.10.0 (/opt/ros/humble/share/ament_cmake_ros/cmake)
[1.292s] -- Using all available rosidl_typesupport_c: rosidl_typesupport_fastrtps_c;rosidl_typesupport_introspection_c
[1.459s] -- Using all available rosidl_typesupport_cpp: rosidl_typesupport_fastrtps_cpp;rosidl_typesupport_introspection_cpp
[1.485s] -- Found PythonInterp: /usr/bin/python3 (found suitable version "3.10.12", minimum required is "3.6") 
[1.485s] -- Found python_cmake_module: 0.10.0 (/opt/ros/humble/share/python_cmake_module/cmake)
[1.511s] -- Found PythonLibs: /usr/lib/x86_64-linux-gnu/libpython3.10.so (found suitable version "3.10.12", minimum required is "3.5") 
[1.511s] -- Using PYTHON_EXECUTABLE: /usr/bin/python3
[1.511s] -- Using PYTHON_INCLUDE_DIRS: /usr/include/python3.10
[1.511s] -- Using PYTHON_LIBRARIES: /usr/lib/x86_64-linux-gnu/libpython3.10.so
[1.531s] -- Found PythonExtra: .so  
[1.699s] -- Configuring done
[1.778s] -- Generating done
[1.789s] -- Build files have been written to: /home/savannah/EECE5554/LAB4/build/imu_msg
[1.802s] Invoked command in '/home/savannah/EECE5554/LAB4/build/imu_msg' returned '0': CMAKE_PREFIX_PATH=${CMAKE_PREFIX_PATH}:/home/savannah/EECE5554/LAB4/install/fusion_driver:/home/savannah/EECE5554/LAB4/install/imu_driver:/home/savannah/EECE5554/LAB4/install/gps_driver:/opt/ros/humble /usr/bin/cmake /home/savannah/EECE5554/LAB4/src/imu_msg -DCMAKE_INSTALL_PREFIX=/home/savannah/EECE5554/LAB4/install/imu_msg
[1.802s] Invoking command in '/home/savannah/EECE5554/LAB4/build/imu_msg': CMAKE_PREFIX_PATH=${CMAKE_PREFIX_PATH}:/home/savannah/EECE5554/LAB4/install/fusion_driver:/home/savannah/EECE5554/LAB4/install/imu_driver:/home/savannah/EECE5554/LAB4/install/gps_driver:/opt/ros/humble /usr/bin/cmake --build /home/savannah/EECE5554/LAB4/build/imu_msg -- -j4 -l4
[1.846s] [  3%] [34m[1mGenerating C code for ROS interfaces[0m
[1.862s] [  3%] Built target ament_cmake_python_copy_imu_msg
[1.870s] [  6%] [34m[1mGenerating C++ code for ROS interfaces[0m
[2.337s] running egg_info
[2.337s] creating imu_msg.egg-info
[2.337s] writing imu_msg.egg-info/PKG-INFO
[2.337s] writing dependency_links to imu_msg.egg-info/dependency_links.txt
[2.337s] writing top-level names to imu_msg.egg-info/top_level.txt
[2.337s] writing manifest file 'imu_msg.egg-info/SOURCES.txt'
[2.339s] reading manifest file 'imu_msg.egg-info/SOURCES.txt'
[2.341s] writing manifest file 'imu_msg.egg-info/SOURCES.txt'
[2.368s] [  9%] [32mBuilding C object CMakeFiles/imu_msg__rosidl_generator_c.dir/rosidl_generator_c/imu_msg/msg/detail/imu_msg__functions.c.o[0m
[2.384s] [  9%] Built target imu_msg__cpp
[2.406s] [ 12%] [34m[1mGenerating C++ type support dispatch for ROS interfaces[0m
[2.406s] [ 12%] Built target ament_cmake_python_build_imu_msg_egg
[2.409s] [ 16%] [34m[1mGenerating C++ type support for eProsima Fast-RTPS[0m
[2.434s] [ 19%] [34m[1mGenerating C++ introspection for ROS interfaces[0m
[2.471s] [ 22%] [32m[1mLinking C shared library libimu_msg__rosidl_generator_c.so[0m
[2.542s] [ 22%] Built target imu_msg__rosidl_generator_c
[2.584s] [ 25%] [34m[1mGenerating C type support for eProsima Fast-RTPS[0m
[2.792s] [ 29%] [32mBuilding CXX object CMakeFiles/imu_msg__rosidl_typesupport_fastrtps_cpp.dir/rosidl_typesupport_fastrtps_cpp/imu_msg/msg/detail/dds_fastrtps/imu_msg__type_support.cpp.o[0m
[2.941s] [ 32%] [32mBuilding CXX object CMakeFiles/imu_msg__rosidl_typesupport_introspection_cpp.dir/rosidl_typesupport_introspection_cpp/imu_msg/msg/detail/imu_msg__type_support.cpp.o[0m
[2.959s] [ 35%] [32mBuilding CXX object CMakeFiles/imu_msg__rosidl_typesupport_cpp.dir/rosidl_typesupport_cpp/imu_msg/msg/imu_msg__type_support.cpp.o[0m
[3.068s] [ 38%] [32mBuilding CXX object CMakeFiles/imu_msg__rosidl_typesupport_fastrtps_c.dir/rosidl_typesupport_fastrtps_c/imu_msg/msg/detail/imu_msg__type_support_c.cpp.o[0m
[3.375s] [ 41%] [32m[1mLinking CXX shared library libimu_msg__rosidl_typesupport_fastrtps_cpp.so[0m
[3.462s] [ 45%] [32m[1mLinking CXX shared library libimu_msg__rosidl_typesupport_cpp.so[0m
[3.509s] [ 45%] Built target imu_msg__rosidl_typesupport_fastrtps_cpp
[3.517s] [ 45%] Built target imu_msg__rosidl_typesupport_cpp
[3.530s] [ 48%] [34m[1mGenerating C introspection for ROS interfaces[0m
[3.535s] [ 51%] [34m[1mGenerating C type support dispatch for ROS interfaces[0m
[3.598s] [ 54%] [32m[1mLinking CXX shared library libimu_msg__rosidl_typesupport_fastrtps_c.so[0m
[3.628s] [ 58%] [32m[1mLinking CXX shared library libimu_msg__rosidl_typesupport_introspection_cpp.so[0m
[3.712s] [ 58%] Built target imu_msg__rosidl_typesupport_introspection_cpp
[3.712s] [ 58%] Built target imu_msg__rosidl_typesupport_fastrtps_c
[3.760s] [ 61%] [32mBuilding CXX object CMakeFiles/imu_msg__rosidl_typesupport_c.dir/rosidl_typesupport_c/imu_msg/msg/imu_msg__type_support.cpp.o[0m
[3.789s] [ 64%] [32m[1mLinking CXX shared library libimu_msg__rosidl_typesupport_c.so[0m
[3.799s] [ 67%] [32mBuilding C object CMakeFiles/imu_msg__rosidl_typesupport_introspection_c.dir/rosidl_typesupport_introspection_c/imu_msg/msg/detail/imu_msg__type_support.c.o[0m
[3.826s] [ 67%] Built target imu_msg__rosidl_typesupport_c
[3.832s] [ 70%] [32m[1mLinking C shared library libimu_msg__rosidl_typesupport_introspection_c.so[0m
[3.864s] [ 70%] Built target imu_msg__rosidl_typesupport_introspection_c
[3.883s] [ 70%] Built target imu_msg
[3.903s] [ 74%] [34m[1mGenerating Python code for ROS interfaces[0m
[4.179s] [ 74%] Built target imu_msg__py
[4.195s] [ 77%] [32mBuilding C object CMakeFiles/imu_msg__rosidl_generator_py.dir/rosidl_generator_py/imu_msg/msg/_imu_msg_s.c.o[0m
[4.294s] [ 80%] [32m[1mLinking C shared library rosidl_generator_py/imu_msg/libimu_msg__rosidl_generator_py.so[0m
[4.338s] [ 80%] Built target imu_msg__rosidl_generator_py
[4.357s] [ 83%] [32mBuilding C object CMakeFiles/imu_msg__rosidl_typesupport_fastrtps_c__pyext.dir/rosidl_generator_py/imu_msg/_imu_msg_s.ep.rosidl_typesupport_fastrtps_c.c.o[0m
[4.361s] [ 87%] [32mBuilding C object CMakeFiles/imu_msg__rosidl_typesupport_introspection_c__pyext.dir/rosidl_generator_py/imu_msg/_imu_msg_s.ep.rosidl_typesupport_introspection_c.c.o[0m
[4.361s] [ 90%] [32mBuilding C object CMakeFiles/imu_msg__rosidl_typesupport_c__pyext.dir/rosidl_generator_py/imu_msg/_imu_msg_s.ep.rosidl_typesupport_c.c.o[0m
[4.450s] [ 93%] [32m[1mLinking C shared library rosidl_generator_py/imu_msg/imu_msg_s__rosidl_typesupport_fastrtps_c.cpython-310-x86_64-linux-gnu.so[0m
[4.463s] [ 96%] [32m[1mLinking C shared library rosidl_generator_py/imu_msg/imu_msg_s__rosidl_typesupport_c.cpython-310-x86_64-linux-gnu.so[0m
[4.463s] [100%] [32m[1mLinking C shared library rosidl_generator_py/imu_msg/imu_msg_s__rosidl_typesupport_introspection_c.cpython-310-x86_64-linux-gnu.so[0m
[4.492s] [100%] Built target imu_msg__rosidl_typesupport_fastrtps_c__pyext
[4.507s] [100%] Built target imu_msg__rosidl_typesupport_c__pyext
[4.510s] [100%] Built target imu_msg__rosidl_typesupport_introspection_c__pyext
[4.644s] Invoked command in '/home/savannah/EECE5554/LAB4/build/imu_msg' returned '0': CMAKE_PREFIX_PATH=${CMAKE_PREFIX_PATH}:/home/savannah/EECE5554/LAB4/install/fusion_driver:/home/savannah/EECE5554/LAB4/install/imu_driver:/home/savannah/EECE5554/LAB4/install/gps_driver:/opt/ros/humble /usr/bin/cmake --build /home/savannah/EECE5554/LAB4/build/imu_msg -- -j4 -l4
[4.646s] Invoking command in '/home/savannah/EECE5554/LAB4/build/imu_msg': CMAKE_PREFIX_PATH=${CMAKE_PREFIX_PATH}:/home/savannah/EECE5554/LAB4/install/fusion_driver:/home/savannah/EECE5554/LAB4/install/imu_driver:/home/savannah/EECE5554/LAB4/install/gps_driver:/opt/ros/humble /usr/bin/cmake --install /home/savannah/EECE5554/LAB4/build/imu_msg
[4.655s] -- Install configuration: ""
[4.655s] -- Installing: /home/savannah/EECE5554/LAB4/install/imu_msg/share/ament_index/resource_index/rosidl_interfaces/imu_msg
[4.655s] -- Installing: /home/savannah/EECE5554/LAB4/install/imu_msg/include/imu_msg/imu_msg
[4.655s] -- Installing: /home/savannah/EECE5554/LAB4/install/imu_msg/include/imu_msg/imu_msg/msg
[4.656s] -- Installing: /home/savannah/EECE5554/LAB4/install/imu_msg/include/imu_msg/imu_msg/msg/imu_msg.h
[4.656s] -- Installing: /home/savannah/EECE5554/LAB4/install/imu_msg/include/imu_msg/imu_msg/msg/detail
[4.656s] -- Installing: /home/savannah/EECE5554/LAB4/install/imu_msg/include/imu_msg/imu_msg/msg/detail/imu_msg__functions.c
[4.656s] -- Installing: /home/savannah/EECE5554/LAB4/install/imu_msg/include/imu_msg/imu_msg/msg/detail/imu_msg__struct.h
[4.656s] -- Installing: /home/savannah/EECE5554/LAB4/install/imu_msg/include/imu_msg/imu_msg/msg/detail/imu_msg__type_support.h
[4.656s] -- Installing: /home/savannah/EECE5554/LAB4/install/imu_msg/include/imu_msg/imu_msg/msg/detail/imu_msg__functions.h
[4.656s] -- Installing: /home/savannah/EECE5554/LAB4/install/imu_msg/include/imu_msg/imu_msg/msg/rosidl_generator_c__visibility_control.h
[4.656s] -- Installing: /home/savannah/EECE5554/LAB4/install/imu_msg/share/imu_msg/environment/library_path.sh
[4.656s] -- Installing: /home/savannah/EECE5554/LAB4/install/imu_msg/share/imu_msg/environment/library_path.dsv
[4.656s] -- Installing: /home/savannah/EECE5554/LAB4/install/imu_msg/lib/libimu_msg__rosidl_generator_c.so
[4.656s] -- Set runtime path of "/home/savannah/EECE5554/LAB4/install/imu_msg/lib/libimu_msg__rosidl_generator_c.so" to ""
[4.656s] -- Up-to-date: /home/savannah/EECE5554/LAB4/install/imu_msg/include/imu_msg/imu_msg
[4.656s] -- Up-to-date: /home/savannah/EECE5554/LAB4/install/imu_msg/include/imu_msg/imu_msg/msg
[4.656s] -- Up-to-date: /home/savannah/EECE5554/LAB4/install/imu_msg/include/imu_msg/imu_msg/msg/detail
[4.659s] -- Installing: /home/savannah/EECE5554/LAB4/install/imu_msg/include/imu_msg/imu_msg/msg/detail/imu_msg__rosidl_typesupport_fastrtps_c.h
[4.659s] -- Installing: /home/savannah/EECE5554/LAB4/install/imu_msg/include/imu_msg/imu_msg/msg/rosidl_typesupport_fastrtps_c__visibility_control.h
[4.659s] -- Installing: /home/savannah/EECE5554/LAB4/install/imu_msg/lib/libimu_msg__rosidl_typesupport_fastrtps_c.so
[4.659s] -- Set runtime path of "/home/savannah/EECE5554/LAB4/install/imu_msg/lib/libimu_msg__rosidl_typesupport_fastrtps_c.so" to ""
[4.659s] -- Up-to-date: /home/savannah/EECE5554/LAB4/install/imu_msg/include/imu_msg/imu_msg
[4.659s] -- Up-to-date: /home/savannah/EECE5554/LAB4/install/imu_msg/include/imu_msg/imu_msg/msg
[4.659s] -- Installing: /home/savannah/EECE5554/LAB4/install/imu_msg/include/imu_msg/imu_msg/msg/imu_msg.hpp
[4.659s] -- Up-to-date: /home/savannah/EECE5554/LAB4/install/imu_msg/include/imu_msg/imu_msg/msg/detail
[4.659s] -- Installing: /home/savannah/EECE5554/LAB4/install/imu_msg/include/imu_msg/imu_msg/msg/detail/imu_msg__struct.hpp
[4.659s] -- Installing: /home/savannah/EECE5554/LAB4/install/imu_msg/include/imu_msg/imu_msg/msg/detail/imu_msg__traits.hpp
[4.659s] -- Installing: /home/savannah/EECE5554/LAB4/install/imu_msg/include/imu_msg/imu_msg/msg/detail/imu_msg__type_support.hpp
[4.663s] -- Installing: /home/savannah/EECE5554/LAB4/install/imu_msg/include/imu_msg/imu_msg/msg/detail/imu_msg__builder.hpp
[4.663s] -- Installing: /home/savannah/EECE5554/LAB4/install/imu_msg/include/imu_msg/imu_msg/msg/rosidl_generator_cpp__visibility_control.hpp
[4.663s] -- Up-to-date: /home/savannah/EECE5554/LAB4/install/imu_msg/include/imu_msg/imu_msg
[4.663s] -- Up-to-date: /home/savannah/EECE5554/LAB4/install/imu_msg/include/imu_msg/imu_msg/msg
[4.663s] -- Up-to-date: /home/savannah/EECE5554/LAB4/install/imu_msg/include/imu_msg/imu_msg/msg/detail
[4.663s] -- Installing: /home/savannah/EECE5554/LAB4/install/imu_msg/include/imu_msg/imu_msg/msg/detail/dds_fastrtps
[4.665s] -- Installing: /home/savannah/EECE5554/LAB4/install/imu_msg/include/imu_msg/imu_msg/msg/detail/imu_msg__rosidl_typesupport_fastrtps_cpp.hpp
[4.665s] -- Installing: /home/savannah/EECE5554/LAB4/install/imu_msg/include/imu_msg/imu_msg/msg/rosidl_typesupport_fastrtps_cpp__visibility_control.h
[4.665s] -- Installing: /home/savannah/EECE5554/LAB4/install/imu_msg/lib/libimu_msg__rosidl_typesupport_fastrtps_cpp.so
[4.665s] -- Set runtime path of "/home/savannah/EECE5554/LAB4/install/imu_msg/lib/libimu_msg__rosidl_typesupport_fastrtps_cpp.so" to ""
[4.665s] -- Up-to-date: /home/savannah/EECE5554/LAB4/install/imu_msg/include/imu_msg/imu_msg
[4.665s] -- Up-to-date: /home/savannah/EECE5554/LAB4/install/imu_msg/include/imu_msg/imu_msg/msg
[4.665s] -- Up-to-date: /home/savannah/EECE5554/LAB4/install/imu_msg/include/imu_msg/imu_msg/msg/detail
[4.665s] -- Installing: /home/savannah/EECE5554/LAB4/install/imu_msg/include/imu_msg/imu_msg/msg/detail/imu_msg__rosidl_typesupport_introspection_c.h
[4.665s] -- Installing: /home/savannah/EECE5554/LAB4/install/imu_msg/include/imu_msg/imu_msg/msg/detail/imu_msg__type_support.c
[4.665s] -- Installing: /home/savannah/EECE5554/LAB4/install/imu_msg/include/imu_msg/imu_msg/msg/rosidl_typesupport_introspection_c__visibility_control.h
[4.665s] -- Installing: /home/savannah/EECE5554/LAB4/install/imu_msg/lib/libimu_msg__rosidl_typesupport_introspection_c.so
[4.665s] -- Set runtime path of "/home/savannah/EECE5554/LAB4/install/imu_msg/lib/libimu_msg__rosidl_typesupport_introspection_c.so" to ""
[4.665s] -- Installing: /home/savannah/EECE5554/LAB4/install/imu_msg/lib/libimu_msg__rosidl_typesupport_c.so
[4.665s] -- Set runtime path of "/home/savannah/EECE5554/LAB4/install/imu_msg/lib/libimu_msg__rosidl_typesupport_c.so" to ""
[4.665s] -- Up-to-date: /home/savannah/EECE5554/LAB4/install/imu_msg/include/imu_msg/imu_msg
[4.665s] -- Up-to-date: /home/savannah/EECE5554/LAB4/install/imu_msg/include/imu_msg/imu_msg/msg
[4.665s] -- Up-to-date: /home/savannah/EECE5554/LAB4/install/imu_msg/include/imu_msg/imu_msg/msg/detail
[4.665s] -- Installing: /home/savannah/EECE5554/LAB4/install/imu_msg/include/imu_msg/imu_msg/msg/detail/imu_msg__type_support.cpp
[4.665s] -- Installing: /home/savannah/EECE5554/LAB4/install/imu_msg/include/imu_msg/imu_msg/msg/detail/imu_msg__rosidl_typesupport_introspection_cpp.hpp
[4.665s] -- Installing: /home/savannah/EECE5554/LAB4/install/imu_msg/lib/libimu_msg__rosidl_typesupport_introspection_cpp.so
[4.665s] -- Set runtime path of "/home/savannah/EECE5554/LAB4/install/imu_msg/lib/libimu_msg__rosidl_typesupport_introspection_cpp.so" to ""
[4.666s] -- Installing: /home/savannah/EECE5554/LAB4/install/imu_msg/lib/libimu_msg__rosidl_typesupport_cpp.so
[4.666s] -- Set runtime path of "/home/savannah/EECE5554/LAB4/install/imu_msg/lib/libimu_msg__rosidl_typesupport_cpp.so" to ""
[4.666s] -- Installing: /home/savannah/EECE5554/LAB4/install/imu_msg/share/imu_msg/environment/pythonpath.sh
[4.666s] -- Installing: /home/savannah/EECE5554/LAB4/install/imu_msg/share/imu_msg/environment/pythonpath.dsv
[4.666s] -- Installing: /home/savannah/EECE5554/LAB4/install/imu_msg/local/lib/python3.10/dist-packages/imu_msg-0.0.0-py3.10.egg-info
[4.666s] -- Installing: /home/savannah/EECE5554/LAB4/install/imu_msg/local/lib/python3.10/dist-packages/imu_msg-0.0.0-py3.10.egg-info/top_level.txt
[4.666s] -- Installing: /home/savannah/EECE5554/LAB4/install/imu_msg/local/lib/python3.10/dist-packages/imu_msg-0.0.0-py3.10.egg-info/dependency_links.txt
[4.666s] -- Installing: /home/savannah/EECE5554/LAB4/install/imu_msg/local/lib/python3.10/dist-packages/imu_msg-0.0.0-py3.10.egg-info/SOURCES.txt
[4.666s] -- Installing: /home/savannah/EECE5554/LAB4/install/imu_msg/local/lib/python3.10/dist-packages/imu_msg-0.0.0-py3.10.egg-info/PKG-INFO
[4.666s] -- Installing: /home/savannah/EECE5554/LAB4/install/imu_msg/local/lib/python3.10/dist-packages/imu_msg
[4.666s] -- Installing: /home/savannah/EECE5554/LAB4/install/imu_msg/local/lib/python3.10/dist-packages/imu_msg/_imu_msg_s.ep.rosidl_typesupport_c.c
[4.666s] -- Installing: /home/savannah/EECE5554/LAB4/install/imu_msg/local/lib/python3.10/dist-packages/imu_msg/libimu_msg__rosidl_generator_py.so
[4.666s] -- Installing: /home/savannah/EECE5554/LAB4/install/imu_msg/local/lib/python3.10/dist-packages/imu_msg/_imu_msg_s.ep.rosidl_typesupport_introspection_c.c
[4.666s] -- Installing: /home/savannah/EECE5554/LAB4/install/imu_msg/local/lib/python3.10/dist-packages/imu_msg/_imu_msg_s.ep.rosidl_typesupport_fastrtps_c.c
[4.666s] -- Installing: /home/savannah/EECE5554/LAB4/install/imu_msg/local/lib/python3.10/dist-packages/imu_msg/imu_msg_s__rosidl_typesupport_fastrtps_c.cpython-310-x86_64-linux-gnu.so
[4.666s] -- Installing: /home/savannah/EECE5554/LAB4/install/imu_msg/local/lib/python3.10/dist-packages/imu_msg/imu_msg_s__rosidl_typesupport_c.cpython-310-x86_64-linux-gnu.so
[4.666s] -- Installing: /home/savannah/EECE5554/LAB4/install/imu_msg/local/lib/python3.10/dist-packages/imu_msg/imu_msg_s__rosidl_typesupport_introspection_c.cpython-310-x86_64-linux-gnu.so
[4.666s] -- Installing: /home/savannah/EECE5554/LAB4/install/imu_msg/local/lib/python3.10/dist-packages/imu_msg/msg
[4.666s] -- Installing: /home/savannah/EECE5554/LAB4/install/imu_msg/local/lib/python3.10/dist-packages/imu_msg/msg/_imu_msg_s.c
[4.666s] -- Installing: /home/savannah/EECE5554/LAB4/install/imu_msg/local/lib/python3.10/dist-packages/imu_msg/msg/_imu_msg.py
[4.666s] -- Installing: /home/savannah/EECE5554/LAB4/install/imu_msg/local/lib/python3.10/dist-packages/imu_msg/msg/__init__.py
[4.666s] -- Installing: /home/savannah/EECE5554/LAB4/install/imu_msg/local/lib/python3.10/dist-packages/imu_msg/__init__.py
[4.695s] Listing '/home/savannah/EECE5554/LAB4/install/imu_msg/local/lib/python3.10/dist-packages/imu_msg'...
[4.695s] Compiling '/home/savannah/EECE5554/LAB4/install/imu_msg/local/lib/python3.10/dist-packages/imu_msg/__init__.py'...
[4.695s] Listing '/home/savannah/EECE5554/LAB4/install/imu_msg/local/lib/python3.10/dist-packages/imu_msg/msg'...
[4.695s] Compiling '/home/savannah/EECE5554/LAB4/install/imu_msg/local/lib/python3.10/dist-packages/imu_msg/msg/__init__.py'...
[4.695s] Compiling '/home/savannah/EECE5554/LAB4/install/imu_msg/local/lib/python3.10/dist-packages/imu_msg/msg/_imu_msg.py'...
[4.699s] -- Installing: /home/savannah/EECE5554/LAB4/install/imu_msg/local/lib/python3.10/dist-packages/imu_msg/imu_msg_s__rosidl_typesupport_fastrtps_c.cpython-310-x86_64-linux-gnu.so
[4.699s] -- Set runtime path of "/home/savannah/EECE5554/LAB4/install/imu_msg/local/lib/python3.10/dist-packages/imu_msg/imu_msg_s__rosidl_typesupport_fastrtps_c.cpython-310-x86_64-linux-gnu.so" to ""
[4.699s] -- Installing: /home/savannah/EECE5554/LAB4/install/imu_msg/local/lib/python3.10/dist-packages/imu_msg/imu_msg_s__rosidl_typesupport_introspection_c.cpython-310-x86_64-linux-gnu.so
[4.699s] -- Set runtime path of "/home/savannah/EECE5554/LAB4/install/imu_msg/local/lib/python3.10/dist-packages/imu_msg/imu_msg_s__rosidl_typesupport_introspection_c.cpython-310-x86_64-linux-gnu.so" to ""
[4.701s] -- Installing: /home/savannah/EECE5554/LAB4/install/imu_msg/local/lib/python3.10/dist-packages/imu_msg/imu_msg_s__rosidl_typesupport_c.cpython-310-x86_64-linux-gnu.so
[4.701s] -- Set runtime path of "/home/savannah/EECE5554/LAB4/install/imu_msg/local/lib/python3.10/dist-packages/imu_msg/imu_msg_s__rosidl_typesupport_c.cpython-310-x86_64-linux-gnu.so" to ""
[4.701s] -- Installing: /home/savannah/EECE5554/LAB4/install/imu_msg/lib/libimu_msg__rosidl_generator_py.so
[4.701s] -- Set runtime path of "/home/savannah/EECE5554/LAB4/install/imu_msg/lib/libimu_msg__rosidl_generator_py.so" to ""
[4.701s] -- Installing: /home/savannah/EECE5554/LAB4/install/imu_msg/share/imu_msg/msg/ImuMsg.idl
[4.701s] -- Installing: /home/savannah/EECE5554/LAB4/install/imu_msg/share/imu_msg/msg/ImuMsg.msg
[4.701s] -- Installing: /home/savannah/EECE5554/LAB4/install/imu_msg/share/ament_index/resource_index/package_run_dependencies/imu_msg
[4.701s] -- Installing: /home/savannah/EECE5554/LAB4/install/imu_msg/share/ament_index/resource_index/parent_prefix_path/imu_msg
[4.701s] -- Installing: /home/savannah/EECE5554/LAB4/install/imu_msg/share/imu_msg/environment/ament_prefix_path.sh
[4.701s] -- Installing: /home/savannah/EECE5554/LAB4/install/imu_msg/share/imu_msg/environment/ament_prefix_path.dsv
[4.703s] -- Installing: /home/savannah/EECE5554/LAB4/install/imu_msg/share/imu_msg/environment/path.sh
[4.703s] -- Installing: /home/savannah/EECE5554/LAB4/install/imu_msg/share/imu_msg/environment/path.dsv
[4.703s] -- Installing: /home/savannah/EECE5554/LAB4/install/imu_msg/share/imu_msg/local_setup.bash
[4.703s] -- Installing: /home/savannah/EECE5554/LAB4/install/imu_msg/share/imu_msg/local_setup.sh
[4.703s] -- Installing: /home/savannah/EECE5554/LAB4/install/imu_msg/share/imu_msg/local_setup.zsh
[4.703s] -- Installing: /home/savannah/EECE5554/LAB4/install/imu_msg/share/imu_msg/local_setup.dsv
[4.703s] -- Installing: /home/savannah/EECE5554/LAB4/install/imu_msg/share/imu_msg/package.dsv
[4.703s] -- Installing: /home/savannah/EECE5554/LAB4/install/imu_msg/share/ament_index/resource_index/packages/imu_msg
[4.703s] -- Installing: /home/savannah/EECE5554/LAB4/install/imu_msg/share/imu_msg/cmake/export_imu_msg__rosidl_generator_cExport.cmake
[4.703s] -- Installing: /home/savannah/EECE5554/LAB4/install/imu_msg/share/imu_msg/cmake/export_imu_msg__rosidl_generator_cExport-noconfig.cmake
[4.703s] -- Installing: /home/savannah/EECE5554/LAB4/install/imu_msg/share/imu_msg/cmake/export_imu_msg__rosidl_typesupport_fastrtps_cExport.cmake
[4.703s] -- Installing: /home/savannah/EECE5554/LAB4/install/imu_msg/share/imu_msg/cmake/export_imu_msg__rosidl_typesupport_fastrtps_cExport-noconfig.cmake
[4.703s] -- Installing: /home/savannah/EECE5554/LAB4/install/imu_msg/share/imu_msg/cmake/export_imu_msg__rosidl_generator_cppExport.cmake
[4.703s] -- Installing: /home/savannah/EECE5554/LAB4/install/imu_msg/share/imu_msg/cmake/export_imu_msg__rosidl_typesupport_fastrtps_cppExport.cmake
[4.703s] -- Installing: /home/savannah/EECE5554/LAB4/install/imu_msg/share/imu_msg/cmake/export_imu_msg__rosidl_typesupport_fastrtps_cppExport-noconfig.cmake
[4.703s] -- Installing: /home/savannah/EECE5554/LAB4/install/imu_msg/share/imu_msg/cmake/imu_msg__rosidl_typesupport_introspection_cExport.cmake
[4.703s] -- Installing: /home/savannah/EECE5554/LAB4/install/imu_msg/share/imu_msg/cmake/imu_msg__rosidl_typesupport_introspection_cExport-noconfig.cmake
[4.703s] -- Installing: /home/savannah/EECE5554/LAB4/install/imu_msg/share/imu_msg/cmake/imu_msg__rosidl_typesupport_cExport.cmake
[4.703s] -- Installing: /home/savannah/EECE5554/LAB4/install/imu_msg/share/imu_msg/cmake/imu_msg__rosidl_typesupport_cExport-noconfig.cmake
[4.704s] -- Installing: /home/savannah/EECE5554/LAB4/install/imu_msg/share/imu_msg/cmake/imu_msg__rosidl_typesupport_introspection_cppExport.cmake
[4.704s] -- Installing: /home/savannah/EECE5554/LAB4/install/imu_msg/share/imu_msg/cmake/imu_msg__rosidl_typesupport_introspection_cppExport-noconfig.cmake
[4.704s] -- Installing: /home/savannah/EECE5554/LAB4/install/imu_msg/share/imu_msg/cmake/imu_msg__rosidl_typesupport_cppExport.cmake
[4.704s] -- Installing: /home/savannah/EECE5554/LAB4/install/imu_msg/share/imu_msg/cmake/imu_msg__rosidl_typesupport_cppExport-noconfig.cmake
[4.704s] -- Installing: /home/savannah/EECE5554/LAB4/install/imu_msg/share/imu_msg/cmake/export_imu_msg__rosidl_generator_pyExport.cmake
[4.704s] -- Installing: /home/savannah/EECE5554/LAB4/install/imu_msg/share/imu_msg/cmake/export_imu_msg__rosidl_generator_pyExport-noconfig.cmake
[4.704s] -- Installing: /home/savannah/EECE5554/LAB4/install/imu_msg/share/imu_msg/cmake/rosidl_cmake-extras.cmake
[4.704s] -- Installing: /home/savannah/EECE5554/LAB4/install/imu_msg/share/imu_msg/cmake/ament_cmake_export_dependencies-extras.cmake
[4.704s] -- Installing: /home/savannah/EECE5554/LAB4/install/imu_msg/share/imu_msg/cmake/ament_cmake_export_include_directories-extras.cmake
[4.704s] -- Installing: /home/savannah/EECE5554/LAB4/install/imu_msg/share/imu_msg/cmake/ament_cmake_export_libraries-extras.cmake
[4.704s] -- Installing: /home/savannah/EECE5554/LAB4/install/imu_msg/share/imu_msg/cmake/ament_cmake_export_targets-extras.cmake
[4.704s] -- Installing: /home/savannah/EECE5554/LAB4/install/imu_msg/share/imu_msg/cmake/rosidl_cmake_export_typesupport_targets-extras.cmake
[4.704s] -- Installing: /home/savannah/EECE5554/LAB4/install/imu_msg/share/imu_msg/cmake/rosidl_cmake_export_typesupport_libraries-extras.cmake
[4.704s] -- Installing: /home/savannah/EECE5554/LAB4/install/imu_msg/share/imu_msg/cmake/imu_msgConfig.cmake
[4.704s] -- Installing: /home/savannah/EECE5554/LAB4/install/imu_msg/share/imu_msg/cmake/imu_msgConfig-version.cmake
[4.704s] -- Installing: /home/savannah/EECE5554/LAB4/install/imu_msg/share/imu_msg/package.xml
[4.709s] Invoked command in '/home/savannah/EECE5554/LAB4/build/imu_msg' returned '0': CMAKE_PREFIX_PATH=${CMAKE_PREFIX_PATH}:/home/savannah/EECE5554/LAB4/install/fusion_driver:/home/savannah/EECE5554/LAB4/install/imu_driver:/home/savannah/EECE5554/LAB4/install/gps_driver:/opt/ros/humble /usr/bin/cmake --install /home/savannah/EECE5554/LAB4/build/imu_msg
