[0.495s] Invoking command in '/home/savannah/EECE5554/LAB1/src/gps_driver': PYTHONPATH=/home/savannah/EECE5554/LAB1/build/gps_driver/prefix_override:/usr/lib/python3/dist-packages/colcon_core/task/python/colcon_distutils_commands:/home/savannah/EECE5554/LAB1/install/gps_driver/lib/python3.10/site-packages:${PYTHONPATH} /usr/bin/python3 -W ignore:setup.py install is deprecated -W ignore:easy_install command is deprecated setup.py egg_info --egg-base ../../build/gps_driver build --build-base /home/savannah/EECE5554/LAB1/build/gps_driver/build install --record /home/savannah/EECE5554/LAB1/build/gps_driver/install.log --single-version-externally-managed install_data
[0.665s] running egg_info
[0.665s] writing ../../build/gps_driver/gps_driver.egg-info/PKG-INFO
[0.666s] writing dependency_links to ../../build/gps_driver/gps_driver.egg-info/dependency_links.txt
[0.666s] writing entry points to ../../build/gps_driver/gps_driver.egg-info/entry_points.txt
[0.666s] writing requirements to ../../build/gps_driver/gps_driver.egg-info/requires.txt
[0.666s] writing top-level names to ../../build/gps_driver/gps_driver.egg-info/top_level.txt
[0.667s] reading manifest file '../../build/gps_driver/gps_driver.egg-info/SOURCES.txt'
[0.667s] adding license file 'LICENSE'
[0.667s] writing manifest file '../../build/gps_driver/gps_driver.egg-info/SOURCES.txt'
[0.667s] running build
[0.668s] running build_py
[0.668s] copying gps_driver/driver.py -> /home/savannah/EECE5554/LAB1/build/gps_driver/build/lib/gps_driver
[0.668s] running install
[0.669s] running install_lib
[0.669s] copying /home/savannah/EECE5554/LAB1/build/gps_driver/build/lib/gps_driver/driver.py -> /home/savannah/EECE5554/LAB1/install/gps_driver/lib/python3.10/site-packages/gps_driver
[0.669s] byte-compiling /home/savannah/EECE5554/LAB1/install/gps_driver/lib/python3.10/site-packages/gps_driver/driver.py to driver.cpython-310.pyc
[0.670s] running install_data
[0.671s] running install_egg_info
[0.672s] removing '/home/savannah/EECE5554/LAB1/install/gps_driver/lib/python3.10/site-packages/gps_driver-0.0.0-py3.10.egg-info' (and everything under it)
[0.672s] Copying ../../build/gps_driver/gps_driver.egg-info to /home/savannah/EECE5554/LAB1/install/gps_driver/lib/python3.10/site-packages/gps_driver-0.0.0-py3.10.egg-info
[0.673s] running install_scripts
[0.688s] Installing driver script to /home/savannah/EECE5554/LAB1/install/gps_driver/lib/gps_driver
[0.688s] writing list of installed files to '/home/savannah/EECE5554/LAB1/build/gps_driver/install.log'
[0.706s] Invoked command in '/home/savannah/EECE5554/LAB1/src/gps_driver' returned '0': PYTHONPATH=/home/savannah/EECE5554/LAB1/build/gps_driver/prefix_override:/usr/lib/python3/dist-packages/colcon_core/task/python/colcon_distutils_commands:/home/savannah/EECE5554/LAB1/install/gps_driver/lib/python3.10/site-packages:${PYTHONPATH} /usr/bin/python3 -W ignore:setup.py install is deprecated -W ignore:easy_install command is deprecated setup.py egg_info --egg-base ../../build/gps_driver build --build-base /home/savannah/EECE5554/LAB1/build/gps_driver/build install --record /home/savannah/EECE5554/LAB1/build/gps_driver/install.log --single-version-externally-managed install_data
