[0.145s] DEBUG:colcon:Command line arguments: ['/usr/bin/colcon', 'build']
[0.145s] DEBUG:colcon:Parsed command line arguments: Namespace(log_base=None, log_level=None, verb_name='build', build_base='build', install_base='install', merge_install=False, symlink_install=False, test_result_base=None, continue_on_error=False, executor='parallel', parallel_workers=4, event_handlers=None, ignore_user_meta=False, metas=['./colcon.meta'], base_paths=['.'], packages_ignore=None, packages_ignore_regex=None, paths=None, packages_up_to=None, packages_up_to_regex=None, packages_above=None, packages_above_and_dependencies=None, packages_above_depth=None, packages_select_by_dep=None, packages_skip_by_dep=None, packages_skip_up_to=None, packages_select_build_failed=False, packages_skip_build_finished=False, packages_select_test_failures=False, packages_skip_test_passed=False, packages_select=None, packages_skip=None, packages_select_regex=None, packages_skip_regex=None, packages_start=None, packages_end=None, allow_overriding=[], cmake_args=None, cmake_target=None, cmake_target_skip_unavailable=False, cmake_clean_cache=False, cmake_clean_first=False, cmake_force_configure=False, ament_cmake_args=None, catkin_cmake_args=None, catkin_skip_building_tests=False, mixin_files=None, mixin=None, verb_parser=<colcon_mixin.mixin.mixin_argument.MixinArgumentDecorator object at 0x768656b69720>, verb_extension=<colcon_core.verb.build.BuildVerb object at 0x768656b69090>, main=<bound method BuildVerb.main of <colcon_core.verb.build.BuildVerb object at 0x768656b69090>>, mixin_verb=('build',))
[0.385s] Level 1:colcon.colcon_core.package_discovery:discover_packages(colcon_meta) check parameters
[0.385s] Level 1:colcon.colcon_core.package_discovery:discover_packages(recursive) check parameters
[0.385s] Level 1:colcon.colcon_core.package_discovery:discover_packages(ignore) check parameters
[0.385s] Level 1:colcon.colcon_core.package_discovery:discover_packages(path) check parameters
[0.385s] Level 1:colcon.colcon_core.package_discovery:discover_packages(colcon_meta) discover
[0.385s] Level 1:colcon.colcon_core.package_discovery:discover_packages(recursive) discover
[0.385s] INFO:colcon.colcon_core.package_discovery:Crawling recursively for packages in '/home/savannah/EECE5554/LAB4'
[0.385s] Level 1:colcon.colcon_core.package_identification:_identify(.) by extensions ['ignore', 'ignore_ament_install']
[0.385s] Level 1:colcon.colcon_core.package_identification:_identify(.) by extension 'ignore'
[0.385s] Level 1:colcon.colcon_core.package_identification:_identify(.) by extension 'ignore_ament_install'
[0.385s] Level 1:colcon.colcon_core.package_identification:_identify(.) by extensions ['colcon_pkg']
[0.385s] Level 1:colcon.colcon_core.package_identification:_identify(.) by extension 'colcon_pkg'
[0.385s] Level 1:colcon.colcon_core.package_identification:_identify(.) by extensions ['colcon_meta']
[0.385s] Level 1:colcon.colcon_core.package_identification:_identify(.) by extension 'colcon_meta'
[0.385s] Level 1:colcon.colcon_core.package_identification:_identify(.) by extensions ['ros']
[0.385s] Level 1:colcon.colcon_core.package_identification:_identify(.) by extension 'ros'
[0.393s] Level 1:colcon.colcon_core.package_identification:_identify(.) by extensions ['cmake', 'python']
[0.393s] Level 1:colcon.colcon_core.package_identification:_identify(.) by extension 'cmake'
[0.393s] Level 1:colcon.colcon_core.package_identification:_identify(.) by extension 'python'
[0.393s] Level 1:colcon.colcon_core.package_identification:_identify(.) by extensions ['python_setup_py']
[0.393s] Level 1:colcon.colcon_core.package_identification:_identify(.) by extension 'python_setup_py'
[0.393s] Level 1:colcon.colcon_core.package_identification:_identify(analysis) by extensions ['ignore', 'ignore_ament_install']
[0.393s] Level 1:colcon.colcon_core.package_identification:_identify(analysis) by extension 'ignore'
[0.393s] Level 1:colcon.colcon_core.package_identification:_identify(analysis) by extension 'ignore_ament_install'
[0.393s] Level 1:colcon.colcon_core.package_identification:_identify(analysis) by extensions ['colcon_pkg']
[0.393s] Level 1:colcon.colcon_core.package_identification:_identify(analysis) by extension 'colcon_pkg'
[0.393s] Level 1:colcon.colcon_core.package_identification:_identify(analysis) by extensions ['colcon_meta']
[0.393s] Level 1:colcon.colcon_core.package_identification:_identify(analysis) by extension 'colcon_meta'
[0.393s] Level 1:colcon.colcon_core.package_identification:_identify(analysis) by extensions ['ros']
[0.393s] Level 1:colcon.colcon_core.package_identification:_identify(analysis) by extension 'ros'
[0.394s] Level 1:colcon.colcon_core.package_identification:_identify(analysis) by extensions ['cmake', 'python']
[0.394s] Level 1:colcon.colcon_core.package_identification:_identify(analysis) by extension 'cmake'
[0.394s] Level 1:colcon.colcon_core.package_identification:_identify(analysis) by extension 'python'
[0.394s] Level 1:colcon.colcon_core.package_identification:_identify(analysis) by extensions ['python_setup_py']
[0.394s] Level 1:colcon.colcon_core.package_identification:_identify(analysis) by extension 'python_setup_py'
[0.394s] Level 1:colcon.colcon_core.package_identification:_identify(build) by extensions ['ignore', 'ignore_ament_install']
[0.394s] Level 1:colcon.colcon_core.package_identification:_identify(build) by extension 'ignore'
[0.394s] Level 1:colcon.colcon_core.package_identification:_identify(build) ignored
[0.394s] Level 1:colcon.colcon_core.package_identification:_identify(data) by extensions ['ignore', 'ignore_ament_install']
[0.394s] Level 1:colcon.colcon_core.package_identification:_identify(data) by extension 'ignore'
[0.394s] Level 1:colcon.colcon_core.package_identification:_identify(data) by extension 'ignore_ament_install'
[0.394s] Level 1:colcon.colcon_core.package_identification:_identify(data) by extensions ['colcon_pkg']
[0.394s] Level 1:colcon.colcon_core.package_identification:_identify(data) by extension 'colcon_pkg'
[0.394s] Level 1:colcon.colcon_core.package_identification:_identify(data) by extensions ['colcon_meta']
[0.394s] Level 1:colcon.colcon_core.package_identification:_identify(data) by extension 'colcon_meta'
[0.394s] Level 1:colcon.colcon_core.package_identification:_identify(data) by extensions ['ros']
[0.394s] Level 1:colcon.colcon_core.package_identification:_identify(data) by extension 'ros'
[0.394s] Level 1:colcon.colcon_core.package_identification:_identify(data) by extensions ['cmake', 'python']
[0.394s] Level 1:colcon.colcon_core.package_identification:_identify(data) by extension 'cmake'
[0.394s] Level 1:colcon.colcon_core.package_identification:_identify(data) by extension 'python'
[0.394s] Level 1:colcon.colcon_core.package_identification:_identify(data) by extensions ['python_setup_py']
[0.394s] Level 1:colcon.colcon_core.package_identification:_identify(data) by extension 'python_setup_py'
[0.394s] Level 1:colcon.colcon_core.package_identification:_identify(install) by extensions ['ignore', 'ignore_ament_install']
[0.394s] Level 1:colcon.colcon_core.package_identification:_identify(install) by extension 'ignore'
[0.394s] Level 1:colcon.colcon_core.package_identification:_identify(install) ignored
[0.394s] Level 1:colcon.colcon_core.package_identification:_identify(log) by extensions ['ignore', 'ignore_ament_install']
[0.394s] Level 1:colcon.colcon_core.package_identification:_identify(log) by extension 'ignore'
[0.394s] Level 1:colcon.colcon_core.package_identification:_identify(log) ignored
[0.394s] Level 1:colcon.colcon_core.package_identification:_identify(src) by extensions ['ignore', 'ignore_ament_install']
[0.394s] Level 1:colcon.colcon_core.package_identification:_identify(src) by extension 'ignore'
[0.394s] Level 1:colcon.colcon_core.package_identification:_identify(src) by extension 'ignore_ament_install'
[0.394s] Level 1:colcon.colcon_core.package_identification:_identify(src) by extensions ['colcon_pkg']
[0.395s] Level 1:colcon.colcon_core.package_identification:_identify(src) by extension 'colcon_pkg'
[0.395s] Level 1:colcon.colcon_core.package_identification:_identify(src) by extensions ['colcon_meta']
[0.395s] Level 1:colcon.colcon_core.package_identification:_identify(src) by extension 'colcon_meta'
[0.395s] Level 1:colcon.colcon_core.package_identification:_identify(src) by extensions ['ros']
[0.395s] Level 1:colcon.colcon_core.package_identification:_identify(src) by extension 'ros'
[0.395s] Level 1:colcon.colcon_core.package_identification:_identify(src) by extensions ['cmake', 'python']
[0.395s] Level 1:colcon.colcon_core.package_identification:_identify(src) by extension 'cmake'
[0.395s] Level 1:colcon.colcon_core.package_identification:_identify(src) by extension 'python'
[0.395s] Level 1:colcon.colcon_core.package_identification:_identify(src) by extensions ['python_setup_py']
[0.395s] Level 1:colcon.colcon_core.package_identification:_identify(src) by extension 'python_setup_py'
[0.395s] Level 1:colcon.colcon_core.package_identification:_identify(src/fusion_driver) by extensions ['ignore', 'ignore_ament_install']
[0.395s] Level 1:colcon.colcon_core.package_identification:_identify(src/fusion_driver) by extension 'ignore'
[0.395s] Level 1:colcon.colcon_core.package_identification:_identify(src/fusion_driver) by extension 'ignore_ament_install'
[0.395s] Level 1:colcon.colcon_core.package_identification:_identify(src/fusion_driver) by extensions ['colcon_pkg']
[0.395s] Level 1:colcon.colcon_core.package_identification:_identify(src/fusion_driver) by extension 'colcon_pkg'
[0.395s] Level 1:colcon.colcon_core.package_identification:_identify(src/fusion_driver) by extensions ['colcon_meta']
[0.395s] Level 1:colcon.colcon_core.package_identification:_identify(src/fusion_driver) by extension 'colcon_meta'
[0.395s] Level 1:colcon.colcon_core.package_identification:_identify(src/fusion_driver) by extensions ['ros']
[0.395s] Level 1:colcon.colcon_core.package_identification:_identify(src/fusion_driver) by extension 'ros'
[0.399s] DEBUG:colcon.colcon_core.package_identification:Package 'src/fusion_driver' with type 'ros.ament_python' and name 'fusion_driver'
[0.399s] Level 1:colcon.colcon_core.package_identification:_identify(src/gps_driver) by extensions ['ignore', 'ignore_ament_install']
[0.400s] Level 1:colcon.colcon_core.package_identification:_identify(src/gps_driver) by extension 'ignore'
[0.400s] Level 1:colcon.colcon_core.package_identification:_identify(src/gps_driver) by extension 'ignore_ament_install'
[0.400s] Level 1:colcon.colcon_core.package_identification:_identify(src/gps_driver) by extensions ['colcon_pkg']
[0.400s] Level 1:colcon.colcon_core.package_identification:_identify(src/gps_driver) by extension 'colcon_pkg'
[0.400s] Level 1:colcon.colcon_core.package_identification:_identify(src/gps_driver) by extensions ['colcon_meta']
[0.400s] Level 1:colcon.colcon_core.package_identification:_identify(src/gps_driver) by extension 'colcon_meta'
[0.400s] Level 1:colcon.colcon_core.package_identification:_identify(src/gps_driver) by extensions ['ros']
[0.400s] Level 1:colcon.colcon_core.package_identification:_identify(src/gps_driver) by extension 'ros'
[0.400s] DEBUG:colcon.colcon_core.package_identification:Package 'src/gps_driver' with type 'ros.ament_python' and name 'gps_driver'
[0.400s] Level 1:colcon.colcon_core.package_identification:_identify(src/gps_message) by extensions ['ignore', 'ignore_ament_install']
[0.400s] Level 1:colcon.colcon_core.package_identification:_identify(src/gps_message) by extension 'ignore'
[0.400s] Level 1:colcon.colcon_core.package_identification:_identify(src/gps_message) by extension 'ignore_ament_install'
[0.400s] Level 1:colcon.colcon_core.package_identification:_identify(src/gps_message) by extensions ['colcon_pkg']
[0.400s] Level 1:colcon.colcon_core.package_identification:_identify(src/gps_message) by extension 'colcon_pkg'
[0.400s] Level 1:colcon.colcon_core.package_identification:_identify(src/gps_message) by extensions ['colcon_meta']
[0.400s] Level 1:colcon.colcon_core.package_identification:_identify(src/gps_message) by extension 'colcon_meta'
[0.400s] Level 1:colcon.colcon_core.package_identification:_identify(src/gps_message) by extensions ['ros']
[0.400s] Level 1:colcon.colcon_core.package_identification:_identify(src/gps_message) by extension 'ros'
[0.402s] DEBUG:colcon.colcon_core.package_identification:Package 'src/gps_message' with type 'ros.ament_cmake' and name 'gps_message'
[0.402s] Level 1:colcon.colcon_core.package_identification:_identify(src/imu_driver) by extensions ['ignore', 'ignore_ament_install']
[0.402s] Level 1:colcon.colcon_core.package_identification:_identify(src/imu_driver) by extension 'ignore'
[0.402s] Level 1:colcon.colcon_core.package_identification:_identify(src/imu_driver) by extension 'ignore_ament_install'
[0.402s] Level 1:colcon.colcon_core.package_identification:_identify(src/imu_driver) by extensions ['colcon_pkg']
[0.402s] Level 1:colcon.colcon_core.package_identification:_identify(src/imu_driver) by extension 'colcon_pkg'
[0.402s] Level 1:colcon.colcon_core.package_identification:_identify(src/imu_driver) by extensions ['colcon_meta']
[0.402s] Level 1:colcon.colcon_core.package_identification:_identify(src/imu_driver) by extension 'colcon_meta'
[0.402s] Level 1:colcon.colcon_core.package_identification:_identify(src/imu_driver) by extensions ['ros']
[0.402s] Level 1:colcon.colcon_core.package_identification:_identify(src/imu_driver) by extension 'ros'
[0.403s] DEBUG:colcon.colcon_core.package_identification:Package 'src/imu_driver' with type 'ros.ament_python' and name 'imu_driver'
[0.403s] Level 1:colcon.colcon_core.package_identification:_identify(src/imu_msg) by extensions ['ignore', 'ignore_ament_install']
[0.403s] Level 1:colcon.colcon_core.package_identification:_identify(src/imu_msg) by extension 'ignore'
[0.403s] Level 1:colcon.colcon_core.package_identification:_identify(src/imu_msg) by extension 'ignore_ament_install'
[0.403s] Level 1:colcon.colcon_core.package_identification:_identify(src/imu_msg) by extensions ['colcon_pkg']
[0.403s] Level 1:colcon.colcon_core.package_identification:_identify(src/imu_msg) by extension 'colcon_pkg'
[0.403s] Level 1:colcon.colcon_core.package_identification:_identify(src/imu_msg) by extensions ['colcon_meta']
[0.403s] Level 1:colcon.colcon_core.package_identification:_identify(src/imu_msg) by extension 'colcon_meta'
[0.403s] Level 1:colcon.colcon_core.package_identification:_identify(src/imu_msg) by extensions ['ros']
[0.403s] Level 1:colcon.colcon_core.package_identification:_identify(src/imu_msg) by extension 'ros'
[0.404s] DEBUG:colcon.colcon_core.package_identification:Package 'src/imu_msg' with type 'ros.ament_cmake' and name 'imu_msg'
[0.404s] Level 1:colcon.colcon_core.package_discovery:discover_packages(recursive) using defaults
[0.404s] Level 1:colcon.colcon_core.package_discovery:discover_packages(ignore) discover
[0.404s] Level 1:colcon.colcon_core.package_discovery:discover_packages(ignore) using defaults
[0.404s] Level 1:colcon.colcon_core.package_discovery:discover_packages(path) discover
[0.404s] Level 1:colcon.colcon_core.package_discovery:discover_packages(path) using defaults
[0.442s] Level 1:colcon.colcon_core.package_discovery:discover_packages(prefix_path) check parameters
[0.442s] Level 1:colcon.colcon_core.package_discovery:discover_packages(prefix_path) discover
[0.447s] DEBUG:colcon.colcon_installed_package_information.package_discovery:Found 271 installed packages in /opt/ros/humble
[0.448s] Level 1:colcon.colcon_core.package_discovery:discover_packages(prefix_path) using defaults
[0.476s] Level 5:colcon.colcon_core.verb:set package 'gps_message' build argument 'cmake_args' from command line to 'None'
[0.476s] Level 5:colcon.colcon_core.verb:set package 'gps_message' build argument 'cmake_target' from command line to 'None'
[0.476s] Level 5:colcon.colcon_core.verb:set package 'gps_message' build argument 'cmake_target_skip_unavailable' from command line to 'False'
[0.476s] Level 5:colcon.colcon_core.verb:set package 'gps_message' build argument 'cmake_clean_cache' from command line to 'False'
[0.476s] Level 5:colcon.colcon_core.verb:set package 'gps_message' build argument 'cmake_clean_first' from command line to 'False'
[0.476s] Level 5:colcon.colcon_core.verb:set package 'gps_message' build argument 'cmake_force_configure' from command line to 'False'
[0.476s] Level 5:colcon.colcon_core.verb:set package 'gps_message' build argument 'ament_cmake_args' from command line to 'None'
[0.476s] Level 5:colcon.colcon_core.verb:set package 'gps_message' build argument 'catkin_cmake_args' from command line to 'None'
[0.476s] Level 5:colcon.colcon_core.verb:set package 'gps_message' build argument 'catkin_skip_building_tests' from command line to 'False'
[0.476s] DEBUG:colcon.colcon_core.verb:Building package 'gps_message' with the following arguments: {'ament_cmake_args': None, 'build_base': '/home/savannah/EECE5554/LAB4/build/gps_message', 'catkin_cmake_args': None, 'catkin_skip_building_tests': False, 'cmake_args': None, 'cmake_clean_cache': False, 'cmake_clean_first': False, 'cmake_force_configure': False, 'cmake_target': None, 'cmake_target_skip_unavailable': False, 'install_base': '/home/savannah/EECE5554/LAB4/install/gps_message', 'merge_install': False, 'path': '/home/savannah/EECE5554/LAB4/src/gps_message', 'symlink_install': False, 'test_result_base': None}
[0.476s] Level 5:colcon.colcon_core.verb:set package 'imu_msg' build argument 'cmake_args' from command line to 'None'
[0.476s] Level 5:colcon.colcon_core.verb:set package 'imu_msg' build argument 'cmake_target' from command line to 'None'
[0.476s] Level 5:colcon.colcon_core.verb:set package 'imu_msg' build argument 'cmake_target_skip_unavailable' from command line to 'False'
[0.476s] Level 5:colcon.colcon_core.verb:set package 'imu_msg' build argument 'cmake_clean_cache' from command line to 'False'
[0.476s] Level 5:colcon.colcon_core.verb:set package 'imu_msg' build argument 'cmake_clean_first' from command line to 'False'
[0.476s] Level 5:colcon.colcon_core.verb:set package 'imu_msg' build argument 'cmake_force_configure' from command line to 'False'
[0.476s] Level 5:colcon.colcon_core.verb:set package 'imu_msg' build argument 'ament_cmake_args' from command line to 'None'
[0.476s] Level 5:colcon.colcon_core.verb:set package 'imu_msg' build argument 'catkin_cmake_args' from command line to 'None'
[0.476s] Level 5:colcon.colcon_core.verb:set package 'imu_msg' build argument 'catkin_skip_building_tests' from command line to 'False'
[0.476s] DEBUG:colcon.colcon_core.verb:Building package 'imu_msg' with the following arguments: {'ament_cmake_args': None, 'build_base': '/home/savannah/EECE5554/LAB4/build/imu_msg', 'catkin_cmake_args': None, 'catkin_skip_building_tests': False, 'cmake_args': None, 'cmake_clean_cache': False, 'cmake_clean_first': False, 'cmake_force_configure': False, 'cmake_target': None, 'cmake_target_skip_unavailable': False, 'install_base': '/home/savannah/EECE5554/LAB4/install/imu_msg', 'merge_install': False, 'path': '/home/savannah/EECE5554/LAB4/src/imu_msg', 'symlink_install': False, 'test_result_base': None}
[0.477s] Level 5:colcon.colcon_core.verb:set package 'gps_driver' build argument 'cmake_args' from command line to 'None'
[0.477s] Level 5:colcon.colcon_core.verb:set package 'gps_driver' build argument 'cmake_target' from command line to 'None'
[0.477s] Level 5:colcon.colcon_core.verb:set package 'gps_driver' build argument 'cmake_target_skip_unavailable' from command line to 'False'
[0.477s] Level 5:colcon.colcon_core.verb:set package 'gps_driver' build argument 'cmake_clean_cache' from command line to 'False'
[0.477s] Level 5:colcon.colcon_core.verb:set package 'gps_driver' build argument 'cmake_clean_first' from command line to 'False'
[0.477s] Level 5:colcon.colcon_core.verb:set package 'gps_driver' build argument 'cmake_force_configure' from command line to 'False'
[0.477s] Level 5:colcon.colcon_core.verb:set package 'gps_driver' build argument 'ament_cmake_args' from command line to 'None'
[0.477s] Level 5:colcon.colcon_core.verb:set package 'gps_driver' build argument 'catkin_cmake_args' from command line to 'None'
[0.477s] Level 5:colcon.colcon_core.verb:set package 'gps_driver' build argument 'catkin_skip_building_tests' from command line to 'False'
[0.477s] DEBUG:colcon.colcon_core.verb:Building package 'gps_driver' with the following arguments: {'ament_cmake_args': None, 'build_base': '/home/savannah/EECE5554/LAB4/build/gps_driver', 'catkin_cmake_args': None, 'catkin_skip_building_tests': False, 'cmake_args': None, 'cmake_clean_cache': False, 'cmake_clean_first': False, 'cmake_force_configure': False, 'cmake_target': None, 'cmake_target_skip_unavailable': False, 'install_base': '/home/savannah/EECE5554/LAB4/install/gps_driver', 'merge_install': False, 'path': '/home/savannah/EECE5554/LAB4/src/gps_driver', 'symlink_install': False, 'test_result_base': None}
[0.477s] Level 5:colcon.colcon_core.verb:set package 'imu_driver' build argument 'cmake_args' from command line to 'None'
[0.477s] Level 5:colcon.colcon_core.verb:set package 'imu_driver' build argument 'cmake_target' from command line to 'None'
[0.477s] Level 5:colcon.colcon_core.verb:set package 'imu_driver' build argument 'cmake_target_skip_unavailable' from command line to 'False'
[0.477s] Level 5:colcon.colcon_core.verb:set package 'imu_driver' build argument 'cmake_clean_cache' from command line to 'False'
[0.477s] Level 5:colcon.colcon_core.verb:set package 'imu_driver' build argument 'cmake_clean_first' from command line to 'False'
[0.477s] Level 5:colcon.colcon_core.verb:set package 'imu_driver' build argument 'cmake_force_configure' from command line to 'False'
[0.477s] Level 5:colcon.colcon_core.verb:set package 'imu_driver' build argument 'ament_cmake_args' from command line to 'None'
[0.477s] Level 5:colcon.colcon_core.verb:set package 'imu_driver' build argument 'catkin_cmake_args' from command line to 'None'
[0.477s] Level 5:colcon.colcon_core.verb:set package 'imu_driver' build argument 'catkin_skip_building_tests' from command line to 'False'
[0.477s] DEBUG:colcon.colcon_core.verb:Building package 'imu_driver' with the following arguments: {'ament_cmake_args': None, 'build_base': '/home/savannah/EECE5554/LAB4/build/imu_driver', 'catkin_cmake_args': None, 'catkin_skip_building_tests': False, 'cmake_args': None, 'cmake_clean_cache': False, 'cmake_clean_first': False, 'cmake_force_configure': False, 'cmake_target': None, 'cmake_target_skip_unavailable': False, 'install_base': '/home/savannah/EECE5554/LAB4/install/imu_driver', 'merge_install': False, 'path': '/home/savannah/EECE5554/LAB4/src/imu_driver', 'symlink_install': False, 'test_result_base': None}
[0.477s] Level 5:colcon.colcon_core.verb:set package 'fusion_driver' build argument 'cmake_args' from command line to 'None'
[0.477s] Level 5:colcon.colcon_core.verb:set package 'fusion_driver' build argument 'cmake_target' from command line to 'None'
[0.477s] Level 5:colcon.colcon_core.verb:set package 'fusion_driver' build argument 'cmake_target_skip_unavailable' from command line to 'False'
[0.477s] Level 5:colcon.colcon_core.verb:set package 'fusion_driver' build argument 'cmake_clean_cache' from command line to 'False'
[0.477s] Level 5:colcon.colcon_core.verb:set package 'fusion_driver' build argument 'cmake_clean_first' from command line to 'False'
[0.477s] Level 5:colcon.colcon_core.verb:set package 'fusion_driver' build argument 'cmake_force_configure' from command line to 'False'
[0.477s] Level 5:colcon.colcon_core.verb:set package 'fusion_driver' build argument 'ament_cmake_args' from command line to 'None'
[0.477s] Level 5:colcon.colcon_core.verb:set package 'fusion_driver' build argument 'catkin_cmake_args' from command line to 'None'
[0.477s] Level 5:colcon.colcon_core.verb:set package 'fusion_driver' build argument 'catkin_skip_building_tests' from command line to 'False'
[0.477s] DEBUG:colcon.colcon_core.verb:Building package 'fusion_driver' with the following arguments: {'ament_cmake_args': None, 'build_base': '/home/savannah/EECE5554/LAB4/build/fusion_driver', 'catkin_cmake_args': None, 'catkin_skip_building_tests': False, 'cmake_args': None, 'cmake_clean_cache': False, 'cmake_clean_first': False, 'cmake_force_configure': False, 'cmake_target': None, 'cmake_target_skip_unavailable': False, 'install_base': '/home/savannah/EECE5554/LAB4/install/fusion_driver', 'merge_install': False, 'path': '/home/savannah/EECE5554/LAB4/src/fusion_driver', 'symlink_install': False, 'test_result_base': None}
[0.478s] INFO:colcon.colcon_core.executor:Executing jobs using 'parallel' executor
[0.479s] DEBUG:colcon.colcon_parallel_executor.executor.parallel:run_until_complete
[0.479s] INFO:colcon.colcon_ros.task.ament_cmake.build:Building ROS package in '/home/savannah/EECE5554/LAB4/src/gps_message' with build type 'ament_cmake'
[0.479s] INFO:colcon.colcon_cmake.task.cmake.build:Building CMake package in '/home/savannah/EECE5554/LAB4/src/gps_message'
[0.487s] INFO:colcon.colcon_core.plugin_system:Skipping extension 'colcon_core.shell.bat': Not used on non-Windows systems
[0.487s] INFO:colcon.colcon_core.shell:Skip shell extension 'powershell' for command environment: Not usable outside of PowerShell
[0.487s] DEBUG:colcon.colcon_core.shell:Skip shell extension 'dsv' for command environment
[0.490s] INFO:colcon.colcon_ros.task.ament_cmake.build:Building ROS package in '/home/savannah/EECE5554/LAB4/src/imu_msg' with build type 'ament_cmake'
[0.490s] INFO:colcon.colcon_cmake.task.cmake.build:Building CMake package in '/home/savannah/EECE5554/LAB4/src/imu_msg'
[0.490s] INFO:colcon.colcon_core.shell:Skip shell extension 'powershell' for command environment: Not usable outside of PowerShell
[0.490s] DEBUG:colcon.colcon_core.shell:Skip shell extension 'dsv' for command environment
[0.499s] DEBUG:colcon.colcon_core.event_handler.log_command:Invoking command in '/home/savannah/EECE5554/LAB4/build/gps_message': CMAKE_PREFIX_PATH=/opt/ros/humble /usr/bin/cmake /home/savannah/EECE5554/LAB4/src/gps_message -DCMAKE_INSTALL_PREFIX=/home/savannah/EECE5554/LAB4/install/gps_message
[0.505s] DEBUG:colcon.colcon_core.event_handler.log_command:Invoking command in '/home/savannah/EECE5554/LAB4/build/imu_msg': CMAKE_PREFIX_PATH=/opt/ros/humble /usr/bin/cmake /home/savannah/EECE5554/LAB4/src/imu_msg -DCMAKE_INSTALL_PREFIX=/home/savannah/EECE5554/LAB4/install/imu_msg
[2.385s] DEBUG:colcon.colcon_core.event_handler.log_command:Invoked command in '/home/savannah/EECE5554/LAB4/build/gps_message' returned '0': CMAKE_PREFIX_PATH=/opt/ros/humble /usr/bin/cmake /home/savannah/EECE5554/LAB4/src/gps_message -DCMAKE_INSTALL_PREFIX=/home/savannah/EECE5554/LAB4/install/gps_message
[2.390s] DEBUG:colcon.colcon_core.event_handler.log_command:Invoking command in '/home/savannah/EECE5554/LAB4/build/gps_message': CMAKE_PREFIX_PATH=/opt/ros/humble /usr/bin/cmake --build /home/savannah/EECE5554/LAB4/build/gps_message -- -j4 -l4
[2.664s] DEBUG:colcon.colcon_core.event_handler.log_command:Invoked command in '/home/savannah/EECE5554/LAB4/build/imu_msg' returned '0': CMAKE_PREFIX_PATH=/opt/ros/humble /usr/bin/cmake /home/savannah/EECE5554/LAB4/src/imu_msg -DCMAKE_INSTALL_PREFIX=/home/savannah/EECE5554/LAB4/install/imu_msg
[2.669s] DEBUG:colcon.colcon_core.event_handler.log_command:Invoking command in '/home/savannah/EECE5554/LAB4/build/imu_msg': CMAKE_PREFIX_PATH=/opt/ros/humble /usr/bin/cmake --build /home/savannah/EECE5554/LAB4/build/imu_msg -- -j4 -l4
[6.967s] DEBUG:colcon.colcon_core.event_handler.log_command:Invoked command in '/home/savannah/EECE5554/LAB4/build/gps_message' returned '0': CMAKE_PREFIX_PATH=/opt/ros/humble /usr/bin/cmake --build /home/savannah/EECE5554/LAB4/build/gps_message -- -j4 -l4
[6.976s] DEBUG:colcon.colcon_core.event_handler.log_command:Invoking command in '/home/savannah/EECE5554/LAB4/build/gps_message': CMAKE_PREFIX_PATH=/opt/ros/humble /usr/bin/cmake --install /home/savannah/EECE5554/LAB4/build/gps_message
[6.978s] DEBUG:colcon.colcon_core.event_handler.log_command:Invoked command in '/home/savannah/EECE5554/LAB4/build/imu_msg' returned '0': CMAKE_PREFIX_PATH=/opt/ros/humble /usr/bin/cmake --build /home/savannah/EECE5554/LAB4/build/imu_msg -- -j4 -l4
[6.979s] DEBUG:colcon.colcon_core.event_handler.log_command:Invoking command in '/home/savannah/EECE5554/LAB4/build/imu_msg': CMAKE_PREFIX_PATH=/opt/ros/humble /usr/bin/cmake --install /home/savannah/EECE5554/LAB4/build/imu_msg
[7.039s] Level 1:colcon.colcon_core.environment:create_environment_scripts_only(gps_message)
[7.039s] DEBUG:colcon.colcon_core.event_handler.log_command:Invoked command in '/home/savannah/EECE5554/LAB4/build/gps_message' returned '0': CMAKE_PREFIX_PATH=/opt/ros/humble /usr/bin/cmake --install /home/savannah/EECE5554/LAB4/build/gps_message
[7.045s] Level 1:colcon.colcon_core.environment:checking '/home/savannah/EECE5554/LAB4/install/gps_message' for CMake module files
[7.045s] Level 1:colcon.colcon_core.environment:checking '/home/savannah/EECE5554/LAB4/install/gps_message' for CMake config files
[7.045s] Level 1:colcon.colcon_core.shell:create_environment_hook('gps_message', 'cmake_prefix_path')
[7.045s] INFO:colcon.colcon_core.shell:Creating environment hook '/home/savannah/EECE5554/LAB4/install/gps_message/share/gps_message/hook/cmake_prefix_path.ps1'
[7.046s] INFO:colcon.colcon_core.shell:Creating environment descriptor '/home/savannah/EECE5554/LAB4/install/gps_message/share/gps_message/hook/cmake_prefix_path.dsv'
[7.047s] INFO:colcon.colcon_core.shell:Creating environment hook '/home/savannah/EECE5554/LAB4/install/gps_message/share/gps_message/hook/cmake_prefix_path.sh'
[7.048s] Level 1:colcon.colcon_core.environment:checking '/home/savannah/EECE5554/LAB4/install/gps_message/lib'
[7.048s] Level 1:colcon.colcon_core.shell:create_environment_hook('gps_message', 'ld_library_path_lib')
[7.048s] INFO:colcon.colcon_core.shell:Creating environment hook '/home/savannah/EECE5554/LAB4/install/gps_message/share/gps_message/hook/ld_library_path_lib.ps1'
[7.049s] INFO:colcon.colcon_core.shell:Creating environment descriptor '/home/savannah/EECE5554/LAB4/install/gps_message/share/gps_message/hook/ld_library_path_lib.dsv'
[7.049s] INFO:colcon.colcon_core.shell:Creating environment hook '/home/savannah/EECE5554/LAB4/install/gps_message/share/gps_message/hook/ld_library_path_lib.sh'
[7.049s] Level 1:colcon.colcon_core.environment:checking '/home/savannah/EECE5554/LAB4/install/gps_message/bin'
[7.049s] Level 1:colcon.colcon_core.environment:checking '/home/savannah/EECE5554/LAB4/install/gps_message/lib/pkgconfig/gps_message.pc'
[7.049s] Level 1:colcon.colcon_core.environment:checking '/home/savannah/EECE5554/LAB4/install/gps_message/lib/python3.10/site-packages'
[7.050s] Level 1:colcon.colcon_core.environment:checking '/home/savannah/EECE5554/LAB4/install/gps_message/bin'
[7.050s] INFO:colcon.colcon_core.shell:Creating package script '/home/savannah/EECE5554/LAB4/install/gps_message/share/gps_message/package.ps1'
[7.051s] INFO:colcon.colcon_core.shell:Creating package descriptor '/home/savannah/EECE5554/LAB4/install/gps_message/share/gps_message/package.dsv'
[7.051s] INFO:colcon.colcon_core.shell:Creating package script '/home/savannah/EECE5554/LAB4/install/gps_message/share/gps_message/package.sh'
[7.052s] INFO:colcon.colcon_core.shell:Creating package script '/home/savannah/EECE5554/LAB4/install/gps_message/share/gps_message/package.bash'
[7.053s] INFO:colcon.colcon_core.shell:Creating package script '/home/savannah/EECE5554/LAB4/install/gps_message/share/gps_message/package.zsh'
[7.054s] Level 1:colcon.colcon_core.environment:create_file_with_runtime_dependencies(/home/savannah/EECE5554/LAB4/install/gps_message/share/colcon-core/packages/gps_message)
[7.054s] Level 1:colcon.colcon_core.environment:create_environment_scripts_only(gps_message)
[7.054s] Level 1:colcon.colcon_core.environment:checking '/home/savannah/EECE5554/LAB4/install/gps_message' for CMake module files
[7.055s] Level 1:colcon.colcon_core.environment:checking '/home/savannah/EECE5554/LAB4/install/gps_message' for CMake config files
[7.055s] Level 1:colcon.colcon_core.shell:create_environment_hook('gps_message', 'cmake_prefix_path')
[7.055s] INFO:colcon.colcon_core.shell:Creating environment hook '/home/savannah/EECE5554/LAB4/install/gps_message/share/gps_message/hook/cmake_prefix_path.ps1'
[7.056s] INFO:colcon.colcon_core.shell:Creating environment descriptor '/home/savannah/EECE5554/LAB4/install/gps_message/share/gps_message/hook/cmake_prefix_path.dsv'
[7.056s] INFO:colcon.colcon_core.shell:Creating environment hook '/home/savannah/EECE5554/LAB4/install/gps_message/share/gps_message/hook/cmake_prefix_path.sh'
[7.056s] Level 1:colcon.colcon_core.environment:checking '/home/savannah/EECE5554/LAB4/install/gps_message/lib'
[7.056s] Level 1:colcon.colcon_core.shell:create_environment_hook('gps_message', 'ld_library_path_lib')
[7.057s] INFO:colcon.colcon_core.shell:Creating environment hook '/home/savannah/EECE5554/LAB4/install/gps_message/share/gps_message/hook/ld_library_path_lib.ps1'
[7.057s] INFO:colcon.colcon_core.shell:Creating environment descriptor '/home/savannah/EECE5554/LAB4/install/gps_message/share/gps_message/hook/ld_library_path_lib.dsv'
[7.057s] INFO:colcon.colcon_core.shell:Creating environment hook '/home/savannah/EECE5554/LAB4/install/gps_message/share/gps_message/hook/ld_library_path_lib.sh'
[7.057s] Level 1:colcon.colcon_core.environment:checking '/home/savannah/EECE5554/LAB4/install/gps_message/bin'
[7.058s] Level 1:colcon.colcon_core.environment:checking '/home/savannah/EECE5554/LAB4/install/gps_message/lib/pkgconfig/gps_message.pc'
[7.058s] Level 1:colcon.colcon_core.environment:checking '/home/savannah/EECE5554/LAB4/install/gps_message/lib/python3.10/site-packages'
[7.058s] Level 1:colcon.colcon_core.environment:checking '/home/savannah/EECE5554/LAB4/install/gps_message/bin'
[7.058s] INFO:colcon.colcon_core.shell:Creating package script '/home/savannah/EECE5554/LAB4/install/gps_message/share/gps_message/package.ps1'
[7.059s] INFO:colcon.colcon_core.shell:Creating package descriptor '/home/savannah/EECE5554/LAB4/install/gps_message/share/gps_message/package.dsv'
[7.059s] INFO:colcon.colcon_core.shell:Creating package script '/home/savannah/EECE5554/LAB4/install/gps_message/share/gps_message/package.sh'
[7.059s] INFO:colcon.colcon_core.shell:Creating package script '/home/savannah/EECE5554/LAB4/install/gps_message/share/gps_message/package.bash'
[7.060s] INFO:colcon.colcon_core.shell:Creating package script '/home/savannah/EECE5554/LAB4/install/gps_message/share/gps_message/package.zsh'
[7.060s] Level 1:colcon.colcon_core.environment:create_file_with_runtime_dependencies(/home/savannah/EECE5554/LAB4/install/gps_message/share/colcon-core/packages/gps_message)
[7.060s] INFO:colcon.colcon_ros.task.ament_python.build:Building ROS package in '/home/savannah/EECE5554/LAB4/src/gps_driver' with build type 'ament_python'
[7.060s] Level 1:colcon.colcon_core.shell:create_environment_hook('gps_driver', 'ament_prefix_path')
[7.061s] INFO:colcon.colcon_core.shell:Creating environment hook '/home/savannah/EECE5554/LAB4/install/gps_driver/share/gps_driver/hook/ament_prefix_path.ps1'
[7.061s] INFO:colcon.colcon_core.shell:Creating environment descriptor '/home/savannah/EECE5554/LAB4/install/gps_driver/share/gps_driver/hook/ament_prefix_path.dsv'
[7.062s] INFO:colcon.colcon_core.shell:Creating environment hook '/home/savannah/EECE5554/LAB4/install/gps_driver/share/gps_driver/hook/ament_prefix_path.sh'
[7.062s] INFO:colcon.colcon_core.shell:Skip shell extension 'powershell' for command environment: Not usable outside of PowerShell
[7.062s] DEBUG:colcon.colcon_core.shell:Skip shell extension 'dsv' for command environment
[7.064s] Level 1:colcon.colcon_core.environment:create_environment_scripts_only(imu_msg)
[7.065s] Level 1:colcon.colcon_core.environment:checking '/home/savannah/EECE5554/LAB4/install/imu_msg' for CMake module files
[7.065s] DEBUG:colcon.colcon_core.event_handler.log_command:Invoked command in '/home/savannah/EECE5554/LAB4/build/imu_msg' returned '0': CMAKE_PREFIX_PATH=/opt/ros/humble /usr/bin/cmake --install /home/savannah/EECE5554/LAB4/build/imu_msg
[7.065s] Level 1:colcon.colcon_core.environment:checking '/home/savannah/EECE5554/LAB4/install/imu_msg' for CMake config files
[7.065s] Level 1:colcon.colcon_core.shell:create_environment_hook('imu_msg', 'cmake_prefix_path')
[7.066s] INFO:colcon.colcon_core.shell:Creating environment hook '/home/savannah/EECE5554/LAB4/install/imu_msg/share/imu_msg/hook/cmake_prefix_path.ps1'
[7.066s] INFO:colcon.colcon_core.shell:Creating environment descriptor '/home/savannah/EECE5554/LAB4/install/imu_msg/share/imu_msg/hook/cmake_prefix_path.dsv'
[7.066s] INFO:colcon.colcon_core.shell:Creating environment hook '/home/savannah/EECE5554/LAB4/install/imu_msg/share/imu_msg/hook/cmake_prefix_path.sh'
[7.066s] Level 1:colcon.colcon_core.environment:checking '/home/savannah/EECE5554/LAB4/install/imu_msg/lib'
[7.067s] Level 1:colcon.colcon_core.shell:create_environment_hook('imu_msg', 'ld_library_path_lib')
[7.067s] INFO:colcon.colcon_core.shell:Creating environment hook '/home/savannah/EECE5554/LAB4/install/imu_msg/share/imu_msg/hook/ld_library_path_lib.ps1'
[7.067s] INFO:colcon.colcon_core.shell:Creating environment descriptor '/home/savannah/EECE5554/LAB4/install/imu_msg/share/imu_msg/hook/ld_library_path_lib.dsv'
[7.067s] INFO:colcon.colcon_core.shell:Creating environment hook '/home/savannah/EECE5554/LAB4/install/imu_msg/share/imu_msg/hook/ld_library_path_lib.sh'
[7.067s] Level 1:colcon.colcon_core.environment:checking '/home/savannah/EECE5554/LAB4/install/imu_msg/bin'
[7.068s] Level 1:colcon.colcon_core.environment:checking '/home/savannah/EECE5554/LAB4/install/imu_msg/lib/pkgconfig/imu_msg.pc'
[7.068s] Level 1:colcon.colcon_core.environment:checking '/home/savannah/EECE5554/LAB4/install/imu_msg/lib/python3.10/site-packages'
[7.068s] Level 1:colcon.colcon_core.environment:checking '/home/savannah/EECE5554/LAB4/install/imu_msg/bin'
[7.068s] INFO:colcon.colcon_core.shell:Creating package script '/home/savannah/EECE5554/LAB4/install/imu_msg/share/imu_msg/package.ps1'
[7.068s] INFO:colcon.colcon_core.shell:Creating package descriptor '/home/savannah/EECE5554/LAB4/install/imu_msg/share/imu_msg/package.dsv'
[7.069s] INFO:colcon.colcon_core.shell:Creating package script '/home/savannah/EECE5554/LAB4/install/imu_msg/share/imu_msg/package.sh'
[7.069s] INFO:colcon.colcon_core.shell:Creating package script '/home/savannah/EECE5554/LAB4/install/imu_msg/share/imu_msg/package.bash'
[7.069s] INFO:colcon.colcon_core.shell:Creating package script '/home/savannah/EECE5554/LAB4/install/imu_msg/share/imu_msg/package.zsh'
[7.069s] Level 1:colcon.colcon_core.environment:create_file_with_runtime_dependencies(/home/savannah/EECE5554/LAB4/install/imu_msg/share/colcon-core/packages/imu_msg)
[7.070s] Level 1:colcon.colcon_core.environment:create_environment_scripts_only(imu_msg)
[7.070s] Level 1:colcon.colcon_core.environment:checking '/home/savannah/EECE5554/LAB4/install/imu_msg' for CMake module files
[7.071s] Level 1:colcon.colcon_core.environment:checking '/home/savannah/EECE5554/LAB4/install/imu_msg' for CMake config files
[7.071s] Level 1:colcon.colcon_core.shell:create_environment_hook('imu_msg', 'cmake_prefix_path')
[7.071s] INFO:colcon.colcon_core.shell:Creating environment hook '/home/savannah/EECE5554/LAB4/install/imu_msg/share/imu_msg/hook/cmake_prefix_path.ps1'
[7.071s] INFO:colcon.colcon_core.shell:Creating environment descriptor '/home/savannah/EECE5554/LAB4/install/imu_msg/share/imu_msg/hook/cmake_prefix_path.dsv'
[7.072s] INFO:colcon.colcon_core.shell:Creating environment hook '/home/savannah/EECE5554/LAB4/install/imu_msg/share/imu_msg/hook/cmake_prefix_path.sh'
[7.073s] Level 1:colcon.colcon_core.environment:checking '/home/savannah/EECE5554/LAB4/install/imu_msg/lib'
[7.073s] Level 1:colcon.colcon_core.shell:create_environment_hook('imu_msg', 'ld_library_path_lib')
[7.073s] INFO:colcon.colcon_core.shell:Creating environment hook '/home/savannah/EECE5554/LAB4/install/imu_msg/share/imu_msg/hook/ld_library_path_lib.ps1'
[7.074s] INFO:colcon.colcon_core.shell:Creating environment descriptor '/home/savannah/EECE5554/LAB4/install/imu_msg/share/imu_msg/hook/ld_library_path_lib.dsv'
[7.074s] INFO:colcon.colcon_core.shell:Creating environment hook '/home/savannah/EECE5554/LAB4/install/imu_msg/share/imu_msg/hook/ld_library_path_lib.sh'
[7.074s] Level 1:colcon.colcon_core.environment:checking '/home/savannah/EECE5554/LAB4/install/imu_msg/bin'
[7.074s] Level 1:colcon.colcon_core.environment:checking '/home/savannah/EECE5554/LAB4/install/imu_msg/lib/pkgconfig/imu_msg.pc'
[7.075s] Level 1:colcon.colcon_core.environment:checking '/home/savannah/EECE5554/LAB4/install/imu_msg/lib/python3.10/site-packages'
[7.075s] Level 1:colcon.colcon_core.environment:checking '/home/savannah/EECE5554/LAB4/install/imu_msg/bin'
[7.075s] INFO:colcon.colcon_core.shell:Creating package script '/home/savannah/EECE5554/LAB4/install/imu_msg/share/imu_msg/package.ps1'
[7.075s] INFO:colcon.colcon_core.shell:Creating package descriptor '/home/savannah/EECE5554/LAB4/install/imu_msg/share/imu_msg/package.dsv'
[7.076s] INFO:colcon.colcon_core.shell:Creating package script '/home/savannah/EECE5554/LAB4/install/imu_msg/share/imu_msg/package.sh'
[7.076s] INFO:colcon.colcon_core.shell:Creating package script '/home/savannah/EECE5554/LAB4/install/imu_msg/share/imu_msg/package.bash'
[7.077s] INFO:colcon.colcon_core.shell:Creating package script '/home/savannah/EECE5554/LAB4/install/imu_msg/share/imu_msg/package.zsh'
[7.077s] Level 1:colcon.colcon_core.environment:create_file_with_runtime_dependencies(/home/savannah/EECE5554/LAB4/install/imu_msg/share/colcon-core/packages/imu_msg)
[7.077s] INFO:colcon.colcon_ros.task.ament_python.build:Building ROS package in '/home/savannah/EECE5554/LAB4/src/imu_driver' with build type 'ament_python'
[7.078s] Level 1:colcon.colcon_core.shell:create_environment_hook('imu_driver', 'ament_prefix_path')
[7.078s] INFO:colcon.colcon_core.shell:Creating environment hook '/home/savannah/EECE5554/LAB4/install/imu_driver/share/imu_driver/hook/ament_prefix_path.ps1'
[7.079s] INFO:colcon.colcon_core.shell:Creating environment descriptor '/home/savannah/EECE5554/LAB4/install/imu_driver/share/imu_driver/hook/ament_prefix_path.dsv'
[7.080s] INFO:colcon.colcon_core.shell:Creating environment hook '/home/savannah/EECE5554/LAB4/install/imu_driver/share/imu_driver/hook/ament_prefix_path.sh'
[7.081s] INFO:colcon.colcon_core.shell:Skip shell extension 'powershell' for command environment: Not usable outside of PowerShell
[7.081s] DEBUG:colcon.colcon_core.shell:Skip shell extension 'dsv' for command environment
[7.315s] INFO:colcon.colcon_core.task.python.build:Building Python package in '/home/savannah/EECE5554/LAB4/src/gps_driver'
[7.315s] INFO:colcon.colcon_core.shell:Skip shell extension 'powershell' for command environment: Not usable outside of PowerShell
[7.315s] DEBUG:colcon.colcon_core.shell:Skip shell extension 'dsv' for command environment
[7.588s] INFO:colcon.colcon_core.task.python.build:Building Python package in '/home/savannah/EECE5554/LAB4/src/imu_driver'
[7.588s] INFO:colcon.colcon_core.shell:Skip shell extension 'powershell' for command environment: Not usable outside of PowerShell
[7.588s] DEBUG:colcon.colcon_core.shell:Skip shell extension 'dsv' for command environment
[8.038s] DEBUG:colcon.colcon_core.event_handler.log_command:Invoking command in '/home/savannah/EECE5554/LAB4/src/gps_driver': AMENT_PREFIX_PATH=/home/savannah/EECE5554/LAB4/install/gps_message:${AMENT_PREFIX_PATH} CMAKE_PREFIX_PATH=/home/savannah/EECE5554/LAB4/install/gps_message LD_LIBRARY_PATH=/home/savannah/EECE5554/LAB4/install/gps_message/lib:${LD_LIBRARY_PATH} PYTHONPATH=/home/savannah/EECE5554/LAB4/build/gps_driver/prefix_override:/usr/lib/python3/dist-packages/colcon_core/task/python/colcon_distutils_commands:/home/savannah/EECE5554/LAB4/install/gps_driver/lib/python3.10/site-packages:/home/savannah/EECE5554/LAB4/install/gps_message/local/lib/python3.10/dist-packages:${PYTHONPATH} /usr/bin/python3 -W ignore:setup.py install is deprecated -W ignore:easy_install command is deprecated setup.py egg_info --egg-base ../../build/gps_driver build --build-base /home/savannah/EECE5554/LAB4/build/gps_driver/build install --record /home/savannah/EECE5554/LAB4/build/gps_driver/install.log --single-version-externally-managed install_data
[8.043s] DEBUG:colcon.colcon_core.event_handler.log_command:Invoking command in '/home/savannah/EECE5554/LAB4/src/imu_driver': AMENT_PREFIX_PATH=/home/savannah/EECE5554/LAB4/install/imu_msg:${AMENT_PREFIX_PATH} CMAKE_PREFIX_PATH=/home/savannah/EECE5554/LAB4/install/imu_msg LD_LIBRARY_PATH=/home/savannah/EECE5554/LAB4/install/imu_msg/lib:${LD_LIBRARY_PATH} PYTHONPATH=/home/savannah/EECE5554/LAB4/build/imu_driver/prefix_override:/usr/lib/python3/dist-packages/colcon_core/task/python/colcon_distutils_commands:/home/savannah/EECE5554/LAB4/install/imu_driver/lib/python3.10/site-packages:/home/savannah/EECE5554/LAB4/install/imu_msg/local/lib/python3.10/dist-packages:${PYTHONPATH} /usr/bin/python3 -W ignore:setup.py install is deprecated -W ignore:easy_install command is deprecated setup.py egg_info --egg-base ../../build/imu_driver build --build-base /home/savannah/EECE5554/LAB4/build/imu_driver/build install --record /home/savannah/EECE5554/LAB4/build/imu_driver/install.log --single-version-externally-managed install_data
[8.355s] Level 1:colcon.colcon_core.environment:checking '/home/savannah/EECE5554/LAB4/install/imu_driver' for CMake module files
[8.357s] Level 1:colcon.colcon_core.environment:checking '/home/savannah/EECE5554/LAB4/install/imu_driver' for CMake config files
[8.357s] DEBUG:colcon.colcon_core.event_handler.log_command:Invoked command in '/home/savannah/EECE5554/LAB4/src/imu_driver' returned '0': AMENT_PREFIX_PATH=/home/savannah/EECE5554/LAB4/install/imu_msg:${AMENT_PREFIX_PATH} CMAKE_PREFIX_PATH=/home/savannah/EECE5554/LAB4/install/imu_msg LD_LIBRARY_PATH=/home/savannah/EECE5554/LAB4/install/imu_msg/lib:${LD_LIBRARY_PATH} PYTHONPATH=/home/savannah/EECE5554/LAB4/build/imu_driver/prefix_override:/usr/lib/python3/dist-packages/colcon_core/task/python/colcon_distutils_commands:/home/savannah/EECE5554/LAB4/install/imu_driver/lib/python3.10/site-packages:/home/savannah/EECE5554/LAB4/install/imu_msg/local/lib/python3.10/dist-packages:${PYTHONPATH} /usr/bin/python3 -W ignore:setup.py install is deprecated -W ignore:easy_install command is deprecated setup.py egg_info --egg-base ../../build/imu_driver build --build-base /home/savannah/EECE5554/LAB4/build/imu_driver/build install --record /home/savannah/EECE5554/LAB4/build/imu_driver/install.log --single-version-externally-managed install_data
[8.358s] Level 1:colcon.colcon_core.environment:checking '/home/savannah/EECE5554/LAB4/install/imu_driver/lib'
[8.358s] Level 1:colcon.colcon_core.environment:checking '/home/savannah/EECE5554/LAB4/install/imu_driver/bin'
[8.358s] Level 1:colcon.colcon_core.environment:checking '/home/savannah/EECE5554/LAB4/install/imu_driver/lib/pkgconfig/imu_driver.pc'
[8.360s] Level 1:colcon.colcon_core.environment:checking '/home/savannah/EECE5554/LAB4/install/imu_driver/lib/python3.10/site-packages'
[8.360s] Level 1:colcon.colcon_core.shell:create_environment_hook('imu_driver', 'pythonpath')
[8.361s] INFO:colcon.colcon_core.shell:Creating environment hook '/home/savannah/EECE5554/LAB4/install/imu_driver/share/imu_driver/hook/pythonpath.ps1'
[8.361s] INFO:colcon.colcon_core.shell:Creating environment descriptor '/home/savannah/EECE5554/LAB4/install/imu_driver/share/imu_driver/hook/pythonpath.dsv'
[8.361s] INFO:colcon.colcon_core.shell:Creating environment hook '/home/savannah/EECE5554/LAB4/install/imu_driver/share/imu_driver/hook/pythonpath.sh'
[8.362s] Level 1:colcon.colcon_core.environment:checking '/home/savannah/EECE5554/LAB4/install/imu_driver/bin'
[8.362s] Level 1:colcon.colcon_core.environment:create_environment_scripts_only(imu_driver)
[8.362s] INFO:colcon.colcon_core.shell:Creating package script '/home/savannah/EECE5554/LAB4/install/imu_driver/share/imu_driver/package.ps1'
[8.362s] INFO:colcon.colcon_core.shell:Creating package descriptor '/home/savannah/EECE5554/LAB4/install/imu_driver/share/imu_driver/package.dsv'
[8.363s] INFO:colcon.colcon_core.shell:Creating package script '/home/savannah/EECE5554/LAB4/install/imu_driver/share/imu_driver/package.sh'
[8.364s] INFO:colcon.colcon_core.shell:Creating package script '/home/savannah/EECE5554/LAB4/install/imu_driver/share/imu_driver/package.bash'
[8.364s] INFO:colcon.colcon_core.shell:Creating package script '/home/savannah/EECE5554/LAB4/install/imu_driver/share/imu_driver/package.zsh'
[8.365s] Level 1:colcon.colcon_core.environment:create_file_with_runtime_dependencies(/home/savannah/EECE5554/LAB4/install/imu_driver/share/colcon-core/packages/imu_driver)
[8.400s] Level 1:colcon.colcon_core.environment:checking '/home/savannah/EECE5554/LAB4/install/gps_driver' for CMake module files
[8.401s] Level 1:colcon.colcon_core.environment:checking '/home/savannah/EECE5554/LAB4/install/gps_driver' for CMake config files
[8.401s] Level 1:colcon.colcon_core.environment:checking '/home/savannah/EECE5554/LAB4/install/gps_driver/lib'
[8.401s] Level 1:colcon.colcon_core.environment:checking '/home/savannah/EECE5554/LAB4/install/gps_driver/bin'
[8.401s] Level 1:colcon.colcon_core.environment:checking '/home/savannah/EECE5554/LAB4/install/gps_driver/lib/pkgconfig/gps_driver.pc'
[8.402s] Level 1:colcon.colcon_core.environment:checking '/home/savannah/EECE5554/LAB4/install/gps_driver/lib/python3.10/site-packages'
[8.402s] Level 1:colcon.colcon_core.shell:create_environment_hook('gps_driver', 'pythonpath')
[8.402s] INFO:colcon.colcon_core.shell:Creating environment hook '/home/savannah/EECE5554/LAB4/install/gps_driver/share/gps_driver/hook/pythonpath.ps1'
[8.400s] DEBUG:colcon.colcon_core.event_handler.log_command:Invoked command in '/home/savannah/EECE5554/LAB4/src/gps_driver' returned '0': AMENT_PREFIX_PATH=/home/savannah/EECE5554/LAB4/install/gps_message:${AMENT_PREFIX_PATH} CMAKE_PREFIX_PATH=/home/savannah/EECE5554/LAB4/install/gps_message LD_LIBRARY_PATH=/home/savannah/EECE5554/LAB4/install/gps_message/lib:${LD_LIBRARY_PATH} PYTHONPATH=/home/savannah/EECE5554/LAB4/build/gps_driver/prefix_override:/usr/lib/python3/dist-packages/colcon_core/task/python/colcon_distutils_commands:/home/savannah/EECE5554/LAB4/install/gps_driver/lib/python3.10/site-packages:/home/savannah/EECE5554/LAB4/install/gps_message/local/lib/python3.10/dist-packages:${PYTHONPATH} /usr/bin/python3 -W ignore:setup.py install is deprecated -W ignore:easy_install command is deprecated setup.py egg_info --egg-base ../../build/gps_driver build --build-base /home/savannah/EECE5554/LAB4/build/gps_driver/build install --record /home/savannah/EECE5554/LAB4/build/gps_driver/install.log --single-version-externally-managed install_data
[8.402s] INFO:colcon.colcon_core.shell:Creating environment descriptor '/home/savannah/EECE5554/LAB4/install/gps_driver/share/gps_driver/hook/pythonpath.dsv'
[8.403s] INFO:colcon.colcon_core.shell:Creating environment hook '/home/savannah/EECE5554/LAB4/install/gps_driver/share/gps_driver/hook/pythonpath.sh'
[8.403s] Level 1:colcon.colcon_core.environment:checking '/home/savannah/EECE5554/LAB4/install/gps_driver/bin'
[8.403s] Level 1:colcon.colcon_core.environment:create_environment_scripts_only(gps_driver)
[8.404s] INFO:colcon.colcon_core.shell:Creating package script '/home/savannah/EECE5554/LAB4/install/gps_driver/share/gps_driver/package.ps1'
[8.404s] INFO:colcon.colcon_core.shell:Creating package descriptor '/home/savannah/EECE5554/LAB4/install/gps_driver/share/gps_driver/package.dsv'
[8.404s] INFO:colcon.colcon_core.shell:Creating package script '/home/savannah/EECE5554/LAB4/install/gps_driver/share/gps_driver/package.sh'
[8.405s] INFO:colcon.colcon_core.shell:Creating package script '/home/savannah/EECE5554/LAB4/install/gps_driver/share/gps_driver/package.bash'
[8.405s] INFO:colcon.colcon_core.shell:Creating package script '/home/savannah/EECE5554/LAB4/install/gps_driver/share/gps_driver/package.zsh'
[8.408s] Level 1:colcon.colcon_core.environment:create_file_with_runtime_dependencies(/home/savannah/EECE5554/LAB4/install/gps_driver/share/colcon-core/packages/gps_driver)
[8.408s] INFO:colcon.colcon_ros.task.ament_python.build:Building ROS package in '/home/savannah/EECE5554/LAB4/src/fusion_driver' with build type 'ament_python'
[8.409s] Level 1:colcon.colcon_core.shell:create_environment_hook('fusion_driver', 'ament_prefix_path')
[8.409s] INFO:colcon.colcon_core.shell:Creating environment hook '/home/savannah/EECE5554/LAB4/install/fusion_driver/share/fusion_driver/hook/ament_prefix_path.ps1'
[8.409s] INFO:colcon.colcon_core.shell:Creating environment descriptor '/home/savannah/EECE5554/LAB4/install/fusion_driver/share/fusion_driver/hook/ament_prefix_path.dsv'
[8.410s] INFO:colcon.colcon_core.shell:Creating environment hook '/home/savannah/EECE5554/LAB4/install/fusion_driver/share/fusion_driver/hook/ament_prefix_path.sh'
[8.410s] INFO:colcon.colcon_core.shell:Skip shell extension 'powershell' for command environment: Not usable outside of PowerShell
[8.410s] DEBUG:colcon.colcon_core.shell:Skip shell extension 'dsv' for command environment
[8.673s] INFO:colcon.colcon_core.task.python.build:Building Python package in '/home/savannah/EECE5554/LAB4/src/fusion_driver'
[8.673s] INFO:colcon.colcon_core.shell:Skip shell extension 'powershell' for command environment: Not usable outside of PowerShell
[8.673s] DEBUG:colcon.colcon_core.shell:Skip shell extension 'dsv' for command environment
[9.020s] DEBUG:colcon.colcon_core.event_handler.log_command:Invoking command in '/home/savannah/EECE5554/LAB4/src/fusion_driver': AMENT_PREFIX_PATH=/home/savannah/EECE5554/LAB4/install/imu_driver:/home/savannah/EECE5554/LAB4/install/gps_driver:/home/savannah/EECE5554/LAB4/install/imu_msg:/home/savannah/EECE5554/LAB4/install/gps_message:${AMENT_PREFIX_PATH} CMAKE_PREFIX_PATH=/home/savannah/EECE5554/LAB4/install/imu_msg:/home/savannah/EECE5554/LAB4/install/gps_message LD_LIBRARY_PATH=/home/savannah/EECE5554/LAB4/install/imu_msg/lib:/home/savannah/EECE5554/LAB4/install/gps_message/lib:${LD_LIBRARY_PATH} PYTHONPATH=/home/savannah/EECE5554/LAB4/build/fusion_driver/prefix_override:/usr/lib/python3/dist-packages/colcon_core/task/python/colcon_distutils_commands:/home/savannah/EECE5554/LAB4/install/fusion_driver/lib/python3.10/site-packages:/home/savannah/EECE5554/LAB4/install/imu_driver/lib/python3.10/site-packages:/home/savannah/EECE5554/LAB4/install/gps_driver/lib/python3.10/site-packages:/home/savannah/EECE5554/LAB4/install/imu_msg/local/lib/python3.10/dist-packages:/home/savannah/EECE5554/LAB4/install/gps_message/local/lib/python3.10/dist-packages:${PYTHONPATH} /usr/bin/python3 -W ignore:setup.py install is deprecated -W ignore:easy_install command is deprecated setup.py egg_info --egg-base ../../build/fusion_driver build --build-base /home/savannah/EECE5554/LAB4/build/fusion_driver/build install --record /home/savannah/EECE5554/LAB4/build/fusion_driver/install.log --single-version-externally-managed install_data
[9.304s] Level 1:colcon.colcon_core.environment:checking '/home/savannah/EECE5554/LAB4/install/fusion_driver' for CMake module files
[9.304s] DEBUG:colcon.colcon_core.event_handler.log_command:Invoked command in '/home/savannah/EECE5554/LAB4/src/fusion_driver' returned '0': AMENT_PREFIX_PATH=/home/savannah/EECE5554/LAB4/install/imu_driver:/home/savannah/EECE5554/LAB4/install/gps_driver:/home/savannah/EECE5554/LAB4/install/imu_msg:/home/savannah/EECE5554/LAB4/install/gps_message:${AMENT_PREFIX_PATH} CMAKE_PREFIX_PATH=/home/savannah/EECE5554/LAB4/install/imu_msg:/home/savannah/EECE5554/LAB4/install/gps_message LD_LIBRARY_PATH=/home/savannah/EECE5554/LAB4/install/imu_msg/lib:/home/savannah/EECE5554/LAB4/install/gps_message/lib:${LD_LIBRARY_PATH} PYTHONPATH=/home/savannah/EECE5554/LAB4/build/fusion_driver/prefix_override:/usr/lib/python3/dist-packages/colcon_core/task/python/colcon_distutils_commands:/home/savannah/EECE5554/LAB4/install/fusion_driver/lib/python3.10/site-packages:/home/savannah/EECE5554/LAB4/install/imu_driver/lib/python3.10/site-packages:/home/savannah/EECE5554/LAB4/install/gps_driver/lib/python3.10/site-packages:/home/savannah/EECE5554/LAB4/install/imu_msg/local/lib/python3.10/dist-packages:/home/savannah/EECE5554/LAB4/install/gps_message/local/lib/python3.10/dist-packages:${PYTHONPATH} /usr/bin/python3 -W ignore:setup.py install is deprecated -W ignore:easy_install command is deprecated setup.py egg_info --egg-base ../../build/fusion_driver build --build-base /home/savannah/EECE5554/LAB4/build/fusion_driver/build install --record /home/savannah/EECE5554/LAB4/build/fusion_driver/install.log --single-version-externally-managed install_data
[9.308s] Level 1:colcon.colcon_core.environment:checking '/home/savannah/EECE5554/LAB4/install/fusion_driver' for CMake config files
[9.308s] Level 1:colcon.colcon_core.environment:checking '/home/savannah/EECE5554/LAB4/install/fusion_driver/lib'
[9.308s] Level 1:colcon.colcon_core.environment:checking '/home/savannah/EECE5554/LAB4/install/fusion_driver/bin'
[9.308s] Level 1:colcon.colcon_core.environment:checking '/home/savannah/EECE5554/LAB4/install/fusion_driver/lib/pkgconfig/fusion_driver.pc'
[9.309s] Level 1:colcon.colcon_core.environment:checking '/home/savannah/EECE5554/LAB4/install/fusion_driver/lib/python3.10/site-packages'
[9.309s] Level 1:colcon.colcon_core.shell:create_environment_hook('fusion_driver', 'pythonpath')
[9.309s] INFO:colcon.colcon_core.shell:Creating environment hook '/home/savannah/EECE5554/LAB4/install/fusion_driver/share/fusion_driver/hook/pythonpath.ps1'
[9.309s] INFO:colcon.colcon_core.shell:Creating environment descriptor '/home/savannah/EECE5554/LAB4/install/fusion_driver/share/fusion_driver/hook/pythonpath.dsv'
[9.310s] INFO:colcon.colcon_core.shell:Creating environment hook '/home/savannah/EECE5554/LAB4/install/fusion_driver/share/fusion_driver/hook/pythonpath.sh'
[9.310s] Level 1:colcon.colcon_core.environment:checking '/home/savannah/EECE5554/LAB4/install/fusion_driver/bin'
[9.310s] Level 1:colcon.colcon_core.environment:create_environment_scripts_only(fusion_driver)
[9.311s] INFO:colcon.colcon_core.shell:Creating package script '/home/savannah/EECE5554/LAB4/install/fusion_driver/share/fusion_driver/package.ps1'
[9.311s] INFO:colcon.colcon_core.shell:Creating package descriptor '/home/savannah/EECE5554/LAB4/install/fusion_driver/share/fusion_driver/package.dsv'
[9.311s] INFO:colcon.colcon_core.shell:Creating package script '/home/savannah/EECE5554/LAB4/install/fusion_driver/share/fusion_driver/package.sh'
[9.312s] INFO:colcon.colcon_core.shell:Creating package script '/home/savannah/EECE5554/LAB4/install/fusion_driver/share/fusion_driver/package.bash'
[9.312s] INFO:colcon.colcon_core.shell:Creating package script '/home/savannah/EECE5554/LAB4/install/fusion_driver/share/fusion_driver/package.zsh'
[9.312s] Level 1:colcon.colcon_core.environment:create_file_with_runtime_dependencies(/home/savannah/EECE5554/LAB4/install/fusion_driver/share/colcon-core/packages/fusion_driver)
[9.312s] DEBUG:colcon.colcon_parallel_executor.executor.parallel:closing loop
[9.313s] DEBUG:colcon.colcon_parallel_executor.executor.parallel:loop closed
[9.313s] DEBUG:colcon.colcon_parallel_executor.executor.parallel:run_until_complete finished with '0'
[9.313s] DEBUG:colcon.colcon_core.event_reactor:joining thread
[9.321s] INFO:colcon.colcon_core.plugin_system:Skipping extension 'colcon_notification.desktop_notification.terminal_notifier': Not used on non-Darwin systems
[9.322s] INFO:colcon.colcon_core.plugin_system:Skipping extension 'colcon_notification.desktop_notification.win32': Not used on non-Windows systems
[9.322s] INFO:colcon.colcon_notification.desktop_notification:Sending desktop notification using 'notify2'
[9.340s] DEBUG:colcon.colcon_core.event_reactor:joined thread
[9.341s] INFO:colcon.colcon_core.shell:Creating prefix script '/home/savannah/EECE5554/LAB4/install/local_setup.ps1'
[9.342s] INFO:colcon.colcon_core.shell:Creating prefix util module '/home/savannah/EECE5554/LAB4/install/_local_setup_util_ps1.py'
[9.344s] INFO:colcon.colcon_core.shell:Creating prefix chain script '/home/savannah/EECE5554/LAB4/install/setup.ps1'
[9.345s] INFO:colcon.colcon_core.shell:Creating prefix script '/home/savannah/EECE5554/LAB4/install/local_setup.sh'
[9.346s] INFO:colcon.colcon_core.shell:Creating prefix util module '/home/savannah/EECE5554/LAB4/install/_local_setup_util_sh.py'
[9.347s] INFO:colcon.colcon_core.shell:Creating prefix chain script '/home/savannah/EECE5554/LAB4/install/setup.sh'
[9.348s] INFO:colcon.colcon_core.shell:Creating prefix script '/home/savannah/EECE5554/LAB4/install/local_setup.bash'
[9.349s] INFO:colcon.colcon_core.shell:Creating prefix chain script '/home/savannah/EECE5554/LAB4/install/setup.bash'
[9.350s] INFO:colcon.colcon_core.shell:Creating prefix script '/home/savannah/EECE5554/LAB4/install/local_setup.zsh'
[9.354s] INFO:colcon.colcon_core.shell:Creating prefix chain script '/home/savannah/EECE5554/LAB4/install/setup.zsh'
