[0.010s] Invoking command in '/home/savannah/EECE5554/LAB1/build/gps_message': CMAKE_PREFIX_PATH=${CMAKE_PREFIX_PATH}:/home/savannah/EECE5554/LAB1/install/gps_driver:/opt/ros/humble /usr/bin/cmake --build /home/savannah/EECE5554/LAB1/build/gps_message -- -j4 -l4
[0.064s] [  9%] Built target gps_message__rosidl_generator_c
[0.070s] [  9%] Built target ament_cmake_python_copy_gps_message
[0.074s] [ 12%] Built target gps_message__cpp
[0.088s] [ 22%] Built target gps_message__rosidl_typesupport_introspection_c
[0.088s] [ 32%] Built target gps_message__rosidl_typesupport_fastrtps_c
[0.093s] [ 41%] Built target gps_message__rosidl_typesupport_c
[0.109s] [ 51%] Built target gps_message__rosidl_typesupport_cpp
[0.112s] [ 61%] Built target gps_message__rosidl_typesupport_fastrtps_cpp
[0.117s] [ 70%] Built target gps_message__rosidl_typesupport_introspection_cpp
[0.142s] [ 70%] Built target gps_message
[0.168s] [ 74%] Built target gps_message__py
[0.188s] [ 80%] Built target gps_message__rosidl_generator_py
[0.211s] [ 87%] Built target gps_message__rosidl_typesupport_introspection_c__pyext
[0.211s] [ 93%] Built target gps_message__rosidl_typesupport_fastrtps_c__pyext
[0.213s] [100%] Built target gps_message__rosidl_typesupport_c__pyext
[0.269s] running egg_info
[0.270s] writing gps_message.egg-info/PKG-INFO
[0.270s] writing dependency_links to gps_message.egg-info/dependency_links.txt
[0.270s] writing top-level names to gps_message.egg-info/top_level.txt
[0.272s] reading manifest file 'gps_message.egg-info/SOURCES.txt'
[0.272s] writing manifest file 'gps_message.egg-info/SOURCES.txt'
[0.292s] [100%] Built target ament_cmake_python_build_gps_message_egg
[0.307s] Invoked command in '/home/savannah/EECE5554/LAB1/build/gps_message' returned '0': CMAKE_PREFIX_PATH=${CMAKE_PREFIX_PATH}:/home/savannah/EECE5554/LAB1/install/gps_driver:/opt/ros/humble /usr/bin/cmake --build /home/savannah/EECE5554/LAB1/build/gps_message -- -j4 -l4
[0.319s] Invoking command in '/home/savannah/EECE5554/LAB1/build/gps_message': CMAKE_PREFIX_PATH=${CMAKE_PREFIX_PATH}:/home/savannah/EECE5554/LAB1/install/gps_driver:/opt/ros/humble /usr/bin/cmake --install /home/savannah/EECE5554/LAB1/build/gps_message
[0.327s] -- Install configuration: ""
[0.327s] -- Up-to-date: /home/savannah/EECE5554/LAB1/install/gps_message/share/ament_index/resource_index/rosidl_interfaces/gps_message
[0.327s] -- Up-to-date: /home/savannah/EECE5554/LAB1/install/gps_message/include/gps_message/gps_message
[0.327s] -- Up-to-date: /home/savannah/EECE5554/LAB1/install/gps_message/include/gps_message/gps_message/msg
[0.327s] -- Up-to-date: /home/savannah/EECE5554/LAB1/install/gps_message/include/gps_message/gps_message/msg/gps_msg.h
[0.328s] -- Up-to-date: /home/savannah/EECE5554/LAB1/install/gps_message/include/gps_message/gps_message/msg/detail
[0.328s] -- Up-to-date: /home/savannah/EECE5554/LAB1/install/gps_message/include/gps_message/gps_message/msg/detail/gps_msg__functions.h
[0.328s] -- Up-to-date: /home/savannah/EECE5554/LAB1/install/gps_message/include/gps_message/gps_message/msg/detail/gps_msg__type_support.h
[0.328s] -- Up-to-date: /home/savannah/EECE5554/LAB1/install/gps_message/include/gps_message/gps_message/msg/detail/gps_msg__functions.c
[0.328s] -- Up-to-date: /home/savannah/EECE5554/LAB1/install/gps_message/include/gps_message/gps_message/msg/detail/gps_msg__struct.h
[0.328s] -- Up-to-date: /home/savannah/EECE5554/LAB1/install/gps_message/include/gps_message/gps_message/msg/rosidl_generator_c__visibility_control.h
[0.328s] -- Up-to-date: /home/savannah/EECE5554/LAB1/install/gps_message/share/gps_message/environment/library_path.sh
[0.328s] -- Up-to-date: /home/savannah/EECE5554/LAB1/install/gps_message/share/gps_message/environment/library_path.dsv
[0.328s] -- Up-to-date: /home/savannah/EECE5554/LAB1/install/gps_message/lib/libgps_message__rosidl_generator_c.so
[0.328s] -- Up-to-date: /home/savannah/EECE5554/LAB1/install/gps_message/include/gps_message/gps_message
[0.328s] -- Up-to-date: /home/savannah/EECE5554/LAB1/install/gps_message/include/gps_message/gps_message/msg
[0.328s] -- Up-to-date: /home/savannah/EECE5554/LAB1/install/gps_message/include/gps_message/gps_message/msg/detail
[0.330s] -- Up-to-date: /home/savannah/EECE5554/LAB1/install/gps_message/include/gps_message/gps_message/msg/detail/gps_msg__rosidl_typesupport_fastrtps_c.h
[0.330s] -- Up-to-date: /home/savannah/EECE5554/LAB1/install/gps_message/include/gps_message/gps_message/msg/rosidl_typesupport_fastrtps_c__visibility_control.h
[0.330s] -- Up-to-date: /home/savannah/EECE5554/LAB1/install/gps_message/lib/libgps_message__rosidl_typesupport_fastrtps_c.so
[0.331s] -- Up-to-date: /home/savannah/EECE5554/LAB1/install/gps_message/include/gps_message/gps_message
[0.332s] -- Up-to-date: /home/savannah/EECE5554/LAB1/install/gps_message/include/gps_message/gps_message/msg
[0.332s] -- Up-to-date: /home/savannah/EECE5554/LAB1/install/gps_message/include/gps_message/gps_message/msg/detail
[0.332s] -- Up-to-date: /home/savannah/EECE5554/LAB1/install/gps_message/include/gps_message/gps_message/msg/detail/gps_msg__rosidl_typesupport_introspection_c.h
[0.332s] -- Up-to-date: /home/savannah/EECE5554/LAB1/install/gps_message/include/gps_message/gps_message/msg/detail/gps_msg__type_support.c
[0.332s] -- Up-to-date: /home/savannah/EECE5554/LAB1/install/gps_message/include/gps_message/gps_message/msg/rosidl_typesupport_introspection_c__visibility_control.h
[0.332s] -- Up-to-date: /home/savannah/EECE5554/LAB1/install/gps_message/lib/libgps_message__rosidl_typesupport_introspection_c.so
[0.332s] -- Up-to-date: /home/savannah/EECE5554/LAB1/install/gps_message/lib/libgps_message__rosidl_typesupport_c.so
[0.332s] -- Up-to-date: /home/savannah/EECE5554/LAB1/install/gps_message/include/gps_message/gps_message
[0.332s] -- Up-to-date: /home/savannah/EECE5554/LAB1/install/gps_message/include/gps_message/gps_message/msg
[0.332s] -- Up-to-date: /home/savannah/EECE5554/LAB1/install/gps_message/include/gps_message/gps_message/msg/gps_msg.hpp
[0.332s] -- Up-to-date: /home/savannah/EECE5554/LAB1/install/gps_message/include/gps_message/gps_message/msg/detail
[0.332s] -- Up-to-date: /home/savannah/EECE5554/LAB1/install/gps_message/include/gps_message/gps_message/msg/detail/gps_msg__struct.hpp
[0.332s] -- Up-to-date: /home/savannah/EECE5554/LAB1/install/gps_message/include/gps_message/gps_message/msg/detail/gps_msg__traits.hpp
[0.332s] -- Up-to-date: /home/savannah/EECE5554/LAB1/install/gps_message/include/gps_message/gps_message/msg/detail/gps_msg__builder.hpp
[0.332s] -- Up-to-date: /home/savannah/EECE5554/LAB1/install/gps_message/include/gps_message/gps_message/msg/detail/gps_msg__type_support.hpp
[0.332s] -- Up-to-date: /home/savannah/EECE5554/LAB1/install/gps_message/include/gps_message/gps_message/msg/rosidl_generator_cpp__visibility_control.hpp
[0.332s] -- Up-to-date: /home/savannah/EECE5554/LAB1/install/gps_message/include/gps_message/gps_message
[0.332s] -- Up-to-date: /home/savannah/EECE5554/LAB1/install/gps_message/include/gps_message/gps_message/msg
[0.333s] -- Up-to-date: /home/savannah/EECE5554/LAB1/install/gps_message/include/gps_message/gps_message/msg/detail
[0.333s] -- Up-to-date: /home/savannah/EECE5554/LAB1/install/gps_message/include/gps_message/gps_message/msg/detail/gps_msg__rosidl_typesupport_fastrtps_cpp.hpp
[0.333s] -- Up-to-date: /home/savannah/EECE5554/LAB1/install/gps_message/include/gps_message/gps_message/msg/detail/dds_fastrtps
[0.333s] -- Up-to-date: /home/savannah/EECE5554/LAB1/install/gps_message/include/gps_message/gps_message/msg/rosidl_typesupport_fastrtps_cpp__visibility_control.h
[0.333s] -- Up-to-date: /home/savannah/EECE5554/LAB1/install/gps_message/lib/libgps_message__rosidl_typesupport_fastrtps_cpp.so
[0.333s] -- Up-to-date: /home/savannah/EECE5554/LAB1/install/gps_message/include/gps_message/gps_message
[0.333s] -- Up-to-date: /home/savannah/EECE5554/LAB1/install/gps_message/include/gps_message/gps_message/msg
[0.333s] -- Up-to-date: /home/savannah/EECE5554/LAB1/install/gps_message/include/gps_message/gps_message/msg/detail
[0.333s] -- Up-to-date: /home/savannah/EECE5554/LAB1/install/gps_message/include/gps_message/gps_message/msg/detail/gps_msg__type_support.cpp
[0.333s] -- Up-to-date: /home/savannah/EECE5554/LAB1/install/gps_message/include/gps_message/gps_message/msg/detail/gps_msg__rosidl_typesupport_introspection_cpp.hpp
[0.333s] -- Up-to-date: /home/savannah/EECE5554/LAB1/install/gps_message/lib/libgps_message__rosidl_typesupport_introspection_cpp.so
[0.333s] -- Up-to-date: /home/savannah/EECE5554/LAB1/install/gps_message/lib/libgps_message__rosidl_typesupport_cpp.so
[0.333s] -- Up-to-date: /home/savannah/EECE5554/LAB1/install/gps_message/share/gps_message/environment/pythonpath.sh
[0.333s] -- Up-to-date: /home/savannah/EECE5554/LAB1/install/gps_message/share/gps_message/environment/pythonpath.dsv
[0.333s] -- Up-to-date: /home/savannah/EECE5554/LAB1/install/gps_message/local/lib/python3.10/dist-packages/gps_message-0.0.0-py3.10.egg-info
[0.333s] -- Installing: /home/savannah/EECE5554/LAB1/install/gps_message/local/lib/python3.10/dist-packages/gps_message-0.0.0-py3.10.egg-info/top_level.txt
[0.333s] -- Installing: /home/savannah/EECE5554/LAB1/install/gps_message/local/lib/python3.10/dist-packages/gps_message-0.0.0-py3.10.egg-info/dependency_links.txt
[0.333s] -- Installing: /home/savannah/EECE5554/LAB1/install/gps_message/local/lib/python3.10/dist-packages/gps_message-0.0.0-py3.10.egg-info/SOURCES.txt
[0.333s] -- Installing: /home/savannah/EECE5554/LAB1/install/gps_message/local/lib/python3.10/dist-packages/gps_message-0.0.0-py3.10.egg-info/PKG-INFO
[0.333s] -- Up-to-date: /home/savannah/EECE5554/LAB1/install/gps_message/local/lib/python3.10/dist-packages/gps_message
[0.334s] -- Up-to-date: /home/savannah/EECE5554/LAB1/install/gps_message/local/lib/python3.10/dist-packages/gps_message/_gps_message_s.ep.rosidl_typesupport_c.c
[0.334s] -- Up-to-date: /home/savannah/EECE5554/LAB1/install/gps_message/local/lib/python3.10/dist-packages/gps_message/libgps_message__rosidl_generator_py.so
[0.334s] -- Up-to-date: /home/savannah/EECE5554/LAB1/install/gps_message/local/lib/python3.10/dist-packages/gps_message/gps_message_s__rosidl_typesupport_fastrtps_c.cpython-310-x86_64-linux-gnu.so
[0.334s] -- Up-to-date: /home/savannah/EECE5554/LAB1/install/gps_message/local/lib/python3.10/dist-packages/gps_message/gps_message_s__rosidl_typesupport_c.cpython-310-x86_64-linux-gnu.so
[0.334s] -- Up-to-date: /home/savannah/EECE5554/LAB1/install/gps_message/local/lib/python3.10/dist-packages/gps_message/gps_message_s__rosidl_typesupport_introspection_c.cpython-310-x86_64-linux-gnu.so
[0.334s] -- Up-to-date: /home/savannah/EECE5554/LAB1/install/gps_message/local/lib/python3.10/dist-packages/gps_message/_gps_message_s.ep.rosidl_typesupport_fastrtps_c.c
[0.334s] -- Up-to-date: /home/savannah/EECE5554/LAB1/install/gps_message/local/lib/python3.10/dist-packages/gps_message/msg
[0.334s] -- Up-to-date: /home/savannah/EECE5554/LAB1/install/gps_message/local/lib/python3.10/dist-packages/gps_message/msg/_gps_msg_s.c
[0.334s] -- Up-to-date: /home/savannah/EECE5554/LAB1/install/gps_message/local/lib/python3.10/dist-packages/gps_message/msg/_gps_msg.py
[0.334s] -- Up-to-date: /home/savannah/EECE5554/LAB1/install/gps_message/local/lib/python3.10/dist-packages/gps_message/msg/__init__.py
[0.334s] -- Up-to-date: /home/savannah/EECE5554/LAB1/install/gps_message/local/lib/python3.10/dist-packages/gps_message/__init__.py
[0.334s] -- Up-to-date: /home/savannah/EECE5554/LAB1/install/gps_message/local/lib/python3.10/dist-packages/gps_message/_gps_message_s.ep.rosidl_typesupport_introspection_c.c
[0.361s] Listing '/home/savannah/EECE5554/LAB1/install/gps_message/local/lib/python3.10/dist-packages/gps_message'...
[0.361s] Listing '/home/savannah/EECE5554/LAB1/install/gps_message/local/lib/python3.10/dist-packages/gps_message/msg'...
[0.364s] -- Up-to-date: /home/savannah/EECE5554/LAB1/install/gps_message/local/lib/python3.10/dist-packages/gps_message/gps_message_s__rosidl_typesupport_fastrtps_c.cpython-310-x86_64-linux-gnu.so
[0.365s] -- Up-to-date: /home/savannah/EECE5554/LAB1/install/gps_message/local/lib/python3.10/dist-packages/gps_message/gps_message_s__rosidl_typesupport_introspection_c.cpython-310-x86_64-linux-gnu.so
[0.365s] -- Up-to-date: /home/savannah/EECE5554/LAB1/install/gps_message/local/lib/python3.10/dist-packages/gps_message/gps_message_s__rosidl_typesupport_c.cpython-310-x86_64-linux-gnu.so
[0.366s] -- Up-to-date: /home/savannah/EECE5554/LAB1/install/gps_message/lib/libgps_message__rosidl_generator_py.so
[0.366s] -- Up-to-date: /home/savannah/EECE5554/LAB1/install/gps_message/share/gps_message/msg/GpsMsg.idl
[0.366s] -- Up-to-date: /home/savannah/EECE5554/LAB1/install/gps_message/share/gps_message/msg/GpsMsg.msg
[0.366s] -- Up-to-date: /home/savannah/EECE5554/LAB1/install/gps_message/share/ament_index/resource_index/package_run_dependencies/gps_message
[0.366s] -- Up-to-date: /home/savannah/EECE5554/LAB1/install/gps_message/share/ament_index/resource_index/parent_prefix_path/gps_message
[0.366s] -- Up-to-date: /home/savannah/EECE5554/LAB1/install/gps_message/share/gps_message/environment/ament_prefix_path.sh
[0.366s] -- Up-to-date: /home/savannah/EECE5554/LAB1/install/gps_message/share/gps_message/environment/ament_prefix_path.dsv
[0.366s] -- Up-to-date: /home/savannah/EECE5554/LAB1/install/gps_message/share/gps_message/environment/path.sh
[0.366s] -- Up-to-date: /home/savannah/EECE5554/LAB1/install/gps_message/share/gps_message/environment/path.dsv
[0.366s] -- Up-to-date: /home/savannah/EECE5554/LAB1/install/gps_message/share/gps_message/local_setup.bash
[0.366s] -- Up-to-date: /home/savannah/EECE5554/LAB1/install/gps_message/share/gps_message/local_setup.sh
[0.366s] -- Up-to-date: /home/savannah/EECE5554/LAB1/install/gps_message/share/gps_message/local_setup.zsh
[0.366s] -- Up-to-date: /home/savannah/EECE5554/LAB1/install/gps_message/share/gps_message/local_setup.dsv
[0.366s] -- Installing: /home/savannah/EECE5554/LAB1/install/gps_message/share/gps_message/package.dsv
[0.366s] -- Up-to-date: /home/savannah/EECE5554/LAB1/install/gps_message/share/ament_index/resource_index/packages/gps_message
[0.366s] -- Up-to-date: /home/savannah/EECE5554/LAB1/install/gps_message/share/gps_message/cmake/export_gps_message__rosidl_generator_cExport.cmake
[0.366s] -- Up-to-date: /home/savannah/EECE5554/LAB1/install/gps_message/share/gps_message/cmake/export_gps_message__rosidl_generator_cExport-noconfig.cmake
[0.366s] -- Up-to-date: /home/savannah/EECE5554/LAB1/install/gps_message/share/gps_message/cmake/export_gps_message__rosidl_typesupport_fastrtps_cExport.cmake
[0.366s] -- Up-to-date: /home/savannah/EECE5554/LAB1/install/gps_message/share/gps_message/cmake/export_gps_message__rosidl_typesupport_fastrtps_cExport-noconfig.cmake
[0.366s] -- Up-to-date: /home/savannah/EECE5554/LAB1/install/gps_message/share/gps_message/cmake/gps_message__rosidl_typesupport_introspection_cExport.cmake
[0.366s] -- Up-to-date: /home/savannah/EECE5554/LAB1/install/gps_message/share/gps_message/cmake/gps_message__rosidl_typesupport_introspection_cExport-noconfig.cmake
[0.366s] -- Up-to-date: /home/savannah/EECE5554/LAB1/install/gps_message/share/gps_message/cmake/gps_message__rosidl_typesupport_cExport.cmake
[0.366s] -- Up-to-date: /home/savannah/EECE5554/LAB1/install/gps_message/share/gps_message/cmake/gps_message__rosidl_typesupport_cExport-noconfig.cmake
[0.366s] -- Up-to-date: /home/savannah/EECE5554/LAB1/install/gps_message/share/gps_message/cmake/export_gps_message__rosidl_generator_cppExport.cmake
[0.366s] -- Up-to-date: /home/savannah/EECE5554/LAB1/install/gps_message/share/gps_message/cmake/export_gps_message__rosidl_typesupport_fastrtps_cppExport.cmake
[0.366s] -- Up-to-date: /home/savannah/EECE5554/LAB1/install/gps_message/share/gps_message/cmake/export_gps_message__rosidl_typesupport_fastrtps_cppExport-noconfig.cmake
[0.367s] -- Up-to-date: /home/savannah/EECE5554/LAB1/install/gps_message/share/gps_message/cmake/gps_message__rosidl_typesupport_introspection_cppExport.cmake
[0.367s] -- Up-to-date: /home/savannah/EECE5554/LAB1/install/gps_message/share/gps_message/cmake/gps_message__rosidl_typesupport_introspection_cppExport-noconfig.cmake
[0.367s] -- Up-to-date: /home/savannah/EECE5554/LAB1/install/gps_message/share/gps_message/cmake/gps_message__rosidl_typesupport_cppExport.cmake
[0.367s] -- Up-to-date: /home/savannah/EECE5554/LAB1/install/gps_message/share/gps_message/cmake/gps_message__rosidl_typesupport_cppExport-noconfig.cmake
[0.367s] -- Up-to-date: /home/savannah/EECE5554/LAB1/install/gps_message/share/gps_message/cmake/export_gps_message__rosidl_generator_pyExport.cmake
[0.367s] -- Up-to-date: /home/savannah/EECE5554/LAB1/install/gps_message/share/gps_message/cmake/export_gps_message__rosidl_generator_pyExport-noconfig.cmake
[0.367s] -- Up-to-date: /home/savannah/EECE5554/LAB1/install/gps_message/share/gps_message/cmake/rosidl_cmake-extras.cmake
[0.367s] -- Up-to-date: /home/savannah/EECE5554/LAB1/install/gps_message/share/gps_message/cmake/ament_cmake_export_dependencies-extras.cmake
[0.367s] -- Up-to-date: /home/savannah/EECE5554/LAB1/install/gps_message/share/gps_message/cmake/ament_cmake_export_include_directories-extras.cmake
[0.367s] -- Up-to-date: /home/savannah/EECE5554/LAB1/install/gps_message/share/gps_message/cmake/ament_cmake_export_libraries-extras.cmake
[0.367s] -- Up-to-date: /home/savannah/EECE5554/LAB1/install/gps_message/share/gps_message/cmake/ament_cmake_export_targets-extras.cmake
[0.367s] -- Up-to-date: /home/savannah/EECE5554/LAB1/install/gps_message/share/gps_message/cmake/rosidl_cmake_export_typesupport_targets-extras.cmake
[0.367s] -- Up-to-date: /home/savannah/EECE5554/LAB1/install/gps_message/share/gps_message/cmake/rosidl_cmake_export_typesupport_libraries-extras.cmake
[0.367s] -- Up-to-date: /home/savannah/EECE5554/LAB1/install/gps_message/share/gps_message/cmake/gps_messageConfig.cmake
[0.367s] -- Up-to-date: /home/savannah/EECE5554/LAB1/install/gps_message/share/gps_message/cmake/gps_messageConfig-version.cmake
[0.367s] -- Up-to-date: /home/savannah/EECE5554/LAB1/install/gps_message/share/gps_message/package.xml
[0.370s] Invoked command in '/home/savannah/EECE5554/LAB1/build/gps_message' returned '0': CMAKE_PREFIX_PATH=${CMAKE_PREFIX_PATH}:/home/savannah/EECE5554/LAB1/install/gps_driver:/opt/ros/humble /usr/bin/cmake --install /home/savannah/EECE5554/LAB1/build/gps_message
