[0.432s] Invoking command in '/home/savannah/EECE5554/LAB3/src/imu_driver': PYTHONPATH=/home/savannah/EECE5554/LAB3/build/imu_driver/prefix_override:/usr/lib/python3/dist-packages/colcon_core/task/python/colcon_distutils_commands:/home/savannah/EECE5554/LAB3/install/imu_driver/lib/python3.10/site-packages:${PYTHONPATH} /usr/bin/python3 -W ignore:setup.py install is deprecated -W ignore:easy_install command is deprecated setup.py egg_info --egg-base ../../build/imu_driver build --build-base /home/savannah/EECE5554/LAB3/build/imu_driver/build install --record /home/savannah/EECE5554/LAB3/build/imu_driver/install.log --single-version-externally-managed install_data
[0.593s] running egg_info
[0.593s] writing ../../build/imu_driver/imu_driver.egg-info/PKG-INFO
[0.593s] writing dependency_links to ../../build/imu_driver/imu_driver.egg-info/dependency_links.txt
[0.593s] writing entry points to ../../build/imu_driver/imu_driver.egg-info/entry_points.txt
[0.594s] writing requirements to ../../build/imu_driver/imu_driver.egg-info/requires.txt
[0.594s] writing top-level names to ../../build/imu_driver/imu_driver.egg-info/top_level.txt
[0.595s] reading manifest file '../../build/imu_driver/imu_driver.egg-info/SOURCES.txt'
[0.595s] adding license file 'LICENSE'
[0.596s] writing manifest file '../../build/imu_driver/imu_driver.egg-info/SOURCES.txt'
[0.596s] running build
[0.596s] running build_py
[0.596s] copying imu_driver/driver.py -> /home/savannah/EECE5554/LAB3/build/imu_driver/build/lib/imu_driver
[0.597s] running install
[0.597s] running install_lib
[0.597s] copying /home/savannah/EECE5554/LAB3/build/imu_driver/build/lib/imu_driver/driver.py -> /home/savannah/EECE5554/LAB3/install/imu_driver/lib/python3.10/site-packages/imu_driver
[0.597s] byte-compiling /home/savannah/EECE5554/LAB3/install/imu_driver/lib/python3.10/site-packages/imu_driver/driver.py to driver.cpython-310.pyc
[0.599s] running install_data
[0.599s] running install_egg_info
[0.601s] removing '/home/savannah/EECE5554/LAB3/install/imu_driver/lib/python3.10/site-packages/imu_driver-0.0.0-py3.10.egg-info' (and everything under it)
[0.602s] Copying ../../build/imu_driver/imu_driver.egg-info to /home/savannah/EECE5554/LAB3/install/imu_driver/lib/python3.10/site-packages/imu_driver-0.0.0-py3.10.egg-info
[0.603s] running install_scripts
[0.617s] Installing driver script to /home/savannah/EECE5554/LAB3/install/imu_driver/lib/imu_driver
[0.617s] writing list of installed files to '/home/savannah/EECE5554/LAB3/build/imu_driver/install.log'
[0.636s] Invoked command in '/home/savannah/EECE5554/LAB3/src/imu_driver' returned '0': PYTHONPATH=/home/savannah/EECE5554/LAB3/build/imu_driver/prefix_override:/usr/lib/python3/dist-packages/colcon_core/task/python/colcon_distutils_commands:/home/savannah/EECE5554/LAB3/install/imu_driver/lib/python3.10/site-packages:${PYTHONPATH} /usr/bin/python3 -W ignore:setup.py install is deprecated -W ignore:easy_install command is deprecated setup.py egg_info --egg-base ../../build/imu_driver build --build-base /home/savannah/EECE5554/LAB3/build/imu_driver/build install --record /home/savannah/EECE5554/LAB3/build/imu_driver/install.log --single-version-externally-managed install_data
