[0.682s] Invoking command in '/home/savannah/EECE5554/LAB4/src/imu_driver': CMAKE_PREFIX_PATH=/home/savannah/EECE5554/LAB4/install/imu_msg:/home/savannah/EECE5554/LAB1/install/gps_message:/home/savannah/EECE5554/LAB4/install/gps_message LD_LIBRARY_PATH=/home/savannah/EECE5554/LAB4/install/imu_msg/lib:/home/savannah/EECE5554/LAB1/install/gps_message/lib:/home/savannah/EECE5554/LAB4/install/gps_message/lib:/opt/ros/humble/opt/rviz_ogre_vendor/lib:/opt/ros/humble/lib/x86_64-linux-gnu:/opt/ros/humble/lib PYTHONPATH=/home/savannah/EECE5554/LAB4/build/imu_driver/prefix_override:/usr/lib/python3/dist-packages/colcon_core/task/python/colcon_distutils_commands:/home/savannah/EECE5554/LAB4/install/imu_driver/lib/python3.10/site-packages:${PYTHONPATH} /usr/bin/python3 -W ignore:setup.py install is deprecated -W ignore:easy_install command is deprecated setup.py egg_info --egg-base ../../build/imu_driver build --build-base /home/savannah/EECE5554/LAB4/build/imu_driver/build install --record /home/savannah/EECE5554/LAB4/build/imu_driver/install.log --single-version-externally-managed install_data
[0.876s] running egg_info
[0.876s] writing ../../build/imu_driver/imu_driver.egg-info/PKG-INFO
[0.877s] writing dependency_links to ../../build/imu_driver/imu_driver.egg-info/dependency_links.txt
[0.877s] writing entry points to ../../build/imu_driver/imu_driver.egg-info/entry_points.txt
[0.877s] writing requirements to ../../build/imu_driver/imu_driver.egg-info/requires.txt
[0.877s] writing top-level names to ../../build/imu_driver/imu_driver.egg-info/top_level.txt
[0.879s] reading manifest file '../../build/imu_driver/imu_driver.egg-info/SOURCES.txt'
[0.879s] adding license file 'LICENSE'
[0.879s] writing manifest file '../../build/imu_driver/imu_driver.egg-info/SOURCES.txt'
[0.879s] running build
[0.879s] running build_py
[0.880s] running install
[0.880s] running install_lib
[0.881s] running install_data
[0.881s] running install_egg_info
[0.883s] removing '/home/savannah/EECE5554/LAB4/install/imu_driver/lib/python3.10/site-packages/imu_driver-0.0.0-py3.10.egg-info' (and everything under it)
[0.883s] Copying ../../build/imu_driver/imu_driver.egg-info to /home/savannah/EECE5554/LAB4/install/imu_driver/lib/python3.10/site-packages/imu_driver-0.0.0-py3.10.egg-info
[0.884s] running install_scripts
[0.903s] Installing imu_driver script to /home/savannah/EECE5554/LAB4/install/imu_driver/lib/imu_driver
[0.904s] writing list of installed files to '/home/savannah/EECE5554/LAB4/build/imu_driver/install.log'
[0.927s] Invoked command in '/home/savannah/EECE5554/LAB4/src/imu_driver' returned '0': CMAKE_PREFIX_PATH=/home/savannah/EECE5554/LAB4/install/imu_msg:/home/savannah/EECE5554/LAB1/install/gps_message:/home/savannah/EECE5554/LAB4/install/gps_message LD_LIBRARY_PATH=/home/savannah/EECE5554/LAB4/install/imu_msg/lib:/home/savannah/EECE5554/LAB1/install/gps_message/lib:/home/savannah/EECE5554/LAB4/install/gps_message/lib:/opt/ros/humble/opt/rviz_ogre_vendor/lib:/opt/ros/humble/lib/x86_64-linux-gnu:/opt/ros/humble/lib PYTHONPATH=/home/savannah/EECE5554/LAB4/build/imu_driver/prefix_override:/usr/lib/python3/dist-packages/colcon_core/task/python/colcon_distutils_commands:/home/savannah/EECE5554/LAB4/install/imu_driver/lib/python3.10/site-packages:${PYTHONPATH} /usr/bin/python3 -W ignore:setup.py install is deprecated -W ignore:easy_install command is deprecated setup.py egg_info --egg-base ../../build/imu_driver build --build-base /home/savannah/EECE5554/LAB4/build/imu_driver/build install --record /home/savannah/EECE5554/LAB4/build/imu_driver/install.log --single-version-externally-managed install_data
