[  3%] Built target gps_message__cpp
[ 12%] Built target gps_message__rosidl_generator_c
[ 12%] Built target ament_cmake_python_copy_gps_message
[ 22%] Built target gps_message__rosidl_typesupport_fastrtps_cpp
[ 32%] Built target gps_message__rosidl_typesupport_cpp
[ 41%] Built target gps_message__rosidl_typesupport_introspection_cpp
[ 51%] Built target gps_message__rosidl_typesupport_fastrtps_c
[ 61%] Built target gps_message__rosidl_typesupport_introspection_c
[ 70%] Built target gps_message__rosidl_typesupport_c
[ 70%] Built target gps_message
[ 74%] Built target gps_message__py
[ 80%] Built target gps_message__rosidl_generator_py
[ 87%] Built target gps_message__rosidl_typesupport_fastrtps_c__pyext
[ 93%] Built target gps_message__rosidl_typesupport_introspection_c__pyext
[100%] Built target gps_message__rosidl_typesupport_c__pyext
running egg_info
writing gps_message.egg-info/PKG-INFO
writing dependency_links to gps_message.egg-info/dependency_links.txt
writing top-level names to gps_message.egg-info/top_level.txt
reading manifest file 'gps_message.egg-info/SOURCES.txt'
writing manifest file 'gps_message.egg-info/SOURCES.txt'
[100%] Built target ament_cmake_python_build_gps_message_egg
-- Install configuration: ""
-- Up-to-date: /home/savannah/EECE5554/LAB1/install/gps_message/share/ament_index/resource_index/rosidl_interfaces/gps_message
-- Up-to-date: /home/savannah/EECE5554/LAB1/install/gps_message/include/gps_message/gps_message
-- Up-to-date: /home/savannah/EECE5554/LAB1/install/gps_message/include/gps_message/gps_message/msg
-- Up-to-date: /home/savannah/EECE5554/LAB1/install/gps_message/include/gps_message/gps_message/msg/gps_msg.h
-- Up-to-date: /home/savannah/EECE5554/LAB1/install/gps_message/include/gps_message/gps_message/msg/detail
-- Up-to-date: /home/savannah/EECE5554/LAB1/install/gps_message/include/gps_message/gps_message/msg/detail/gps_msg__functions.h
-- Up-to-date: /home/savannah/EECE5554/LAB1/install/gps_message/include/gps_message/gps_message/msg/detail/gps_msg__type_support.h
-- Up-to-date: /home/savannah/EECE5554/LAB1/install/gps_message/include/gps_message/gps_message/msg/detail/gps_msg__functions.c
-- Up-to-date: /home/savannah/EECE5554/LAB1/install/gps_message/include/gps_message/gps_message/msg/detail/gps_msg__struct.h
-- Up-to-date: /home/savannah/EECE5554/LAB1/install/gps_message/include/gps_message/gps_message/msg/rosidl_generator_c__visibility_control.h
-- Up-to-date: /home/savannah/EECE5554/LAB1/install/gps_message/share/gps_message/environment/library_path.sh
-- Up-to-date: /home/savannah/EECE5554/LAB1/install/gps_message/share/gps_message/environment/library_path.dsv
-- Up-to-date: /home/savannah/EECE5554/LAB1/install/gps_message/lib/libgps_message__rosidl_generator_c.so
-- Up-to-date: /home/savannah/EECE5554/LAB1/install/gps_message/include/gps_message/gps_message
-- Up-to-date: /home/savannah/EECE5554/LAB1/install/gps_message/include/gps_message/gps_message/msg
-- Up-to-date: /home/savannah/EECE5554/LAB1/install/gps_message/include/gps_message/gps_message/msg/detail
-- Up-to-date: /home/savannah/EECE5554/LAB1/install/gps_message/include/gps_message/gps_message/msg/detail/gps_msg__rosidl_typesupport_fastrtps_c.h
-- Up-to-date: /home/savannah/EECE5554/LAB1/install/gps_message/include/gps_message/gps_message/msg/rosidl_typesupport_fastrtps_c__visibility_control.h
-- Up-to-date: /home/savannah/EECE5554/LAB1/install/gps_message/lib/libgps_message__rosidl_typesupport_fastrtps_c.so
-- Up-to-date: /home/savannah/EECE5554/LAB1/install/gps_message/include/gps_message/gps_message
-- Up-to-date: /home/savannah/EECE5554/LAB1/install/gps_message/include/gps_message/gps_message/msg
-- Up-to-date: /home/savannah/EECE5554/LAB1/install/gps_message/include/gps_message/gps_message/msg/detail
-- Up-to-date: /home/savannah/EECE5554/LAB1/install/gps_message/include/gps_message/gps_message/msg/detail/gps_msg__rosidl_typesupport_introspection_c.h
-- Up-to-date: /home/savannah/EECE5554/LAB1/install/gps_message/include/gps_message/gps_message/msg/detail/gps_msg__type_support.c
-- Up-to-date: /home/savannah/EECE5554/LAB1/install/gps_message/include/gps_message/gps_message/msg/rosidl_typesupport_introspection_c__visibility_control.h
-- Up-to-date: /home/savannah/EECE5554/LAB1/install/gps_message/lib/libgps_message__rosidl_typesupport_introspection_c.so
-- Up-to-date: /home/savannah/EECE5554/LAB1/install/gps_message/lib/libgps_message__rosidl_typesupport_c.so
-- Up-to-date: /home/savannah/EECE5554/LAB1/install/gps_message/include/gps_message/gps_message
-- Up-to-date: /home/savannah/EECE5554/LAB1/install/gps_message/include/gps_message/gps_message/msg
-- Up-to-date: /home/savannah/EECE5554/LAB1/install/gps_message/include/gps_message/gps_message/msg/gps_msg.hpp
-- Up-to-date: /home/savannah/EECE5554/LAB1/install/gps_message/include/gps_message/gps_message/msg/detail
-- Up-to-date: /home/savannah/EECE5554/LAB1/install/gps_message/include/gps_message/gps_message/msg/detail/gps_msg__struct.hpp
-- Up-to-date: /home/savannah/EECE5554/LAB1/install/gps_message/include/gps_message/gps_message/msg/detail/gps_msg__traits.hpp
-- Up-to-date: /home/savannah/EECE5554/LAB1/install/gps_message/include/gps_message/gps_message/msg/detail/gps_msg__builder.hpp
-- Up-to-date: /home/savannah/EECE5554/LAB1/install/gps_message/include/gps_message/gps_message/msg/detail/gps_msg__type_support.hpp
-- Up-to-date: /home/savannah/EECE5554/LAB1/install/gps_message/include/gps_message/gps_message/msg/rosidl_generator_cpp__visibility_control.hpp
-- Up-to-date: /home/savannah/EECE5554/LAB1/install/gps_message/include/gps_message/gps_message
-- Up-to-date: /home/savannah/EECE5554/LAB1/install/gps_message/include/gps_message/gps_message/msg
-- Up-to-date: /home/savannah/EECE5554/LAB1/install/gps_message/include/gps_message/gps_message/msg/detail
-- Up-to-date: /home/savannah/EECE5554/LAB1/install/gps_message/include/gps_message/gps_message/msg/detail/gps_msg__rosidl_typesupport_fastrtps_cpp.hpp
-- Up-to-date: /home/savannah/EECE5554/LAB1/install/gps_message/include/gps_message/gps_message/msg/detail/dds_fastrtps
-- Up-to-date: /home/savannah/EECE5554/LAB1/install/gps_message/include/gps_message/gps_message/msg/rosidl_typesupport_fastrtps_cpp__visibility_control.h
-- Up-to-date: /home/savannah/EECE5554/LAB1/install/gps_message/lib/libgps_message__rosidl_typesupport_fastrtps_cpp.so
-- Up-to-date: /home/savannah/EECE5554/LAB1/install/gps_message/include/gps_message/gps_message
-- Up-to-date: /home/savannah/EECE5554/LAB1/install/gps_message/include/gps_message/gps_message/msg
-- Up-to-date: /home/savannah/EECE5554/LAB1/install/gps_message/include/gps_message/gps_message/msg/detail
-- Up-to-date: /home/savannah/EECE5554/LAB1/install/gps_message/include/gps_message/gps_message/msg/detail/gps_msg__type_support.cpp
-- Up-to-date: /home/savannah/EECE5554/LAB1/install/gps_message/include/gps_message/gps_message/msg/detail/gps_msg__rosidl_typesupport_introspection_cpp.hpp
-- Up-to-date: /home/savannah/EECE5554/LAB1/install/gps_message/lib/libgps_message__rosidl_typesupport_introspection_cpp.so
-- Up-to-date: /home/savannah/EECE5554/LAB1/install/gps_message/lib/libgps_message__rosidl_typesupport_cpp.so
-- Up-to-date: /home/savannah/EECE5554/LAB1/install/gps_message/share/gps_message/environment/pythonpath.sh
-- Up-to-date: /home/savannah/EECE5554/LAB1/install/gps_message/share/gps_message/environment/pythonpath.dsv
-- Up-to-date: /home/savannah/EECE5554/LAB1/install/gps_message/local/lib/python3.10/dist-packages/gps_message-0.0.0-py3.10.egg-info
-- Installing: /home/savannah/EECE5554/LAB1/install/gps_message/local/lib/python3.10/dist-packages/gps_message-0.0.0-py3.10.egg-info/top_level.txt
-- Installing: /home/savannah/EECE5554/LAB1/install/gps_message/local/lib/python3.10/dist-packages/gps_message-0.0.0-py3.10.egg-info/dependency_links.txt
-- Installing: /home/savannah/EECE5554/LAB1/install/gps_message/local/lib/python3.10/dist-packages/gps_message-0.0.0-py3.10.egg-info/SOURCES.txt
-- Installing: /home/savannah/EECE5554/LAB1/install/gps_message/local/lib/python3.10/dist-packages/gps_message-0.0.0-py3.10.egg-info/PKG-INFO
-- Up-to-date: /home/savannah/EECE5554/LAB1/install/gps_message/local/lib/python3.10/dist-packages/gps_message
-- Up-to-date: /home/savannah/EECE5554/LAB1/install/gps_message/local/lib/python3.10/dist-packages/gps_message/_gps_message_s.ep.rosidl_typesupport_c.c
-- Up-to-date: /home/savannah/EECE5554/LAB1/install/gps_message/local/lib/python3.10/dist-packages/gps_message/libgps_message__rosidl_generator_py.so
-- Up-to-date: /home/savannah/EECE5554/LAB1/install/gps_message/local/lib/python3.10/dist-packages/gps_message/gps_message_s__rosidl_typesupport_fastrtps_c.cpython-310-x86_64-linux-gnu.so
-- Up-to-date: /home/savannah/EECE5554/LAB1/install/gps_message/local/lib/python3.10/dist-packages/gps_message/gps_message_s__rosidl_typesupport_c.cpython-310-x86_64-linux-gnu.so
-- Up-to-date: /home/savannah/EECE5554/LAB1/install/gps_message/local/lib/python3.10/dist-packages/gps_message/gps_message_s__rosidl_typesupport_introspection_c.cpython-310-x86_64-linux-gnu.so
-- Up-to-date: /home/savannah/EECE5554/LAB1/install/gps_message/local/lib/python3.10/dist-packages/gps_message/_gps_message_s.ep.rosidl_typesupport_fastrtps_c.c
-- Up-to-date: /home/savannah/EECE5554/LAB1/install/gps_message/local/lib/python3.10/dist-packages/gps_message/msg
-- Up-to-date: /home/savannah/EECE5554/LAB1/install/gps_message/local/lib/python3.10/dist-packages/gps_message/msg/_gps_msg_s.c
-- Up-to-date: /home/savannah/EECE5554/LAB1/install/gps_message/local/lib/python3.10/dist-packages/gps_message/msg/_gps_msg.py
-- Up-to-date: /home/savannah/EECE5554/LAB1/install/gps_message/local/lib/python3.10/dist-packages/gps_message/msg/__init__.py
-- Up-to-date: /home/savannah/EECE5554/LAB1/install/gps_message/local/lib/python3.10/dist-packages/gps_message/__init__.py
-- Up-to-date: /home/savannah/EECE5554/LAB1/install/gps_message/local/lib/python3.10/dist-packages/gps_message/_gps_message_s.ep.rosidl_typesupport_introspection_c.c
Listing '/home/savannah/EECE5554/LAB1/install/gps_message/local/lib/python3.10/dist-packages/gps_message'...
Listing '/home/savannah/EECE5554/LAB1/install/gps_message/local/lib/python3.10/dist-packages/gps_message/msg'...
-- Up-to-date: /home/savannah/EECE5554/LAB1/install/gps_message/local/lib/python3.10/dist-packages/gps_message/gps_message_s__rosidl_typesupport_fastrtps_c.cpython-310-x86_64-linux-gnu.so
-- Up-to-date: /home/savannah/EECE5554/LAB1/install/gps_message/local/lib/python3.10/dist-packages/gps_message/gps_message_s__rosidl_typesupport_introspection_c.cpython-310-x86_64-linux-gnu.so
-- Up-to-date: /home/savannah/EECE5554/LAB1/install/gps_message/local/lib/python3.10/dist-packages/gps_message/gps_message_s__rosidl_typesupport_c.cpython-310-x86_64-linux-gnu.so
-- Up-to-date: /home/savannah/EECE5554/LAB1/install/gps_message/lib/libgps_message__rosidl_generator_py.so
-- Up-to-date: /home/savannah/EECE5554/LAB1/install/gps_message/share/gps_message/msg/GpsMsg.idl
-- Up-to-date: /home/savannah/EECE5554/LAB1/install/gps_message/share/gps_message/msg/GpsMsg.msg
-- Up-to-date: /home/savannah/EECE5554/LAB1/install/gps_message/share/ament_index/resource_index/package_run_dependencies/gps_message
-- Up-to-date: /home/savannah/EECE5554/LAB1/install/gps_message/share/ament_index/resource_index/parent_prefix_path/gps_message
-- Up-to-date: /home/savannah/EECE5554/LAB1/install/gps_message/share/gps_message/environment/ament_prefix_path.sh
-- Up-to-date: /home/savannah/EECE5554/LAB1/install/gps_message/share/gps_message/environment/ament_prefix_path.dsv
-- Up-to-date: /home/savannah/EECE5554/LAB1/install/gps_message/share/gps_message/environment/path.sh
-- Up-to-date: /home/savannah/EECE5554/LAB1/install/gps_message/share/gps_message/environment/path.dsv
-- Up-to-date: /home/savannah/EECE5554/LAB1/install/gps_message/share/gps_message/local_setup.bash
-- Up-to-date: /home/savannah/EECE5554/LAB1/install/gps_message/share/gps_message/local_setup.sh
-- Up-to-date: /home/savannah/EECE5554/LAB1/install/gps_message/share/gps_message/local_setup.zsh
-- Up-to-date: /home/savannah/EECE5554/LAB1/install/gps_message/share/gps_message/local_setup.dsv
-- Installing: /home/savannah/EECE5554/LAB1/install/gps_message/share/gps_message/package.dsv
-- Up-to-date: /home/savannah/EECE5554/LAB1/install/gps_message/share/ament_index/resource_index/packages/gps_message
-- Up-to-date: /home/savannah/EECE5554/LAB1/install/gps_message/share/gps_message/cmake/export_gps_message__rosidl_generator_cExport.cmake
-- Up-to-date: /home/savannah/EECE5554/LAB1/install/gps_message/share/gps_message/cmake/export_gps_message__rosidl_generator_cExport-noconfig.cmake
-- Up-to-date: /home/savannah/EECE5554/LAB1/install/gps_message/share/gps_message/cmake/export_gps_message__rosidl_typesupport_fastrtps_cExport.cmake
-- Up-to-date: /home/savannah/EECE5554/LAB1/install/gps_message/share/gps_message/cmake/export_gps_message__rosidl_typesupport_fastrtps_cExport-noconfig.cmake
-- Up-to-date: /home/savannah/EECE5554/LAB1/install/gps_message/share/gps_message/cmake/gps_message__rosidl_typesupport_introspection_cExport.cmake
-- Up-to-date: /home/savannah/EECE5554/LAB1/install/gps_message/share/gps_message/cmake/gps_message__rosidl_typesupport_introspection_cExport-noconfig.cmake
-- Up-to-date: /home/savannah/EECE5554/LAB1/install/gps_message/share/gps_message/cmake/gps_message__rosidl_typesupport_cExport.cmake
-- Up-to-date: /home/savannah/EECE5554/LAB1/install/gps_message/share/gps_message/cmake/gps_message__rosidl_typesupport_cExport-noconfig.cmake
-- Up-to-date: /home/savannah/EECE5554/LAB1/install/gps_message/share/gps_message/cmake/export_gps_message__rosidl_generator_cppExport.cmake
-- Up-to-date: /home/savannah/EECE5554/LAB1/install/gps_message/share/gps_message/cmake/export_gps_message__rosidl_typesupport_fastrtps_cppExport.cmake
-- Up-to-date: /home/savannah/EECE5554/LAB1/install/gps_message/share/gps_message/cmake/export_gps_message__rosidl_typesupport_fastrtps_cppExport-noconfig.cmake
-- Up-to-date: /home/savannah/EECE5554/LAB1/install/gps_message/share/gps_message/cmake/gps_message__rosidl_typesupport_introspection_cppExport.cmake
-- Up-to-date: /home/savannah/EECE5554/LAB1/install/gps_message/share/gps_message/cmake/gps_message__rosidl_typesupport_introspection_cppExport-noconfig.cmake
-- Up-to-date: /home/savannah/EECE5554/LAB1/install/gps_message/share/gps_message/cmake/gps_message__rosidl_typesupport_cppExport.cmake
-- Up-to-date: /home/savannah/EECE5554/LAB1/install/gps_message/share/gps_message/cmake/gps_message__rosidl_typesupport_cppExport-noconfig.cmake
-- Up-to-date: /home/savannah/EECE5554/LAB1/install/gps_message/share/gps_message/cmake/export_gps_message__rosidl_generator_pyExport.cmake
-- Up-to-date: /home/savannah/EECE5554/LAB1/install/gps_message/share/gps_message/cmake/export_gps_message__rosidl_generator_pyExport-noconfig.cmake
-- Up-to-date: /home/savannah/EECE5554/LAB1/install/gps_message/share/gps_message/cmake/rosidl_cmake-extras.cmake
-- Up-to-date: /home/savannah/EECE5554/LAB1/install/gps_message/share/gps_message/cmake/ament_cmake_export_dependencies-extras.cmake
-- Up-to-date: /home/savannah/EECE5554/LAB1/install/gps_message/share/gps_message/cmake/ament_cmake_export_include_directories-extras.cmake
-- Up-to-date: /home/savannah/EECE5554/LAB1/install/gps_message/share/gps_message/cmake/ament_cmake_export_libraries-extras.cmake
-- Up-to-date: /home/savannah/EECE5554/LAB1/install/gps_message/share/gps_message/cmake/ament_cmake_export_targets-extras.cmake
-- Up-to-date: /home/savannah/EECE5554/LAB1/install/gps_message/share/gps_message/cmake/rosidl_cmake_export_typesupport_targets-extras.cmake
-- Up-to-date: /home/savannah/EECE5554/LAB1/install/gps_message/share/gps_message/cmake/rosidl_cmake_export_typesupport_libraries-extras.cmake
-- Up-to-date: /home/savannah/EECE5554/LAB1/install/gps_message/share/gps_message/cmake/gps_messageConfig.cmake
-- Up-to-date: /home/savannah/EECE5554/LAB1/install/gps_message/share/gps_message/cmake/gps_messageConfig-version.cmake
-- Up-to-date: /home/savannah/EECE5554/LAB1/install/gps_message/share/gps_message/package.xml
