[0.079s] DEBUG:colcon:Command line arguments: ['/usr/bin/colcon', 'build']
[0.079s] DEBUG:colcon:Parsed command line arguments: Namespace(log_base=None, log_level=None, verb_name='build', build_base='build', install_base='install', merge_install=False, symlink_install=False, test_result_base=None, continue_on_error=False, executor='parallel', parallel_workers=4, event_handlers=None, ignore_user_meta=False, metas=['./colcon.meta'], base_paths=['.'], packages_ignore=None, packages_ignore_regex=None, paths=None, packages_up_to=None, packages_up_to_regex=None, packages_above=None, packages_above_and_dependencies=None, packages_above_depth=None, packages_select_by_dep=None, packages_skip_by_dep=None, packages_skip_up_to=None, packages_select_build_failed=False, packages_skip_build_finished=False, packages_select_test_failures=False, packages_skip_test_passed=False, packages_select=None, packages_skip=None, packages_select_regex=None, packages_skip_regex=None, packages_start=None, packages_end=None, allow_overriding=[], cmake_args=None, cmake_target=None, cmake_target_skip_unavailable=False, cmake_clean_cache=False, cmake_clean_first=False, cmake_force_configure=False, ament_cmake_args=None, catkin_cmake_args=None, catkin_skip_building_tests=False, mixin_files=None, mixin=None, verb_parser=<colcon_mixin.mixin.mixin_argument.MixinArgumentDecorator object at 0x7d6339256410>, verb_extension=<colcon_core.verb.build.BuildVerb object at 0x7d6339255d80>, main=<bound method BuildVerb.main of <colcon_core.verb.build.BuildVerb object at 0x7d6339255d80>>, mixin_verb=('build',))
[0.189s] Level 1:colcon.colcon_core.package_discovery:discover_packages(colcon_meta) check parameters
[0.189s] Level 1:colcon.colcon_core.package_discovery:discover_packages(recursive) check parameters
[0.189s] Level 1:colcon.colcon_core.package_discovery:discover_packages(ignore) check parameters
[0.189s] Level 1:colcon.colcon_core.package_discovery:discover_packages(path) check parameters
[0.189s] Level 1:colcon.colcon_core.package_discovery:discover_packages(colcon_meta) discover
[0.189s] Level 1:colcon.colcon_core.package_discovery:discover_packages(recursive) discover
[0.189s] INFO:colcon.colcon_core.package_discovery:Crawling recursively for packages in '/home/savannah/EECE5554/LAB3/src'
[0.189s] Level 1:colcon.colcon_core.package_identification:_identify(.) by extensions ['ignore', 'ignore_ament_install']
[0.189s] Level 1:colcon.colcon_core.package_identification:_identify(.) by extension 'ignore'
[0.189s] Level 1:colcon.colcon_core.package_identification:_identify(.) by extension 'ignore_ament_install'
[0.189s] Level 1:colcon.colcon_core.package_identification:_identify(.) by extensions ['colcon_pkg']
[0.189s] Level 1:colcon.colcon_core.package_identification:_identify(.) by extension 'colcon_pkg'
[0.189s] Level 1:colcon.colcon_core.package_identification:_identify(.) by extensions ['colcon_meta']
[0.189s] Level 1:colcon.colcon_core.package_identification:_identify(.) by extension 'colcon_meta'
[0.189s] Level 1:colcon.colcon_core.package_identification:_identify(.) by extensions ['ros']
[0.189s] Level 1:colcon.colcon_core.package_identification:_identify(.) by extension 'ros'
[0.197s] Level 1:colcon.colcon_core.package_identification:_identify(.) by extensions ['cmake', 'python']
[0.197s] Level 1:colcon.colcon_core.package_identification:_identify(.) by extension 'cmake'
[0.197s] Level 1:colcon.colcon_core.package_identification:_identify(.) by extension 'python'
[0.197s] Level 1:colcon.colcon_core.package_identification:_identify(.) by extensions ['python_setup_py']
[0.197s] Level 1:colcon.colcon_core.package_identification:_identify(.) by extension 'python_setup_py'
[0.197s] Level 1:colcon.colcon_core.package_identification:_identify(build) by extensions ['ignore', 'ignore_ament_install']
[0.197s] Level 1:colcon.colcon_core.package_identification:_identify(build) by extension 'ignore'
[0.197s] Level 1:colcon.colcon_core.package_identification:_identify(build) ignored
[0.197s] Level 1:colcon.colcon_core.package_identification:_identify(imu_driver) by extensions ['ignore', 'ignore_ament_install']
[0.197s] Level 1:colcon.colcon_core.package_identification:_identify(imu_driver) by extension 'ignore'
[0.197s] Level 1:colcon.colcon_core.package_identification:_identify(imu_driver) by extension 'ignore_ament_install'
[0.197s] Level 1:colcon.colcon_core.package_identification:_identify(imu_driver) by extensions ['colcon_pkg']
[0.197s] Level 1:colcon.colcon_core.package_identification:_identify(imu_driver) by extension 'colcon_pkg'
[0.197s] Level 1:colcon.colcon_core.package_identification:_identify(imu_driver) by extensions ['colcon_meta']
[0.197s] Level 1:colcon.colcon_core.package_identification:_identify(imu_driver) by extension 'colcon_meta'
[0.197s] Level 1:colcon.colcon_core.package_identification:_identify(imu_driver) by extensions ['ros']
[0.197s] Level 1:colcon.colcon_core.package_identification:_identify(imu_driver) by extension 'ros'
[0.199s] DEBUG:colcon.colcon_core.package_identification:Package 'imu_driver' with type 'ros.ament_python' and name 'imu_driver'
[0.199s] Level 1:colcon.colcon_core.package_identification:_identify(imu_msg) by extensions ['ignore', 'ignore_ament_install']
[0.199s] Level 1:colcon.colcon_core.package_identification:_identify(imu_msg) by extension 'ignore'
[0.199s] Level 1:colcon.colcon_core.package_identification:_identify(imu_msg) by extension 'ignore_ament_install'
[0.199s] Level 1:colcon.colcon_core.package_identification:_identify(imu_msg) by extensions ['colcon_pkg']
[0.199s] Level 1:colcon.colcon_core.package_identification:_identify(imu_msg) by extension 'colcon_pkg'
[0.199s] Level 1:colcon.colcon_core.package_identification:_identify(imu_msg) by extensions ['colcon_meta']
[0.199s] Level 1:colcon.colcon_core.package_identification:_identify(imu_msg) by extension 'colcon_meta'
[0.199s] Level 1:colcon.colcon_core.package_identification:_identify(imu_msg) by extensions ['ros']
[0.199s] Level 1:colcon.colcon_core.package_identification:_identify(imu_msg) by extension 'ros'
[0.200s] DEBUG:colcon.colcon_core.package_identification:Package 'imu_msg' with type 'ros.ament_cmake' and name 'imu_msg'
[0.200s] Level 1:colcon.colcon_core.package_identification:_identify(install) by extensions ['ignore', 'ignore_ament_install']
[0.200s] Level 1:colcon.colcon_core.package_identification:_identify(install) by extension 'ignore'
[0.200s] Level 1:colcon.colcon_core.package_identification:_identify(install) ignored
[0.200s] Level 1:colcon.colcon_core.package_identification:_identify(log) by extensions ['ignore', 'ignore_ament_install']
[0.200s] Level 1:colcon.colcon_core.package_identification:_identify(log) by extension 'ignore'
[0.200s] Level 1:colcon.colcon_core.package_identification:_identify(log) ignored
[0.200s] Level 1:colcon.colcon_core.package_discovery:discover_packages(recursive) using defaults
[0.200s] Level 1:colcon.colcon_core.package_discovery:discover_packages(ignore) discover
[0.200s] Level 1:colcon.colcon_core.package_discovery:discover_packages(ignore) using defaults
[0.200s] Level 1:colcon.colcon_core.package_discovery:discover_packages(path) discover
[0.200s] Level 1:colcon.colcon_core.package_discovery:discover_packages(path) using defaults
[0.222s] Level 1:colcon.colcon_core.package_discovery:discover_packages(prefix_path) check parameters
[0.222s] Level 1:colcon.colcon_core.package_discovery:discover_packages(prefix_path) discover
[0.222s] WARNING:colcon.colcon_ros.prefix_path.ament:The path '/home/savannah/EECE5554/LAB3/src/install/imu_driver' in the environment variable AMENT_PREFIX_PATH doesn't exist
[0.222s] WARNING:colcon.colcon_ros.prefix_path.ament:The path '/home/savannah/EECE5554/LAB3/src/install/imu_msg' in the environment variable AMENT_PREFIX_PATH doesn't exist
[0.222s] WARNING:colcon.colcon_ros.prefix_path.catkin:The path '/home/savannah/EECE5554/LAB3/src/install/imu_msg' in the environment variable CMAKE_PREFIX_PATH doesn't exist
[0.223s] DEBUG:colcon.colcon_installed_package_information.package_discovery:Found 2 installed packages in /home/savannah/EECE5554/LAB3/install
[0.223s] DEBUG:colcon.colcon_installed_package_information.package_discovery:Found 0 installed packages in /home/savannah/EECE5554/LAB3/src/install
[0.224s] DEBUG:colcon.colcon_installed_package_information.package_discovery:Found 271 installed packages in /opt/ros/humble
[0.225s] Level 1:colcon.colcon_core.package_discovery:discover_packages(prefix_path) using defaults
[0.252s] Level 5:colcon.colcon_core.verb:set package 'imu_msg' build argument 'cmake_args' from command line to 'None'
[0.252s] Level 5:colcon.colcon_core.verb:set package 'imu_msg' build argument 'cmake_target' from command line to 'None'
[0.252s] Level 5:colcon.colcon_core.verb:set package 'imu_msg' build argument 'cmake_target_skip_unavailable' from command line to 'False'
[0.252s] Level 5:colcon.colcon_core.verb:set package 'imu_msg' build argument 'cmake_clean_cache' from command line to 'False'
[0.252s] Level 5:colcon.colcon_core.verb:set package 'imu_msg' build argument 'cmake_clean_first' from command line to 'False'
[0.252s] Level 5:colcon.colcon_core.verb:set package 'imu_msg' build argument 'cmake_force_configure' from command line to 'False'
[0.252s] Level 5:colcon.colcon_core.verb:set package 'imu_msg' build argument 'ament_cmake_args' from command line to 'None'
[0.252s] Level 5:colcon.colcon_core.verb:set package 'imu_msg' build argument 'catkin_cmake_args' from command line to 'None'
[0.252s] Level 5:colcon.colcon_core.verb:set package 'imu_msg' build argument 'catkin_skip_building_tests' from command line to 'False'
[0.252s] DEBUG:colcon.colcon_core.verb:Building package 'imu_msg' with the following arguments: {'ament_cmake_args': None, 'build_base': '/home/savannah/EECE5554/LAB3/src/build/imu_msg', 'catkin_cmake_args': None, 'catkin_skip_building_tests': False, 'cmake_args': None, 'cmake_clean_cache': False, 'cmake_clean_first': False, 'cmake_force_configure': False, 'cmake_target': None, 'cmake_target_skip_unavailable': False, 'install_base': '/home/savannah/EECE5554/LAB3/src/install/imu_msg', 'merge_install': False, 'path': '/home/savannah/EECE5554/LAB3/src/imu_msg', 'symlink_install': False, 'test_result_base': None}
[0.253s] Level 5:colcon.colcon_core.verb:set package 'imu_driver' build argument 'cmake_args' from command line to 'None'
[0.253s] Level 5:colcon.colcon_core.verb:set package 'imu_driver' build argument 'cmake_target' from command line to 'None'
[0.253s] Level 5:colcon.colcon_core.verb:set package 'imu_driver' build argument 'cmake_target_skip_unavailable' from command line to 'False'
[0.253s] Level 5:colcon.colcon_core.verb:set package 'imu_driver' build argument 'cmake_clean_cache' from command line to 'False'
[0.253s] Level 5:colcon.colcon_core.verb:set package 'imu_driver' build argument 'cmake_clean_first' from command line to 'False'
[0.253s] Level 5:colcon.colcon_core.verb:set package 'imu_driver' build argument 'cmake_force_configure' from command line to 'False'
[0.253s] Level 5:colcon.colcon_core.verb:set package 'imu_driver' build argument 'ament_cmake_args' from command line to 'None'
[0.253s] Level 5:colcon.colcon_core.verb:set package 'imu_driver' build argument 'catkin_cmake_args' from command line to 'None'
[0.253s] Level 5:colcon.colcon_core.verb:set package 'imu_driver' build argument 'catkin_skip_building_tests' from command line to 'False'
[0.253s] DEBUG:colcon.colcon_core.verb:Building package 'imu_driver' with the following arguments: {'ament_cmake_args': None, 'build_base': '/home/savannah/EECE5554/LAB3/src/build/imu_driver', 'catkin_cmake_args': None, 'catkin_skip_building_tests': False, 'cmake_args': None, 'cmake_clean_cache': False, 'cmake_clean_first': False, 'cmake_force_configure': False, 'cmake_target': None, 'cmake_target_skip_unavailable': False, 'install_base': '/home/savannah/EECE5554/LAB3/src/install/imu_driver', 'merge_install': False, 'path': '/home/savannah/EECE5554/LAB3/src/imu_driver', 'symlink_install': False, 'test_result_base': None}
[0.253s] INFO:colcon.colcon_core.executor:Executing jobs using 'parallel' executor
[0.255s] DEBUG:colcon.colcon_parallel_executor.executor.parallel:run_until_complete
[0.255s] INFO:colcon.colcon_ros.task.ament_cmake.build:Building ROS package in '/home/savannah/EECE5554/LAB3/src/imu_msg' with build type 'ament_cmake'
[0.255s] INFO:colcon.colcon_cmake.task.cmake.build:Building CMake package in '/home/savannah/EECE5554/LAB3/src/imu_msg'
[0.257s] INFO:colcon.colcon_core.plugin_system:Skipping extension 'colcon_core.shell.bat': Not used on non-Windows systems
[0.257s] INFO:colcon.colcon_core.shell:Skip shell extension 'powershell' for command environment: Not usable outside of PowerShell
[0.257s] DEBUG:colcon.colcon_core.shell:Skip shell extension 'dsv' for command environment
[0.268s] DEBUG:colcon.colcon_core.event_handler.log_command:Invoking command in '/home/savannah/EECE5554/LAB3/src/build/imu_msg': CMAKE_PREFIX_PATH=${CMAKE_PREFIX_PATH}:/home/savannah/EECE5554/LAB3/src/install/imu_driver:/home/savannah/EECE5554/LAB3/install/imu_driver:/opt/ros/humble /usr/bin/cmake /home/savannah/EECE5554/LAB3/src/imu_msg -DCMAKE_INSTALL_PREFIX=/home/savannah/EECE5554/LAB3/src/install/imu_msg
[1.908s] DEBUG:colcon.colcon_core.event_handler.log_command:Invoked command in '/home/savannah/EECE5554/LAB3/src/build/imu_msg' returned '0': CMAKE_PREFIX_PATH=${CMAKE_PREFIX_PATH}:/home/savannah/EECE5554/LAB3/src/install/imu_driver:/home/savannah/EECE5554/LAB3/install/imu_driver:/opt/ros/humble /usr/bin/cmake /home/savannah/EECE5554/LAB3/src/imu_msg -DCMAKE_INSTALL_PREFIX=/home/savannah/EECE5554/LAB3/src/install/imu_msg
[1.910s] DEBUG:colcon.colcon_core.event_handler.log_command:Invoking command in '/home/savannah/EECE5554/LAB3/src/build/imu_msg': CMAKE_PREFIX_PATH=${CMAKE_PREFIX_PATH}:/home/savannah/EECE5554/LAB3/src/install/imu_driver:/home/savannah/EECE5554/LAB3/install/imu_driver:/opt/ros/humble /usr/bin/cmake --build /home/savannah/EECE5554/LAB3/src/build/imu_msg -- -j4 -l4
[4.123s] DEBUG:colcon.colcon_core.event_handler.log_command:Invoked command in '/home/savannah/EECE5554/LAB3/src/build/imu_msg' returned '0': CMAKE_PREFIX_PATH=${CMAKE_PREFIX_PATH}:/home/savannah/EECE5554/LAB3/src/install/imu_driver:/home/savannah/EECE5554/LAB3/install/imu_driver:/opt/ros/humble /usr/bin/cmake --build /home/savannah/EECE5554/LAB3/src/build/imu_msg -- -j4 -l4
[4.134s] DEBUG:colcon.colcon_core.event_handler.log_command:Invoking command in '/home/savannah/EECE5554/LAB3/src/build/imu_msg': CMAKE_PREFIX_PATH=${CMAKE_PREFIX_PATH}:/home/savannah/EECE5554/LAB3/src/install/imu_driver:/home/savannah/EECE5554/LAB3/install/imu_driver:/opt/ros/humble /usr/bin/cmake --install /home/savannah/EECE5554/LAB3/src/build/imu_msg
[4.188s] Level 1:colcon.colcon_core.environment:create_environment_scripts_only(imu_msg)
[4.189s] DEBUG:colcon.colcon_core.event_handler.log_command:Invoked command in '/home/savannah/EECE5554/LAB3/src/build/imu_msg' returned '0': CMAKE_PREFIX_PATH=${CMAKE_PREFIX_PATH}:/home/savannah/EECE5554/LAB3/src/install/imu_driver:/home/savannah/EECE5554/LAB3/install/imu_driver:/opt/ros/humble /usr/bin/cmake --install /home/savannah/EECE5554/LAB3/src/build/imu_msg
[4.190s] Level 1:colcon.colcon_core.environment:checking '/home/savannah/EECE5554/LAB3/src/install/imu_msg' for CMake module files
[4.191s] Level 1:colcon.colcon_core.environment:checking '/home/savannah/EECE5554/LAB3/src/install/imu_msg' for CMake config files
[4.191s] Level 1:colcon.colcon_core.shell:create_environment_hook('imu_msg', 'cmake_prefix_path')
[4.191s] INFO:colcon.colcon_core.shell:Creating environment hook '/home/savannah/EECE5554/LAB3/src/install/imu_msg/share/imu_msg/hook/cmake_prefix_path.ps1'
[4.192s] INFO:colcon.colcon_core.shell:Creating environment descriptor '/home/savannah/EECE5554/LAB3/src/install/imu_msg/share/imu_msg/hook/cmake_prefix_path.dsv'
[4.192s] INFO:colcon.colcon_core.shell:Creating environment hook '/home/savannah/EECE5554/LAB3/src/install/imu_msg/share/imu_msg/hook/cmake_prefix_path.sh'
[4.193s] Level 1:colcon.colcon_core.environment:checking '/home/savannah/EECE5554/LAB3/src/install/imu_msg/lib'
[4.193s] Level 1:colcon.colcon_core.shell:create_environment_hook('imu_msg', 'ld_library_path_lib')
[4.193s] INFO:colcon.colcon_core.shell:Creating environment hook '/home/savannah/EECE5554/LAB3/src/install/imu_msg/share/imu_msg/hook/ld_library_path_lib.ps1'
[4.193s] INFO:colcon.colcon_core.shell:Creating environment descriptor '/home/savannah/EECE5554/LAB3/src/install/imu_msg/share/imu_msg/hook/ld_library_path_lib.dsv'
[4.193s] INFO:colcon.colcon_core.shell:Creating environment hook '/home/savannah/EECE5554/LAB3/src/install/imu_msg/share/imu_msg/hook/ld_library_path_lib.sh'
[4.194s] Level 1:colcon.colcon_core.environment:checking '/home/savannah/EECE5554/LAB3/src/install/imu_msg/bin'
[4.194s] Level 1:colcon.colcon_core.environment:checking '/home/savannah/EECE5554/LAB3/src/install/imu_msg/lib/pkgconfig/imu_msg.pc'
[4.194s] Level 1:colcon.colcon_core.environment:checking '/home/savannah/EECE5554/LAB3/src/install/imu_msg/lib/python3.10/site-packages'
[4.194s] Level 1:colcon.colcon_core.environment:checking '/home/savannah/EECE5554/LAB3/src/install/imu_msg/bin'
[4.194s] INFO:colcon.colcon_core.shell:Creating package script '/home/savannah/EECE5554/LAB3/src/install/imu_msg/share/imu_msg/package.ps1'
[4.195s] INFO:colcon.colcon_core.shell:Creating package descriptor '/home/savannah/EECE5554/LAB3/src/install/imu_msg/share/imu_msg/package.dsv'
[4.195s] INFO:colcon.colcon_core.shell:Creating package script '/home/savannah/EECE5554/LAB3/src/install/imu_msg/share/imu_msg/package.sh'
[4.196s] INFO:colcon.colcon_core.shell:Creating package script '/home/savannah/EECE5554/LAB3/src/install/imu_msg/share/imu_msg/package.bash'
[4.196s] INFO:colcon.colcon_core.shell:Creating package script '/home/savannah/EECE5554/LAB3/src/install/imu_msg/share/imu_msg/package.zsh'
[4.197s] Level 1:colcon.colcon_core.environment:create_file_with_runtime_dependencies(/home/savannah/EECE5554/LAB3/src/install/imu_msg/share/colcon-core/packages/imu_msg)
[4.197s] Level 1:colcon.colcon_core.environment:create_environment_scripts_only(imu_msg)
[4.197s] Level 1:colcon.colcon_core.environment:checking '/home/savannah/EECE5554/LAB3/src/install/imu_msg' for CMake module files
[4.198s] Level 1:colcon.colcon_core.environment:checking '/home/savannah/EECE5554/LAB3/src/install/imu_msg' for CMake config files
[4.198s] Level 1:colcon.colcon_core.shell:create_environment_hook('imu_msg', 'cmake_prefix_path')
[4.198s] INFO:colcon.colcon_core.shell:Creating environment hook '/home/savannah/EECE5554/LAB3/src/install/imu_msg/share/imu_msg/hook/cmake_prefix_path.ps1'
[4.198s] INFO:colcon.colcon_core.shell:Creating environment descriptor '/home/savannah/EECE5554/LAB3/src/install/imu_msg/share/imu_msg/hook/cmake_prefix_path.dsv'
[4.198s] INFO:colcon.colcon_core.shell:Creating environment hook '/home/savannah/EECE5554/LAB3/src/install/imu_msg/share/imu_msg/hook/cmake_prefix_path.sh'
[4.199s] Level 1:colcon.colcon_core.environment:checking '/home/savannah/EECE5554/LAB3/src/install/imu_msg/lib'
[4.199s] Level 1:colcon.colcon_core.shell:create_environment_hook('imu_msg', 'ld_library_path_lib')
[4.199s] INFO:colcon.colcon_core.shell:Creating environment hook '/home/savannah/EECE5554/LAB3/src/install/imu_msg/share/imu_msg/hook/ld_library_path_lib.ps1'
[4.199s] INFO:colcon.colcon_core.shell:Creating environment descriptor '/home/savannah/EECE5554/LAB3/src/install/imu_msg/share/imu_msg/hook/ld_library_path_lib.dsv'
[4.200s] INFO:colcon.colcon_core.shell:Creating environment hook '/home/savannah/EECE5554/LAB3/src/install/imu_msg/share/imu_msg/hook/ld_library_path_lib.sh'
[4.200s] Level 1:colcon.colcon_core.environment:checking '/home/savannah/EECE5554/LAB3/src/install/imu_msg/bin'
[4.200s] Level 1:colcon.colcon_core.environment:checking '/home/savannah/EECE5554/LAB3/src/install/imu_msg/lib/pkgconfig/imu_msg.pc'
[4.200s] Level 1:colcon.colcon_core.environment:checking '/home/savannah/EECE5554/LAB3/src/install/imu_msg/lib/python3.10/site-packages'
[4.200s] Level 1:colcon.colcon_core.environment:checking '/home/savannah/EECE5554/LAB3/src/install/imu_msg/bin'
[4.201s] INFO:colcon.colcon_core.shell:Creating package script '/home/savannah/EECE5554/LAB3/src/install/imu_msg/share/imu_msg/package.ps1'
[4.201s] INFO:colcon.colcon_core.shell:Creating package descriptor '/home/savannah/EECE5554/LAB3/src/install/imu_msg/share/imu_msg/package.dsv'
[4.201s] INFO:colcon.colcon_core.shell:Creating package script '/home/savannah/EECE5554/LAB3/src/install/imu_msg/share/imu_msg/package.sh'
[4.202s] INFO:colcon.colcon_core.shell:Creating package script '/home/savannah/EECE5554/LAB3/src/install/imu_msg/share/imu_msg/package.bash'
[4.202s] INFO:colcon.colcon_core.shell:Creating package script '/home/savannah/EECE5554/LAB3/src/install/imu_msg/share/imu_msg/package.zsh'
[4.203s] Level 1:colcon.colcon_core.environment:create_file_with_runtime_dependencies(/home/savannah/EECE5554/LAB3/src/install/imu_msg/share/colcon-core/packages/imu_msg)
[4.203s] INFO:colcon.colcon_ros.task.ament_python.build:Building ROS package in '/home/savannah/EECE5554/LAB3/src/imu_driver' with build type 'ament_python'
[4.203s] Level 1:colcon.colcon_core.shell:create_environment_hook('imu_driver', 'ament_prefix_path')
[4.203s] INFO:colcon.colcon_core.shell:Creating environment hook '/home/savannah/EECE5554/LAB3/src/install/imu_driver/share/imu_driver/hook/ament_prefix_path.ps1'
[4.204s] INFO:colcon.colcon_core.shell:Creating environment descriptor '/home/savannah/EECE5554/LAB3/src/install/imu_driver/share/imu_driver/hook/ament_prefix_path.dsv'
[4.204s] INFO:colcon.colcon_core.shell:Creating environment hook '/home/savannah/EECE5554/LAB3/src/install/imu_driver/share/imu_driver/hook/ament_prefix_path.sh'
[4.205s] INFO:colcon.colcon_core.shell:Skip shell extension 'powershell' for command environment: Not usable outside of PowerShell
[4.205s] DEBUG:colcon.colcon_core.shell:Skip shell extension 'dsv' for command environment
[4.412s] INFO:colcon.colcon_core.task.python.build:Building Python package in '/home/savannah/EECE5554/LAB3/src/imu_driver'
[4.412s] INFO:colcon.colcon_core.shell:Skip shell extension 'powershell' for command environment: Not usable outside of PowerShell
[4.412s] DEBUG:colcon.colcon_core.shell:Skip shell extension 'dsv' for command environment
[4.671s] DEBUG:colcon.colcon_core.event_handler.log_command:Invoking command in '/home/savannah/EECE5554/LAB3/src/imu_driver': PYTHONPATH=/home/savannah/EECE5554/LAB3/src/build/imu_driver/prefix_override:/usr/lib/python3/dist-packages/colcon_core/task/python/colcon_distutils_commands:/home/savannah/EECE5554/LAB3/src/install/imu_driver/lib/python3.10/site-packages:${PYTHONPATH} /usr/bin/python3 -W ignore:setup.py install is deprecated -W ignore:easy_install command is deprecated setup.py egg_info --egg-base ../build/imu_driver build --build-base /home/savannah/EECE5554/LAB3/src/build/imu_driver/build install --record /home/savannah/EECE5554/LAB3/src/build/imu_driver/install.log --single-version-externally-managed install_data
[4.906s] Level 1:colcon.colcon_core.environment:checking '/home/savannah/EECE5554/LAB3/src/install/imu_driver' for CMake module files
[4.906s] DEBUG:colcon.colcon_core.event_handler.log_command:Invoked command in '/home/savannah/EECE5554/LAB3/src/imu_driver' returned '0': PYTHONPATH=/home/savannah/EECE5554/LAB3/src/build/imu_driver/prefix_override:/usr/lib/python3/dist-packages/colcon_core/task/python/colcon_distutils_commands:/home/savannah/EECE5554/LAB3/src/install/imu_driver/lib/python3.10/site-packages:${PYTHONPATH} /usr/bin/python3 -W ignore:setup.py install is deprecated -W ignore:easy_install command is deprecated setup.py egg_info --egg-base ../build/imu_driver build --build-base /home/savannah/EECE5554/LAB3/src/build/imu_driver/build install --record /home/savannah/EECE5554/LAB3/src/build/imu_driver/install.log --single-version-externally-managed install_data
[4.907s] Level 1:colcon.colcon_core.environment:checking '/home/savannah/EECE5554/LAB3/src/install/imu_driver' for CMake config files
[4.907s] Level 1:colcon.colcon_core.environment:checking '/home/savannah/EECE5554/LAB3/src/install/imu_driver/lib'
[4.907s] Level 1:colcon.colcon_core.environment:checking '/home/savannah/EECE5554/LAB3/src/install/imu_driver/bin'
[4.907s] Level 1:colcon.colcon_core.environment:checking '/home/savannah/EECE5554/LAB3/src/install/imu_driver/lib/pkgconfig/imu_driver.pc'
[4.907s] Level 1:colcon.colcon_core.environment:checking '/home/savannah/EECE5554/LAB3/src/install/imu_driver/lib/python3.10/site-packages'
[4.907s] Level 1:colcon.colcon_core.shell:create_environment_hook('imu_driver', 'pythonpath')
[4.907s] INFO:colcon.colcon_core.shell:Creating environment hook '/home/savannah/EECE5554/LAB3/src/install/imu_driver/share/imu_driver/hook/pythonpath.ps1'
[4.908s] INFO:colcon.colcon_core.shell:Creating environment descriptor '/home/savannah/EECE5554/LAB3/src/install/imu_driver/share/imu_driver/hook/pythonpath.dsv'
[4.908s] INFO:colcon.colcon_core.shell:Creating environment hook '/home/savannah/EECE5554/LAB3/src/install/imu_driver/share/imu_driver/hook/pythonpath.sh'
[4.908s] Level 1:colcon.colcon_core.environment:checking '/home/savannah/EECE5554/LAB3/src/install/imu_driver/bin'
[4.909s] Level 1:colcon.colcon_core.environment:create_environment_scripts_only(imu_driver)
[4.909s] INFO:colcon.colcon_core.shell:Creating package script '/home/savannah/EECE5554/LAB3/src/install/imu_driver/share/imu_driver/package.ps1'
[4.909s] INFO:colcon.colcon_core.shell:Creating package descriptor '/home/savannah/EECE5554/LAB3/src/install/imu_driver/share/imu_driver/package.dsv'
[4.909s] INFO:colcon.colcon_core.shell:Creating package script '/home/savannah/EECE5554/LAB3/src/install/imu_driver/share/imu_driver/package.sh'
[4.910s] INFO:colcon.colcon_core.shell:Creating package script '/home/savannah/EECE5554/LAB3/src/install/imu_driver/share/imu_driver/package.bash'
[4.910s] INFO:colcon.colcon_core.shell:Creating package script '/home/savannah/EECE5554/LAB3/src/install/imu_driver/share/imu_driver/package.zsh'
[4.910s] Level 1:colcon.colcon_core.environment:create_file_with_runtime_dependencies(/home/savannah/EECE5554/LAB3/src/install/imu_driver/share/colcon-core/packages/imu_driver)
[4.910s] DEBUG:colcon.colcon_parallel_executor.executor.parallel:closing loop
[4.911s] DEBUG:colcon.colcon_parallel_executor.executor.parallel:loop closed
[4.911s] DEBUG:colcon.colcon_parallel_executor.executor.parallel:run_until_complete finished with '0'
[4.911s] DEBUG:colcon.colcon_core.event_reactor:joining thread
[4.915s] INFO:colcon.colcon_core.plugin_system:Skipping extension 'colcon_notification.desktop_notification.terminal_notifier': Not used on non-Darwin systems
[4.915s] INFO:colcon.colcon_core.plugin_system:Skipping extension 'colcon_notification.desktop_notification.win32': Not used on non-Windows systems
[4.915s] INFO:colcon.colcon_notification.desktop_notification:Sending desktop notification using 'notify2'
[4.930s] DEBUG:colcon.colcon_core.event_reactor:joined thread
[4.931s] INFO:colcon.colcon_core.shell:Creating prefix script '/home/savannah/EECE5554/LAB3/src/install/local_setup.ps1'
[4.932s] INFO:colcon.colcon_core.shell:Creating prefix util module '/home/savannah/EECE5554/LAB3/src/install/_local_setup_util_ps1.py'
[4.936s] INFO:colcon.colcon_core.shell:Creating prefix chain script '/home/savannah/EECE5554/LAB3/src/install/setup.ps1'
[4.937s] INFO:colcon.colcon_core.shell:Creating prefix script '/home/savannah/EECE5554/LAB3/src/install/local_setup.sh'
[4.938s] INFO:colcon.colcon_core.shell:Creating prefix util module '/home/savannah/EECE5554/LAB3/src/install/_local_setup_util_sh.py'
[4.941s] INFO:colcon.colcon_core.shell:Creating prefix chain script '/home/savannah/EECE5554/LAB3/src/install/setup.sh'
[4.942s] INFO:colcon.colcon_core.shell:Creating prefix script '/home/savannah/EECE5554/LAB3/src/install/local_setup.bash'
[4.943s] INFO:colcon.colcon_core.shell:Creating prefix chain script '/home/savannah/EECE5554/LAB3/src/install/setup.bash'
[4.943s] INFO:colcon.colcon_core.shell:Creating prefix script '/home/savannah/EECE5554/LAB3/src/install/local_setup.zsh'
[4.944s] INFO:colcon.colcon_core.shell:Creating prefix chain script '/home/savannah/EECE5554/LAB3/src/install/setup.zsh'
