[0.009s] Invoking command in '/home/savannah/EECE5554/LAB3/build/imu_msg': CMAKE_PREFIX_PATH=/opt/ros/humble /usr/bin/cmake --build /home/savannah/EECE5554/LAB3/build/imu_msg -- -j4 -l4
[0.056s] [  3%] Built target imu_msg__cpp
[0.056s] [ 12%] Built target imu_msg__rosidl_generator_c
[0.063s] [ 12%] Built target ament_cmake_python_copy_imu_msg
[0.075s] [ 22%] Built target imu_msg__rosidl_typesupport_cpp
[0.078s] [ 41%] Built target imu_msg__rosidl_typesupport_fastrtps_cpp
[0.078s] [ 41%] Built target imu_msg__rosidl_typesupport_introspection_c
[0.088s] [ 51%] Built target imu_msg__rosidl_typesupport_c
[0.097s] [ 64%] Built target imu_msg__rosidl_typesupport_fastrtps_c
[0.097s] [ 70%] Built target imu_msg__rosidl_typesupport_introspection_cpp
[0.115s] [ 70%] Built target imu_msg
[0.141s] [ 74%] Built target imu_msg__py
[0.158s] [ 80%] Built target imu_msg__rosidl_generator_py
[0.177s] [100%] Built target imu_msg__rosidl_typesupport_introspection_c__pyext
[0.178s] [100%] Built target imu_msg__rosidl_typesupport_fastrtps_c__pyext
[0.179s] [100%] Built target imu_msg__rosidl_typesupport_c__pyext
[0.260s] running egg_info
[0.260s] writing imu_msg.egg-info/PKG-INFO
[0.260s] writing dependency_links to imu_msg.egg-info/dependency_links.txt
[0.260s] writing top-level names to imu_msg.egg-info/top_level.txt
[0.262s] reading manifest file 'imu_msg.egg-info/SOURCES.txt'
[0.262s] writing manifest file 'imu_msg.egg-info/SOURCES.txt'
[0.281s] [100%] Built target ament_cmake_python_build_imu_msg_egg
[0.293s] Invoked command in '/home/savannah/EECE5554/LAB3/build/imu_msg' returned '0': CMAKE_PREFIX_PATH=/opt/ros/humble /usr/bin/cmake --build /home/savannah/EECE5554/LAB3/build/imu_msg -- -j4 -l4
[0.302s] Invoking command in '/home/savannah/EECE5554/LAB3/build/imu_msg': CMAKE_PREFIX_PATH=/opt/ros/humble /usr/bin/cmake --install /home/savannah/EECE5554/LAB3/build/imu_msg
[0.308s] -- Install configuration: ""
[0.308s] -- Up-to-date: /home/savannah/EECE5554/LAB3/install/imu_msg/share/ament_index/resource_index/rosidl_interfaces/imu_msg
[0.308s] -- Up-to-date: /home/savannah/EECE5554/LAB3/install/imu_msg/include/imu_msg/imu_msg
[0.308s] -- Up-to-date: /home/savannah/EECE5554/LAB3/install/imu_msg/include/imu_msg/imu_msg/msg
[0.308s] -- Up-to-date: /home/savannah/EECE5554/LAB3/install/imu_msg/include/imu_msg/imu_msg/msg/imu_msg.h
[0.308s] -- Up-to-date: /home/savannah/EECE5554/LAB3/install/imu_msg/include/imu_msg/imu_msg/msg/detail
[0.308s] -- Up-to-date: /home/savannah/EECE5554/LAB3/install/imu_msg/include/imu_msg/imu_msg/msg/detail/imu_msg__functions.c
[0.308s] -- Up-to-date: /home/savannah/EECE5554/LAB3/install/imu_msg/include/imu_msg/imu_msg/msg/detail/imu_msg__struct.h
[0.309s] -- Up-to-date: /home/savannah/EECE5554/LAB3/install/imu_msg/include/imu_msg/imu_msg/msg/detail/imu_msg__type_support.h
[0.309s] -- Up-to-date: /home/savannah/EECE5554/LAB3/install/imu_msg/include/imu_msg/imu_msg/msg/detail/imu_msg__functions.h
[0.309s] -- Up-to-date: /home/savannah/EECE5554/LAB3/install/imu_msg/include/imu_msg/imu_msg/msg/rosidl_generator_c__visibility_control.h
[0.309s] -- Up-to-date: /home/savannah/EECE5554/LAB3/install/imu_msg/share/imu_msg/environment/library_path.sh
[0.309s] -- Up-to-date: /home/savannah/EECE5554/LAB3/install/imu_msg/share/imu_msg/environment/library_path.dsv
[0.309s] -- Up-to-date: /home/savannah/EECE5554/LAB3/install/imu_msg/lib/libimu_msg__rosidl_generator_c.so
[0.309s] -- Up-to-date: /home/savannah/EECE5554/LAB3/install/imu_msg/include/imu_msg/imu_msg
[0.309s] -- Up-to-date: /home/savannah/EECE5554/LAB3/install/imu_msg/include/imu_msg/imu_msg/msg
[0.309s] -- Up-to-date: /home/savannah/EECE5554/LAB3/install/imu_msg/include/imu_msg/imu_msg/msg/detail
[0.309s] -- Up-to-date: /home/savannah/EECE5554/LAB3/install/imu_msg/include/imu_msg/imu_msg/msg/detail/imu_msg__rosidl_typesupport_fastrtps_c.h
[0.309s] -- Up-to-date: /home/savannah/EECE5554/LAB3/install/imu_msg/include/imu_msg/imu_msg/msg/rosidl_typesupport_fastrtps_c__visibility_control.h
[0.309s] -- Up-to-date: /home/savannah/EECE5554/LAB3/install/imu_msg/lib/libimu_msg__rosidl_typesupport_fastrtps_c.so
[0.309s] -- Up-to-date: /home/savannah/EECE5554/LAB3/install/imu_msg/include/imu_msg/imu_msg
[0.309s] -- Up-to-date: /home/savannah/EECE5554/LAB3/install/imu_msg/include/imu_msg/imu_msg/msg
[0.309s] -- Up-to-date: /home/savannah/EECE5554/LAB3/install/imu_msg/include/imu_msg/imu_msg/msg/imu_msg.hpp
[0.309s] -- Up-to-date: /home/savannah/EECE5554/LAB3/install/imu_msg/include/imu_msg/imu_msg/msg/detail
[0.309s] -- Up-to-date: /home/savannah/EECE5554/LAB3/install/imu_msg/include/imu_msg/imu_msg/msg/detail/imu_msg__struct.hpp
[0.309s] -- Up-to-date: /home/savannah/EECE5554/LAB3/install/imu_msg/include/imu_msg/imu_msg/msg/detail/imu_msg__traits.hpp
[0.310s] -- Up-to-date: /home/savannah/EECE5554/LAB3/install/imu_msg/include/imu_msg/imu_msg/msg/detail/imu_msg__type_support.hpp
[0.310s] -- Up-to-date: /home/savannah/EECE5554/LAB3/install/imu_msg/include/imu_msg/imu_msg/msg/detail/imu_msg__builder.hpp
[0.310s] -- Up-to-date: /home/savannah/EECE5554/LAB3/install/imu_msg/include/imu_msg/imu_msg/msg/rosidl_generator_cpp__visibility_control.hpp
[0.310s] -- Up-to-date: /home/savannah/EECE5554/LAB3/install/imu_msg/include/imu_msg/imu_msg
[0.310s] -- Up-to-date: /home/savannah/EECE5554/LAB3/install/imu_msg/include/imu_msg/imu_msg/msg
[0.310s] -- Up-to-date: /home/savannah/EECE5554/LAB3/install/imu_msg/include/imu_msg/imu_msg/msg/detail
[0.310s] -- Up-to-date: /home/savannah/EECE5554/LAB3/install/imu_msg/include/imu_msg/imu_msg/msg/detail/dds_fastrtps
[0.310s] -- Up-to-date: /home/savannah/EECE5554/LAB3/install/imu_msg/include/imu_msg/imu_msg/msg/detail/imu_msg__rosidl_typesupport_fastrtps_cpp.hpp
[0.310s] -- Up-to-date: /home/savannah/EECE5554/LAB3/install/imu_msg/include/imu_msg/imu_msg/msg/rosidl_typesupport_fastrtps_cpp__visibility_control.h
[0.310s] -- Up-to-date: /home/savannah/EECE5554/LAB3/install/imu_msg/lib/libimu_msg__rosidl_typesupport_fastrtps_cpp.so
[0.310s] -- Up-to-date: /home/savannah/EECE5554/LAB3/install/imu_msg/include/imu_msg/imu_msg
[0.310s] -- Up-to-date: /home/savannah/EECE5554/LAB3/install/imu_msg/include/imu_msg/imu_msg/msg
[0.310s] -- Up-to-date: /home/savannah/EECE5554/LAB3/install/imu_msg/include/imu_msg/imu_msg/msg/detail
[0.311s] -- Up-to-date: /home/savannah/EECE5554/LAB3/install/imu_msg/include/imu_msg/imu_msg/msg/detail/imu_msg__rosidl_typesupport_introspection_c.h
[0.311s] -- Up-to-date: /home/savannah/EECE5554/LAB3/install/imu_msg/include/imu_msg/imu_msg/msg/detail/imu_msg__type_support.c
[0.311s] -- Up-to-date: /home/savannah/EECE5554/LAB3/install/imu_msg/include/imu_msg/imu_msg/msg/rosidl_typesupport_introspection_c__visibility_control.h
[0.311s] -- Up-to-date: /home/savannah/EECE5554/LAB3/install/imu_msg/lib/libimu_msg__rosidl_typesupport_introspection_c.so
[0.311s] -- Up-to-date: /home/savannah/EECE5554/LAB3/install/imu_msg/lib/libimu_msg__rosidl_typesupport_c.so
[0.311s] -- Up-to-date: /home/savannah/EECE5554/LAB3/install/imu_msg/include/imu_msg/imu_msg
[0.311s] -- Up-to-date: /home/savannah/EECE5554/LAB3/install/imu_msg/include/imu_msg/imu_msg/msg
[0.311s] -- Up-to-date: /home/savannah/EECE5554/LAB3/install/imu_msg/include/imu_msg/imu_msg/msg/detail
[0.311s] -- Up-to-date: /home/savannah/EECE5554/LAB3/install/imu_msg/include/imu_msg/imu_msg/msg/detail/imu_msg__type_support.cpp
[0.311s] -- Up-to-date: /home/savannah/EECE5554/LAB3/install/imu_msg/include/imu_msg/imu_msg/msg/detail/imu_msg__rosidl_typesupport_introspection_cpp.hpp
[0.311s] -- Up-to-date: /home/savannah/EECE5554/LAB3/install/imu_msg/lib/libimu_msg__rosidl_typesupport_introspection_cpp.so
[0.311s] -- Up-to-date: /home/savannah/EECE5554/LAB3/install/imu_msg/lib/libimu_msg__rosidl_typesupport_cpp.so
[0.311s] -- Up-to-date: /home/savannah/EECE5554/LAB3/install/imu_msg/share/imu_msg/environment/pythonpath.sh
[0.311s] -- Up-to-date: /home/savannah/EECE5554/LAB3/install/imu_msg/share/imu_msg/environment/pythonpath.dsv
[0.312s] -- Up-to-date: /home/savannah/EECE5554/LAB3/install/imu_msg/local/lib/python3.10/dist-packages/imu_msg-0.0.0-py3.10.egg-info
[0.312s] -- Installing: /home/savannah/EECE5554/LAB3/install/imu_msg/local/lib/python3.10/dist-packages/imu_msg-0.0.0-py3.10.egg-info/top_level.txt
[0.312s] -- Installing: /home/savannah/EECE5554/LAB3/install/imu_msg/local/lib/python3.10/dist-packages/imu_msg-0.0.0-py3.10.egg-info/dependency_links.txt
[0.312s] -- Installing: /home/savannah/EECE5554/LAB3/install/imu_msg/local/lib/python3.10/dist-packages/imu_msg-0.0.0-py3.10.egg-info/SOURCES.txt
[0.312s] -- Installing: /home/savannah/EECE5554/LAB3/install/imu_msg/local/lib/python3.10/dist-packages/imu_msg-0.0.0-py3.10.egg-info/PKG-INFO
[0.312s] -- Up-to-date: /home/savannah/EECE5554/LAB3/install/imu_msg/local/lib/python3.10/dist-packages/imu_msg
[0.312s] -- Up-to-date: /home/savannah/EECE5554/LAB3/install/imu_msg/local/lib/python3.10/dist-packages/imu_msg/_imu_msg_s.ep.rosidl_typesupport_c.c
[0.312s] -- Up-to-date: /home/savannah/EECE5554/LAB3/install/imu_msg/local/lib/python3.10/dist-packages/imu_msg/libimu_msg__rosidl_generator_py.so
[0.312s] -- Up-to-date: /home/savannah/EECE5554/LAB3/install/imu_msg/local/lib/python3.10/dist-packages/imu_msg/_imu_msg_s.ep.rosidl_typesupport_introspection_c.c
[0.312s] -- Up-to-date: /home/savannah/EECE5554/LAB3/install/imu_msg/local/lib/python3.10/dist-packages/imu_msg/_imu_msg_s.ep.rosidl_typesupport_fastrtps_c.c
[0.312s] -- Up-to-date: /home/savannah/EECE5554/LAB3/install/imu_msg/local/lib/python3.10/dist-packages/imu_msg/imu_msg_s__rosidl_typesupport_fastrtps_c.cpython-310-x86_64-linux-gnu.so
[0.312s] -- Up-to-date: /home/savannah/EECE5554/LAB3/install/imu_msg/local/lib/python3.10/dist-packages/imu_msg/imu_msg_s__rosidl_typesupport_c.cpython-310-x86_64-linux-gnu.so
[0.312s] -- Up-to-date: /home/savannah/EECE5554/LAB3/install/imu_msg/local/lib/python3.10/dist-packages/imu_msg/imu_msg_s__rosidl_typesupport_introspection_c.cpython-310-x86_64-linux-gnu.so
[0.312s] -- Up-to-date: /home/savannah/EECE5554/LAB3/install/imu_msg/local/lib/python3.10/dist-packages/imu_msg/msg
[0.312s] -- Up-to-date: /home/savannah/EECE5554/LAB3/install/imu_msg/local/lib/python3.10/dist-packages/imu_msg/msg/_imu_msg_s.c
[0.312s] -- Up-to-date: /home/savannah/EECE5554/LAB3/install/imu_msg/local/lib/python3.10/dist-packages/imu_msg/msg/_imu_msg.py
[0.312s] -- Up-to-date: /home/savannah/EECE5554/LAB3/install/imu_msg/local/lib/python3.10/dist-packages/imu_msg/msg/__init__.py
[0.312s] -- Up-to-date: /home/savannah/EECE5554/LAB3/install/imu_msg/local/lib/python3.10/dist-packages/imu_msg/__init__.py
[0.345s] Listing '/home/savannah/EECE5554/LAB3/install/imu_msg/local/lib/python3.10/dist-packages/imu_msg'...
[0.345s] Listing '/home/savannah/EECE5554/LAB3/install/imu_msg/local/lib/python3.10/dist-packages/imu_msg/msg'...
[0.348s] -- Up-to-date: /home/savannah/EECE5554/LAB3/install/imu_msg/local/lib/python3.10/dist-packages/imu_msg/imu_msg_s__rosidl_typesupport_fastrtps_c.cpython-310-x86_64-linux-gnu.so
[0.348s] -- Up-to-date: /home/savannah/EECE5554/LAB3/install/imu_msg/local/lib/python3.10/dist-packages/imu_msg/imu_msg_s__rosidl_typesupport_introspection_c.cpython-310-x86_64-linux-gnu.so
[0.349s] -- Up-to-date: /home/savannah/EECE5554/LAB3/install/imu_msg/local/lib/python3.10/dist-packages/imu_msg/imu_msg_s__rosidl_typesupport_c.cpython-310-x86_64-linux-gnu.so
[0.349s] -- Up-to-date: /home/savannah/EECE5554/LAB3/install/imu_msg/lib/libimu_msg__rosidl_generator_py.so
[0.350s] -- Up-to-date: /home/savannah/EECE5554/LAB3/install/imu_msg/share/imu_msg/msg/ImuMsg.idl
[0.350s] -- Up-to-date: /home/savannah/EECE5554/LAB3/install/imu_msg/share/imu_msg/msg/ImuMsg.msg
[0.350s] -- Up-to-date: /home/savannah/EECE5554/LAB3/install/imu_msg/share/ament_index/resource_index/package_run_dependencies/imu_msg
[0.350s] -- Up-to-date: /home/savannah/EECE5554/LAB3/install/imu_msg/share/ament_index/resource_index/parent_prefix_path/imu_msg
[0.350s] -- Up-to-date: /home/savannah/EECE5554/LAB3/install/imu_msg/share/imu_msg/environment/ament_prefix_path.sh
[0.350s] -- Up-to-date: /home/savannah/EECE5554/LAB3/install/imu_msg/share/imu_msg/environment/ament_prefix_path.dsv
[0.350s] -- Up-to-date: /home/savannah/EECE5554/LAB3/install/imu_msg/share/imu_msg/environment/path.sh
[0.350s] -- Up-to-date: /home/savannah/EECE5554/LAB3/install/imu_msg/share/imu_msg/environment/path.dsv
[0.350s] -- Up-to-date: /home/savannah/EECE5554/LAB3/install/imu_msg/share/imu_msg/local_setup.bash
[0.350s] -- Up-to-date: /home/savannah/EECE5554/LAB3/install/imu_msg/share/imu_msg/local_setup.sh
[0.350s] -- Up-to-date: /home/savannah/EECE5554/LAB3/install/imu_msg/share/imu_msg/local_setup.zsh
[0.350s] -- Up-to-date: /home/savannah/EECE5554/LAB3/install/imu_msg/share/imu_msg/local_setup.dsv
[0.351s] -- Installing: /home/savannah/EECE5554/LAB3/install/imu_msg/share/imu_msg/package.dsv
[0.351s] -- Up-to-date: /home/savannah/EECE5554/LAB3/install/imu_msg/share/ament_index/resource_index/packages/imu_msg
[0.351s] -- Up-to-date: /home/savannah/EECE5554/LAB3/install/imu_msg/share/imu_msg/cmake/export_imu_msg__rosidl_generator_cExport.cmake
[0.351s] -- Up-to-date: /home/savannah/EECE5554/LAB3/install/imu_msg/share/imu_msg/cmake/export_imu_msg__rosidl_generator_cExport-noconfig.cmake
[0.351s] -- Up-to-date: /home/savannah/EECE5554/LAB3/install/imu_msg/share/imu_msg/cmake/export_imu_msg__rosidl_typesupport_fastrtps_cExport.cmake
[0.351s] -- Up-to-date: /home/savannah/EECE5554/LAB3/install/imu_msg/share/imu_msg/cmake/export_imu_msg__rosidl_typesupport_fastrtps_cExport-noconfig.cmake
[0.351s] -- Up-to-date: /home/savannah/EECE5554/LAB3/install/imu_msg/share/imu_msg/cmake/export_imu_msg__rosidl_generator_cppExport.cmake
[0.351s] -- Up-to-date: /home/savannah/EECE5554/LAB3/install/imu_msg/share/imu_msg/cmake/export_imu_msg__rosidl_typesupport_fastrtps_cppExport.cmake
[0.352s] -- Up-to-date: /home/savannah/EECE5554/LAB3/install/imu_msg/share/imu_msg/cmake/export_imu_msg__rosidl_typesupport_fastrtps_cppExport-noconfig.cmake
[0.352s] -- Up-to-date: /home/savannah/EECE5554/LAB3/install/imu_msg/share/imu_msg/cmake/imu_msg__rosidl_typesupport_introspection_cExport.cmake
[0.352s] -- Up-to-date: /home/savannah/EECE5554/LAB3/install/imu_msg/share/imu_msg/cmake/imu_msg__rosidl_typesupport_introspection_cExport-noconfig.cmake
[0.352s] -- Up-to-date: /home/savannah/EECE5554/LAB3/install/imu_msg/share/imu_msg/cmake/imu_msg__rosidl_typesupport_cExport.cmake
[0.352s] -- Up-to-date: /home/savannah/EECE5554/LAB3/install/imu_msg/share/imu_msg/cmake/imu_msg__rosidl_typesupport_cExport-noconfig.cmake
[0.352s] -- Up-to-date: /home/savannah/EECE5554/LAB3/install/imu_msg/share/imu_msg/cmake/imu_msg__rosidl_typesupport_introspection_cppExport.cmake
[0.352s] -- Up-to-date: /home/savannah/EECE5554/LAB3/install/imu_msg/share/imu_msg/cmake/imu_msg__rosidl_typesupport_introspection_cppExport-noconfig.cmake
[0.352s] -- Up-to-date: /home/savannah/EECE5554/LAB3/install/imu_msg/share/imu_msg/cmake/imu_msg__rosidl_typesupport_cppExport.cmake
[0.352s] -- Up-to-date: /home/savannah/EECE5554/LAB3/install/imu_msg/share/imu_msg/cmake/imu_msg__rosidl_typesupport_cppExport-noconfig.cmake
[0.352s] -- Up-to-date: /home/savannah/EECE5554/LAB3/install/imu_msg/share/imu_msg/cmake/export_imu_msg__rosidl_generator_pyExport.cmake
[0.352s] -- Up-to-date: /home/savannah/EECE5554/LAB3/install/imu_msg/share/imu_msg/cmake/export_imu_msg__rosidl_generator_pyExport-noconfig.cmake
[0.353s] -- Up-to-date: /home/savannah/EECE5554/LAB3/install/imu_msg/share/imu_msg/cmake/rosidl_cmake-extras.cmake
[0.353s] -- Up-to-date: /home/savannah/EECE5554/LAB3/install/imu_msg/share/imu_msg/cmake/ament_cmake_export_dependencies-extras.cmake
[0.353s] -- Up-to-date: /home/savannah/EECE5554/LAB3/install/imu_msg/share/imu_msg/cmake/ament_cmake_export_include_directories-extras.cmake
[0.353s] -- Up-to-date: /home/savannah/EECE5554/LAB3/install/imu_msg/share/imu_msg/cmake/ament_cmake_export_libraries-extras.cmake
[0.353s] -- Up-to-date: /home/savannah/EECE5554/LAB3/install/imu_msg/share/imu_msg/cmake/ament_cmake_export_targets-extras.cmake
[0.353s] -- Up-to-date: /home/savannah/EECE5554/LAB3/install/imu_msg/share/imu_msg/cmake/rosidl_cmake_export_typesupport_targets-extras.cmake
[0.353s] -- Up-to-date: /home/savannah/EECE5554/LAB3/install/imu_msg/share/imu_msg/cmake/rosidl_cmake_export_typesupport_libraries-extras.cmake
[0.353s] -- Up-to-date: /home/savannah/EECE5554/LAB3/install/imu_msg/share/imu_msg/cmake/imu_msgConfig.cmake
[0.353s] -- Up-to-date: /home/savannah/EECE5554/LAB3/install/imu_msg/share/imu_msg/cmake/imu_msgConfig-version.cmake
[0.353s] -- Up-to-date: /home/savannah/EECE5554/LAB3/install/imu_msg/share/imu_msg/package.xml
[0.356s] Invoked command in '/home/savannah/EECE5554/LAB3/build/imu_msg' returned '0': CMAKE_PREFIX_PATH=/opt/ros/humble /usr/bin/cmake --install /home/savannah/EECE5554/LAB3/build/imu_msg
