[0.696s] Invoking command in '/home/savannah/EECE5554/LAB4/src/imu_driver': PYTHONPATH=/home/savannah/EECE5554/LAB4/build/imu_driver/prefix_override:/usr/lib/python3/dist-packages/colcon_core/task/python/colcon_distutils_commands:/home/savannah/EECE5554/LAB4/install/imu_driver/lib/python3.10/site-packages:${PYTHONPATH} /usr/bin/python3 -W ignore:setup.py install is deprecated -W ignore:easy_install command is deprecated setup.py egg_info --egg-base ../../build/imu_driver build --build-base /home/savannah/EECE5554/LAB4/build/imu_driver/build install --record /home/savannah/EECE5554/LAB4/build/imu_driver/install.log --single-version-externally-managed install_data
[0.911s] running egg_info
[0.911s] writing ../../build/imu_driver/imu_driver.egg-info/PKG-INFO
[0.911s] writing dependency_links to ../../build/imu_driver/imu_driver.egg-info/dependency_links.txt
[0.911s] writing entry points to ../../build/imu_driver/imu_driver.egg-info/entry_points.txt
[0.911s] writing requirements to ../../build/imu_driver/imu_driver.egg-info/requires.txt
[0.911s] writing top-level names to ../../build/imu_driver/imu_driver.egg-info/top_level.txt
[0.913s] reading manifest file '../../build/imu_driver/imu_driver.egg-info/SOURCES.txt'
[0.914s] adding license file 'LICENSE'
[0.914s] writing manifest file '../../build/imu_driver/imu_driver.egg-info/SOURCES.txt'
[0.914s] running build
[0.914s] running build_py
[0.915s] running install
[0.917s] running install_lib
[0.918s] running install_data
[0.918s] running install_egg_info
[0.919s] removing '/home/savannah/EECE5554/LAB4/install/imu_driver/lib/python3.10/site-packages/imu_driver-0.0.0-py3.10.egg-info' (and everything under it)
[0.919s] Copying ../../build/imu_driver/imu_driver.egg-info to /home/savannah/EECE5554/LAB4/install/imu_driver/lib/python3.10/site-packages/imu_driver-0.0.0-py3.10.egg-info
[0.921s] running install_scripts
[0.938s] Installing imu_driver script to /home/savannah/EECE5554/LAB4/install/imu_driver/lib/imu_driver
[0.939s] writing list of installed files to '/home/savannah/EECE5554/LAB4/build/imu_driver/install.log'
[0.959s] Invoked command in '/home/savannah/EECE5554/LAB4/src/imu_driver' returned '0': PYTHONPATH=/home/savannah/EECE5554/LAB4/build/imu_driver/prefix_override:/usr/lib/python3/dist-packages/colcon_core/task/python/colcon_distutils_commands:/home/savannah/EECE5554/LAB4/install/imu_driver/lib/python3.10/site-packages:${PYTHONPATH} /usr/bin/python3 -W ignore:setup.py install is deprecated -W ignore:easy_install command is deprecated setup.py egg_info --egg-base ../../build/imu_driver build --build-base /home/savannah/EECE5554/LAB4/build/imu_driver/build install --record /home/savannah/EECE5554/LAB4/build/imu_driver/install.log --single-version-externally-managed install_data
