[0.616s] Invoking command in '/home/savannah/EECE5554/LAB4/src/gps_driver': CMAKE_PREFIX_PATH=/home/savannah/EECE5554/LAB4/install/gps_message:/home/savannah/EECE5554/LAB4/install/imu_msg LD_LIBRARY_PATH=/home/savannah/EECE5554/LAB4/install/gps_message/lib:/home/savannah/EECE5554/LAB4/install/imu_msg/lib:/opt/ros/humble/opt/rviz_ogre_vendor/lib:/opt/ros/humble/lib/x86_64-linux-gnu:/opt/ros/humble/lib PYTHONPATH=/home/savannah/EECE5554/LAB4/build/gps_driver/prefix_override:/usr/lib/python3/dist-packages/colcon_core/task/python/colcon_distutils_commands:/home/savannah/EECE5554/LAB4/install/gps_driver/lib/python3.10/site-packages:${PYTHONPATH} /usr/bin/python3 -W ignore:setup.py install is deprecated -W ignore:easy_install command is deprecated setup.py egg_info --egg-base ../../build/gps_driver build --build-base /home/savannah/EECE5554/LAB4/build/gps_driver/build install --record /home/savannah/EECE5554/LAB4/build/gps_driver/install.log --single-version-externally-managed install_data
[0.840s] running egg_info
[0.841s] creating ../../build/gps_driver/gps_driver.egg-info
[0.841s] writing ../../build/gps_driver/gps_driver.egg-info/PKG-INFO
[0.841s] writing dependency_links to ../../build/gps_driver/gps_driver.egg-info/dependency_links.txt
[0.842s] writing entry points to ../../build/gps_driver/gps_driver.egg-info/entry_points.txt
[0.842s] writing requirements to ../../build/gps_driver/gps_driver.egg-info/requires.txt
[0.842s] writing top-level names to ../../build/gps_driver/gps_driver.egg-info/top_level.txt
[0.844s] writing manifest file '../../build/gps_driver/gps_driver.egg-info/SOURCES.txt'
[0.844s] reading manifest file '../../build/gps_driver/gps_driver.egg-info/SOURCES.txt'
[0.844s] adding license file 'LICENSE'
[0.844s] writing manifest file '../../build/gps_driver/gps_driver.egg-info/SOURCES.txt'
[0.844s] running build
[0.844s] running build_py
[0.844s] creating /home/savannah/EECE5554/LAB4/build/gps_driver/build
[0.844s] creating /home/savannah/EECE5554/LAB4/build/gps_driver/build/lib
[0.845s] creating /home/savannah/EECE5554/LAB4/build/gps_driver/build/lib/gps_driver
[0.845s] copying gps_driver/gps_driver.py -> /home/savannah/EECE5554/LAB4/build/gps_driver/build/lib/gps_driver
[0.845s] copying gps_driver/__init__.py -> /home/savannah/EECE5554/LAB4/build/gps_driver/build/lib/gps_driver
[0.846s] running install
[0.846s] running install_lib
[0.846s] creating /home/savannah/EECE5554/LAB4/install/gps_driver/lib/python3.10/site-packages/gps_driver
[0.846s] copying /home/savannah/EECE5554/LAB4/build/gps_driver/build/lib/gps_driver/gps_driver.py -> /home/savannah/EECE5554/LAB4/install/gps_driver/lib/python3.10/site-packages/gps_driver
[0.846s] copying /home/savannah/EECE5554/LAB4/build/gps_driver/build/lib/gps_driver/__init__.py -> /home/savannah/EECE5554/LAB4/install/gps_driver/lib/python3.10/site-packages/gps_driver
[0.847s] byte-compiling /home/savannah/EECE5554/LAB4/install/gps_driver/lib/python3.10/site-packages/gps_driver/gps_driver.py to gps_driver.cpython-310.pyc
[0.848s] byte-compiling /home/savannah/EECE5554/LAB4/install/gps_driver/lib/python3.10/site-packages/gps_driver/__init__.py to __init__.cpython-310.pyc
[0.848s] running install_data
[0.849s] creating /home/savannah/EECE5554/LAB4/install/gps_driver/share/ament_index
[0.849s] creating /home/savannah/EECE5554/LAB4/install/gps_driver/share/ament_index/resource_index
[0.849s] creating /home/savannah/EECE5554/LAB4/install/gps_driver/share/ament_index/resource_index/packages
[0.849s] copying resource/gps_driver -> /home/savannah/EECE5554/LAB4/install/gps_driver/share/ament_index/resource_index/packages
[0.849s] copying package.xml -> /home/savannah/EECE5554/LAB4/install/gps_driver/share/gps_driver
[0.850s] creating /home/savannah/EECE5554/LAB4/install/gps_driver/share/gps_driver/launch
[0.850s] copying launch/driver.launch.py -> /home/savannah/EECE5554/LAB4/install/gps_driver/share/gps_driver/launch
[0.850s] running install_egg_info
[0.852s] Copying ../../build/gps_driver/gps_driver.egg-info to /home/savannah/EECE5554/LAB4/install/gps_driver/lib/python3.10/site-packages/gps_driver-0.0.0-py3.10.egg-info
[0.852s] running install_scripts
[0.871s] Installing driver script to /home/savannah/EECE5554/LAB4/install/gps_driver/lib/gps_driver
[0.872s] writing list of installed files to '/home/savannah/EECE5554/LAB4/build/gps_driver/install.log'
[0.900s] Invoked command in '/home/savannah/EECE5554/LAB4/src/gps_driver' returned '0': CMAKE_PREFIX_PATH=/home/savannah/EECE5554/LAB4/install/gps_message:/home/savannah/EECE5554/LAB4/install/imu_msg LD_LIBRARY_PATH=/home/savannah/EECE5554/LAB4/install/gps_message/lib:/home/savannah/EECE5554/LAB4/install/imu_msg/lib:/opt/ros/humble/opt/rviz_ogre_vendor/lib:/opt/ros/humble/lib/x86_64-linux-gnu:/opt/ros/humble/lib PYTHONPATH=/home/savannah/EECE5554/LAB4/build/gps_driver/prefix_override:/usr/lib/python3/dist-packages/colcon_core/task/python/colcon_distutils_commands:/home/savannah/EECE5554/LAB4/install/gps_driver/lib/python3.10/site-packages:${PYTHONPATH} /usr/bin/python3 -W ignore:setup.py install is deprecated -W ignore:easy_install command is deprecated setup.py egg_info --egg-base ../../build/gps_driver build --build-base /home/savannah/EECE5554/LAB4/build/gps_driver/build install --record /home/savannah/EECE5554/LAB4/build/gps_driver/install.log --single-version-externally-managed install_data
