[0.084s] DEBUG:colcon:Command line arguments: ['/usr/bin/colcon', 'build']
[0.084s] DEBUG:colcon:Parsed command line arguments: Namespace(log_base=None, log_level=None, verb_name='build', build_base='build', install_base='install', merge_install=False, symlink_install=False, test_result_base=None, continue_on_error=False, executor='parallel', parallel_workers=4, event_handlers=None, ignore_user_meta=False, metas=['./colcon.meta'], base_paths=['.'], packages_ignore=None, packages_ignore_regex=None, paths=None, packages_up_to=None, packages_up_to_regex=None, packages_above=None, packages_above_and_dependencies=None, packages_above_depth=None, packages_select_by_dep=None, packages_skip_by_dep=None, packages_skip_up_to=None, packages_select_build_failed=False, packages_skip_build_finished=False, packages_select_test_failures=False, packages_skip_test_passed=False, packages_select=None, packages_skip=None, packages_select_regex=None, packages_skip_regex=None, packages_start=None, packages_end=None, allow_overriding=[], cmake_args=None, cmake_target=None, cmake_target_skip_unavailable=False, cmake_clean_cache=False, cmake_clean_first=False, cmake_force_configure=False, ament_cmake_args=None, catkin_cmake_args=None, catkin_skip_building_tests=False, mixin_files=None, mixin=None, verb_parser=<colcon_mixin.mixin.mixin_argument.MixinArgumentDecorator object at 0x79a31585e500>, verb_extension=<colcon_core.verb.build.BuildVerb object at 0x79a31585de70>, main=<bound method BuildVerb.main of <colcon_core.verb.build.BuildVerb object at 0x79a31585de70>>, mixin_verb=('build',))
[0.197s] Level 1:colcon.colcon_core.package_discovery:discover_packages(colcon_meta) check parameters
[0.197s] Level 1:colcon.colcon_core.package_discovery:discover_packages(recursive) check parameters
[0.197s] Level 1:colcon.colcon_core.package_discovery:discover_packages(ignore) check parameters
[0.197s] Level 1:colcon.colcon_core.package_discovery:discover_packages(path) check parameters
[0.197s] Level 1:colcon.colcon_core.package_discovery:discover_packages(colcon_meta) discover
[0.197s] Level 1:colcon.colcon_core.package_discovery:discover_packages(recursive) discover
[0.197s] INFO:colcon.colcon_core.package_discovery:Crawling recursively for packages in '/home/savannah/EECE5554/LAB4'
[0.197s] Level 1:colcon.colcon_core.package_identification:_identify(.) by extensions ['ignore', 'ignore_ament_install']
[0.197s] Level 1:colcon.colcon_core.package_identification:_identify(.) by extension 'ignore'
[0.197s] Level 1:colcon.colcon_core.package_identification:_identify(.) by extension 'ignore_ament_install'
[0.197s] Level 1:colcon.colcon_core.package_identification:_identify(.) by extensions ['colcon_pkg']
[0.197s] Level 1:colcon.colcon_core.package_identification:_identify(.) by extension 'colcon_pkg'
[0.197s] Level 1:colcon.colcon_core.package_identification:_identify(.) by extensions ['colcon_meta']
[0.197s] Level 1:colcon.colcon_core.package_identification:_identify(.) by extension 'colcon_meta'
[0.197s] Level 1:colcon.colcon_core.package_identification:_identify(.) by extensions ['ros']
[0.197s] Level 1:colcon.colcon_core.package_identification:_identify(.) by extension 'ros'
[0.205s] Level 1:colcon.colcon_core.package_identification:_identify(.) by extensions ['cmake', 'python']
[0.205s] Level 1:colcon.colcon_core.package_identification:_identify(.) by extension 'cmake'
[0.205s] Level 1:colcon.colcon_core.package_identification:_identify(.) by extension 'python'
[0.205s] Level 1:colcon.colcon_core.package_identification:_identify(.) by extensions ['python_setup_py']
[0.205s] Level 1:colcon.colcon_core.package_identification:_identify(.) by extension 'python_setup_py'
[0.205s] Level 1:colcon.colcon_core.package_identification:_identify(analysis) by extensions ['ignore', 'ignore_ament_install']
[0.205s] Level 1:colcon.colcon_core.package_identification:_identify(analysis) by extension 'ignore'
[0.205s] Level 1:colcon.colcon_core.package_identification:_identify(analysis) by extension 'ignore_ament_install'
[0.205s] Level 1:colcon.colcon_core.package_identification:_identify(analysis) by extensions ['colcon_pkg']
[0.205s] Level 1:colcon.colcon_core.package_identification:_identify(analysis) by extension 'colcon_pkg'
[0.205s] Level 1:colcon.colcon_core.package_identification:_identify(analysis) by extensions ['colcon_meta']
[0.205s] Level 1:colcon.colcon_core.package_identification:_identify(analysis) by extension 'colcon_meta'
[0.205s] Level 1:colcon.colcon_core.package_identification:_identify(analysis) by extensions ['ros']
[0.205s] Level 1:colcon.colcon_core.package_identification:_identify(analysis) by extension 'ros'
[0.205s] Level 1:colcon.colcon_core.package_identification:_identify(analysis) by extensions ['cmake', 'python']
[0.205s] Level 1:colcon.colcon_core.package_identification:_identify(analysis) by extension 'cmake'
[0.205s] Level 1:colcon.colcon_core.package_identification:_identify(analysis) by extension 'python'
[0.205s] Level 1:colcon.colcon_core.package_identification:_identify(analysis) by extensions ['python_setup_py']
[0.206s] Level 1:colcon.colcon_core.package_identification:_identify(analysis) by extension 'python_setup_py'
[0.206s] Level 1:colcon.colcon_core.package_identification:_identify(build) by extensions ['ignore', 'ignore_ament_install']
[0.206s] Level 1:colcon.colcon_core.package_identification:_identify(build) by extension 'ignore'
[0.206s] Level 1:colcon.colcon_core.package_identification:_identify(build) ignored
[0.206s] Level 1:colcon.colcon_core.package_identification:_identify(data) by extensions ['ignore', 'ignore_ament_install']
[0.206s] Level 1:colcon.colcon_core.package_identification:_identify(data) by extension 'ignore'
[0.206s] Level 1:colcon.colcon_core.package_identification:_identify(data) by extension 'ignore_ament_install'
[0.206s] Level 1:colcon.colcon_core.package_identification:_identify(data) by extensions ['colcon_pkg']
[0.206s] Level 1:colcon.colcon_core.package_identification:_identify(data) by extension 'colcon_pkg'
[0.206s] Level 1:colcon.colcon_core.package_identification:_identify(data) by extensions ['colcon_meta']
[0.206s] Level 1:colcon.colcon_core.package_identification:_identify(data) by extension 'colcon_meta'
[0.206s] Level 1:colcon.colcon_core.package_identification:_identify(data) by extensions ['ros']
[0.206s] Level 1:colcon.colcon_core.package_identification:_identify(data) by extension 'ros'
[0.206s] Level 1:colcon.colcon_core.package_identification:_identify(data) by extensions ['cmake', 'python']
[0.206s] Level 1:colcon.colcon_core.package_identification:_identify(data) by extension 'cmake'
[0.206s] Level 1:colcon.colcon_core.package_identification:_identify(data) by extension 'python'
[0.206s] Level 1:colcon.colcon_core.package_identification:_identify(data) by extensions ['python_setup_py']
[0.206s] Level 1:colcon.colcon_core.package_identification:_identify(data) by extension 'python_setup_py'
[0.206s] Level 1:colcon.colcon_core.package_identification:_identify(install) by extensions ['ignore', 'ignore_ament_install']
[0.206s] Level 1:colcon.colcon_core.package_identification:_identify(install) by extension 'ignore'
[0.206s] Level 1:colcon.colcon_core.package_identification:_identify(install) ignored
[0.206s] Level 1:colcon.colcon_core.package_identification:_identify(log) by extensions ['ignore', 'ignore_ament_install']
[0.206s] Level 1:colcon.colcon_core.package_identification:_identify(log) by extension 'ignore'
[0.206s] Level 1:colcon.colcon_core.package_identification:_identify(log) ignored
[0.206s] Level 1:colcon.colcon_core.package_identification:_identify(src) by extensions ['ignore', 'ignore_ament_install']
[0.206s] Level 1:colcon.colcon_core.package_identification:_identify(src) by extension 'ignore'
[0.207s] Level 1:colcon.colcon_core.package_identification:_identify(src) by extension 'ignore_ament_install'
[0.207s] Level 1:colcon.colcon_core.package_identification:_identify(src) by extensions ['colcon_pkg']
[0.207s] Level 1:colcon.colcon_core.package_identification:_identify(src) by extension 'colcon_pkg'
[0.207s] Level 1:colcon.colcon_core.package_identification:_identify(src) by extensions ['colcon_meta']
[0.207s] Level 1:colcon.colcon_core.package_identification:_identify(src) by extension 'colcon_meta'
[0.207s] Level 1:colcon.colcon_core.package_identification:_identify(src) by extensions ['ros']
[0.207s] Level 1:colcon.colcon_core.package_identification:_identify(src) by extension 'ros'
[0.207s] Level 1:colcon.colcon_core.package_identification:_identify(src) by extensions ['cmake', 'python']
[0.207s] Level 1:colcon.colcon_core.package_identification:_identify(src) by extension 'cmake'
[0.207s] Level 1:colcon.colcon_core.package_identification:_identify(src) by extension 'python'
[0.207s] Level 1:colcon.colcon_core.package_identification:_identify(src) by extensions ['python_setup_py']
[0.207s] Level 1:colcon.colcon_core.package_identification:_identify(src) by extension 'python_setup_py'
[0.207s] Level 1:colcon.colcon_core.package_identification:_identify(src/fusion_driver) by extensions ['ignore', 'ignore_ament_install']
[0.207s] Level 1:colcon.colcon_core.package_identification:_identify(src/fusion_driver) by extension 'ignore'
[0.207s] Level 1:colcon.colcon_core.package_identification:_identify(src/fusion_driver) by extension 'ignore_ament_install'
[0.207s] Level 1:colcon.colcon_core.package_identification:_identify(src/fusion_driver) by extensions ['colcon_pkg']
[0.207s] Level 1:colcon.colcon_core.package_identification:_identify(src/fusion_driver) by extension 'colcon_pkg'
[0.207s] Level 1:colcon.colcon_core.package_identification:_identify(src/fusion_driver) by extensions ['colcon_meta']
[0.207s] Level 1:colcon.colcon_core.package_identification:_identify(src/fusion_driver) by extension 'colcon_meta'
[0.207s] Level 1:colcon.colcon_core.package_identification:_identify(src/fusion_driver) by extensions ['ros']
[0.207s] Level 1:colcon.colcon_core.package_identification:_identify(src/fusion_driver) by extension 'ros'
[0.209s] DEBUG:colcon.colcon_core.package_identification:Package 'src/fusion_driver' with type 'ros.ament_python' and name 'fusion_driver'
[0.209s] Level 1:colcon.colcon_core.package_identification:_identify(src/gps_driver) by extensions ['ignore', 'ignore_ament_install']
[0.209s] Level 1:colcon.colcon_core.package_identification:_identify(src/gps_driver) by extension 'ignore'
[0.209s] Level 1:colcon.colcon_core.package_identification:_identify(src/gps_driver) by extension 'ignore_ament_install'
[0.209s] Level 1:colcon.colcon_core.package_identification:_identify(src/gps_driver) by extensions ['colcon_pkg']
[0.209s] Level 1:colcon.colcon_core.package_identification:_identify(src/gps_driver) by extension 'colcon_pkg'
[0.209s] Level 1:colcon.colcon_core.package_identification:_identify(src/gps_driver) by extensions ['colcon_meta']
[0.209s] Level 1:colcon.colcon_core.package_identification:_identify(src/gps_driver) by extension 'colcon_meta'
[0.209s] Level 1:colcon.colcon_core.package_identification:_identify(src/gps_driver) by extensions ['ros']
[0.209s] Level 1:colcon.colcon_core.package_identification:_identify(src/gps_driver) by extension 'ros'
[0.210s] DEBUG:colcon.colcon_core.package_identification:Package 'src/gps_driver' with type 'ros.ament_python' and name 'gps_driver'
[0.210s] Level 1:colcon.colcon_core.package_identification:_identify(src/gps_message) by extensions ['ignore', 'ignore_ament_install']
[0.210s] Level 1:colcon.colcon_core.package_identification:_identify(src/gps_message) by extension 'ignore'
[0.210s] Level 1:colcon.colcon_core.package_identification:_identify(src/gps_message) by extension 'ignore_ament_install'
[0.210s] Level 1:colcon.colcon_core.package_identification:_identify(src/gps_message) by extensions ['colcon_pkg']
[0.210s] Level 1:colcon.colcon_core.package_identification:_identify(src/gps_message) by extension 'colcon_pkg'
[0.210s] Level 1:colcon.colcon_core.package_identification:_identify(src/gps_message) by extensions ['colcon_meta']
[0.210s] Level 1:colcon.colcon_core.package_identification:_identify(src/gps_message) by extension 'colcon_meta'
[0.210s] Level 1:colcon.colcon_core.package_identification:_identify(src/gps_message) by extensions ['ros']
[0.210s] Level 1:colcon.colcon_core.package_identification:_identify(src/gps_message) by extension 'ros'
[0.210s] DEBUG:colcon.colcon_core.package_identification:Package 'src/gps_message' with type 'ros.ament_cmake' and name 'gps_message'
[0.210s] Level 1:colcon.colcon_core.package_identification:_identify(src/imu_driver) by extensions ['ignore', 'ignore_ament_install']
[0.210s] Level 1:colcon.colcon_core.package_identification:_identify(src/imu_driver) by extension 'ignore'
[0.210s] Level 1:colcon.colcon_core.package_identification:_identify(src/imu_driver) by extension 'ignore_ament_install'
[0.211s] Level 1:colcon.colcon_core.package_identification:_identify(src/imu_driver) by extensions ['colcon_pkg']
[0.211s] Level 1:colcon.colcon_core.package_identification:_identify(src/imu_driver) by extension 'colcon_pkg'
[0.211s] Level 1:colcon.colcon_core.package_identification:_identify(src/imu_driver) by extensions ['colcon_meta']
[0.211s] Level 1:colcon.colcon_core.package_identification:_identify(src/imu_driver) by extension 'colcon_meta'
[0.211s] Level 1:colcon.colcon_core.package_identification:_identify(src/imu_driver) by extensions ['ros']
[0.211s] Level 1:colcon.colcon_core.package_identification:_identify(src/imu_driver) by extension 'ros'
[0.211s] DEBUG:colcon.colcon_core.package_identification:Package 'src/imu_driver' with type 'ros.ament_python' and name 'imu_driver'
[0.211s] Level 1:colcon.colcon_core.package_identification:_identify(src/imu_msg) by extensions ['ignore', 'ignore_ament_install']
[0.211s] Level 1:colcon.colcon_core.package_identification:_identify(src/imu_msg) by extension 'ignore'
[0.211s] Level 1:colcon.colcon_core.package_identification:_identify(src/imu_msg) by extension 'ignore_ament_install'
[0.211s] Level 1:colcon.colcon_core.package_identification:_identify(src/imu_msg) by extensions ['colcon_pkg']
[0.211s] Level 1:colcon.colcon_core.package_identification:_identify(src/imu_msg) by extension 'colcon_pkg'
[0.211s] Level 1:colcon.colcon_core.package_identification:_identify(src/imu_msg) by extensions ['colcon_meta']
[0.211s] Level 1:colcon.colcon_core.package_identification:_identify(src/imu_msg) by extension 'colcon_meta'
[0.211s] Level 1:colcon.colcon_core.package_identification:_identify(src/imu_msg) by extensions ['ros']
[0.211s] Level 1:colcon.colcon_core.package_identification:_identify(src/imu_msg) by extension 'ros'
[0.212s] DEBUG:colcon.colcon_core.package_identification:Package 'src/imu_msg' with type 'ros.ament_cmake' and name 'imu_msg'
[0.212s] Level 1:colcon.colcon_core.package_discovery:discover_packages(recursive) using defaults
[0.212s] Level 1:colcon.colcon_core.package_discovery:discover_packages(ignore) discover
[0.212s] Level 1:colcon.colcon_core.package_discovery:discover_packages(ignore) using defaults
[0.212s] Level 1:colcon.colcon_core.package_discovery:discover_packages(path) discover
[0.212s] Level 1:colcon.colcon_core.package_discovery:discover_packages(path) using defaults
[0.235s] Level 1:colcon.colcon_core.package_discovery:discover_packages(prefix_path) check parameters
[0.235s] Level 1:colcon.colcon_core.package_discovery:discover_packages(prefix_path) discover
[0.236s] WARNING:colcon.colcon_core.prefix_path.colcon:The path '/home/savannah/EECE5554/LAB3/install' in the environment variable COLCON_PREFIX_PATH doesn't exist
[0.236s] WARNING:colcon.colcon_ros.prefix_path.ament:The path '/home/savannah/EECE5554/LAB3/install/imu_driver' in the environment variable AMENT_PREFIX_PATH doesn't exist
[0.236s] WARNING:colcon.colcon_ros.prefix_path.ament:The path '/home/savannah/EECE5554/LAB3/install/imu_msg' in the environment variable AMENT_PREFIX_PATH doesn't exist
[0.236s] WARNING:colcon.colcon_ros.prefix_path.catkin:The path '/home/savannah/EECE5554/LAB3/install/imu_msg' in the environment variable CMAKE_PREFIX_PATH doesn't exist
[0.237s] DEBUG:colcon.colcon_installed_package_information.package_discovery:Found 2 installed packages in /home/savannah/EECE5554/LAB1/install
[0.238s] DEBUG:colcon.colcon_installed_package_information.package_discovery:Found 271 installed packages in /opt/ros/humble
[0.239s] Level 1:colcon.colcon_core.package_discovery:discover_packages(prefix_path) using defaults
[0.267s] Level 5:colcon.colcon_core.verb:set package 'gps_message' build argument 'cmake_args' from command line to 'None'
[0.267s] Level 5:colcon.colcon_core.verb:set package 'gps_message' build argument 'cmake_target' from command line to 'None'
[0.267s] Level 5:colcon.colcon_core.verb:set package 'gps_message' build argument 'cmake_target_skip_unavailable' from command line to 'False'
[0.267s] Level 5:colcon.colcon_core.verb:set package 'gps_message' build argument 'cmake_clean_cache' from command line to 'False'
[0.267s] Level 5:colcon.colcon_core.verb:set package 'gps_message' build argument 'cmake_clean_first' from command line to 'False'
[0.267s] Level 5:colcon.colcon_core.verb:set package 'gps_message' build argument 'cmake_force_configure' from command line to 'False'
[0.267s] Level 5:colcon.colcon_core.verb:set package 'gps_message' build argument 'ament_cmake_args' from command line to 'None'
[0.267s] Level 5:colcon.colcon_core.verb:set package 'gps_message' build argument 'catkin_cmake_args' from command line to 'None'
[0.267s] Level 5:colcon.colcon_core.verb:set package 'gps_message' build argument 'catkin_skip_building_tests' from command line to 'False'
[0.267s] DEBUG:colcon.colcon_core.verb:Building package 'gps_message' with the following arguments: {'ament_cmake_args': None, 'build_base': '/home/savannah/EECE5554/LAB4/build/gps_message', 'catkin_cmake_args': None, 'catkin_skip_building_tests': False, 'cmake_args': None, 'cmake_clean_cache': False, 'cmake_clean_first': False, 'cmake_force_configure': False, 'cmake_target': None, 'cmake_target_skip_unavailable': False, 'install_base': '/home/savannah/EECE5554/LAB4/install/gps_message', 'merge_install': False, 'path': '/home/savannah/EECE5554/LAB4/src/gps_message', 'symlink_install': False, 'test_result_base': None}
[0.268s] Level 5:colcon.colcon_core.verb:set package 'imu_msg' build argument 'cmake_args' from command line to 'None'
[0.268s] Level 5:colcon.colcon_core.verb:set package 'imu_msg' build argument 'cmake_target' from command line to 'None'
[0.268s] Level 5:colcon.colcon_core.verb:set package 'imu_msg' build argument 'cmake_target_skip_unavailable' from command line to 'False'
[0.268s] Level 5:colcon.colcon_core.verb:set package 'imu_msg' build argument 'cmake_clean_cache' from command line to 'False'
[0.268s] Level 5:colcon.colcon_core.verb:set package 'imu_msg' build argument 'cmake_clean_first' from command line to 'False'
[0.268s] Level 5:colcon.colcon_core.verb:set package 'imu_msg' build argument 'cmake_force_configure' from command line to 'False'
[0.268s] Level 5:colcon.colcon_core.verb:set package 'imu_msg' build argument 'ament_cmake_args' from command line to 'None'
[0.268s] Level 5:colcon.colcon_core.verb:set package 'imu_msg' build argument 'catkin_cmake_args' from command line to 'None'
[0.268s] Level 5:colcon.colcon_core.verb:set package 'imu_msg' build argument 'catkin_skip_building_tests' from command line to 'False'
[0.268s] DEBUG:colcon.colcon_core.verb:Building package 'imu_msg' with the following arguments: {'ament_cmake_args': None, 'build_base': '/home/savannah/EECE5554/LAB4/build/imu_msg', 'catkin_cmake_args': None, 'catkin_skip_building_tests': False, 'cmake_args': None, 'cmake_clean_cache': False, 'cmake_clean_first': False, 'cmake_force_configure': False, 'cmake_target': None, 'cmake_target_skip_unavailable': False, 'install_base': '/home/savannah/EECE5554/LAB4/install/imu_msg', 'merge_install': False, 'path': '/home/savannah/EECE5554/LAB4/src/imu_msg', 'symlink_install': False, 'test_result_base': None}
[0.268s] Level 5:colcon.colcon_core.verb:set package 'gps_driver' build argument 'cmake_args' from command line to 'None'
[0.268s] Level 5:colcon.colcon_core.verb:set package 'gps_driver' build argument 'cmake_target' from command line to 'None'
[0.268s] Level 5:colcon.colcon_core.verb:set package 'gps_driver' build argument 'cmake_target_skip_unavailable' from command line to 'False'
[0.268s] Level 5:colcon.colcon_core.verb:set package 'gps_driver' build argument 'cmake_clean_cache' from command line to 'False'
[0.268s] Level 5:colcon.colcon_core.verb:set package 'gps_driver' build argument 'cmake_clean_first' from command line to 'False'
[0.268s] Level 5:colcon.colcon_core.verb:set package 'gps_driver' build argument 'cmake_force_configure' from command line to 'False'
[0.268s] Level 5:colcon.colcon_core.verb:set package 'gps_driver' build argument 'ament_cmake_args' from command line to 'None'
[0.268s] Level 5:colcon.colcon_core.verb:set package 'gps_driver' build argument 'catkin_cmake_args' from command line to 'None'
[0.268s] Level 5:colcon.colcon_core.verb:set package 'gps_driver' build argument 'catkin_skip_building_tests' from command line to 'False'
[0.268s] DEBUG:colcon.colcon_core.verb:Building package 'gps_driver' with the following arguments: {'ament_cmake_args': None, 'build_base': '/home/savannah/EECE5554/LAB4/build/gps_driver', 'catkin_cmake_args': None, 'catkin_skip_building_tests': False, 'cmake_args': None, 'cmake_clean_cache': False, 'cmake_clean_first': False, 'cmake_force_configure': False, 'cmake_target': None, 'cmake_target_skip_unavailable': False, 'install_base': '/home/savannah/EECE5554/LAB4/install/gps_driver', 'merge_install': False, 'path': '/home/savannah/EECE5554/LAB4/src/gps_driver', 'symlink_install': False, 'test_result_base': None}
[0.268s] Level 5:colcon.colcon_core.verb:set package 'imu_driver' build argument 'cmake_args' from command line to 'None'
[0.269s] Level 5:colcon.colcon_core.verb:set package 'imu_driver' build argument 'cmake_target' from command line to 'None'
[0.269s] Level 5:colcon.colcon_core.verb:set package 'imu_driver' build argument 'cmake_target_skip_unavailable' from command line to 'False'
[0.269s] Level 5:colcon.colcon_core.verb:set package 'imu_driver' build argument 'cmake_clean_cache' from command line to 'False'
[0.269s] Level 5:colcon.colcon_core.verb:set package 'imu_driver' build argument 'cmake_clean_first' from command line to 'False'
[0.269s] Level 5:colcon.colcon_core.verb:set package 'imu_driver' build argument 'cmake_force_configure' from command line to 'False'
[0.269s] Level 5:colcon.colcon_core.verb:set package 'imu_driver' build argument 'ament_cmake_args' from command line to 'None'
[0.269s] Level 5:colcon.colcon_core.verb:set package 'imu_driver' build argument 'catkin_cmake_args' from command line to 'None'
[0.269s] Level 5:colcon.colcon_core.verb:set package 'imu_driver' build argument 'catkin_skip_building_tests' from command line to 'False'
[0.269s] DEBUG:colcon.colcon_core.verb:Building package 'imu_driver' with the following arguments: {'ament_cmake_args': None, 'build_base': '/home/savannah/EECE5554/LAB4/build/imu_driver', 'catkin_cmake_args': None, 'catkin_skip_building_tests': False, 'cmake_args': None, 'cmake_clean_cache': False, 'cmake_clean_first': False, 'cmake_force_configure': False, 'cmake_target': None, 'cmake_target_skip_unavailable': False, 'install_base': '/home/savannah/EECE5554/LAB4/install/imu_driver', 'merge_install': False, 'path': '/home/savannah/EECE5554/LAB4/src/imu_driver', 'symlink_install': False, 'test_result_base': None}
[0.269s] Level 5:colcon.colcon_core.verb:set package 'fusion_driver' build argument 'cmake_args' from command line to 'None'
[0.269s] Level 5:colcon.colcon_core.verb:set package 'fusion_driver' build argument 'cmake_target' from command line to 'None'
[0.269s] Level 5:colcon.colcon_core.verb:set package 'fusion_driver' build argument 'cmake_target_skip_unavailable' from command line to 'False'
[0.269s] Level 5:colcon.colcon_core.verb:set package 'fusion_driver' build argument 'cmake_clean_cache' from command line to 'False'
[0.269s] Level 5:colcon.colcon_core.verb:set package 'fusion_driver' build argument 'cmake_clean_first' from command line to 'False'
[0.269s] Level 5:colcon.colcon_core.verb:set package 'fusion_driver' build argument 'cmake_force_configure' from command line to 'False'
[0.269s] Level 5:colcon.colcon_core.verb:set package 'fusion_driver' build argument 'ament_cmake_args' from command line to 'None'
[0.269s] Level 5:colcon.colcon_core.verb:set package 'fusion_driver' build argument 'catkin_cmake_args' from command line to 'None'
[0.269s] Level 5:colcon.colcon_core.verb:set package 'fusion_driver' build argument 'catkin_skip_building_tests' from command line to 'False'
[0.269s] DEBUG:colcon.colcon_core.verb:Building package 'fusion_driver' with the following arguments: {'ament_cmake_args': None, 'build_base': '/home/savannah/EECE5554/LAB4/build/fusion_driver', 'catkin_cmake_args': None, 'catkin_skip_building_tests': False, 'cmake_args': None, 'cmake_clean_cache': False, 'cmake_clean_first': False, 'cmake_force_configure': False, 'cmake_target': None, 'cmake_target_skip_unavailable': False, 'install_base': '/home/savannah/EECE5554/LAB4/install/fusion_driver', 'merge_install': False, 'path': '/home/savannah/EECE5554/LAB4/src/fusion_driver', 'symlink_install': False, 'test_result_base': None}
[0.269s] INFO:colcon.colcon_core.executor:Executing jobs using 'parallel' executor
[0.270s] DEBUG:colcon.colcon_parallel_executor.executor.parallel:run_until_complete
[0.271s] INFO:colcon.colcon_ros.task.ament_cmake.build:Building ROS package in '/home/savannah/EECE5554/LAB4/src/gps_message' with build type 'ament_cmake'
[0.271s] INFO:colcon.colcon_cmake.task.cmake.build:Building CMake package in '/home/savannah/EECE5554/LAB4/src/gps_message'
[0.273s] INFO:colcon.colcon_core.plugin_system:Skipping extension 'colcon_core.shell.bat': Not used on non-Windows systems
[0.273s] INFO:colcon.colcon_core.shell:Skip shell extension 'powershell' for command environment: Not usable outside of PowerShell
[0.273s] DEBUG:colcon.colcon_core.shell:Skip shell extension 'dsv' for command environment
[0.276s] INFO:colcon.colcon_ros.task.ament_cmake.build:Building ROS package in '/home/savannah/EECE5554/LAB4/src/imu_msg' with build type 'ament_cmake'
[0.277s] INFO:colcon.colcon_cmake.task.cmake.build:Building CMake package in '/home/savannah/EECE5554/LAB4/src/imu_msg'
[0.277s] INFO:colcon.colcon_core.shell:Skip shell extension 'powershell' for command environment: Not usable outside of PowerShell
[0.277s] DEBUG:colcon.colcon_core.shell:Skip shell extension 'dsv' for command environment
[0.287s] DEBUG:colcon.colcon_core.event_handler.log_command:Invoking command in '/home/savannah/EECE5554/LAB4/build/gps_message': CMAKE_PREFIX_PATH=${CMAKE_PREFIX_PATH}:/home/savannah/EECE5554/LAB3/install/imu_driver:/home/savannah/EECE5554/LAB1/install/gps_driver:/opt/ros/humble /usr/bin/cmake /home/savannah/EECE5554/LAB4/src/gps_message -DCMAKE_INSTALL_PREFIX=/home/savannah/EECE5554/LAB4/install/gps_message
[0.296s] DEBUG:colcon.colcon_core.event_handler.log_command:Invoking command in '/home/savannah/EECE5554/LAB4/build/imu_msg': CMAKE_PREFIX_PATH=${CMAKE_PREFIX_PATH}:/home/savannah/EECE5554/LAB3/install/imu_driver:/home/savannah/EECE5554/LAB1/install/gps_driver:/opt/ros/humble /usr/bin/cmake /home/savannah/EECE5554/LAB4/src/imu_msg -DCMAKE_INSTALL_PREFIX=/home/savannah/EECE5554/LAB4/install/imu_msg
[2.085s] DEBUG:colcon.colcon_core.event_handler.log_command:Invoked command in '/home/savannah/EECE5554/LAB4/build/gps_message' returned '0': CMAKE_PREFIX_PATH=${CMAKE_PREFIX_PATH}:/home/savannah/EECE5554/LAB3/install/imu_driver:/home/savannah/EECE5554/LAB1/install/gps_driver:/opt/ros/humble /usr/bin/cmake /home/savannah/EECE5554/LAB4/src/gps_message -DCMAKE_INSTALL_PREFIX=/home/savannah/EECE5554/LAB4/install/gps_message
[2.091s] DEBUG:colcon.colcon_core.event_handler.log_command:Invoking command in '/home/savannah/EECE5554/LAB4/build/gps_message': CMAKE_PREFIX_PATH=${CMAKE_PREFIX_PATH}:/home/savannah/EECE5554/LAB3/install/imu_driver:/home/savannah/EECE5554/LAB1/install/gps_driver:/opt/ros/humble /usr/bin/cmake --build /home/savannah/EECE5554/LAB4/build/gps_message -- -j4 -l4
[2.392s] DEBUG:colcon.colcon_core.event_handler.log_command:Invoked command in '/home/savannah/EECE5554/LAB4/build/imu_msg' returned '0': CMAKE_PREFIX_PATH=${CMAKE_PREFIX_PATH}:/home/savannah/EECE5554/LAB3/install/imu_driver:/home/savannah/EECE5554/LAB1/install/gps_driver:/opt/ros/humble /usr/bin/cmake /home/savannah/EECE5554/LAB4/src/imu_msg -DCMAKE_INSTALL_PREFIX=/home/savannah/EECE5554/LAB4/install/imu_msg
[2.396s] DEBUG:colcon.colcon_core.event_handler.log_command:Invoking command in '/home/savannah/EECE5554/LAB4/build/imu_msg': CMAKE_PREFIX_PATH=${CMAKE_PREFIX_PATH}:/home/savannah/EECE5554/LAB3/install/imu_driver:/home/savannah/EECE5554/LAB1/install/gps_driver:/opt/ros/humble /usr/bin/cmake --build /home/savannah/EECE5554/LAB4/build/imu_msg -- -j4 -l4
[6.143s] DEBUG:colcon.colcon_core.event_handler.log_command:Invoked command in '/home/savannah/EECE5554/LAB4/build/gps_message' returned '0': CMAKE_PREFIX_PATH=${CMAKE_PREFIX_PATH}:/home/savannah/EECE5554/LAB3/install/imu_driver:/home/savannah/EECE5554/LAB1/install/gps_driver:/opt/ros/humble /usr/bin/cmake --build /home/savannah/EECE5554/LAB4/build/gps_message -- -j4 -l4
[6.153s] DEBUG:colcon.colcon_core.event_handler.log_command:Invoking command in '/home/savannah/EECE5554/LAB4/build/gps_message': CMAKE_PREFIX_PATH=${CMAKE_PREFIX_PATH}:/home/savannah/EECE5554/LAB3/install/imu_driver:/home/savannah/EECE5554/LAB1/install/gps_driver:/opt/ros/humble /usr/bin/cmake --install /home/savannah/EECE5554/LAB4/build/gps_message
[6.245s] Level 1:colcon.colcon_core.environment:create_environment_scripts_only(gps_message)
[6.246s] DEBUG:colcon.colcon_core.event_handler.log_command:Invoked command in '/home/savannah/EECE5554/LAB4/build/gps_message' returned '0': CMAKE_PREFIX_PATH=${CMAKE_PREFIX_PATH}:/home/savannah/EECE5554/LAB3/install/imu_driver:/home/savannah/EECE5554/LAB1/install/gps_driver:/opt/ros/humble /usr/bin/cmake --install /home/savannah/EECE5554/LAB4/build/gps_message
[6.248s] Level 1:colcon.colcon_core.environment:checking '/home/savannah/EECE5554/LAB4/install/gps_message' for CMake module files
[6.248s] Level 1:colcon.colcon_core.environment:checking '/home/savannah/EECE5554/LAB4/install/gps_message' for CMake config files
[6.249s] Level 1:colcon.colcon_core.shell:create_environment_hook('gps_message', 'cmake_prefix_path')
[6.249s] INFO:colcon.colcon_core.shell:Creating environment hook '/home/savannah/EECE5554/LAB4/install/gps_message/share/gps_message/hook/cmake_prefix_path.ps1'
[6.249s] INFO:colcon.colcon_core.shell:Creating environment descriptor '/home/savannah/EECE5554/LAB4/install/gps_message/share/gps_message/hook/cmake_prefix_path.dsv'
[6.250s] INFO:colcon.colcon_core.shell:Creating environment hook '/home/savannah/EECE5554/LAB4/install/gps_message/share/gps_message/hook/cmake_prefix_path.sh'
[6.250s] Level 1:colcon.colcon_core.environment:checking '/home/savannah/EECE5554/LAB4/install/gps_message/lib'
[6.251s] Level 1:colcon.colcon_core.shell:create_environment_hook('gps_message', 'ld_library_path_lib')
[6.251s] INFO:colcon.colcon_core.shell:Creating environment hook '/home/savannah/EECE5554/LAB4/install/gps_message/share/gps_message/hook/ld_library_path_lib.ps1'
[6.251s] INFO:colcon.colcon_core.shell:Creating environment descriptor '/home/savannah/EECE5554/LAB4/install/gps_message/share/gps_message/hook/ld_library_path_lib.dsv'
[6.251s] INFO:colcon.colcon_core.shell:Creating environment hook '/home/savannah/EECE5554/LAB4/install/gps_message/share/gps_message/hook/ld_library_path_lib.sh'
[6.251s] Level 1:colcon.colcon_core.environment:checking '/home/savannah/EECE5554/LAB4/install/gps_message/bin'
[6.251s] Level 1:colcon.colcon_core.environment:checking '/home/savannah/EECE5554/LAB4/install/gps_message/lib/pkgconfig/gps_message.pc'
[6.252s] Level 1:colcon.colcon_core.environment:checking '/home/savannah/EECE5554/LAB4/install/gps_message/lib/python3.10/site-packages'
[6.253s] Level 1:colcon.colcon_core.environment:checking '/home/savannah/EECE5554/LAB4/install/gps_message/bin'
[6.254s] INFO:colcon.colcon_core.shell:Creating package script '/home/savannah/EECE5554/LAB4/install/gps_message/share/gps_message/package.ps1'
[6.255s] INFO:colcon.colcon_core.shell:Creating package descriptor '/home/savannah/EECE5554/LAB4/install/gps_message/share/gps_message/package.dsv'
[6.256s] INFO:colcon.colcon_core.shell:Creating package script '/home/savannah/EECE5554/LAB4/install/gps_message/share/gps_message/package.sh'
[6.256s] INFO:colcon.colcon_core.shell:Creating package script '/home/savannah/EECE5554/LAB4/install/gps_message/share/gps_message/package.bash'
[6.257s] INFO:colcon.colcon_core.shell:Creating package script '/home/savannah/EECE5554/LAB4/install/gps_message/share/gps_message/package.zsh'
[6.258s] Level 1:colcon.colcon_core.environment:create_file_with_runtime_dependencies(/home/savannah/EECE5554/LAB4/install/gps_message/share/colcon-core/packages/gps_message)
[6.259s] Level 1:colcon.colcon_core.environment:create_environment_scripts_only(gps_message)
[6.259s] Level 1:colcon.colcon_core.environment:checking '/home/savannah/EECE5554/LAB4/install/gps_message' for CMake module files
[6.259s] Level 1:colcon.colcon_core.environment:checking '/home/savannah/EECE5554/LAB4/install/gps_message' for CMake config files
[6.260s] Level 1:colcon.colcon_core.shell:create_environment_hook('gps_message', 'cmake_prefix_path')
[6.260s] INFO:colcon.colcon_core.shell:Creating environment hook '/home/savannah/EECE5554/LAB4/install/gps_message/share/gps_message/hook/cmake_prefix_path.ps1'
[6.260s] INFO:colcon.colcon_core.shell:Creating environment descriptor '/home/savannah/EECE5554/LAB4/install/gps_message/share/gps_message/hook/cmake_prefix_path.dsv'
[6.261s] INFO:colcon.colcon_core.shell:Creating environment hook '/home/savannah/EECE5554/LAB4/install/gps_message/share/gps_message/hook/cmake_prefix_path.sh'
[6.261s] Level 1:colcon.colcon_core.environment:checking '/home/savannah/EECE5554/LAB4/install/gps_message/lib'
[6.261s] Level 1:colcon.colcon_core.shell:create_environment_hook('gps_message', 'ld_library_path_lib')
[6.261s] INFO:colcon.colcon_core.shell:Creating environment hook '/home/savannah/EECE5554/LAB4/install/gps_message/share/gps_message/hook/ld_library_path_lib.ps1'
[6.262s] INFO:colcon.colcon_core.shell:Creating environment descriptor '/home/savannah/EECE5554/LAB4/install/gps_message/share/gps_message/hook/ld_library_path_lib.dsv'
[6.262s] INFO:colcon.colcon_core.shell:Creating environment hook '/home/savannah/EECE5554/LAB4/install/gps_message/share/gps_message/hook/ld_library_path_lib.sh'
[6.262s] Level 1:colcon.colcon_core.environment:checking '/home/savannah/EECE5554/LAB4/install/gps_message/bin'
[6.262s] Level 1:colcon.colcon_core.environment:checking '/home/savannah/EECE5554/LAB4/install/gps_message/lib/pkgconfig/gps_message.pc'
[6.262s] Level 1:colcon.colcon_core.environment:checking '/home/savannah/EECE5554/LAB4/install/gps_message/lib/python3.10/site-packages'
[6.262s] Level 1:colcon.colcon_core.environment:checking '/home/savannah/EECE5554/LAB4/install/gps_message/bin'
[6.263s] INFO:colcon.colcon_core.shell:Creating package script '/home/savannah/EECE5554/LAB4/install/gps_message/share/gps_message/package.ps1'
[6.263s] INFO:colcon.colcon_core.shell:Creating package descriptor '/home/savannah/EECE5554/LAB4/install/gps_message/share/gps_message/package.dsv'
[6.264s] INFO:colcon.colcon_core.shell:Creating package script '/home/savannah/EECE5554/LAB4/install/gps_message/share/gps_message/package.sh'
[6.265s] INFO:colcon.colcon_core.shell:Creating package script '/home/savannah/EECE5554/LAB4/install/gps_message/share/gps_message/package.bash'
[6.265s] INFO:colcon.colcon_core.shell:Creating package script '/home/savannah/EECE5554/LAB4/install/gps_message/share/gps_message/package.zsh'
[6.265s] Level 1:colcon.colcon_core.environment:create_file_with_runtime_dependencies(/home/savannah/EECE5554/LAB4/install/gps_message/share/colcon-core/packages/gps_message)
[6.266s] INFO:colcon.colcon_ros.task.ament_python.build:Building ROS package in '/home/savannah/EECE5554/LAB4/src/gps_driver' with build type 'ament_python'
[6.266s] Level 1:colcon.colcon_core.shell:create_environment_hook('gps_driver', 'ament_prefix_path')
[6.266s] INFO:colcon.colcon_core.shell:Creating environment hook '/home/savannah/EECE5554/LAB4/install/gps_driver/share/gps_driver/hook/ament_prefix_path.ps1'
[6.267s] INFO:colcon.colcon_core.shell:Creating environment descriptor '/home/savannah/EECE5554/LAB4/install/gps_driver/share/gps_driver/hook/ament_prefix_path.dsv'
[6.267s] INFO:colcon.colcon_core.shell:Creating environment hook '/home/savannah/EECE5554/LAB4/install/gps_driver/share/gps_driver/hook/ament_prefix_path.sh'
[6.267s] INFO:colcon.colcon_core.shell:Skip shell extension 'powershell' for command environment: Not usable outside of PowerShell
[6.267s] DEBUG:colcon.colcon_core.shell:Skip shell extension 'dsv' for command environment
[6.273s] DEBUG:colcon.colcon_core.event_handler.log_command:Invoked command in '/home/savannah/EECE5554/LAB4/build/imu_msg' returned '0': CMAKE_PREFIX_PATH=${CMAKE_PREFIX_PATH}:/home/savannah/EECE5554/LAB3/install/imu_driver:/home/savannah/EECE5554/LAB1/install/gps_driver:/opt/ros/humble /usr/bin/cmake --build /home/savannah/EECE5554/LAB4/build/imu_msg -- -j4 -l4
[6.276s] DEBUG:colcon.colcon_core.event_handler.log_command:Invoking command in '/home/savannah/EECE5554/LAB4/build/imu_msg': CMAKE_PREFIX_PATH=${CMAKE_PREFIX_PATH}:/home/savannah/EECE5554/LAB3/install/imu_driver:/home/savannah/EECE5554/LAB1/install/gps_driver:/opt/ros/humble /usr/bin/cmake --install /home/savannah/EECE5554/LAB4/build/imu_msg
[6.518s] INFO:colcon.colcon_core.task.python.build:Building Python package in '/home/savannah/EECE5554/LAB4/src/gps_driver'
[6.518s] INFO:colcon.colcon_core.shell:Skip shell extension 'powershell' for command environment: Not usable outside of PowerShell
[6.518s] DEBUG:colcon.colcon_core.shell:Skip shell extension 'dsv' for command environment
[6.521s] Level 1:colcon.colcon_core.environment:create_environment_scripts_only(imu_msg)
[6.522s] Level 1:colcon.colcon_core.environment:checking '/home/savannah/EECE5554/LAB4/install/imu_msg' for CMake module files
[6.522s] DEBUG:colcon.colcon_core.event_handler.log_command:Invoked command in '/home/savannah/EECE5554/LAB4/build/imu_msg' returned '0': CMAKE_PREFIX_PATH=${CMAKE_PREFIX_PATH}:/home/savannah/EECE5554/LAB3/install/imu_driver:/home/savannah/EECE5554/LAB1/install/gps_driver:/opt/ros/humble /usr/bin/cmake --install /home/savannah/EECE5554/LAB4/build/imu_msg
[6.522s] Level 1:colcon.colcon_core.environment:checking '/home/savannah/EECE5554/LAB4/install/imu_msg' for CMake config files
[6.523s] Level 1:colcon.colcon_core.shell:create_environment_hook('imu_msg', 'cmake_prefix_path')
[6.523s] INFO:colcon.colcon_core.shell:Creating environment hook '/home/savannah/EECE5554/LAB4/install/imu_msg/share/imu_msg/hook/cmake_prefix_path.ps1'
[6.523s] INFO:colcon.colcon_core.shell:Creating environment descriptor '/home/savannah/EECE5554/LAB4/install/imu_msg/share/imu_msg/hook/cmake_prefix_path.dsv'
[6.523s] INFO:colcon.colcon_core.shell:Creating environment hook '/home/savannah/EECE5554/LAB4/install/imu_msg/share/imu_msg/hook/cmake_prefix_path.sh'
[6.524s] Level 1:colcon.colcon_core.environment:checking '/home/savannah/EECE5554/LAB4/install/imu_msg/lib'
[6.524s] Level 1:colcon.colcon_core.shell:create_environment_hook('imu_msg', 'ld_library_path_lib')
[6.524s] INFO:colcon.colcon_core.shell:Creating environment hook '/home/savannah/EECE5554/LAB4/install/imu_msg/share/imu_msg/hook/ld_library_path_lib.ps1'
[6.524s] INFO:colcon.colcon_core.shell:Creating environment descriptor '/home/savannah/EECE5554/LAB4/install/imu_msg/share/imu_msg/hook/ld_library_path_lib.dsv'
[6.525s] INFO:colcon.colcon_core.shell:Creating environment hook '/home/savannah/EECE5554/LAB4/install/imu_msg/share/imu_msg/hook/ld_library_path_lib.sh'
[6.525s] Level 1:colcon.colcon_core.environment:checking '/home/savannah/EECE5554/LAB4/install/imu_msg/bin'
[6.525s] Level 1:colcon.colcon_core.environment:checking '/home/savannah/EECE5554/LAB4/install/imu_msg/lib/pkgconfig/imu_msg.pc'
[6.525s] Level 1:colcon.colcon_core.environment:checking '/home/savannah/EECE5554/LAB4/install/imu_msg/lib/python3.10/site-packages'
[6.525s] Level 1:colcon.colcon_core.environment:checking '/home/savannah/EECE5554/LAB4/install/imu_msg/bin'
[6.526s] INFO:colcon.colcon_core.shell:Creating package script '/home/savannah/EECE5554/LAB4/install/imu_msg/share/imu_msg/package.ps1'
[6.526s] INFO:colcon.colcon_core.shell:Creating package descriptor '/home/savannah/EECE5554/LAB4/install/imu_msg/share/imu_msg/package.dsv'
[6.527s] INFO:colcon.colcon_core.shell:Creating package script '/home/savannah/EECE5554/LAB4/install/imu_msg/share/imu_msg/package.sh'
[6.527s] INFO:colcon.colcon_core.shell:Creating package script '/home/savannah/EECE5554/LAB4/install/imu_msg/share/imu_msg/package.bash'
[6.527s] INFO:colcon.colcon_core.shell:Creating package script '/home/savannah/EECE5554/LAB4/install/imu_msg/share/imu_msg/package.zsh'
[6.528s] Level 1:colcon.colcon_core.environment:create_file_with_runtime_dependencies(/home/savannah/EECE5554/LAB4/install/imu_msg/share/colcon-core/packages/imu_msg)
[6.528s] Level 1:colcon.colcon_core.environment:create_environment_scripts_only(imu_msg)
[6.528s] Level 1:colcon.colcon_core.environment:checking '/home/savannah/EECE5554/LAB4/install/imu_msg' for CMake module files
[6.529s] Level 1:colcon.colcon_core.environment:checking '/home/savannah/EECE5554/LAB4/install/imu_msg' for CMake config files
[6.529s] Level 1:colcon.colcon_core.shell:create_environment_hook('imu_msg', 'cmake_prefix_path')
[6.529s] INFO:colcon.colcon_core.shell:Creating environment hook '/home/savannah/EECE5554/LAB4/install/imu_msg/share/imu_msg/hook/cmake_prefix_path.ps1'
[6.529s] INFO:colcon.colcon_core.shell:Creating environment descriptor '/home/savannah/EECE5554/LAB4/install/imu_msg/share/imu_msg/hook/cmake_prefix_path.dsv'
[6.530s] INFO:colcon.colcon_core.shell:Creating environment hook '/home/savannah/EECE5554/LAB4/install/imu_msg/share/imu_msg/hook/cmake_prefix_path.sh'
[6.530s] Level 1:colcon.colcon_core.environment:checking '/home/savannah/EECE5554/LAB4/install/imu_msg/lib'
[6.530s] Level 1:colcon.colcon_core.shell:create_environment_hook('imu_msg', 'ld_library_path_lib')
[6.530s] INFO:colcon.colcon_core.shell:Creating environment hook '/home/savannah/EECE5554/LAB4/install/imu_msg/share/imu_msg/hook/ld_library_path_lib.ps1'
[6.531s] INFO:colcon.colcon_core.shell:Creating environment descriptor '/home/savannah/EECE5554/LAB4/install/imu_msg/share/imu_msg/hook/ld_library_path_lib.dsv'
[6.531s] INFO:colcon.colcon_core.shell:Creating environment hook '/home/savannah/EECE5554/LAB4/install/imu_msg/share/imu_msg/hook/ld_library_path_lib.sh'
[6.531s] Level 1:colcon.colcon_core.environment:checking '/home/savannah/EECE5554/LAB4/install/imu_msg/bin'
[6.531s] Level 1:colcon.colcon_core.environment:checking '/home/savannah/EECE5554/LAB4/install/imu_msg/lib/pkgconfig/imu_msg.pc'
[6.532s] Level 1:colcon.colcon_core.environment:checking '/home/savannah/EECE5554/LAB4/install/imu_msg/lib/python3.10/site-packages'
[6.532s] Level 1:colcon.colcon_core.environment:checking '/home/savannah/EECE5554/LAB4/install/imu_msg/bin'
[6.532s] INFO:colcon.colcon_core.shell:Creating package script '/home/savannah/EECE5554/LAB4/install/imu_msg/share/imu_msg/package.ps1'
[6.532s] INFO:colcon.colcon_core.shell:Creating package descriptor '/home/savannah/EECE5554/LAB4/install/imu_msg/share/imu_msg/package.dsv'
[6.533s] INFO:colcon.colcon_core.shell:Creating package script '/home/savannah/EECE5554/LAB4/install/imu_msg/share/imu_msg/package.sh'
[6.533s] INFO:colcon.colcon_core.shell:Creating package script '/home/savannah/EECE5554/LAB4/install/imu_msg/share/imu_msg/package.bash'
[6.533s] INFO:colcon.colcon_core.shell:Creating package script '/home/savannah/EECE5554/LAB4/install/imu_msg/share/imu_msg/package.zsh'
[6.534s] Level 1:colcon.colcon_core.environment:create_file_with_runtime_dependencies(/home/savannah/EECE5554/LAB4/install/imu_msg/share/colcon-core/packages/imu_msg)
[6.534s] INFO:colcon.colcon_ros.task.ament_python.build:Building ROS package in '/home/savannah/EECE5554/LAB4/src/imu_driver' with build type 'ament_python'
[6.535s] Level 1:colcon.colcon_core.shell:create_environment_hook('imu_driver', 'ament_prefix_path')
[6.535s] INFO:colcon.colcon_core.shell:Creating environment hook '/home/savannah/EECE5554/LAB4/install/imu_driver/share/imu_driver/hook/ament_prefix_path.ps1'
[6.536s] INFO:colcon.colcon_core.shell:Creating environment descriptor '/home/savannah/EECE5554/LAB4/install/imu_driver/share/imu_driver/hook/ament_prefix_path.dsv'
[6.536s] INFO:colcon.colcon_core.shell:Creating environment hook '/home/savannah/EECE5554/LAB4/install/imu_driver/share/imu_driver/hook/ament_prefix_path.sh'
[6.536s] INFO:colcon.colcon_core.shell:Skip shell extension 'powershell' for command environment: Not usable outside of PowerShell
[6.536s] DEBUG:colcon.colcon_core.shell:Skip shell extension 'dsv' for command environment
[6.822s] INFO:colcon.colcon_core.task.python.build:Building Python package in '/home/savannah/EECE5554/LAB4/src/imu_driver'
[6.822s] INFO:colcon.colcon_core.shell:Skip shell extension 'powershell' for command environment: Not usable outside of PowerShell
[6.822s] DEBUG:colcon.colcon_core.shell:Skip shell extension 'dsv' for command environment
[6.837s] DEBUG:colcon.colcon_core.event_handler.log_command:Invoking command in '/home/savannah/EECE5554/LAB4/src/gps_driver': AMENT_PREFIX_PATH=/home/savannah/EECE5554/LAB4/install/gps_message:${AMENT_PREFIX_PATH} CMAKE_PREFIX_PATH=/home/savannah/EECE5554/LAB4/install/gps_message:${CMAKE_PREFIX_PATH} LD_LIBRARY_PATH=/home/savannah/EECE5554/LAB4/install/gps_message/lib:${LD_LIBRARY_PATH} PYTHONPATH=/home/savannah/EECE5554/LAB4/build/gps_driver/prefix_override:/usr/lib/python3/dist-packages/colcon_core/task/python/colcon_distutils_commands:/home/savannah/EECE5554/LAB4/install/gps_driver/lib/python3.10/site-packages:/home/savannah/EECE5554/LAB4/install/gps_message/local/lib/python3.10/dist-packages:${PYTHONPATH} /usr/bin/python3 -W ignore:setup.py install is deprecated -W ignore:easy_install command is deprecated setup.py egg_info --egg-base ../../build/gps_driver build --build-base /home/savannah/EECE5554/LAB4/build/gps_driver/build install --record /home/savannah/EECE5554/LAB4/build/gps_driver/install.log --single-version-externally-managed install_data
[7.123s] Level 1:colcon.colcon_core.environment:checking '/home/savannah/EECE5554/LAB4/install/gps_driver' for CMake module files
[7.123s] Level 1:colcon.colcon_core.environment:checking '/home/savannah/EECE5554/LAB4/install/gps_driver' for CMake config files
[7.124s] Level 1:colcon.colcon_core.environment:checking '/home/savannah/EECE5554/LAB4/install/gps_driver/lib'
[7.124s] Level 1:colcon.colcon_core.environment:checking '/home/savannah/EECE5554/LAB4/install/gps_driver/bin'
[7.124s] Level 1:colcon.colcon_core.environment:checking '/home/savannah/EECE5554/LAB4/install/gps_driver/lib/pkgconfig/gps_driver.pc'
[7.124s] Level 1:colcon.colcon_core.environment:checking '/home/savannah/EECE5554/LAB4/install/gps_driver/lib/python3.10/site-packages'
[7.124s] Level 1:colcon.colcon_core.shell:create_environment_hook('gps_driver', 'pythonpath')
[7.124s] INFO:colcon.colcon_core.shell:Creating environment hook '/home/savannah/EECE5554/LAB4/install/gps_driver/share/gps_driver/hook/pythonpath.ps1'
[7.125s] INFO:colcon.colcon_core.shell:Creating environment descriptor '/home/savannah/EECE5554/LAB4/install/gps_driver/share/gps_driver/hook/pythonpath.dsv'
[7.127s] DEBUG:colcon.colcon_core.event_handler.log_command:Invoked command in '/home/savannah/EECE5554/LAB4/src/gps_driver' returned '0': AMENT_PREFIX_PATH=/home/savannah/EECE5554/LAB4/install/gps_message:${AMENT_PREFIX_PATH} CMAKE_PREFIX_PATH=/home/savannah/EECE5554/LAB4/install/gps_message:${CMAKE_PREFIX_PATH} LD_LIBRARY_PATH=/home/savannah/EECE5554/LAB4/install/gps_message/lib:${LD_LIBRARY_PATH} PYTHONPATH=/home/savannah/EECE5554/LAB4/build/gps_driver/prefix_override:/usr/lib/python3/dist-packages/colcon_core/task/python/colcon_distutils_commands:/home/savannah/EECE5554/LAB4/install/gps_driver/lib/python3.10/site-packages:/home/savannah/EECE5554/LAB4/install/gps_message/local/lib/python3.10/dist-packages:${PYTHONPATH} /usr/bin/python3 -W ignore:setup.py install is deprecated -W ignore:easy_install command is deprecated setup.py egg_info --egg-base ../../build/gps_driver build --build-base /home/savannah/EECE5554/LAB4/build/gps_driver/build install --record /home/savannah/EECE5554/LAB4/build/gps_driver/install.log --single-version-externally-managed install_data
[7.127s] INFO:colcon.colcon_core.shell:Creating environment hook '/home/savannah/EECE5554/LAB4/install/gps_driver/share/gps_driver/hook/pythonpath.sh'
[7.128s] Level 1:colcon.colcon_core.environment:checking '/home/savannah/EECE5554/LAB4/install/gps_driver/bin'
[7.128s] Level 1:colcon.colcon_core.environment:create_environment_scripts_only(gps_driver)
[7.128s] INFO:colcon.colcon_core.shell:Creating package script '/home/savannah/EECE5554/LAB4/install/gps_driver/share/gps_driver/package.ps1'
[7.129s] INFO:colcon.colcon_core.shell:Creating package descriptor '/home/savannah/EECE5554/LAB4/install/gps_driver/share/gps_driver/package.dsv'
[7.130s] INFO:colcon.colcon_core.shell:Creating package script '/home/savannah/EECE5554/LAB4/install/gps_driver/share/gps_driver/package.sh'
[7.130s] INFO:colcon.colcon_core.shell:Creating package script '/home/savannah/EECE5554/LAB4/install/gps_driver/share/gps_driver/package.bash'
[7.130s] INFO:colcon.colcon_core.shell:Creating package script '/home/savannah/EECE5554/LAB4/install/gps_driver/share/gps_driver/package.zsh'
[7.130s] Level 1:colcon.colcon_core.environment:create_file_with_runtime_dependencies(/home/savannah/EECE5554/LAB4/install/gps_driver/share/colcon-core/packages/gps_driver)
[7.183s] DEBUG:colcon.colcon_core.event_handler.log_command:Invoking command in '/home/savannah/EECE5554/LAB4/src/imu_driver': AMENT_PREFIX_PATH=/home/savannah/EECE5554/LAB4/install/imu_msg:${AMENT_PREFIX_PATH} CMAKE_PREFIX_PATH=/home/savannah/EECE5554/LAB4/install/imu_msg:${CMAKE_PREFIX_PATH} LD_LIBRARY_PATH=/home/savannah/EECE5554/LAB4/install/imu_msg/lib:${LD_LIBRARY_PATH} PYTHONPATH=/home/savannah/EECE5554/LAB4/build/imu_driver/prefix_override:/usr/lib/python3/dist-packages/colcon_core/task/python/colcon_distutils_commands:/home/savannah/EECE5554/LAB4/install/imu_driver/lib/python3.10/site-packages:/home/savannah/EECE5554/LAB4/install/imu_msg/local/lib/python3.10/dist-packages:${PYTHONPATH} /usr/bin/python3 -W ignore:setup.py install is deprecated -W ignore:easy_install command is deprecated setup.py egg_info --egg-base ../../build/imu_driver build --build-base /home/savannah/EECE5554/LAB4/build/imu_driver/build install --record /home/savannah/EECE5554/LAB4/build/imu_driver/install.log --single-version-externally-managed install_data
[7.455s] Level 1:colcon.colcon_core.environment:checking '/home/savannah/EECE5554/LAB4/install/imu_driver' for CMake module files
[7.455s] Level 1:colcon.colcon_core.environment:checking '/home/savannah/EECE5554/LAB4/install/imu_driver' for CMake config files
[7.456s] Level 1:colcon.colcon_core.environment:checking '/home/savannah/EECE5554/LAB4/install/imu_driver/lib'
[7.456s] Level 1:colcon.colcon_core.environment:checking '/home/savannah/EECE5554/LAB4/install/imu_driver/bin'
[7.456s] Level 1:colcon.colcon_core.environment:checking '/home/savannah/EECE5554/LAB4/install/imu_driver/lib/pkgconfig/imu_driver.pc'
[7.456s] Level 1:colcon.colcon_core.environment:checking '/home/savannah/EECE5554/LAB4/install/imu_driver/lib/python3.10/site-packages'
[7.456s] Level 1:colcon.colcon_core.shell:create_environment_hook('imu_driver', 'pythonpath')
[7.456s] INFO:colcon.colcon_core.shell:Creating environment hook '/home/savannah/EECE5554/LAB4/install/imu_driver/share/imu_driver/hook/pythonpath.ps1'
[7.457s] DEBUG:colcon.colcon_core.event_handler.log_command:Invoked command in '/home/savannah/EECE5554/LAB4/src/imu_driver' returned '0': AMENT_PREFIX_PATH=/home/savannah/EECE5554/LAB4/install/imu_msg:${AMENT_PREFIX_PATH} CMAKE_PREFIX_PATH=/home/savannah/EECE5554/LAB4/install/imu_msg:${CMAKE_PREFIX_PATH} LD_LIBRARY_PATH=/home/savannah/EECE5554/LAB4/install/imu_msg/lib:${LD_LIBRARY_PATH} PYTHONPATH=/home/savannah/EECE5554/LAB4/build/imu_driver/prefix_override:/usr/lib/python3/dist-packages/colcon_core/task/python/colcon_distutils_commands:/home/savannah/EECE5554/LAB4/install/imu_driver/lib/python3.10/site-packages:/home/savannah/EECE5554/LAB4/install/imu_msg/local/lib/python3.10/dist-packages:${PYTHONPATH} /usr/bin/python3 -W ignore:setup.py install is deprecated -W ignore:easy_install command is deprecated setup.py egg_info --egg-base ../../build/imu_driver build --build-base /home/savannah/EECE5554/LAB4/build/imu_driver/build install --record /home/savannah/EECE5554/LAB4/build/imu_driver/install.log --single-version-externally-managed install_data
[7.457s] INFO:colcon.colcon_core.shell:Creating environment descriptor '/home/savannah/EECE5554/LAB4/install/imu_driver/share/imu_driver/hook/pythonpath.dsv'
[7.458s] INFO:colcon.colcon_core.shell:Creating environment hook '/home/savannah/EECE5554/LAB4/install/imu_driver/share/imu_driver/hook/pythonpath.sh'
[7.458s] Level 1:colcon.colcon_core.environment:checking '/home/savannah/EECE5554/LAB4/install/imu_driver/bin'
[7.458s] Level 1:colcon.colcon_core.environment:create_environment_scripts_only(imu_driver)
[7.458s] INFO:colcon.colcon_core.shell:Creating package script '/home/savannah/EECE5554/LAB4/install/imu_driver/share/imu_driver/package.ps1'
[7.459s] INFO:colcon.colcon_core.shell:Creating package descriptor '/home/savannah/EECE5554/LAB4/install/imu_driver/share/imu_driver/package.dsv'
[7.459s] INFO:colcon.colcon_core.shell:Creating package script '/home/savannah/EECE5554/LAB4/install/imu_driver/share/imu_driver/package.sh'
[7.461s] INFO:colcon.colcon_core.shell:Creating package script '/home/savannah/EECE5554/LAB4/install/imu_driver/share/imu_driver/package.bash'
[7.462s] INFO:colcon.colcon_core.shell:Creating package script '/home/savannah/EECE5554/LAB4/install/imu_driver/share/imu_driver/package.zsh'
[7.462s] Level 1:colcon.colcon_core.environment:create_file_with_runtime_dependencies(/home/savannah/EECE5554/LAB4/install/imu_driver/share/colcon-core/packages/imu_driver)
[7.463s] INFO:colcon.colcon_ros.task.ament_python.build:Building ROS package in '/home/savannah/EECE5554/LAB4/src/fusion_driver' with build type 'ament_python'
[7.463s] Level 1:colcon.colcon_core.shell:create_environment_hook('fusion_driver', 'ament_prefix_path')
[7.463s] INFO:colcon.colcon_core.shell:Creating environment hook '/home/savannah/EECE5554/LAB4/install/fusion_driver/share/fusion_driver/hook/ament_prefix_path.ps1'
[7.464s] INFO:colcon.colcon_core.shell:Creating environment descriptor '/home/savannah/EECE5554/LAB4/install/fusion_driver/share/fusion_driver/hook/ament_prefix_path.dsv'
[7.464s] INFO:colcon.colcon_core.shell:Creating environment hook '/home/savannah/EECE5554/LAB4/install/fusion_driver/share/fusion_driver/hook/ament_prefix_path.sh'
[7.464s] INFO:colcon.colcon_core.shell:Skip shell extension 'powershell' for command environment: Not usable outside of PowerShell
[7.464s] DEBUG:colcon.colcon_core.shell:Skip shell extension 'dsv' for command environment
[7.728s] INFO:colcon.colcon_core.task.python.build:Building Python package in '/home/savannah/EECE5554/LAB4/src/fusion_driver'
[7.729s] INFO:colcon.colcon_core.shell:Skip shell extension 'powershell' for command environment: Not usable outside of PowerShell
[7.729s] DEBUG:colcon.colcon_core.shell:Skip shell extension 'dsv' for command environment
[8.117s] DEBUG:colcon.colcon_core.event_handler.log_command:Invoking command in '/home/savannah/EECE5554/LAB4/src/fusion_driver': AMENT_PREFIX_PATH=/home/savannah/EECE5554/LAB4/install/imu_driver:/home/savannah/EECE5554/LAB4/install/gps_driver:/home/savannah/EECE5554/LAB4/install/imu_msg:/home/savannah/EECE5554/LAB4/install/gps_message:${AMENT_PREFIX_PATH} CMAKE_PREFIX_PATH=/home/savannah/EECE5554/LAB4/install/imu_msg:/home/savannah/EECE5554/LAB4/install/gps_message:${CMAKE_PREFIX_PATH} LD_LIBRARY_PATH=/home/savannah/EECE5554/LAB4/install/imu_msg/lib:/home/savannah/EECE5554/LAB4/install/gps_message/lib:${LD_LIBRARY_PATH} PYTHONPATH=/home/savannah/EECE5554/LAB4/build/fusion_driver/prefix_override:/usr/lib/python3/dist-packages/colcon_core/task/python/colcon_distutils_commands:/home/savannah/EECE5554/LAB4/install/fusion_driver/lib/python3.10/site-packages:/home/savannah/EECE5554/LAB4/install/imu_driver/lib/python3.10/site-packages:/home/savannah/EECE5554/LAB4/install/gps_driver/lib/python3.10/site-packages:/home/savannah/EECE5554/LAB4/install/imu_msg/local/lib/python3.10/dist-packages:/home/savannah/EECE5554/LAB4/install/gps_message/local/lib/python3.10/dist-packages:${PYTHONPATH} /usr/bin/python3 -W ignore:setup.py install is deprecated -W ignore:easy_install command is deprecated setup.py egg_info --egg-base ../../build/fusion_driver build --build-base /home/savannah/EECE5554/LAB4/build/fusion_driver/build install --record /home/savannah/EECE5554/LAB4/build/fusion_driver/install.log --single-version-externally-managed install_data
[8.465s] Level 1:colcon.colcon_core.environment:checking '/home/savannah/EECE5554/LAB4/install/fusion_driver' for CMake module files
[8.466s] DEBUG:colcon.colcon_core.event_handler.log_command:Invoked command in '/home/savannah/EECE5554/LAB4/src/fusion_driver' returned '0': AMENT_PREFIX_PATH=/home/savannah/EECE5554/LAB4/install/imu_driver:/home/savannah/EECE5554/LAB4/install/gps_driver:/home/savannah/EECE5554/LAB4/install/imu_msg:/home/savannah/EECE5554/LAB4/install/gps_message:${AMENT_PREFIX_PATH} CMAKE_PREFIX_PATH=/home/savannah/EECE5554/LAB4/install/imu_msg:/home/savannah/EECE5554/LAB4/install/gps_message:${CMAKE_PREFIX_PATH} LD_LIBRARY_PATH=/home/savannah/EECE5554/LAB4/install/imu_msg/lib:/home/savannah/EECE5554/LAB4/install/gps_message/lib:${LD_LIBRARY_PATH} PYTHONPATH=/home/savannah/EECE5554/LAB4/build/fusion_driver/prefix_override:/usr/lib/python3/dist-packages/colcon_core/task/python/colcon_distutils_commands:/home/savannah/EECE5554/LAB4/install/fusion_driver/lib/python3.10/site-packages:/home/savannah/EECE5554/LAB4/install/imu_driver/lib/python3.10/site-packages:/home/savannah/EECE5554/LAB4/install/gps_driver/lib/python3.10/site-packages:/home/savannah/EECE5554/LAB4/install/imu_msg/local/lib/python3.10/dist-packages:/home/savannah/EECE5554/LAB4/install/gps_message/local/lib/python3.10/dist-packages:${PYTHONPATH} /usr/bin/python3 -W ignore:setup.py install is deprecated -W ignore:easy_install command is deprecated setup.py egg_info --egg-base ../../build/fusion_driver build --build-base /home/savannah/EECE5554/LAB4/build/fusion_driver/build install --record /home/savannah/EECE5554/LAB4/build/fusion_driver/install.log --single-version-externally-managed install_data
[8.467s] Level 1:colcon.colcon_core.environment:checking '/home/savannah/EECE5554/LAB4/install/fusion_driver' for CMake config files
[8.467s] Level 1:colcon.colcon_core.environment:checking '/home/savannah/EECE5554/LAB4/install/fusion_driver/lib'
[8.467s] Level 1:colcon.colcon_core.environment:checking '/home/savannah/EECE5554/LAB4/install/fusion_driver/bin'
[8.467s] Level 1:colcon.colcon_core.environment:checking '/home/savannah/EECE5554/LAB4/install/fusion_driver/lib/pkgconfig/fusion_driver.pc'
[8.467s] Level 1:colcon.colcon_core.environment:checking '/home/savannah/EECE5554/LAB4/install/fusion_driver/lib/python3.10/site-packages'
[8.467s] Level 1:colcon.colcon_core.shell:create_environment_hook('fusion_driver', 'pythonpath')
[8.468s] INFO:colcon.colcon_core.shell:Creating environment hook '/home/savannah/EECE5554/LAB4/install/fusion_driver/share/fusion_driver/hook/pythonpath.ps1'
[8.468s] INFO:colcon.colcon_core.shell:Creating environment descriptor '/home/savannah/EECE5554/LAB4/install/fusion_driver/share/fusion_driver/hook/pythonpath.dsv'
[8.468s] INFO:colcon.colcon_core.shell:Creating environment hook '/home/savannah/EECE5554/LAB4/install/fusion_driver/share/fusion_driver/hook/pythonpath.sh'
[8.469s] Level 1:colcon.colcon_core.environment:checking '/home/savannah/EECE5554/LAB4/install/fusion_driver/bin'
[8.469s] Level 1:colcon.colcon_core.environment:create_environment_scripts_only(fusion_driver)
[8.469s] INFO:colcon.colcon_core.shell:Creating package script '/home/savannah/EECE5554/LAB4/install/fusion_driver/share/fusion_driver/package.ps1'
[8.470s] INFO:colcon.colcon_core.shell:Creating package descriptor '/home/savannah/EECE5554/LAB4/install/fusion_driver/share/fusion_driver/package.dsv'
[8.470s] INFO:colcon.colcon_core.shell:Creating package script '/home/savannah/EECE5554/LAB4/install/fusion_driver/share/fusion_driver/package.sh'
[8.471s] INFO:colcon.colcon_core.shell:Creating package script '/home/savannah/EECE5554/LAB4/install/fusion_driver/share/fusion_driver/package.bash'
[8.472s] INFO:colcon.colcon_core.shell:Creating package script '/home/savannah/EECE5554/LAB4/install/fusion_driver/share/fusion_driver/package.zsh'
[8.472s] Level 1:colcon.colcon_core.environment:create_file_with_runtime_dependencies(/home/savannah/EECE5554/LAB4/install/fusion_driver/share/colcon-core/packages/fusion_driver)
[8.472s] DEBUG:colcon.colcon_parallel_executor.executor.parallel:closing loop
[8.473s] DEBUG:colcon.colcon_parallel_executor.executor.parallel:loop closed
[8.473s] DEBUG:colcon.colcon_parallel_executor.executor.parallel:run_until_complete finished with '0'
[8.473s] DEBUG:colcon.colcon_core.event_reactor:joining thread
[8.478s] INFO:colcon.colcon_core.plugin_system:Skipping extension 'colcon_notification.desktop_notification.terminal_notifier': Not used on non-Darwin systems
[8.478s] INFO:colcon.colcon_core.plugin_system:Skipping extension 'colcon_notification.desktop_notification.win32': Not used on non-Windows systems
[8.478s] INFO:colcon.colcon_notification.desktop_notification:Sending desktop notification using 'notify2'
[8.512s] DEBUG:colcon.colcon_core.event_reactor:joined thread
[8.512s] INFO:colcon.colcon_core.shell:Creating prefix script '/home/savannah/EECE5554/LAB4/install/local_setup.ps1'
[8.514s] INFO:colcon.colcon_core.shell:Creating prefix util module '/home/savannah/EECE5554/LAB4/install/_local_setup_util_ps1.py'
[8.516s] INFO:colcon.colcon_core.shell:Creating prefix chain script '/home/savannah/EECE5554/LAB4/install/setup.ps1'
[8.516s] INFO:colcon.colcon_core.shell:Creating prefix script '/home/savannah/EECE5554/LAB4/install/local_setup.sh'
[8.517s] INFO:colcon.colcon_core.shell:Creating prefix util module '/home/savannah/EECE5554/LAB4/install/_local_setup_util_sh.py'
[8.519s] INFO:colcon.colcon_core.shell:Creating prefix chain script '/home/savannah/EECE5554/LAB4/install/setup.sh'
[8.520s] INFO:colcon.colcon_core.shell:Creating prefix script '/home/savannah/EECE5554/LAB4/install/local_setup.bash'
[8.521s] INFO:colcon.colcon_core.shell:Creating prefix chain script '/home/savannah/EECE5554/LAB4/install/setup.bash'
[8.522s] INFO:colcon.colcon_core.shell:Creating prefix script '/home/savannah/EECE5554/LAB4/install/local_setup.zsh'
[8.523s] INFO:colcon.colcon_core.shell:Creating prefix chain script '/home/savannah/EECE5554/LAB4/install/setup.zsh'
