[0.015s] Invoking command in '/home/savannah/EECE5554/LAB1/build/gps_message': CMAKE_PREFIX_PATH=${CMAKE_PREFIX_PATH}:/home/savannah/EECE5554/LAB3/install/imu_driver:/home/savannah/EECE5554/LAB1/install/gps_driver:/opt/ros/humble /usr/bin/cmake /home/savannah/EECE5554/LAB1/src/gps_message -DCMAKE_INSTALL_PREFIX=/home/savannah/EECE5554/LAB1/install/gps_message
[0.095s] -- The C compiler identification is GNU 11.4.0
[0.152s] -- The CXX compiler identification is GNU 11.4.0
[0.154s] -- Detecting C compiler ABI info
[0.221s] -- Detecting C compiler ABI info - done
[0.226s] -- Check for working C compiler: /usr/bin/cc - skipped
[0.226s] -- Detecting C compile features
[0.226s] -- Detecting C compile features - done
[0.228s] -- Detecting CXX compiler ABI info
[0.297s] -- Detecting CXX compiler ABI info - done
[0.303s] -- Check for working CXX compiler: /usr/bin/c++ - skipped
[0.303s] -- Detecting CXX compile features
[0.303s] -- Detecting CXX compile features - done
[0.305s] -- Found ament_cmake: 1.3.11 (/opt/ros/humble/share/ament_cmake/cmake)
[0.438s] -- Found Python3: /usr/bin/python3 (found version "3.10.12") found components: Interpreter 
[0.503s] -- Found rosidl_default_generators: 1.2.0 (/opt/ros/humble/share/rosidl_default_generators/cmake)
[0.505s] -- Using all available rosidl_typesupport_c: rosidl_typesupport_fastrtps_c;rosidl_typesupport_introspection_c
[0.510s] -- Found rosidl_adapter: 3.1.6 (/opt/ros/humble/share/rosidl_adapter/cmake)
[0.540s] -- Using all available rosidl_typesupport_cpp: rosidl_typesupport_fastrtps_cpp;rosidl_typesupport_introspection_cpp
[0.564s] -- Found std_msgs: 4.2.4 (/opt/ros/humble/share/std_msgs/cmake)
[0.852s] -- Found ament_cmake_ros: 0.10.0 (/opt/ros/humble/share/ament_cmake_ros/cmake)
[1.102s] -- Using all available rosidl_typesupport_c: rosidl_typesupport_fastrtps_c;rosidl_typesupport_introspection_c
[1.342s] -- Using all available rosidl_typesupport_cpp: rosidl_typesupport_fastrtps_cpp;rosidl_typesupport_introspection_cpp
[1.361s] -- Found PythonInterp: /usr/bin/python3 (found suitable version "3.10.12", minimum required is "3.6") 
[1.362s] -- Found python_cmake_module: 0.10.0 (/opt/ros/humble/share/python_cmake_module/cmake)
[1.383s] -- Found PythonLibs: /usr/lib/x86_64-linux-gnu/libpython3.10.so (found suitable version "3.10.12", minimum required is "3.5") 
[1.384s] -- Using PYTHON_EXECUTABLE: /usr/bin/python3
[1.384s] -- Using PYTHON_INCLUDE_DIRS: /usr/include/python3.10
[1.384s] -- Using PYTHON_LIBRARIES: /usr/lib/x86_64-linux-gnu/libpython3.10.so
[1.401s] -- Found PythonExtra: .so  
[1.445s] -- Configuring done
[1.478s] -- Generating done
[1.487s] -- Build files have been written to: /home/savannah/EECE5554/LAB1/build/gps_message
[1.493s] Invoked command in '/home/savannah/EECE5554/LAB1/build/gps_message' returned '0': CMAKE_PREFIX_PATH=${CMAKE_PREFIX_PATH}:/home/savannah/EECE5554/LAB3/install/imu_driver:/home/savannah/EECE5554/LAB1/install/gps_driver:/opt/ros/humble /usr/bin/cmake /home/savannah/EECE5554/LAB1/src/gps_message -DCMAKE_INSTALL_PREFIX=/home/savannah/EECE5554/LAB1/install/gps_message
[1.494s] Invoking command in '/home/savannah/EECE5554/LAB1/build/gps_message': CMAKE_PREFIX_PATH=${CMAKE_PREFIX_PATH}:/home/savannah/EECE5554/LAB3/install/imu_driver:/home/savannah/EECE5554/LAB1/install/gps_driver:/opt/ros/humble /usr/bin/cmake --build /home/savannah/EECE5554/LAB1/build/gps_message -- -j4 -l4
[1.530s] [  3%] [34m[1mGenerating C code for ROS interfaces[0m
[1.538s] [  6%] [34m[1mGenerating C++ code for ROS interfaces[0m
[1.561s] [  6%] Built target ament_cmake_python_copy_gps_message
[1.868s] running egg_info
[1.868s] creating gps_message.egg-info
[1.868s] writing gps_message.egg-info/PKG-INFO
[1.868s] writing dependency_links to gps_message.egg-info/dependency_links.txt
[1.869s] writing top-level names to gps_message.egg-info/top_level.txt
[1.879s] writing manifest file 'gps_message.egg-info/SOURCES.txt'
[1.879s] reading manifest file 'gps_message.egg-info/SOURCES.txt'
[1.879s] writing manifest file 'gps_message.egg-info/SOURCES.txt'
[1.948s] [  6%] Built target ament_cmake_python_build_gps_message_egg
[1.983s] [  9%] [32mBuilding C object CMakeFiles/gps_message__rosidl_generator_c.dir/rosidl_generator_c/gps_message/msg/detail/gps_msg__functions.c.o[0m
[1.992s] [  9%] Built target gps_message__cpp
[2.005s] [ 12%] [34m[1mGenerating C++ type support dispatch for ROS interfaces[0m
[2.011s] [ 16%] [34m[1mGenerating C++ type support for eProsima Fast-RTPS[0m
[2.025s] [ 19%] [34m[1mGenerating C++ introspection for ROS interfaces[0m
[2.123s] [ 22%] [32m[1mLinking C shared library libgps_message__rosidl_generator_c.so[0m
[2.189s] [ 22%] Built target gps_message__rosidl_generator_c
[2.207s] [ 25%] [34m[1mGenerating C type support for eProsima Fast-RTPS[0m
[2.371s] [ 29%] [32mBuilding CXX object CMakeFiles/gps_message__rosidl_typesupport_introspection_cpp.dir/rosidl_typesupport_introspection_cpp/gps_message/msg/detail/gps_msg__type_support.cpp.o[0m
[2.380s] [ 32%] [32mBuilding CXX object CMakeFiles/gps_message__rosidl_typesupport_cpp.dir/rosidl_typesupport_cpp/gps_message/msg/gps_msg__type_support.cpp.o[0m
[2.510s] [ 35%] [32mBuilding CXX object CMakeFiles/gps_message__rosidl_typesupport_fastrtps_cpp.dir/rosidl_typesupport_fastrtps_cpp/gps_message/msg/detail/dds_fastrtps/gps_msg__type_support.cpp.o[0m
[2.599s] [ 38%] [32mBuilding CXX object CMakeFiles/gps_message__rosidl_typesupport_fastrtps_c.dir/rosidl_typesupport_fastrtps_c/gps_message/msg/detail/gps_msg__type_support_c.cpp.o[0m
[2.746s] [ 41%] [32m[1mLinking CXX shared library libgps_message__rosidl_typesupport_cpp.so[0m
[2.825s] [ 41%] Built target gps_message__rosidl_typesupport_cpp
[2.852s] [ 45%] [34m[1mGenerating C introspection for ROS interfaces[0m
[2.874s] [ 48%] [32m[1mLinking CXX shared library libgps_message__rosidl_typesupport_introspection_cpp.so[0m
[3.005s] [ 48%] Built target gps_message__rosidl_typesupport_introspection_cpp
[3.012s] [ 51%] [32m[1mLinking CXX shared library libgps_message__rosidl_typesupport_fastrtps_cpp.so[0m
[3.032s] [ 54%] [34m[1mGenerating C type support dispatch for ROS interfaces[0m
[3.136s] [ 54%] Built target gps_message__rosidl_typesupport_fastrtps_cpp
[3.191s] [ 58%] [32m[1mLinking CXX shared library libgps_message__rosidl_typesupport_fastrtps_c.so[0m
[3.277s] [ 58%] Built target gps_message__rosidl_typesupport_fastrtps_c
[3.283s] [ 61%] [32mBuilding C object CMakeFiles/gps_message__rosidl_typesupport_introspection_c.dir/rosidl_typesupport_introspection_c/gps_message/msg/detail/gps_msg__type_support.c.o[0m
[3.317s] [ 64%] [32m[1mLinking C shared library libgps_message__rosidl_typesupport_introspection_c.so[0m
[3.342s] [ 67%] [32mBuilding CXX object CMakeFiles/gps_message__rosidl_typesupport_c.dir/rosidl_typesupport_c/gps_message/msg/gps_msg__type_support.cpp.o[0m
[3.366s] [ 67%] Built target gps_message__rosidl_typesupport_introspection_c
[3.372s] [ 70%] [32m[1mLinking CXX shared library libgps_message__rosidl_typesupport_c.so[0m
[3.413s] [ 70%] Built target gps_message__rosidl_typesupport_c
[3.430s] [ 70%] Built target gps_message
[3.452s] [ 74%] [34m[1mGenerating Python code for ROS interfaces[0m
[3.717s] [ 74%] Built target gps_message__py
[3.734s] [ 77%] [32mBuilding C object CMakeFiles/gps_message__rosidl_generator_py.dir/rosidl_generator_py/gps_message/msg/_gps_msg_s.c.o[0m
[3.820s] [ 80%] [32m[1mLinking C shared library rosidl_generator_py/gps_message/libgps_message__rosidl_generator_py.so[0m
[3.859s] [ 80%] Built target gps_message__rosidl_generator_py
[3.890s] [ 83%] [32mBuilding C object CMakeFiles/gps_message__rosidl_typesupport_c__pyext.dir/rosidl_generator_py/gps_message/_gps_message_s.ep.rosidl_typesupport_c.c.o[0m
[3.891s] [ 87%] [32mBuilding C object CMakeFiles/gps_message__rosidl_typesupport_fastrtps_c__pyext.dir/rosidl_generator_py/gps_message/_gps_message_s.ep.rosidl_typesupport_fastrtps_c.c.o[0m
[3.896s] [ 90%] [32mBuilding C object CMakeFiles/gps_message__rosidl_typesupport_introspection_c__pyext.dir/rosidl_generator_py/gps_message/_gps_message_s.ep.rosidl_typesupport_introspection_c.c.o[0m
[4.013s] [ 93%] [32m[1mLinking C shared library rosidl_generator_py/gps_message/gps_message_s__rosidl_typesupport_fastrtps_c.cpython-310-x86_64-linux-gnu.so[0m
[4.029s] [ 96%] [32m[1mLinking C shared library rosidl_generator_py/gps_message/gps_message_s__rosidl_typesupport_c.cpython-310-x86_64-linux-gnu.so[0m
[4.034s] [100%] [32m[1mLinking C shared library rosidl_generator_py/gps_message/gps_message_s__rosidl_typesupport_introspection_c.cpython-310-x86_64-linux-gnu.so[0m
[4.070s] [100%] Built target gps_message__rosidl_typesupport_c__pyext
[4.071s] [100%] Built target gps_message__rosidl_typesupport_fastrtps_c__pyext
[4.077s] [100%] Built target gps_message__rosidl_typesupport_introspection_c__pyext
[4.093s] Invoked command in '/home/savannah/EECE5554/LAB1/build/gps_message' returned '0': CMAKE_PREFIX_PATH=${CMAKE_PREFIX_PATH}:/home/savannah/EECE5554/LAB3/install/imu_driver:/home/savannah/EECE5554/LAB1/install/gps_driver:/opt/ros/humble /usr/bin/cmake --build /home/savannah/EECE5554/LAB1/build/gps_message -- -j4 -l4
[4.104s] Invoking command in '/home/savannah/EECE5554/LAB1/build/gps_message': CMAKE_PREFIX_PATH=${CMAKE_PREFIX_PATH}:/home/savannah/EECE5554/LAB3/install/imu_driver:/home/savannah/EECE5554/LAB1/install/gps_driver:/opt/ros/humble /usr/bin/cmake --install /home/savannah/EECE5554/LAB1/build/gps_message
[4.110s] -- Install configuration: ""
[4.111s] -- Installing: /home/savannah/EECE5554/LAB1/install/gps_message/share/ament_index/resource_index/rosidl_interfaces/gps_message
[4.111s] -- Installing: /home/savannah/EECE5554/LAB1/install/gps_message/include/gps_message/gps_message
[4.111s] -- Installing: /home/savannah/EECE5554/LAB1/install/gps_message/include/gps_message/gps_message/msg
[4.111s] -- Installing: /home/savannah/EECE5554/LAB1/install/gps_message/include/gps_message/gps_message/msg/gps_msg.h
[4.111s] -- Installing: /home/savannah/EECE5554/LAB1/install/gps_message/include/gps_message/gps_message/msg/detail
[4.112s] -- Installing: /home/savannah/EECE5554/LAB1/install/gps_message/include/gps_message/gps_message/msg/detail/gps_msg__functions.h
[4.112s] -- Installing: /home/savannah/EECE5554/LAB1/install/gps_message/include/gps_message/gps_message/msg/detail/gps_msg__type_support.h
[4.112s] -- Installing: /home/savannah/EECE5554/LAB1/install/gps_message/include/gps_message/gps_message/msg/detail/gps_msg__functions.c
[4.112s] -- Installing: /home/savannah/EECE5554/LAB1/install/gps_message/include/gps_message/gps_message/msg/detail/gps_msg__struct.h
[4.112s] -- Installing: /home/savannah/EECE5554/LAB1/install/gps_message/include/gps_message/gps_message/msg/rosidl_generator_c__visibility_control.h
[4.112s] -- Installing: /home/savannah/EECE5554/LAB1/install/gps_message/share/gps_message/environment/library_path.sh
[4.112s] -- Installing: /home/savannah/EECE5554/LAB1/install/gps_message/share/gps_message/environment/library_path.dsv
[4.112s] -- Installing: /home/savannah/EECE5554/LAB1/install/gps_message/lib/libgps_message__rosidl_generator_c.so
[4.112s] -- Set runtime path of "/home/savannah/EECE5554/LAB1/install/gps_message/lib/libgps_message__rosidl_generator_c.so" to ""
[4.112s] -- Up-to-date: /home/savannah/EECE5554/LAB1/install/gps_message/include/gps_message/gps_message
[4.112s] -- Up-to-date: /home/savannah/EECE5554/LAB1/install/gps_message/include/gps_message/gps_message/msg
[4.112s] -- Up-to-date: /home/savannah/EECE5554/LAB1/install/gps_message/include/gps_message/gps_message/msg/detail
[4.113s] -- Installing: /home/savannah/EECE5554/LAB1/install/gps_message/include/gps_message/gps_message/msg/detail/gps_msg__rosidl_typesupport_fastrtps_c.h
[4.113s] -- Installing: /home/savannah/EECE5554/LAB1/install/gps_message/include/gps_message/gps_message/msg/rosidl_typesupport_fastrtps_c__visibility_control.h
[4.113s] -- Installing: /home/savannah/EECE5554/LAB1/install/gps_message/lib/libgps_message__rosidl_typesupport_fastrtps_c.so
[4.113s] -- Set runtime path of "/home/savannah/EECE5554/LAB1/install/gps_message/lib/libgps_message__rosidl_typesupport_fastrtps_c.so" to ""
[4.113s] -- Up-to-date: /home/savannah/EECE5554/LAB1/install/gps_message/include/gps_message/gps_message
[4.113s] -- Up-to-date: /home/savannah/EECE5554/LAB1/install/gps_message/include/gps_message/gps_message/msg
[4.113s] -- Up-to-date: /home/savannah/EECE5554/LAB1/install/gps_message/include/gps_message/gps_message/msg/detail
[4.113s] -- Installing: /home/savannah/EECE5554/LAB1/install/gps_message/include/gps_message/gps_message/msg/detail/gps_msg__rosidl_typesupport_introspection_c.h
[4.113s] -- Installing: /home/savannah/EECE5554/LAB1/install/gps_message/include/gps_message/gps_message/msg/detail/gps_msg__type_support.c
[4.113s] -- Installing: /home/savannah/EECE5554/LAB1/install/gps_message/include/gps_message/gps_message/msg/rosidl_typesupport_introspection_c__visibility_control.h
[4.114s] -- Installing: /home/savannah/EECE5554/LAB1/install/gps_message/lib/libgps_message__rosidl_typesupport_introspection_c.so
[4.114s] -- Set runtime path of "/home/savannah/EECE5554/LAB1/install/gps_message/lib/libgps_message__rosidl_typesupport_introspection_c.so" to ""
[4.114s] -- Installing: /home/savannah/EECE5554/LAB1/install/gps_message/lib/libgps_message__rosidl_typesupport_c.so
[4.114s] -- Set runtime path of "/home/savannah/EECE5554/LAB1/install/gps_message/lib/libgps_message__rosidl_typesupport_c.so" to ""
[4.114s] -- Up-to-date: /home/savannah/EECE5554/LAB1/install/gps_message/include/gps_message/gps_message
[4.114s] -- Up-to-date: /home/savannah/EECE5554/LAB1/install/gps_message/include/gps_message/gps_message/msg
[4.114s] -- Installing: /home/savannah/EECE5554/LAB1/install/gps_message/include/gps_message/gps_message/msg/gps_msg.hpp
[4.114s] -- Up-to-date: /home/savannah/EECE5554/LAB1/install/gps_message/include/gps_message/gps_message/msg/detail
[4.114s] -- Installing: /home/savannah/EECE5554/LAB1/install/gps_message/include/gps_message/gps_message/msg/detail/gps_msg__struct.hpp
[4.114s] -- Installing: /home/savannah/EECE5554/LAB1/install/gps_message/include/gps_message/gps_message/msg/detail/gps_msg__traits.hpp
[4.114s] -- Installing: /home/savannah/EECE5554/LAB1/install/gps_message/include/gps_message/gps_message/msg/detail/gps_msg__builder.hpp
[4.114s] -- Installing: /home/savannah/EECE5554/LAB1/install/gps_message/include/gps_message/gps_message/msg/detail/gps_msg__type_support.hpp
[4.114s] -- Installing: /home/savannah/EECE5554/LAB1/install/gps_message/include/gps_message/gps_message/msg/rosidl_generator_cpp__visibility_control.hpp
[4.114s] -- Up-to-date: /home/savannah/EECE5554/LAB1/install/gps_message/include/gps_message/gps_message
[4.114s] -- Up-to-date: /home/savannah/EECE5554/LAB1/install/gps_message/include/gps_message/gps_message/msg
[4.114s] -- Up-to-date: /home/savannah/EECE5554/LAB1/install/gps_message/include/gps_message/gps_message/msg/detail
[4.114s] -- Installing: /home/savannah/EECE5554/LAB1/install/gps_message/include/gps_message/gps_message/msg/detail/gps_msg__rosidl_typesupport_fastrtps_cpp.hpp
[4.114s] -- Installing: /home/savannah/EECE5554/LAB1/install/gps_message/include/gps_message/gps_message/msg/detail/dds_fastrtps
[4.114s] -- Installing: /home/savannah/EECE5554/LAB1/install/gps_message/include/gps_message/gps_message/msg/rosidl_typesupport_fastrtps_cpp__visibility_control.h
[4.114s] -- Installing: /home/savannah/EECE5554/LAB1/install/gps_message/lib/libgps_message__rosidl_typesupport_fastrtps_cpp.so
[4.114s] -- Set runtime path of "/home/savannah/EECE5554/LAB1/install/gps_message/lib/libgps_message__rosidl_typesupport_fastrtps_cpp.so" to ""
[4.115s] -- Up-to-date: /home/savannah/EECE5554/LAB1/install/gps_message/include/gps_message/gps_message
[4.115s] -- Up-to-date: /home/savannah/EECE5554/LAB1/install/gps_message/include/gps_message/gps_message/msg
[4.115s] -- Up-to-date: /home/savannah/EECE5554/LAB1/install/gps_message/include/gps_message/gps_message/msg/detail
[4.115s] -- Installing: /home/savannah/EECE5554/LAB1/install/gps_message/include/gps_message/gps_message/msg/detail/gps_msg__type_support.cpp
[4.115s] -- Installing: /home/savannah/EECE5554/LAB1/install/gps_message/include/gps_message/gps_message/msg/detail/gps_msg__rosidl_typesupport_introspection_cpp.hpp
[4.115s] -- Installing: /home/savannah/EECE5554/LAB1/install/gps_message/lib/libgps_message__rosidl_typesupport_introspection_cpp.so
[4.115s] -- Set runtime path of "/home/savannah/EECE5554/LAB1/install/gps_message/lib/libgps_message__rosidl_typesupport_introspection_cpp.so" to ""
[4.115s] -- Installing: /home/savannah/EECE5554/LAB1/install/gps_message/lib/libgps_message__rosidl_typesupport_cpp.so
[4.115s] -- Set runtime path of "/home/savannah/EECE5554/LAB1/install/gps_message/lib/libgps_message__rosidl_typesupport_cpp.so" to ""
[4.115s] -- Installing: /home/savannah/EECE5554/LAB1/install/gps_message/share/gps_message/environment/pythonpath.sh
[4.115s] -- Installing: /home/savannah/EECE5554/LAB1/install/gps_message/share/gps_message/environment/pythonpath.dsv
[4.115s] -- Installing: /home/savannah/EECE5554/LAB1/install/gps_message/local/lib/python3.10/dist-packages/gps_message-0.0.0-py3.10.egg-info
[4.115s] -- Installing: /home/savannah/EECE5554/LAB1/install/gps_message/local/lib/python3.10/dist-packages/gps_message-0.0.0-py3.10.egg-info/top_level.txt
[4.115s] -- Installing: /home/savannah/EECE5554/LAB1/install/gps_message/local/lib/python3.10/dist-packages/gps_message-0.0.0-py3.10.egg-info/dependency_links.txt
[4.115s] -- Installing: /home/savannah/EECE5554/LAB1/install/gps_message/local/lib/python3.10/dist-packages/gps_message-0.0.0-py3.10.egg-info/SOURCES.txt
[4.115s] -- Installing: /home/savannah/EECE5554/LAB1/install/gps_message/local/lib/python3.10/dist-packages/gps_message-0.0.0-py3.10.egg-info/PKG-INFO
[4.115s] -- Installing: /home/savannah/EECE5554/LAB1/install/gps_message/local/lib/python3.10/dist-packages/gps_message
[4.115s] -- Installing: /home/savannah/EECE5554/LAB1/install/gps_message/local/lib/python3.10/dist-packages/gps_message/_gps_message_s.ep.rosidl_typesupport_c.c
[4.115s] -- Installing: /home/savannah/EECE5554/LAB1/install/gps_message/local/lib/python3.10/dist-packages/gps_message/libgps_message__rosidl_generator_py.so
[4.115s] -- Installing: /home/savannah/EECE5554/LAB1/install/gps_message/local/lib/python3.10/dist-packages/gps_message/gps_message_s__rosidl_typesupport_fastrtps_c.cpython-310-x86_64-linux-gnu.so
[4.116s] -- Installing: /home/savannah/EECE5554/LAB1/install/gps_message/local/lib/python3.10/dist-packages/gps_message/gps_message_s__rosidl_typesupport_c.cpython-310-x86_64-linux-gnu.so
[4.116s] -- Installing: /home/savannah/EECE5554/LAB1/install/gps_message/local/lib/python3.10/dist-packages/gps_message/gps_message_s__rosidl_typesupport_introspection_c.cpython-310-x86_64-linux-gnu.so
[4.116s] -- Installing: /home/savannah/EECE5554/LAB1/install/gps_message/local/lib/python3.10/dist-packages/gps_message/_gps_message_s.ep.rosidl_typesupport_fastrtps_c.c
[4.116s] -- Installing: /home/savannah/EECE5554/LAB1/install/gps_message/local/lib/python3.10/dist-packages/gps_message/msg
[4.116s] -- Installing: /home/savannah/EECE5554/LAB1/install/gps_message/local/lib/python3.10/dist-packages/gps_message/msg/_gps_msg_s.c
[4.116s] -- Installing: /home/savannah/EECE5554/LAB1/install/gps_message/local/lib/python3.10/dist-packages/gps_message/msg/_gps_msg.py
[4.116s] -- Installing: /home/savannah/EECE5554/LAB1/install/gps_message/local/lib/python3.10/dist-packages/gps_message/msg/__init__.py
[4.116s] -- Installing: /home/savannah/EECE5554/LAB1/install/gps_message/local/lib/python3.10/dist-packages/gps_message/__init__.py
[4.116s] -- Installing: /home/savannah/EECE5554/LAB1/install/gps_message/local/lib/python3.10/dist-packages/gps_message/_gps_message_s.ep.rosidl_typesupport_introspection_c.c
[4.150s] Listing '/home/savannah/EECE5554/LAB1/install/gps_message/local/lib/python3.10/dist-packages/gps_message'...
[4.150s] Compiling '/home/savannah/EECE5554/LAB1/install/gps_message/local/lib/python3.10/dist-packages/gps_message/__init__.py'...
[4.150s] Listing '/home/savannah/EECE5554/LAB1/install/gps_message/local/lib/python3.10/dist-packages/gps_message/msg'...
[4.150s] Compiling '/home/savannah/EECE5554/LAB1/install/gps_message/local/lib/python3.10/dist-packages/gps_message/msg/__init__.py'...
[4.150s] Compiling '/home/savannah/EECE5554/LAB1/install/gps_message/local/lib/python3.10/dist-packages/gps_message/msg/_gps_msg.py'...
[4.154s] -- Installing: /home/savannah/EECE5554/LAB1/install/gps_message/local/lib/python3.10/dist-packages/gps_message/gps_message_s__rosidl_typesupport_fastrtps_c.cpython-310-x86_64-linux-gnu.so
[4.155s] -- Set runtime path of "/home/savannah/EECE5554/LAB1/install/gps_message/local/lib/python3.10/dist-packages/gps_message/gps_message_s__rosidl_typesupport_fastrtps_c.cpython-310-x86_64-linux-gnu.so" to ""
[4.155s] -- Installing: /home/savannah/EECE5554/LAB1/install/gps_message/local/lib/python3.10/dist-packages/gps_message/gps_message_s__rosidl_typesupport_introspection_c.cpython-310-x86_64-linux-gnu.so
[4.155s] -- Set runtime path of "/home/savannah/EECE5554/LAB1/install/gps_message/local/lib/python3.10/dist-packages/gps_message/gps_message_s__rosidl_typesupport_introspection_c.cpython-310-x86_64-linux-gnu.so" to ""
[4.156s] -- Installing: /home/savannah/EECE5554/LAB1/install/gps_message/local/lib/python3.10/dist-packages/gps_message/gps_message_s__rosidl_typesupport_c.cpython-310-x86_64-linux-gnu.so
[4.156s] -- Set runtime path of "/home/savannah/EECE5554/LAB1/install/gps_message/local/lib/python3.10/dist-packages/gps_message/gps_message_s__rosidl_typesupport_c.cpython-310-x86_64-linux-gnu.so" to ""
[4.156s] -- Installing: /home/savannah/EECE5554/LAB1/install/gps_message/lib/libgps_message__rosidl_generator_py.so
[4.157s] -- Set runtime path of "/home/savannah/EECE5554/LAB1/install/gps_message/lib/libgps_message__rosidl_generator_py.so" to ""
[4.157s] -- Installing: /home/savannah/EECE5554/LAB1/install/gps_message/share/gps_message/msg/GpsMsg.idl
[4.157s] -- Installing: /home/savannah/EECE5554/LAB1/install/gps_message/share/gps_message/msg/GpsMsg.msg
[4.157s] -- Installing: /home/savannah/EECE5554/LAB1/install/gps_message/share/ament_index/resource_index/package_run_dependencies/gps_message
[4.158s] -- Installing: /home/savannah/EECE5554/LAB1/install/gps_message/share/ament_index/resource_index/parent_prefix_path/gps_message
[4.158s] -- Installing: /home/savannah/EECE5554/LAB1/install/gps_message/share/gps_message/environment/ament_prefix_path.sh
[4.158s] -- Installing: /home/savannah/EECE5554/LAB1/install/gps_message/share/gps_message/environment/ament_prefix_path.dsv
[4.158s] -- Installing: /home/savannah/EECE5554/LAB1/install/gps_message/share/gps_message/environment/path.sh
[4.159s] -- Installing: /home/savannah/EECE5554/LAB1/install/gps_message/share/gps_message/environment/path.dsv
[4.159s] -- Installing: /home/savannah/EECE5554/LAB1/install/gps_message/share/gps_message/local_setup.bash
[4.159s] -- Installing: /home/savannah/EECE5554/LAB1/install/gps_message/share/gps_message/local_setup.sh
[4.159s] -- Installing: /home/savannah/EECE5554/LAB1/install/gps_message/share/gps_message/local_setup.zsh
[4.160s] -- Installing: /home/savannah/EECE5554/LAB1/install/gps_message/share/gps_message/local_setup.dsv
[4.160s] -- Installing: /home/savannah/EECE5554/LAB1/install/gps_message/share/gps_message/package.dsv
[4.161s] -- Installing: /home/savannah/EECE5554/LAB1/install/gps_message/share/ament_index/resource_index/packages/gps_message
[4.161s] -- Installing: /home/savannah/EECE5554/LAB1/install/gps_message/share/gps_message/cmake/export_gps_message__rosidl_generator_cExport.cmake
[4.161s] -- Installing: /home/savannah/EECE5554/LAB1/install/gps_message/share/gps_message/cmake/export_gps_message__rosidl_generator_cExport-noconfig.cmake
[4.161s] -- Installing: /home/savannah/EECE5554/LAB1/install/gps_message/share/gps_message/cmake/export_gps_message__rosidl_typesupport_fastrtps_cExport.cmake
[4.161s] -- Installing: /home/savannah/EECE5554/LAB1/install/gps_message/share/gps_message/cmake/export_gps_message__rosidl_typesupport_fastrtps_cExport-noconfig.cmake
[4.162s] -- Installing: /home/savannah/EECE5554/LAB1/install/gps_message/share/gps_message/cmake/gps_message__rosidl_typesupport_introspection_cExport.cmake
[4.162s] -- Installing: /home/savannah/EECE5554/LAB1/install/gps_message/share/gps_message/cmake/gps_message__rosidl_typesupport_introspection_cExport-noconfig.cmake
[4.165s] -- Installing: /home/savannah/EECE5554/LAB1/install/gps_message/share/gps_message/cmake/gps_message__rosidl_typesupport_cExport.cmake
[4.165s] -- Installing: /home/savannah/EECE5554/LAB1/install/gps_message/share/gps_message/cmake/gps_message__rosidl_typesupport_cExport-noconfig.cmake
[4.165s] -- Installing: /home/savannah/EECE5554/LAB1/install/gps_message/share/gps_message/cmake/export_gps_message__rosidl_generator_cppExport.cmake
[4.165s] -- Installing: /home/savannah/EECE5554/LAB1/install/gps_message/share/gps_message/cmake/export_gps_message__rosidl_typesupport_fastrtps_cppExport.cmake
[4.165s] -- Installing: /home/savannah/EECE5554/LAB1/install/gps_message/share/gps_message/cmake/export_gps_message__rosidl_typesupport_fastrtps_cppExport-noconfig.cmake
[4.165s] -- Installing: /home/savannah/EECE5554/LAB1/install/gps_message/share/gps_message/cmake/gps_message__rosidl_typesupport_introspection_cppExport.cmake
[4.165s] -- Installing: /home/savannah/EECE5554/LAB1/install/gps_message/share/gps_message/cmake/gps_message__rosidl_typesupport_introspection_cppExport-noconfig.cmake
[4.165s] -- Installing: /home/savannah/EECE5554/LAB1/install/gps_message/share/gps_message/cmake/gps_message__rosidl_typesupport_cppExport.cmake
[4.165s] -- Installing: /home/savannah/EECE5554/LAB1/install/gps_message/share/gps_message/cmake/gps_message__rosidl_typesupport_cppExport-noconfig.cmake
[4.165s] -- Installing: /home/savannah/EECE5554/LAB1/install/gps_message/share/gps_message/cmake/export_gps_message__rosidl_generator_pyExport.cmake
[4.165s] -- Installing: /home/savannah/EECE5554/LAB1/install/gps_message/share/gps_message/cmake/export_gps_message__rosidl_generator_pyExport-noconfig.cmake
[4.165s] -- Installing: /home/savannah/EECE5554/LAB1/install/gps_message/share/gps_message/cmake/rosidl_cmake-extras.cmake
[4.165s] -- Installing: /home/savannah/EECE5554/LAB1/install/gps_message/share/gps_message/cmake/ament_cmake_export_dependencies-extras.cmake
[4.165s] -- Installing: /home/savannah/EECE5554/LAB1/install/gps_message/share/gps_message/cmake/ament_cmake_export_include_directories-extras.cmake
[4.165s] -- Installing: /home/savannah/EECE5554/LAB1/install/gps_message/share/gps_message/cmake/ament_cmake_export_libraries-extras.cmake
[4.165s] -- Installing: /home/savannah/EECE5554/LAB1/install/gps_message/share/gps_message/cmake/ament_cmake_export_targets-extras.cmake
[4.165s] -- Installing: /home/savannah/EECE5554/LAB1/install/gps_message/share/gps_message/cmake/rosidl_cmake_export_typesupport_targets-extras.cmake
[4.165s] -- Installing: /home/savannah/EECE5554/LAB1/install/gps_message/share/gps_message/cmake/rosidl_cmake_export_typesupport_libraries-extras.cmake
[4.165s] -- Installing: /home/savannah/EECE5554/LAB1/install/gps_message/share/gps_message/cmake/gps_messageConfig.cmake
[4.165s] -- Installing: /home/savannah/EECE5554/LAB1/install/gps_message/share/gps_message/cmake/gps_messageConfig-version.cmake
[4.165s] -- Installing: /home/savannah/EECE5554/LAB1/install/gps_message/share/gps_message/package.xml
[4.174s] Invoked command in '/home/savannah/EECE5554/LAB1/build/gps_message' returned '0': CMAKE_PREFIX_PATH=${CMAKE_PREFIX_PATH}:/home/savannah/EECE5554/LAB3/install/imu_driver:/home/savannah/EECE5554/LAB1/install/gps_driver:/opt/ros/humble /usr/bin/cmake --install /home/savannah/EECE5554/LAB1/build/gps_message
