[0.084s] DEBUG:colcon:Command line arguments: ['/usr/bin/colcon', 'build']
[0.084s] DEBUG:colcon:Parsed command line arguments: Namespace(log_base=None, log_level=None, verb_name='build', build_base='build', install_base='install', merge_install=False, symlink_install=False, test_result_base=None, continue_on_error=False, executor='parallel', parallel_workers=4, event_handlers=None, ignore_user_meta=False, metas=['./colcon.meta'], base_paths=['.'], packages_ignore=None, packages_ignore_regex=None, paths=None, packages_up_to=None, packages_up_to_regex=None, packages_above=None, packages_above_and_dependencies=None, packages_above_depth=None, packages_select_by_dep=None, packages_skip_by_dep=None, packages_skip_up_to=None, packages_select_build_failed=False, packages_skip_build_finished=False, packages_select_test_failures=False, packages_skip_test_passed=False, packages_select=None, packages_skip=None, packages_select_regex=None, packages_skip_regex=None, packages_start=None, packages_end=None, allow_overriding=[], cmake_args=None, cmake_target=None, cmake_target_skip_unavailable=False, cmake_clean_cache=False, cmake_clean_first=False, cmake_force_configure=False, ament_cmake_args=None, catkin_cmake_args=None, catkin_skip_building_tests=False, mixin_files=None, mixin=None, verb_parser=<colcon_mixin.mixin.mixin_argument.MixinArgumentDecorator object at 0x7430bec1a7a0>, verb_extension=<colcon_core.verb.build.BuildVerb object at 0x7430bec1a110>, main=<bound method BuildVerb.main of <colcon_core.verb.build.BuildVerb object at 0x7430bec1a110>>, mixin_verb=('build',))
[0.192s] Level 1:colcon.colcon_core.package_discovery:discover_packages(colcon_meta) check parameters
[0.192s] Level 1:colcon.colcon_core.package_discovery:discover_packages(recursive) check parameters
[0.192s] Level 1:colcon.colcon_core.package_discovery:discover_packages(ignore) check parameters
[0.192s] Level 1:colcon.colcon_core.package_discovery:discover_packages(path) check parameters
[0.192s] Level 1:colcon.colcon_core.package_discovery:discover_packages(colcon_meta) discover
[0.192s] Level 1:colcon.colcon_core.package_discovery:discover_packages(recursive) discover
[0.192s] INFO:colcon.colcon_core.package_discovery:Crawling recursively for packages in '/home/savannah/EECE5554/LAB3'
[0.192s] Level 1:colcon.colcon_core.package_identification:_identify(.) by extensions ['ignore', 'ignore_ament_install']
[0.192s] Level 1:colcon.colcon_core.package_identification:_identify(.) by extension 'ignore'
[0.192s] Level 1:colcon.colcon_core.package_identification:_identify(.) by extension 'ignore_ament_install'
[0.192s] Level 1:colcon.colcon_core.package_identification:_identify(.) by extensions ['colcon_pkg']
[0.192s] Level 1:colcon.colcon_core.package_identification:_identify(.) by extension 'colcon_pkg'
[0.192s] Level 1:colcon.colcon_core.package_identification:_identify(.) by extensions ['colcon_meta']
[0.192s] Level 1:colcon.colcon_core.package_identification:_identify(.) by extension 'colcon_meta'
[0.192s] Level 1:colcon.colcon_core.package_identification:_identify(.) by extensions ['ros']
[0.192s] Level 1:colcon.colcon_core.package_identification:_identify(.) by extension 'ros'
[0.200s] Level 1:colcon.colcon_core.package_identification:_identify(.) by extensions ['cmake', 'python']
[0.200s] Level 1:colcon.colcon_core.package_identification:_identify(.) by extension 'cmake'
[0.200s] Level 1:colcon.colcon_core.package_identification:_identify(.) by extension 'python'
[0.200s] Level 1:colcon.colcon_core.package_identification:_identify(.) by extensions ['python_setup_py']
[0.200s] Level 1:colcon.colcon_core.package_identification:_identify(.) by extension 'python_setup_py'
[0.200s] Level 1:colcon.colcon_core.package_identification:_identify(build) by extensions ['ignore', 'ignore_ament_install']
[0.200s] Level 1:colcon.colcon_core.package_identification:_identify(build) by extension 'ignore'
[0.200s] Level 1:colcon.colcon_core.package_identification:_identify(build) ignored
[0.200s] Level 1:colcon.colcon_core.package_identification:_identify(install) by extensions ['ignore', 'ignore_ament_install']
[0.200s] Level 1:colcon.colcon_core.package_identification:_identify(install) by extension 'ignore'
[0.200s] Level 1:colcon.colcon_core.package_identification:_identify(install) ignored
[0.201s] Level 1:colcon.colcon_core.package_identification:_identify(log) by extensions ['ignore', 'ignore_ament_install']
[0.201s] Level 1:colcon.colcon_core.package_identification:_identify(log) by extension 'ignore'
[0.201s] Level 1:colcon.colcon_core.package_identification:_identify(log) ignored
[0.201s] Level 1:colcon.colcon_core.package_identification:_identify(src) by extensions ['ignore', 'ignore_ament_install']
[0.201s] Level 1:colcon.colcon_core.package_identification:_identify(src) by extension 'ignore'
[0.201s] Level 1:colcon.colcon_core.package_identification:_identify(src) by extension 'ignore_ament_install'
[0.201s] Level 1:colcon.colcon_core.package_identification:_identify(src) by extensions ['colcon_pkg']
[0.201s] Level 1:colcon.colcon_core.package_identification:_identify(src) by extension 'colcon_pkg'
[0.201s] Level 1:colcon.colcon_core.package_identification:_identify(src) by extensions ['colcon_meta']
[0.201s] Level 1:colcon.colcon_core.package_identification:_identify(src) by extension 'colcon_meta'
[0.201s] Level 1:colcon.colcon_core.package_identification:_identify(src) by extensions ['ros']
[0.201s] Level 1:colcon.colcon_core.package_identification:_identify(src) by extension 'ros'
[0.201s] Level 1:colcon.colcon_core.package_identification:_identify(src) by extensions ['cmake', 'python']
[0.201s] Level 1:colcon.colcon_core.package_identification:_identify(src) by extension 'cmake'
[0.201s] Level 1:colcon.colcon_core.package_identification:_identify(src) by extension 'python'
[0.201s] Level 1:colcon.colcon_core.package_identification:_identify(src) by extensions ['python_setup_py']
[0.201s] Level 1:colcon.colcon_core.package_identification:_identify(src) by extension 'python_setup_py'
[0.201s] Level 1:colcon.colcon_core.package_identification:_identify(src/build) by extensions ['ignore', 'ignore_ament_install']
[0.201s] Level 1:colcon.colcon_core.package_identification:_identify(src/build) by extension 'ignore'
[0.201s] Level 1:colcon.colcon_core.package_identification:_identify(src/build) ignored
[0.201s] Level 1:colcon.colcon_core.package_identification:_identify(src/imu_driver) by extensions ['ignore', 'ignore_ament_install']
[0.201s] Level 1:colcon.colcon_core.package_identification:_identify(src/imu_driver) by extension 'ignore'
[0.201s] Level 1:colcon.colcon_core.package_identification:_identify(src/imu_driver) by extension 'ignore_ament_install'
[0.201s] Level 1:colcon.colcon_core.package_identification:_identify(src/imu_driver) by extensions ['colcon_pkg']
[0.201s] Level 1:colcon.colcon_core.package_identification:_identify(src/imu_driver) by extension 'colcon_pkg'
[0.202s] Level 1:colcon.colcon_core.package_identification:_identify(src/imu_driver) by extensions ['colcon_meta']
[0.202s] Level 1:colcon.colcon_core.package_identification:_identify(src/imu_driver) by extension 'colcon_meta'
[0.202s] Level 1:colcon.colcon_core.package_identification:_identify(src/imu_driver) by extensions ['ros']
[0.202s] Level 1:colcon.colcon_core.package_identification:_identify(src/imu_driver) by extension 'ros'
[0.203s] DEBUG:colcon.colcon_core.package_identification:Package 'src/imu_driver' with type 'ros.ament_python' and name 'imu_driver'
[0.203s] Level 1:colcon.colcon_core.package_identification:_identify(src/imu_msg) by extensions ['ignore', 'ignore_ament_install']
[0.203s] Level 1:colcon.colcon_core.package_identification:_identify(src/imu_msg) by extension 'ignore'
[0.204s] Level 1:colcon.colcon_core.package_identification:_identify(src/imu_msg) by extension 'ignore_ament_install'
[0.204s] Level 1:colcon.colcon_core.package_identification:_identify(src/imu_msg) by extensions ['colcon_pkg']
[0.204s] Level 1:colcon.colcon_core.package_identification:_identify(src/imu_msg) by extension 'colcon_pkg'
[0.204s] Level 1:colcon.colcon_core.package_identification:_identify(src/imu_msg) by extensions ['colcon_meta']
[0.204s] Level 1:colcon.colcon_core.package_identification:_identify(src/imu_msg) by extension 'colcon_meta'
[0.204s] Level 1:colcon.colcon_core.package_identification:_identify(src/imu_msg) by extensions ['ros']
[0.204s] Level 1:colcon.colcon_core.package_identification:_identify(src/imu_msg) by extension 'ros'
[0.204s] DEBUG:colcon.colcon_core.package_identification:Package 'src/imu_msg' with type 'ros.ament_cmake' and name 'imu_msg'
[0.204s] Level 1:colcon.colcon_core.package_identification:_identify(src/install) by extensions ['ignore', 'ignore_ament_install']
[0.204s] Level 1:colcon.colcon_core.package_identification:_identify(src/install) by extension 'ignore'
[0.204s] Level 1:colcon.colcon_core.package_identification:_identify(src/install) ignored
[0.205s] Level 1:colcon.colcon_core.package_identification:_identify(src/log) by extensions ['ignore', 'ignore_ament_install']
[0.205s] Level 1:colcon.colcon_core.package_identification:_identify(src/log) by extension 'ignore'
[0.205s] Level 1:colcon.colcon_core.package_identification:_identify(src/log) ignored
[0.205s] Level 1:colcon.colcon_core.package_discovery:discover_packages(recursive) using defaults
[0.205s] Level 1:colcon.colcon_core.package_discovery:discover_packages(ignore) discover
[0.205s] Level 1:colcon.colcon_core.package_discovery:discover_packages(ignore) using defaults
[0.205s] Level 1:colcon.colcon_core.package_discovery:discover_packages(path) discover
[0.205s] Level 1:colcon.colcon_core.package_discovery:discover_packages(path) using defaults
[0.228s] Level 1:colcon.colcon_core.package_discovery:discover_packages(prefix_path) check parameters
[0.228s] Level 1:colcon.colcon_core.package_discovery:discover_packages(prefix_path) discover
[0.229s] DEBUG:colcon.colcon_installed_package_information.package_discovery:Found 2 installed packages in /home/savannah/EECE5554/LAB3/src/install
[0.230s] DEBUG:colcon.colcon_installed_package_information.package_discovery:Found 2 installed packages in /home/savannah/EECE5554/LAB3/install
[0.231s] DEBUG:colcon.colcon_installed_package_information.package_discovery:Found 271 installed packages in /opt/ros/humble
[0.232s] Level 1:colcon.colcon_core.package_discovery:discover_packages(prefix_path) using defaults
[0.254s] Level 5:colcon.colcon_core.verb:set package 'imu_msg' build argument 'cmake_args' from command line to 'None'
[0.254s] Level 5:colcon.colcon_core.verb:set package 'imu_msg' build argument 'cmake_target' from command line to 'None'
[0.255s] Level 5:colcon.colcon_core.verb:set package 'imu_msg' build argument 'cmake_target_skip_unavailable' from command line to 'False'
[0.255s] Level 5:colcon.colcon_core.verb:set package 'imu_msg' build argument 'cmake_clean_cache' from command line to 'False'
[0.255s] Level 5:colcon.colcon_core.verb:set package 'imu_msg' build argument 'cmake_clean_first' from command line to 'False'
[0.255s] Level 5:colcon.colcon_core.verb:set package 'imu_msg' build argument 'cmake_force_configure' from command line to 'False'
[0.255s] Level 5:colcon.colcon_core.verb:set package 'imu_msg' build argument 'ament_cmake_args' from command line to 'None'
[0.255s] Level 5:colcon.colcon_core.verb:set package 'imu_msg' build argument 'catkin_cmake_args' from command line to 'None'
[0.255s] Level 5:colcon.colcon_core.verb:set package 'imu_msg' build argument 'catkin_skip_building_tests' from command line to 'False'
[0.255s] DEBUG:colcon.colcon_core.verb:Building package 'imu_msg' with the following arguments: {'ament_cmake_args': None, 'build_base': '/home/savannah/EECE5554/LAB3/build/imu_msg', 'catkin_cmake_args': None, 'catkin_skip_building_tests': False, 'cmake_args': None, 'cmake_clean_cache': False, 'cmake_clean_first': False, 'cmake_force_configure': False, 'cmake_target': None, 'cmake_target_skip_unavailable': False, 'install_base': '/home/savannah/EECE5554/LAB3/install/imu_msg', 'merge_install': False, 'path': '/home/savannah/EECE5554/LAB3/src/imu_msg', 'symlink_install': False, 'test_result_base': None}
[0.255s] Level 5:colcon.colcon_core.verb:set package 'imu_driver' build argument 'cmake_args' from command line to 'None'
[0.255s] Level 5:colcon.colcon_core.verb:set package 'imu_driver' build argument 'cmake_target' from command line to 'None'
[0.255s] Level 5:colcon.colcon_core.verb:set package 'imu_driver' build argument 'cmake_target_skip_unavailable' from command line to 'False'
[0.255s] Level 5:colcon.colcon_core.verb:set package 'imu_driver' build argument 'cmake_clean_cache' from command line to 'False'
[0.255s] Level 5:colcon.colcon_core.verb:set package 'imu_driver' build argument 'cmake_clean_first' from command line to 'False'
[0.255s] Level 5:colcon.colcon_core.verb:set package 'imu_driver' build argument 'cmake_force_configure' from command line to 'False'
[0.255s] Level 5:colcon.colcon_core.verb:set package 'imu_driver' build argument 'ament_cmake_args' from command line to 'None'
[0.255s] Level 5:colcon.colcon_core.verb:set package 'imu_driver' build argument 'catkin_cmake_args' from command line to 'None'
[0.255s] Level 5:colcon.colcon_core.verb:set package 'imu_driver' build argument 'catkin_skip_building_tests' from command line to 'False'
[0.255s] DEBUG:colcon.colcon_core.verb:Building package 'imu_driver' with the following arguments: {'ament_cmake_args': None, 'build_base': '/home/savannah/EECE5554/LAB3/build/imu_driver', 'catkin_cmake_args': None, 'catkin_skip_building_tests': False, 'cmake_args': None, 'cmake_clean_cache': False, 'cmake_clean_first': False, 'cmake_force_configure': False, 'cmake_target': None, 'cmake_target_skip_unavailable': False, 'install_base': '/home/savannah/EECE5554/LAB3/install/imu_driver', 'merge_install': False, 'path': '/home/savannah/EECE5554/LAB3/src/imu_driver', 'symlink_install': False, 'test_result_base': None}
[0.255s] INFO:colcon.colcon_core.executor:Executing jobs using 'parallel' executor
[0.256s] DEBUG:colcon.colcon_parallel_executor.executor.parallel:run_until_complete
[0.256s] INFO:colcon.colcon_ros.task.ament_cmake.build:Building ROS package in '/home/savannah/EECE5554/LAB3/src/imu_msg' with build type 'ament_cmake'
[0.256s] INFO:colcon.colcon_cmake.task.cmake.build:Building CMake package in '/home/savannah/EECE5554/LAB3/src/imu_msg'
[0.258s] INFO:colcon.colcon_core.plugin_system:Skipping extension 'colcon_core.shell.bat': Not used on non-Windows systems
[0.258s] INFO:colcon.colcon_core.shell:Skip shell extension 'powershell' for command environment: Not usable outside of PowerShell
[0.258s] DEBUG:colcon.colcon_core.shell:Skip shell extension 'dsv' for command environment
[0.266s] DEBUG:colcon.colcon_core.event_handler.log_command:Invoking command in '/home/savannah/EECE5554/LAB3/build/imu_msg': CMAKE_PREFIX_PATH=${CMAKE_PREFIX_PATH}:/home/savannah/EECE5554/LAB3/src/install/imu_driver:/home/savannah/EECE5554/LAB3/install/imu_driver:/opt/ros/humble /usr/bin/cmake --build /home/savannah/EECE5554/LAB3/build/imu_msg -- -j4 -l4
[1.745s] DEBUG:colcon.colcon_core.event_handler.log_command:Invoked command in '/home/savannah/EECE5554/LAB3/build/imu_msg' returned '0': CMAKE_PREFIX_PATH=${CMAKE_PREFIX_PATH}:/home/savannah/EECE5554/LAB3/src/install/imu_driver:/home/savannah/EECE5554/LAB3/install/imu_driver:/opt/ros/humble /usr/bin/cmake --build /home/savannah/EECE5554/LAB3/build/imu_msg -- -j4 -l4
[1.755s] DEBUG:colcon.colcon_core.event_handler.log_command:Invoking command in '/home/savannah/EECE5554/LAB3/build/imu_msg': CMAKE_PREFIX_PATH=${CMAKE_PREFIX_PATH}:/home/savannah/EECE5554/LAB3/src/install/imu_driver:/home/savannah/EECE5554/LAB3/install/imu_driver:/opt/ros/humble /usr/bin/cmake --install /home/savannah/EECE5554/LAB3/build/imu_msg
[1.820s] Level 1:colcon.colcon_core.environment:create_environment_scripts_only(imu_msg)
[1.823s] Level 1:colcon.colcon_core.environment:checking '/home/savannah/EECE5554/LAB3/install/imu_msg' for CMake module files
[1.821s] DEBUG:colcon.colcon_core.event_handler.log_command:Invoked command in '/home/savannah/EECE5554/LAB3/build/imu_msg' returned '0': CMAKE_PREFIX_PATH=${CMAKE_PREFIX_PATH}:/home/savannah/EECE5554/LAB3/src/install/imu_driver:/home/savannah/EECE5554/LAB3/install/imu_driver:/opt/ros/humble /usr/bin/cmake --install /home/savannah/EECE5554/LAB3/build/imu_msg
[1.823s] Level 1:colcon.colcon_core.environment:checking '/home/savannah/EECE5554/LAB3/install/imu_msg' for CMake config files
[1.825s] Level 1:colcon.colcon_core.shell:create_environment_hook('imu_msg', 'cmake_prefix_path')
[1.825s] INFO:colcon.colcon_core.shell:Creating environment hook '/home/savannah/EECE5554/LAB3/install/imu_msg/share/imu_msg/hook/cmake_prefix_path.ps1'
[1.825s] INFO:colcon.colcon_core.shell:Creating environment descriptor '/home/savannah/EECE5554/LAB3/install/imu_msg/share/imu_msg/hook/cmake_prefix_path.dsv'
[1.826s] INFO:colcon.colcon_core.shell:Creating environment hook '/home/savannah/EECE5554/LAB3/install/imu_msg/share/imu_msg/hook/cmake_prefix_path.sh'
[1.827s] Level 1:colcon.colcon_core.environment:checking '/home/savannah/EECE5554/LAB3/install/imu_msg/lib'
[1.828s] Level 1:colcon.colcon_core.shell:create_environment_hook('imu_msg', 'ld_library_path_lib')
[1.828s] INFO:colcon.colcon_core.shell:Creating environment hook '/home/savannah/EECE5554/LAB3/install/imu_msg/share/imu_msg/hook/ld_library_path_lib.ps1'
[1.828s] INFO:colcon.colcon_core.shell:Creating environment descriptor '/home/savannah/EECE5554/LAB3/install/imu_msg/share/imu_msg/hook/ld_library_path_lib.dsv'
[1.829s] INFO:colcon.colcon_core.shell:Creating environment hook '/home/savannah/EECE5554/LAB3/install/imu_msg/share/imu_msg/hook/ld_library_path_lib.sh'
[1.829s] Level 1:colcon.colcon_core.environment:checking '/home/savannah/EECE5554/LAB3/install/imu_msg/bin'
[1.829s] Level 1:colcon.colcon_core.environment:checking '/home/savannah/EECE5554/LAB3/install/imu_msg/lib/pkgconfig/imu_msg.pc'
[1.829s] Level 1:colcon.colcon_core.environment:checking '/home/savannah/EECE5554/LAB3/install/imu_msg/lib/python3.10/site-packages'
[1.829s] Level 1:colcon.colcon_core.environment:checking '/home/savannah/EECE5554/LAB3/install/imu_msg/bin'
[1.830s] INFO:colcon.colcon_core.shell:Creating package script '/home/savannah/EECE5554/LAB3/install/imu_msg/share/imu_msg/package.ps1'
[1.830s] INFO:colcon.colcon_core.shell:Creating package descriptor '/home/savannah/EECE5554/LAB3/install/imu_msg/share/imu_msg/package.dsv'
[1.831s] INFO:colcon.colcon_core.shell:Creating package script '/home/savannah/EECE5554/LAB3/install/imu_msg/share/imu_msg/package.sh'
[1.831s] INFO:colcon.colcon_core.shell:Creating package script '/home/savannah/EECE5554/LAB3/install/imu_msg/share/imu_msg/package.bash'
[1.832s] INFO:colcon.colcon_core.shell:Creating package script '/home/savannah/EECE5554/LAB3/install/imu_msg/share/imu_msg/package.zsh'
[1.832s] Level 1:colcon.colcon_core.environment:create_file_with_runtime_dependencies(/home/savannah/EECE5554/LAB3/install/imu_msg/share/colcon-core/packages/imu_msg)
[1.833s] Level 1:colcon.colcon_core.environment:create_environment_scripts_only(imu_msg)
[1.833s] Level 1:colcon.colcon_core.environment:checking '/home/savannah/EECE5554/LAB3/install/imu_msg' for CMake module files
[1.834s] Level 1:colcon.colcon_core.environment:checking '/home/savannah/EECE5554/LAB3/install/imu_msg' for CMake config files
[1.834s] Level 1:colcon.colcon_core.shell:create_environment_hook('imu_msg', 'cmake_prefix_path')
[1.834s] INFO:colcon.colcon_core.shell:Creating environment hook '/home/savannah/EECE5554/LAB3/install/imu_msg/share/imu_msg/hook/cmake_prefix_path.ps1'
[1.834s] INFO:colcon.colcon_core.shell:Creating environment descriptor '/home/savannah/EECE5554/LAB3/install/imu_msg/share/imu_msg/hook/cmake_prefix_path.dsv'
[1.835s] INFO:colcon.colcon_core.shell:Creating environment hook '/home/savannah/EECE5554/LAB3/install/imu_msg/share/imu_msg/hook/cmake_prefix_path.sh'
[1.835s] Level 1:colcon.colcon_core.environment:checking '/home/savannah/EECE5554/LAB3/install/imu_msg/lib'
[1.835s] Level 1:colcon.colcon_core.shell:create_environment_hook('imu_msg', 'ld_library_path_lib')
[1.835s] INFO:colcon.colcon_core.shell:Creating environment hook '/home/savannah/EECE5554/LAB3/install/imu_msg/share/imu_msg/hook/ld_library_path_lib.ps1'
[1.836s] INFO:colcon.colcon_core.shell:Creating environment descriptor '/home/savannah/EECE5554/LAB3/install/imu_msg/share/imu_msg/hook/ld_library_path_lib.dsv'
[1.836s] INFO:colcon.colcon_core.shell:Creating environment hook '/home/savannah/EECE5554/LAB3/install/imu_msg/share/imu_msg/hook/ld_library_path_lib.sh'
[1.836s] Level 1:colcon.colcon_core.environment:checking '/home/savannah/EECE5554/LAB3/install/imu_msg/bin'
[1.836s] Level 1:colcon.colcon_core.environment:checking '/home/savannah/EECE5554/LAB3/install/imu_msg/lib/pkgconfig/imu_msg.pc'
[1.837s] Level 1:colcon.colcon_core.environment:checking '/home/savannah/EECE5554/LAB3/install/imu_msg/lib/python3.10/site-packages'
[1.837s] Level 1:colcon.colcon_core.environment:checking '/home/savannah/EECE5554/LAB3/install/imu_msg/bin'
[1.837s] INFO:colcon.colcon_core.shell:Creating package script '/home/savannah/EECE5554/LAB3/install/imu_msg/share/imu_msg/package.ps1'
[1.838s] INFO:colcon.colcon_core.shell:Creating package descriptor '/home/savannah/EECE5554/LAB3/install/imu_msg/share/imu_msg/package.dsv'
[1.839s] INFO:colcon.colcon_core.shell:Creating package script '/home/savannah/EECE5554/LAB3/install/imu_msg/share/imu_msg/package.sh'
[1.839s] INFO:colcon.colcon_core.shell:Creating package script '/home/savannah/EECE5554/LAB3/install/imu_msg/share/imu_msg/package.bash'
[1.840s] INFO:colcon.colcon_core.shell:Creating package script '/home/savannah/EECE5554/LAB3/install/imu_msg/share/imu_msg/package.zsh'
[1.840s] Level 1:colcon.colcon_core.environment:create_file_with_runtime_dependencies(/home/savannah/EECE5554/LAB3/install/imu_msg/share/colcon-core/packages/imu_msg)
[1.840s] INFO:colcon.colcon_ros.task.ament_python.build:Building ROS package in '/home/savannah/EECE5554/LAB3/src/imu_driver' with build type 'ament_python'
[1.841s] Level 1:colcon.colcon_core.shell:create_environment_hook('imu_driver', 'ament_prefix_path')
[1.841s] INFO:colcon.colcon_core.shell:Creating environment hook '/home/savannah/EECE5554/LAB3/install/imu_driver/share/imu_driver/hook/ament_prefix_path.ps1'
[1.841s] INFO:colcon.colcon_core.shell:Creating environment descriptor '/home/savannah/EECE5554/LAB3/install/imu_driver/share/imu_driver/hook/ament_prefix_path.dsv'
[1.841s] INFO:colcon.colcon_core.shell:Creating environment hook '/home/savannah/EECE5554/LAB3/install/imu_driver/share/imu_driver/hook/ament_prefix_path.sh'
[1.842s] INFO:colcon.colcon_core.shell:Skip shell extension 'powershell' for command environment: Not usable outside of PowerShell
[1.842s] DEBUG:colcon.colcon_core.shell:Skip shell extension 'dsv' for command environment
[2.049s] INFO:colcon.colcon_core.task.python.build:Building Python package in '/home/savannah/EECE5554/LAB3/src/imu_driver'
[2.050s] INFO:colcon.colcon_core.shell:Skip shell extension 'powershell' for command environment: Not usable outside of PowerShell
[2.050s] DEBUG:colcon.colcon_core.shell:Skip shell extension 'dsv' for command environment
[2.303s] DEBUG:colcon.colcon_core.event_handler.log_command:Invoking command in '/home/savannah/EECE5554/LAB3/src/imu_driver': CMAKE_PREFIX_PATH=/home/savannah/EECE5554/LAB3/install/imu_msg:/home/savannah/EECE5554/LAB3/src/install/imu_msg LD_LIBRARY_PATH=/home/savannah/EECE5554/LAB3/install/imu_msg/lib:/home/savannah/EECE5554/LAB3/src/install/imu_msg/lib:/opt/ros/humble/opt/rviz_ogre_vendor/lib:/opt/ros/humble/lib/x86_64-linux-gnu:/opt/ros/humble/lib PYTHONPATH=/home/savannah/EECE5554/LAB3/build/imu_driver/prefix_override:/usr/lib/python3/dist-packages/colcon_core/task/python/colcon_distutils_commands:/home/savannah/EECE5554/LAB3/install/imu_driver/lib/python3.10/site-packages:${PYTHONPATH} /usr/bin/python3 -W ignore:setup.py install is deprecated -W ignore:easy_install command is deprecated setup.py egg_info --egg-base ../../build/imu_driver build --build-base /home/savannah/EECE5554/LAB3/build/imu_driver/build install --record /home/savannah/EECE5554/LAB3/build/imu_driver/install.log --single-version-externally-managed install_data
[2.515s] Level 1:colcon.colcon_core.environment:checking '/home/savannah/EECE5554/LAB3/install/imu_driver' for CMake module files
[2.515s] DEBUG:colcon.colcon_core.event_handler.log_command:Invoked command in '/home/savannah/EECE5554/LAB3/src/imu_driver' returned '0': CMAKE_PREFIX_PATH=/home/savannah/EECE5554/LAB3/install/imu_msg:/home/savannah/EECE5554/LAB3/src/install/imu_msg LD_LIBRARY_PATH=/home/savannah/EECE5554/LAB3/install/imu_msg/lib:/home/savannah/EECE5554/LAB3/src/install/imu_msg/lib:/opt/ros/humble/opt/rviz_ogre_vendor/lib:/opt/ros/humble/lib/x86_64-linux-gnu:/opt/ros/humble/lib PYTHONPATH=/home/savannah/EECE5554/LAB3/build/imu_driver/prefix_override:/usr/lib/python3/dist-packages/colcon_core/task/python/colcon_distutils_commands:/home/savannah/EECE5554/LAB3/install/imu_driver/lib/python3.10/site-packages:${PYTHONPATH} /usr/bin/python3 -W ignore:setup.py install is deprecated -W ignore:easy_install command is deprecated setup.py egg_info --egg-base ../../build/imu_driver build --build-base /home/savannah/EECE5554/LAB3/build/imu_driver/build install --record /home/savannah/EECE5554/LAB3/build/imu_driver/install.log --single-version-externally-managed install_data
[2.515s] Level 1:colcon.colcon_core.environment:checking '/home/savannah/EECE5554/LAB3/install/imu_driver' for CMake config files
[2.516s] Level 1:colcon.colcon_core.environment:checking '/home/savannah/EECE5554/LAB3/install/imu_driver/lib'
[2.516s] Level 1:colcon.colcon_core.environment:checking '/home/savannah/EECE5554/LAB3/install/imu_driver/bin'
[2.516s] Level 1:colcon.colcon_core.environment:checking '/home/savannah/EECE5554/LAB3/install/imu_driver/lib/pkgconfig/imu_driver.pc'
[2.516s] Level 1:colcon.colcon_core.environment:checking '/home/savannah/EECE5554/LAB3/install/imu_driver/lib/python3.10/site-packages'
[2.516s] Level 1:colcon.colcon_core.shell:create_environment_hook('imu_driver', 'pythonpath')
[2.516s] INFO:colcon.colcon_core.shell:Creating environment hook '/home/savannah/EECE5554/LAB3/install/imu_driver/share/imu_driver/hook/pythonpath.ps1'
[2.517s] INFO:colcon.colcon_core.shell:Creating environment descriptor '/home/savannah/EECE5554/LAB3/install/imu_driver/share/imu_driver/hook/pythonpath.dsv'
[2.517s] INFO:colcon.colcon_core.shell:Creating environment hook '/home/savannah/EECE5554/LAB3/install/imu_driver/share/imu_driver/hook/pythonpath.sh'
[2.518s] Level 1:colcon.colcon_core.environment:checking '/home/savannah/EECE5554/LAB3/install/imu_driver/bin'
[2.518s] Level 1:colcon.colcon_core.environment:create_environment_scripts_only(imu_driver)
[2.518s] INFO:colcon.colcon_core.shell:Creating package script '/home/savannah/EECE5554/LAB3/install/imu_driver/share/imu_driver/package.ps1'
[2.518s] INFO:colcon.colcon_core.shell:Creating package descriptor '/home/savannah/EECE5554/LAB3/install/imu_driver/share/imu_driver/package.dsv'
[2.519s] INFO:colcon.colcon_core.shell:Creating package script '/home/savannah/EECE5554/LAB3/install/imu_driver/share/imu_driver/package.sh'
[2.519s] INFO:colcon.colcon_core.shell:Creating package script '/home/savannah/EECE5554/LAB3/install/imu_driver/share/imu_driver/package.bash'
[2.519s] INFO:colcon.colcon_core.shell:Creating package script '/home/savannah/EECE5554/LAB3/install/imu_driver/share/imu_driver/package.zsh'
[2.520s] Level 1:colcon.colcon_core.environment:create_file_with_runtime_dependencies(/home/savannah/EECE5554/LAB3/install/imu_driver/share/colcon-core/packages/imu_driver)
[2.520s] DEBUG:colcon.colcon_parallel_executor.executor.parallel:closing loop
[2.520s] DEBUG:colcon.colcon_parallel_executor.executor.parallel:loop closed
[2.520s] DEBUG:colcon.colcon_parallel_executor.executor.parallel:run_until_complete finished with '0'
[2.520s] DEBUG:colcon.colcon_core.event_reactor:joining thread
[2.526s] INFO:colcon.colcon_core.plugin_system:Skipping extension 'colcon_notification.desktop_notification.terminal_notifier': Not used on non-Darwin systems
[2.527s] INFO:colcon.colcon_core.plugin_system:Skipping extension 'colcon_notification.desktop_notification.win32': Not used on non-Windows systems
[2.527s] INFO:colcon.colcon_notification.desktop_notification:Sending desktop notification using 'notify2'
[2.540s] DEBUG:colcon.colcon_core.event_reactor:joined thread
[2.540s] INFO:colcon.colcon_core.shell:Creating prefix script '/home/savannah/EECE5554/LAB3/install/local_setup.ps1'
[2.541s] INFO:colcon.colcon_core.shell:Creating prefix util module '/home/savannah/EECE5554/LAB3/install/_local_setup_util_ps1.py'
[2.542s] INFO:colcon.colcon_core.shell:Creating prefix chain script '/home/savannah/EECE5554/LAB3/install/setup.ps1'
[2.543s] INFO:colcon.colcon_core.shell:Creating prefix script '/home/savannah/EECE5554/LAB3/install/local_setup.sh'
[2.544s] INFO:colcon.colcon_core.shell:Creating prefix util module '/home/savannah/EECE5554/LAB3/install/_local_setup_util_sh.py'
[2.544s] INFO:colcon.colcon_core.shell:Creating prefix chain script '/home/savannah/EECE5554/LAB3/install/setup.sh'
[2.547s] INFO:colcon.colcon_core.shell:Creating prefix script '/home/savannah/EECE5554/LAB3/install/local_setup.bash'
[2.548s] INFO:colcon.colcon_core.shell:Creating prefix chain script '/home/savannah/EECE5554/LAB3/install/setup.bash'
[2.549s] INFO:colcon.colcon_core.shell:Creating prefix script '/home/savannah/EECE5554/LAB3/install/local_setup.zsh'
[2.549s] INFO:colcon.colcon_core.shell:Creating prefix chain script '/home/savannah/EECE5554/LAB3/install/setup.zsh'
