[0.011s] Invoking command in '/home/savannah/EECE5554/LAB3/build/imu_msg': CMAKE_PREFIX_PATH=${CMAKE_PREFIX_PATH}:/home/savannah/EECE5554/LAB3/src/install/imu_driver:/home/savannah/EECE5554/LAB3/install/imu_driver:/opt/ros/humble /usr/bin/cmake /home/savannah/EECE5554/LAB3/src/imu_msg -DCMAKE_INSTALL_PREFIX=/home/savannah/EECE5554/LAB3/install/imu_msg
[0.058s] -- The C compiler identification is GNU 11.4.0
[0.124s] -- The CXX compiler identification is GNU 11.4.0
[0.129s] -- Detecting C compiler ABI info
[0.211s] -- Detecting C compiler ABI info - done
[0.215s] -- Check for working C compiler: /usr/bin/cc - skipped
[0.215s] -- Detecting C compile features
[0.217s] -- Detecting C compile features - done
[0.217s] -- Detecting CXX compiler ABI info
[0.295s] -- Detecting CXX compiler ABI info - done
[0.300s] -- Check for working CXX compiler: /usr/bin/c++ - skipped
[0.300s] -- Detecting CXX compile features
[0.301s] -- Detecting CXX compile features - done
[0.302s] -- Found ament_cmake: 1.3.11 (/opt/ros/humble/share/ament_cmake/cmake)
[0.432s] -- Found Python3: /usr/bin/python3 (found version "3.10.12") found components: Interpreter 
[0.503s] -- Found std_msgs: 4.2.4 (/opt/ros/humble/share/std_msgs/cmake)
[0.525s] -- Found rosidl_generator_c: 3.1.6 (/opt/ros/humble/share/rosidl_generator_c/cmake)
[0.529s] -- Found rosidl_adapter: 3.1.6 (/opt/ros/humble/share/rosidl_adapter/cmake)
[0.535s] -- Found rosidl_generator_cpp: 3.1.6 (/opt/ros/humble/share/rosidl_generator_cpp/cmake)
[0.545s] -- Using all available rosidl_typesupport_c: rosidl_typesupport_fastrtps_c;rosidl_typesupport_introspection_c
[0.556s] -- Using all available rosidl_typesupport_cpp: rosidl_typesupport_fastrtps_cpp;rosidl_typesupport_introspection_cpp
[0.575s] -- Found sensor_msgs: 4.2.4 (/opt/ros/humble/share/sensor_msgs/cmake)
[0.596s] -- Found rosidl_default_generators: 1.2.0 (/opt/ros/humble/share/rosidl_default_generators/cmake)
[0.834s] -- Found ament_cmake_ros: 0.10.0 (/opt/ros/humble/share/ament_cmake_ros/cmake)
[1.202s] -- Using all available rosidl_typesupport_c: rosidl_typesupport_fastrtps_c;rosidl_typesupport_introspection_c
[1.360s] -- Using all available rosidl_typesupport_cpp: rosidl_typesupport_fastrtps_cpp;rosidl_typesupport_introspection_cpp
[1.376s] -- Found PythonInterp: /usr/bin/python3 (found suitable version "3.10.12", minimum required is "3.6") 
[1.377s] -- Found python_cmake_module: 0.10.0 (/opt/ros/humble/share/python_cmake_module/cmake)
[1.396s] -- Found PythonLibs: /usr/lib/x86_64-linux-gnu/libpython3.10.so (found suitable version "3.10.12", minimum required is "3.5") 
[1.396s] -- Using PYTHON_EXECUTABLE: /usr/bin/python3
[1.396s] -- Using PYTHON_INCLUDE_DIRS: /usr/include/python3.10
[1.396s] -- Using PYTHON_LIBRARIES: /usr/lib/x86_64-linux-gnu/libpython3.10.so
[1.413s] -- Found PythonExtra: .so  
[1.475s] -- Configuring done
[1.501s] -- Generating done
[1.509s] -- Build files have been written to: /home/savannah/EECE5554/LAB3/build/imu_msg
[1.518s] Invoked command in '/home/savannah/EECE5554/LAB3/build/imu_msg' returned '0': CMAKE_PREFIX_PATH=${CMAKE_PREFIX_PATH}:/home/savannah/EECE5554/LAB3/src/install/imu_driver:/home/savannah/EECE5554/LAB3/install/imu_driver:/opt/ros/humble /usr/bin/cmake /home/savannah/EECE5554/LAB3/src/imu_msg -DCMAKE_INSTALL_PREFIX=/home/savannah/EECE5554/LAB3/install/imu_msg
[1.518s] Invoking command in '/home/savannah/EECE5554/LAB3/build/imu_msg': CMAKE_PREFIX_PATH=${CMAKE_PREFIX_PATH}:/home/savannah/EECE5554/LAB3/src/install/imu_driver:/home/savannah/EECE5554/LAB3/install/imu_driver:/opt/ros/humble /usr/bin/cmake --build /home/savannah/EECE5554/LAB3/build/imu_msg -- -j4 -l4
[1.556s] [  3%] [34m[1mGenerating C code for ROS interfaces[0m
[1.569s] [  6%] [34m[1mGenerating C++ code for ROS interfaces[0m
[1.583s] [  6%] Built target ament_cmake_python_copy_imu_msg
[1.862s] running egg_info
[1.862s] creating imu_msg.egg-info
[1.862s] writing imu_msg.egg-info/PKG-INFO
[1.862s] writing dependency_links to imu_msg.egg-info/dependency_links.txt
[1.862s] writing top-level names to imu_msg.egg-info/top_level.txt
[1.873s] writing manifest file 'imu_msg.egg-info/SOURCES.txt'
[1.873s] reading manifest file 'imu_msg.egg-info/SOURCES.txt'
[1.873s] writing manifest file 'imu_msg.egg-info/SOURCES.txt'
[1.923s] [  6%] Built target ament_cmake_python_build_imu_msg_egg
[1.930s] [  6%] Built target imu_msg__cpp
[1.966s] [  9%] [34m[1mGenerating C++ type support for eProsima Fast-RTPS[0m
[1.973s] [ 12%] [34m[1mGenerating C++ introspection for ROS interfaces[0m
[1.982s] [ 16%] [34m[1mGenerating C++ type support dispatch for ROS interfaces[0m
[1.986s] [ 19%] [32mBuilding C object CMakeFiles/imu_msg__rosidl_generator_c.dir/rosidl_generator_c/imu_msg/msg/detail/imu_msg__functions.c.o[0m
[2.202s] [ 22%] [32m[1mLinking C shared library libimu_msg__rosidl_generator_c.so[0m
[2.268s] [ 22%] Built target imu_msg__rosidl_generator_c
[2.294s] [ 25%] [34m[1mGenerating C type support for eProsima Fast-RTPS[0m
[2.387s] [ 29%] [32mBuilding CXX object CMakeFiles/imu_msg__rosidl_typesupport_fastrtps_cpp.dir/rosidl_typesupport_fastrtps_cpp/imu_msg/msg/detail/dds_fastrtps/imu_msg__type_support.cpp.o[0m
[2.413s] [ 32%] [32mBuilding CXX object CMakeFiles/imu_msg__rosidl_typesupport_cpp.dir/rosidl_typesupport_cpp/imu_msg/msg/imu_msg__type_support.cpp.o[0m
[2.439s] [ 35%] [32mBuilding CXX object CMakeFiles/imu_msg__rosidl_typesupport_introspection_cpp.dir/rosidl_typesupport_introspection_cpp/imu_msg/msg/detail/imu_msg__type_support.cpp.o[0m
[2.891s] [ 38%] [32mBuilding CXX object CMakeFiles/imu_msg__rosidl_typesupport_fastrtps_c.dir/rosidl_typesupport_fastrtps_c/imu_msg/msg/detail/imu_msg__type_support_c.cpp.o[0m
[2.932s] [ 41%] [32m[1mLinking CXX shared library libimu_msg__rosidl_typesupport_cpp.so[0m
[3.107s] [ 41%] Built target imu_msg__rosidl_typesupport_cpp
[3.115s] [ 45%] [34m[1mGenerating C introspection for ROS interfaces[0m
[3.326s] [ 48%] [32m[1mLinking CXX shared library libimu_msg__rosidl_typesupport_introspection_cpp.so[0m
[3.355s] [ 51%] [32m[1mLinking CXX shared library libimu_msg__rosidl_typesupport_fastrtps_cpp.so[0m
[3.434s] [ 51%] Built target imu_msg__rosidl_typesupport_introspection_cpp
[3.446s] [ 51%] Built target imu_msg__rosidl_typesupport_fastrtps_cpp
[3.448s] [ 54%] [34m[1mGenerating C type support dispatch for ROS interfaces[0m
[3.532s] [ 58%] [32mBuilding C object CMakeFiles/imu_msg__rosidl_typesupport_introspection_c.dir/rosidl_typesupport_introspection_c/imu_msg/msg/detail/imu_msg__type_support.c.o[0m
[3.532s] [ 61%] [32m[1mLinking CXX shared library libimu_msg__rosidl_typesupport_fastrtps_c.so[0m
[3.564s] [ 64%] [32m[1mLinking C shared library libimu_msg__rosidl_typesupport_introspection_c.so[0m
[3.599s] [ 64%] Built target imu_msg__rosidl_typesupport_introspection_c
[3.639s] [ 64%] Built target imu_msg__rosidl_typesupport_fastrtps_c
[3.679s] [ 67%] [32mBuilding CXX object CMakeFiles/imu_msg__rosidl_typesupport_c.dir/rosidl_typesupport_c/imu_msg/msg/imu_msg__type_support.cpp.o[0m
[3.709s] [ 70%] [32m[1mLinking CXX shared library libimu_msg__rosidl_typesupport_c.so[0m
[3.743s] [ 70%] Built target imu_msg__rosidl_typesupport_c
[3.763s] [ 70%] Built target imu_msg
[3.794s] [ 74%] [34m[1mGenerating Python code for ROS interfaces[0m
[4.035s] [ 74%] Built target imu_msg__py
[4.052s] [ 77%] [32mBuilding C object CMakeFiles/imu_msg__rosidl_generator_py.dir/rosidl_generator_py/imu_msg/msg/_imu_msg_s.c.o[0m
[4.137s] [ 80%] [32m[1mLinking C shared library rosidl_generator_py/imu_msg/libimu_msg__rosidl_generator_py.so[0m
[4.171s] [ 80%] Built target imu_msg__rosidl_generator_py
[4.195s] [ 83%] [32mBuilding C object CMakeFiles/imu_msg__rosidl_typesupport_c__pyext.dir/rosidl_generator_py/imu_msg/_imu_msg_s.ep.rosidl_typesupport_c.c.o[0m
[4.211s] [ 87%] [32mBuilding C object CMakeFiles/imu_msg__rosidl_typesupport_fastrtps_c__pyext.dir/rosidl_generator_py/imu_msg/_imu_msg_s.ep.rosidl_typesupport_fastrtps_c.c.o[0m
[4.211s] [ 90%] [32mBuilding C object CMakeFiles/imu_msg__rosidl_typesupport_introspection_c__pyext.dir/rosidl_generator_py/imu_msg/_imu_msg_s.ep.rosidl_typesupport_introspection_c.c.o[0m
[4.267s] [ 93%] [32m[1mLinking C shared library rosidl_generator_py/imu_msg/imu_msg_s__rosidl_typesupport_c.cpython-310-x86_64-linux-gnu.so[0m
[4.310s] [ 93%] Built target imu_msg__rosidl_typesupport_c__pyext
[4.311s] [ 96%] [32m[1mLinking C shared library rosidl_generator_py/imu_msg/imu_msg_s__rosidl_typesupport_fastrtps_c.cpython-310-x86_64-linux-gnu.so[0m
[4.314s] [100%] [32m[1mLinking C shared library rosidl_generator_py/imu_msg/imu_msg_s__rosidl_typesupport_introspection_c.cpython-310-x86_64-linux-gnu.so[0m
[4.350s] [100%] Built target imu_msg__rosidl_typesupport_fastrtps_c__pyext
[4.352s] [100%] Built target imu_msg__rosidl_typesupport_introspection_c__pyext
[4.364s] Invoked command in '/home/savannah/EECE5554/LAB3/build/imu_msg' returned '0': CMAKE_PREFIX_PATH=${CMAKE_PREFIX_PATH}:/home/savannah/EECE5554/LAB3/src/install/imu_driver:/home/savannah/EECE5554/LAB3/install/imu_driver:/opt/ros/humble /usr/bin/cmake --build /home/savannah/EECE5554/LAB3/build/imu_msg -- -j4 -l4
[4.372s] Invoking command in '/home/savannah/EECE5554/LAB3/build/imu_msg': CMAKE_PREFIX_PATH=${CMAKE_PREFIX_PATH}:/home/savannah/EECE5554/LAB3/src/install/imu_driver:/home/savannah/EECE5554/LAB3/install/imu_driver:/opt/ros/humble /usr/bin/cmake --install /home/savannah/EECE5554/LAB3/build/imu_msg
[4.382s] -- Install configuration: ""
[4.382s] -- Installing: /home/savannah/EECE5554/LAB3/install/imu_msg/share/ament_index/resource_index/rosidl_interfaces/imu_msg
[4.382s] -- Installing: /home/savannah/EECE5554/LAB3/install/imu_msg/include/imu_msg/imu_msg
[4.383s] -- Installing: /home/savannah/EECE5554/LAB3/install/imu_msg/include/imu_msg/imu_msg/msg
[4.383s] -- Installing: /home/savannah/EECE5554/LAB3/install/imu_msg/include/imu_msg/imu_msg/msg/imu_msg.h
[4.383s] -- Installing: /home/savannah/EECE5554/LAB3/install/imu_msg/include/imu_msg/imu_msg/msg/detail
[4.383s] -- Installing: /home/savannah/EECE5554/LAB3/install/imu_msg/include/imu_msg/imu_msg/msg/detail/imu_msg__functions.c
[4.383s] -- Installing: /home/savannah/EECE5554/LAB3/install/imu_msg/include/imu_msg/imu_msg/msg/detail/imu_msg__struct.h
[4.383s] -- Installing: /home/savannah/EECE5554/LAB3/install/imu_msg/include/imu_msg/imu_msg/msg/detail/imu_msg__type_support.h
[4.383s] -- Installing: /home/savannah/EECE5554/LAB3/install/imu_msg/include/imu_msg/imu_msg/msg/detail/imu_msg__functions.h
[4.383s] -- Installing: /home/savannah/EECE5554/LAB3/install/imu_msg/include/imu_msg/imu_msg/msg/rosidl_generator_c__visibility_control.h
[4.384s] -- Installing: /home/savannah/EECE5554/LAB3/install/imu_msg/share/imu_msg/environment/library_path.sh
[4.384s] -- Installing: /home/savannah/EECE5554/LAB3/install/imu_msg/share/imu_msg/environment/library_path.dsv
[4.384s] -- Installing: /home/savannah/EECE5554/LAB3/install/imu_msg/lib/libimu_msg__rosidl_generator_c.so
[4.384s] -- Set runtime path of "/home/savannah/EECE5554/LAB3/install/imu_msg/lib/libimu_msg__rosidl_generator_c.so" to ""
[4.385s] -- Up-to-date: /home/savannah/EECE5554/LAB3/install/imu_msg/include/imu_msg/imu_msg
[4.385s] -- Up-to-date: /home/savannah/EECE5554/LAB3/install/imu_msg/include/imu_msg/imu_msg/msg
[4.385s] -- Up-to-date: /home/savannah/EECE5554/LAB3/install/imu_msg/include/imu_msg/imu_msg/msg/detail
[4.385s] -- Installing: /home/savannah/EECE5554/LAB3/install/imu_msg/include/imu_msg/imu_msg/msg/detail/imu_msg__rosidl_typesupport_fastrtps_c.h
[4.385s] -- Installing: /home/savannah/EECE5554/LAB3/install/imu_msg/include/imu_msg/imu_msg/msg/rosidl_typesupport_fastrtps_c__visibility_control.h
[4.385s] -- Installing: /home/savannah/EECE5554/LAB3/install/imu_msg/lib/libimu_msg__rosidl_typesupport_fastrtps_c.so
[4.386s] -- Set runtime path of "/home/savannah/EECE5554/LAB3/install/imu_msg/lib/libimu_msg__rosidl_typesupport_fastrtps_c.so" to ""
[4.386s] -- Up-to-date: /home/savannah/EECE5554/LAB3/install/imu_msg/include/imu_msg/imu_msg
[4.386s] -- Up-to-date: /home/savannah/EECE5554/LAB3/install/imu_msg/include/imu_msg/imu_msg/msg
[4.386s] -- Installing: /home/savannah/EECE5554/LAB3/install/imu_msg/include/imu_msg/imu_msg/msg/imu_msg.hpp
[4.386s] -- Up-to-date: /home/savannah/EECE5554/LAB3/install/imu_msg/include/imu_msg/imu_msg/msg/detail
[4.386s] -- Installing: /home/savannah/EECE5554/LAB3/install/imu_msg/include/imu_msg/imu_msg/msg/detail/imu_msg__struct.hpp
[4.386s] -- Installing: /home/savannah/EECE5554/LAB3/install/imu_msg/include/imu_msg/imu_msg/msg/detail/imu_msg__traits.hpp
[4.387s] -- Installing: /home/savannah/EECE5554/LAB3/install/imu_msg/include/imu_msg/imu_msg/msg/detail/imu_msg__type_support.hpp
[4.387s] -- Installing: /home/savannah/EECE5554/LAB3/install/imu_msg/include/imu_msg/imu_msg/msg/detail/imu_msg__builder.hpp
[4.387s] -- Installing: /home/savannah/EECE5554/LAB3/install/imu_msg/include/imu_msg/imu_msg/msg/rosidl_generator_cpp__visibility_control.hpp
[4.387s] -- Up-to-date: /home/savannah/EECE5554/LAB3/install/imu_msg/include/imu_msg/imu_msg
[4.387s] -- Up-to-date: /home/savannah/EECE5554/LAB3/install/imu_msg/include/imu_msg/imu_msg/msg
[4.387s] -- Up-to-date: /home/savannah/EECE5554/LAB3/install/imu_msg/include/imu_msg/imu_msg/msg/detail
[4.387s] -- Installing: /home/savannah/EECE5554/LAB3/install/imu_msg/include/imu_msg/imu_msg/msg/detail/dds_fastrtps
[4.387s] -- Installing: /home/savannah/EECE5554/LAB3/install/imu_msg/include/imu_msg/imu_msg/msg/detail/imu_msg__rosidl_typesupport_fastrtps_cpp.hpp
[4.387s] -- Installing: /home/savannah/EECE5554/LAB3/install/imu_msg/include/imu_msg/imu_msg/msg/rosidl_typesupport_fastrtps_cpp__visibility_control.h
[4.388s] -- Installing: /home/savannah/EECE5554/LAB3/install/imu_msg/lib/libimu_msg__rosidl_typesupport_fastrtps_cpp.so
[4.388s] -- Set runtime path of "/home/savannah/EECE5554/LAB3/install/imu_msg/lib/libimu_msg__rosidl_typesupport_fastrtps_cpp.so" to ""
[4.388s] -- Up-to-date: /home/savannah/EECE5554/LAB3/install/imu_msg/include/imu_msg/imu_msg
[4.388s] -- Up-to-date: /home/savannah/EECE5554/LAB3/install/imu_msg/include/imu_msg/imu_msg/msg
[4.388s] -- Up-to-date: /home/savannah/EECE5554/LAB3/install/imu_msg/include/imu_msg/imu_msg/msg/detail
[4.388s] -- Installing: /home/savannah/EECE5554/LAB3/install/imu_msg/include/imu_msg/imu_msg/msg/detail/imu_msg__rosidl_typesupport_introspection_c.h
[4.389s] -- Installing: /home/savannah/EECE5554/LAB3/install/imu_msg/include/imu_msg/imu_msg/msg/detail/imu_msg__type_support.c
[4.390s] -- Installing: /home/savannah/EECE5554/LAB3/install/imu_msg/include/imu_msg/imu_msg/msg/rosidl_typesupport_introspection_c__visibility_control.h
[4.390s] -- Installing: /home/savannah/EECE5554/LAB3/install/imu_msg/lib/libimu_msg__rosidl_typesupport_introspection_c.so
[4.390s] -- Set runtime path of "/home/savannah/EECE5554/LAB3/install/imu_msg/lib/libimu_msg__rosidl_typesupport_introspection_c.so" to ""
[4.390s] -- Installing: /home/savannah/EECE5554/LAB3/install/imu_msg/lib/libimu_msg__rosidl_typesupport_c.so
[4.390s] -- Set runtime path of "/home/savannah/EECE5554/LAB3/install/imu_msg/lib/libimu_msg__rosidl_typesupport_c.so" to ""
[4.390s] -- Up-to-date: /home/savannah/EECE5554/LAB3/install/imu_msg/include/imu_msg/imu_msg
[4.390s] -- Up-to-date: /home/savannah/EECE5554/LAB3/install/imu_msg/include/imu_msg/imu_msg/msg
[4.390s] -- Up-to-date: /home/savannah/EECE5554/LAB3/install/imu_msg/include/imu_msg/imu_msg/msg/detail
[4.390s] -- Installing: /home/savannah/EECE5554/LAB3/install/imu_msg/include/imu_msg/imu_msg/msg/detail/imu_msg__type_support.cpp
[4.390s] -- Installing: /home/savannah/EECE5554/LAB3/install/imu_msg/include/imu_msg/imu_msg/msg/detail/imu_msg__rosidl_typesupport_introspection_cpp.hpp
[4.390s] -- Installing: /home/savannah/EECE5554/LAB3/install/imu_msg/lib/libimu_msg__rosidl_typesupport_introspection_cpp.so
[4.391s] -- Set runtime path of "/home/savannah/EECE5554/LAB3/install/imu_msg/lib/libimu_msg__rosidl_typesupport_introspection_cpp.so" to ""
[4.391s] -- Installing: /home/savannah/EECE5554/LAB3/install/imu_msg/lib/libimu_msg__rosidl_typesupport_cpp.so
[4.392s] -- Set runtime path of "/home/savannah/EECE5554/LAB3/install/imu_msg/lib/libimu_msg__rosidl_typesupport_cpp.so" to ""
[4.392s] -- Installing: /home/savannah/EECE5554/LAB3/install/imu_msg/share/imu_msg/environment/pythonpath.sh
[4.392s] -- Installing: /home/savannah/EECE5554/LAB3/install/imu_msg/share/imu_msg/environment/pythonpath.dsv
[4.392s] -- Installing: /home/savannah/EECE5554/LAB3/install/imu_msg/local/lib/python3.10/dist-packages/imu_msg-0.0.0-py3.10.egg-info
[4.392s] -- Installing: /home/savannah/EECE5554/LAB3/install/imu_msg/local/lib/python3.10/dist-packages/imu_msg-0.0.0-py3.10.egg-info/top_level.txt
[4.392s] -- Installing: /home/savannah/EECE5554/LAB3/install/imu_msg/local/lib/python3.10/dist-packages/imu_msg-0.0.0-py3.10.egg-info/dependency_links.txt
[4.392s] -- Installing: /home/savannah/EECE5554/LAB3/install/imu_msg/local/lib/python3.10/dist-packages/imu_msg-0.0.0-py3.10.egg-info/SOURCES.txt
[4.392s] -- Installing: /home/savannah/EECE5554/LAB3/install/imu_msg/local/lib/python3.10/dist-packages/imu_msg-0.0.0-py3.10.egg-info/PKG-INFO
[4.392s] -- Installing: /home/savannah/EECE5554/LAB3/install/imu_msg/local/lib/python3.10/dist-packages/imu_msg
[4.393s] -- Installing: /home/savannah/EECE5554/LAB3/install/imu_msg/local/lib/python3.10/dist-packages/imu_msg/_imu_msg_s.ep.rosidl_typesupport_c.c
[4.393s] -- Installing: /home/savannah/EECE5554/LAB3/install/imu_msg/local/lib/python3.10/dist-packages/imu_msg/libimu_msg__rosidl_generator_py.so
[4.393s] -- Installing: /home/savannah/EECE5554/LAB3/install/imu_msg/local/lib/python3.10/dist-packages/imu_msg/_imu_msg_s.ep.rosidl_typesupport_introspection_c.c
[4.393s] -- Installing: /home/savannah/EECE5554/LAB3/install/imu_msg/local/lib/python3.10/dist-packages/imu_msg/_imu_msg_s.ep.rosidl_typesupport_fastrtps_c.c
[4.393s] -- Installing: /home/savannah/EECE5554/LAB3/install/imu_msg/local/lib/python3.10/dist-packages/imu_msg/imu_msg_s__rosidl_typesupport_fastrtps_c.cpython-310-x86_64-linux-gnu.so
[4.393s] -- Installing: /home/savannah/EECE5554/LAB3/install/imu_msg/local/lib/python3.10/dist-packages/imu_msg/imu_msg_s__rosidl_typesupport_c.cpython-310-x86_64-linux-gnu.so
[4.394s] -- Installing: /home/savannah/EECE5554/LAB3/install/imu_msg/local/lib/python3.10/dist-packages/imu_msg/imu_msg_s__rosidl_typesupport_introspection_c.cpython-310-x86_64-linux-gnu.so
[4.394s] -- Installing: /home/savannah/EECE5554/LAB3/install/imu_msg/local/lib/python3.10/dist-packages/imu_msg/msg
[4.394s] -- Installing: /home/savannah/EECE5554/LAB3/install/imu_msg/local/lib/python3.10/dist-packages/imu_msg/msg/_imu_msg_s.c
[4.394s] -- Installing: /home/savannah/EECE5554/LAB3/install/imu_msg/local/lib/python3.10/dist-packages/imu_msg/msg/_imu_msg.py
[4.394s] -- Installing: /home/savannah/EECE5554/LAB3/install/imu_msg/local/lib/python3.10/dist-packages/imu_msg/msg/__init__.py
[4.394s] -- Installing: /home/savannah/EECE5554/LAB3/install/imu_msg/local/lib/python3.10/dist-packages/imu_msg/__init__.py
[4.425s] Listing '/home/savannah/EECE5554/LAB3/install/imu_msg/local/lib/python3.10/dist-packages/imu_msg'...
[4.425s] Compiling '/home/savannah/EECE5554/LAB3/install/imu_msg/local/lib/python3.10/dist-packages/imu_msg/__init__.py'...
[4.425s] Listing '/home/savannah/EECE5554/LAB3/install/imu_msg/local/lib/python3.10/dist-packages/imu_msg/msg'...
[4.425s] Compiling '/home/savannah/EECE5554/LAB3/install/imu_msg/local/lib/python3.10/dist-packages/imu_msg/msg/__init__.py'...
[4.425s] Compiling '/home/savannah/EECE5554/LAB3/install/imu_msg/local/lib/python3.10/dist-packages/imu_msg/msg/_imu_msg.py'...
[4.429s] -- Installing: /home/savannah/EECE5554/LAB3/install/imu_msg/local/lib/python3.10/dist-packages/imu_msg/imu_msg_s__rosidl_typesupport_fastrtps_c.cpython-310-x86_64-linux-gnu.so
[4.429s] -- Set runtime path of "/home/savannah/EECE5554/LAB3/install/imu_msg/local/lib/python3.10/dist-packages/imu_msg/imu_msg_s__rosidl_typesupport_fastrtps_c.cpython-310-x86_64-linux-gnu.so" to ""
[4.429s] -- Installing: /home/savannah/EECE5554/LAB3/install/imu_msg/local/lib/python3.10/dist-packages/imu_msg/imu_msg_s__rosidl_typesupport_introspection_c.cpython-310-x86_64-linux-gnu.so
[4.429s] -- Set runtime path of "/home/savannah/EECE5554/LAB3/install/imu_msg/local/lib/python3.10/dist-packages/imu_msg/imu_msg_s__rosidl_typesupport_introspection_c.cpython-310-x86_64-linux-gnu.so" to ""
[4.429s] -- Installing: /home/savannah/EECE5554/LAB3/install/imu_msg/local/lib/python3.10/dist-packages/imu_msg/imu_msg_s__rosidl_typesupport_c.cpython-310-x86_64-linux-gnu.so
[4.430s] -- Set runtime path of "/home/savannah/EECE5554/LAB3/install/imu_msg/local/lib/python3.10/dist-packages/imu_msg/imu_msg_s__rosidl_typesupport_c.cpython-310-x86_64-linux-gnu.so" to ""
[4.430s] -- Installing: /home/savannah/EECE5554/LAB3/install/imu_msg/lib/libimu_msg__rosidl_generator_py.so
[4.432s] -- Set runtime path of "/home/savannah/EECE5554/LAB3/install/imu_msg/lib/libimu_msg__rosidl_generator_py.so" to ""
[4.432s] -- Installing: /home/savannah/EECE5554/LAB3/install/imu_msg/share/imu_msg/msg/ImuMsg.idl
[4.432s] -- Installing: /home/savannah/EECE5554/LAB3/install/imu_msg/share/imu_msg/msg/ImuMsg.msg
[4.432s] -- Installing: /home/savannah/EECE5554/LAB3/install/imu_msg/share/ament_index/resource_index/package_run_dependencies/imu_msg
[4.432s] -- Installing: /home/savannah/EECE5554/LAB3/install/imu_msg/share/ament_index/resource_index/parent_prefix_path/imu_msg
[4.432s] -- Installing: /home/savannah/EECE5554/LAB3/install/imu_msg/share/imu_msg/environment/ament_prefix_path.sh
[4.432s] -- Installing: /home/savannah/EECE5554/LAB3/install/imu_msg/share/imu_msg/environment/ament_prefix_path.dsv
[4.432s] -- Installing: /home/savannah/EECE5554/LAB3/install/imu_msg/share/imu_msg/environment/path.sh
[4.432s] -- Installing: /home/savannah/EECE5554/LAB3/install/imu_msg/share/imu_msg/environment/path.dsv
[4.432s] -- Installing: /home/savannah/EECE5554/LAB3/install/imu_msg/share/imu_msg/local_setup.bash
[4.433s] -- Installing: /home/savannah/EECE5554/LAB3/install/imu_msg/share/imu_msg/local_setup.sh
[4.433s] -- Installing: /home/savannah/EECE5554/LAB3/install/imu_msg/share/imu_msg/local_setup.zsh
[4.433s] -- Installing: /home/savannah/EECE5554/LAB3/install/imu_msg/share/imu_msg/local_setup.dsv
[4.433s] -- Installing: /home/savannah/EECE5554/LAB3/install/imu_msg/share/imu_msg/package.dsv
[4.433s] -- Installing: /home/savannah/EECE5554/LAB3/install/imu_msg/share/ament_index/resource_index/packages/imu_msg
[4.433s] -- Installing: /home/savannah/EECE5554/LAB3/install/imu_msg/share/imu_msg/cmake/export_imu_msg__rosidl_generator_cExport.cmake
[4.433s] -- Installing: /home/savannah/EECE5554/LAB3/install/imu_msg/share/imu_msg/cmake/export_imu_msg__rosidl_generator_cExport-noconfig.cmake
[4.433s] -- Installing: /home/savannah/EECE5554/LAB3/install/imu_msg/share/imu_msg/cmake/export_imu_msg__rosidl_typesupport_fastrtps_cExport.cmake
[4.433s] -- Installing: /home/savannah/EECE5554/LAB3/install/imu_msg/share/imu_msg/cmake/export_imu_msg__rosidl_typesupport_fastrtps_cExport-noconfig.cmake
[4.433s] -- Installing: /home/savannah/EECE5554/LAB3/install/imu_msg/share/imu_msg/cmake/export_imu_msg__rosidl_generator_cppExport.cmake
[4.433s] -- Installing: /home/savannah/EECE5554/LAB3/install/imu_msg/share/imu_msg/cmake/export_imu_msg__rosidl_typesupport_fastrtps_cppExport.cmake
[4.433s] -- Installing: /home/savannah/EECE5554/LAB3/install/imu_msg/share/imu_msg/cmake/export_imu_msg__rosidl_typesupport_fastrtps_cppExport-noconfig.cmake
[4.433s] -- Installing: /home/savannah/EECE5554/LAB3/install/imu_msg/share/imu_msg/cmake/imu_msg__rosidl_typesupport_introspection_cExport.cmake
[4.433s] -- Installing: /home/savannah/EECE5554/LAB3/install/imu_msg/share/imu_msg/cmake/imu_msg__rosidl_typesupport_introspection_cExport-noconfig.cmake
[4.433s] -- Installing: /home/savannah/EECE5554/LAB3/install/imu_msg/share/imu_msg/cmake/imu_msg__rosidl_typesupport_cExport.cmake
[4.433s] -- Installing: /home/savannah/EECE5554/LAB3/install/imu_msg/share/imu_msg/cmake/imu_msg__rosidl_typesupport_cExport-noconfig.cmake
[4.433s] -- Installing: /home/savannah/EECE5554/LAB3/install/imu_msg/share/imu_msg/cmake/imu_msg__rosidl_typesupport_introspection_cppExport.cmake
[4.433s] -- Installing: /home/savannah/EECE5554/LAB3/install/imu_msg/share/imu_msg/cmake/imu_msg__rosidl_typesupport_introspection_cppExport-noconfig.cmake
[4.433s] -- Installing: /home/savannah/EECE5554/LAB3/install/imu_msg/share/imu_msg/cmake/imu_msg__rosidl_typesupport_cppExport.cmake
[4.434s] -- Installing: /home/savannah/EECE5554/LAB3/install/imu_msg/share/imu_msg/cmake/imu_msg__rosidl_typesupport_cppExport-noconfig.cmake
[4.434s] -- Installing: /home/savannah/EECE5554/LAB3/install/imu_msg/share/imu_msg/cmake/export_imu_msg__rosidl_generator_pyExport.cmake
[4.434s] -- Installing: /home/savannah/EECE5554/LAB3/install/imu_msg/share/imu_msg/cmake/export_imu_msg__rosidl_generator_pyExport-noconfig.cmake
[4.434s] -- Installing: /home/savannah/EECE5554/LAB3/install/imu_msg/share/imu_msg/cmake/rosidl_cmake-extras.cmake
[4.434s] -- Installing: /home/savannah/EECE5554/LAB3/install/imu_msg/share/imu_msg/cmake/ament_cmake_export_dependencies-extras.cmake
[4.434s] -- Installing: /home/savannah/EECE5554/LAB3/install/imu_msg/share/imu_msg/cmake/ament_cmake_export_include_directories-extras.cmake
[4.434s] -- Installing: /home/savannah/EECE5554/LAB3/install/imu_msg/share/imu_msg/cmake/ament_cmake_export_libraries-extras.cmake
[4.434s] -- Installing: /home/savannah/EECE5554/LAB3/install/imu_msg/share/imu_msg/cmake/ament_cmake_export_targets-extras.cmake
[4.434s] -- Installing: /home/savannah/EECE5554/LAB3/install/imu_msg/share/imu_msg/cmake/rosidl_cmake_export_typesupport_targets-extras.cmake
[4.434s] -- Installing: /home/savannah/EECE5554/LAB3/install/imu_msg/share/imu_msg/cmake/rosidl_cmake_export_typesupport_libraries-extras.cmake
[4.434s] -- Installing: /home/savannah/EECE5554/LAB3/install/imu_msg/share/imu_msg/cmake/imu_msgConfig.cmake
[4.434s] -- Installing: /home/savannah/EECE5554/LAB3/install/imu_msg/share/imu_msg/cmake/imu_msgConfig-version.cmake
[4.434s] -- Installing: /home/savannah/EECE5554/LAB3/install/imu_msg/share/imu_msg/package.xml
[4.437s] Invoked command in '/home/savannah/EECE5554/LAB3/build/imu_msg' returned '0': CMAKE_PREFIX_PATH=${CMAKE_PREFIX_PATH}:/home/savannah/EECE5554/LAB3/src/install/imu_driver:/home/savannah/EECE5554/LAB3/install/imu_driver:/opt/ros/humble /usr/bin/cmake --install /home/savannah/EECE5554/LAB3/build/imu_msg
