running egg_info
creating ../../build/gps_driver/gps_driver.egg-info
writing ../../build/gps_driver/gps_driver.egg-info/PKG-INFO
writing dependency_links to ../../build/gps_driver/gps_driver.egg-info/dependency_links.txt
writing entry points to ../../build/gps_driver/gps_driver.egg-info/entry_points.txt
writing requirements to ../../build/gps_driver/gps_driver.egg-info/requires.txt
writing top-level names to ../../build/gps_driver/gps_driver.egg-info/top_level.txt
writing manifest file '../../build/gps_driver/gps_driver.egg-info/SOURCES.txt'
reading manifest file '../../build/gps_driver/gps_driver.egg-info/SOURCES.txt'
adding license file 'LICENSE'
writing manifest file '../../build/gps_driver/gps_driver.egg-info/SOURCES.txt'
running build
running build_py
creating /home/savannah/EECE5554/LAB1/build/gps_driver/build
creating /home/savannah/EECE5554/LAB1/build/gps_driver/build/lib
creating /home/savannah/EECE5554/LAB1/build/gps_driver/build/lib/gps_driver
copying gps_driver/driver.py -> /home/savannah/EECE5554/LAB1/build/gps_driver/build/lib/gps_driver
copying gps_driver/__init__.py -> /home/savannah/EECE5554/LAB1/build/gps_driver/build/lib/gps_driver
running install
running install_lib
creating /home/savannah/EECE5554/LAB1/install/gps_driver/lib/python3.10/site-packages/gps_driver
copying /home/savannah/EECE5554/LAB1/build/gps_driver/build/lib/gps_driver/driver.py -> /home/savannah/EECE5554/LAB1/install/gps_driver/lib/python3.10/site-packages/gps_driver
copying /home/savannah/EECE5554/LAB1/build/gps_driver/build/lib/gps_driver/__init__.py -> /home/savannah/EECE5554/LAB1/install/gps_driver/lib/python3.10/site-packages/gps_driver
byte-compiling /home/savannah/EECE5554/LAB1/install/gps_driver/lib/python3.10/site-packages/gps_driver/driver.py to driver.cpython-310.pyc
byte-compiling /home/savannah/EECE5554/LAB1/install/gps_driver/lib/python3.10/site-packages/gps_driver/__init__.py to __init__.cpython-310.pyc
running install_data
creating /home/savannah/EECE5554/LAB1/install/gps_driver/share/ament_index
creating /home/savannah/EECE5554/LAB1/install/gps_driver/share/ament_index/resource_index
creating /home/savannah/EECE5554/LAB1/install/gps_driver/share/ament_index/resource_index/packages
copying resource/gps_driver -> /home/savannah/EECE5554/LAB1/install/gps_driver/share/ament_index/resource_index/packages
copying package.xml -> /home/savannah/EECE5554/LAB1/install/gps_driver/share/gps_driver
creating /home/savannah/EECE5554/LAB1/install/gps_driver/share/gps_driver/launch
copying launch/driver.launch.py -> /home/savannah/EECE5554/LAB1/install/gps_driver/share/gps_driver/launch
running install_egg_info
Copying ../../build/gps_driver/gps_driver.egg-info to /home/savannah/EECE5554/LAB1/install/gps_driver/lib/python3.10/site-packages/gps_driver-0.0.0-py3.10.egg-info
running install_scripts
Installing driver script to /home/savannah/EECE5554/LAB1/install/gps_driver/lib/gps_driver
writing list of installed files to '/home/savannah/EECE5554/LAB1/build/gps_driver/install.log'
