[0.486s] Invoking command in '/home/savannahmacero/EECE5554/LAB0/src/py_pubsub': PYTHONPATH=/home/savannahmacero/EECE5554/LAB0/build/py_pubsub/prefix_override:/usr/lib/python3/dist-packages/colcon_core/task/python/colcon_distutils_commands:/home/savannahmacero/EECE5554/LAB0/install/py_pubsub/lib/python3.10/site-packages:${PYTHONPATH} /usr/bin/python3 -W ignore:setup.py install is deprecated -W ignore:easy_install command is deprecated setup.py egg_info --egg-base ../../build/py_pubsub build --build-base /home/savannahmacero/EECE5554/LAB0/build/py_pubsub/build install --record /home/savannahmacero/EECE5554/LAB0/build/py_pubsub/install.log --single-version-externally-managed install_data
[0.620s] running egg_info
[0.621s] creating ../../build/py_pubsub/py_pubsub.egg-info
[0.621s] writing ../../build/py_pubsub/py_pubsub.egg-info/PKG-INFO
[0.621s] writing dependency_links to ../../build/py_pubsub/py_pubsub.egg-info/dependency_links.txt
[0.621s] writing entry points to ../../build/py_pubsub/py_pubsub.egg-info/entry_points.txt
[0.621s] writing requirements to ../../build/py_pubsub/py_pubsub.egg-info/requires.txt
[0.621s] writing top-level names to ../../build/py_pubsub/py_pubsub.egg-info/top_level.txt
[0.621s] writing manifest file '../../build/py_pubsub/py_pubsub.egg-info/SOURCES.txt'
[0.622s] reading manifest file '../../build/py_pubsub/py_pubsub.egg-info/SOURCES.txt'
[0.622s] adding license file 'LICENSE'
[0.622s] writing manifest file '../../build/py_pubsub/py_pubsub.egg-info/SOURCES.txt'
[0.622s] running build
[0.623s] running build_py
[0.623s] creating /home/savannahmacero/EECE5554/LAB0/build/py_pubsub/build
[0.623s] creating /home/savannahmacero/EECE5554/LAB0/build/py_pubsub/build/lib
[0.623s] creating /home/savannahmacero/EECE5554/LAB0/build/py_pubsub/build/lib/py_pubsub
[0.623s] copying py_pubsub/publisher_member_function.py -> /home/savannahmacero/EECE5554/LAB0/build/py_pubsub/build/lib/py_pubsub
[0.623s] copying py_pubsub/subscriber_member_function.py -> /home/savannahmacero/EECE5554/LAB0/build/py_pubsub/build/lib/py_pubsub
[0.623s] copying py_pubsub/__init__.py -> /home/savannahmacero/EECE5554/LAB0/build/py_pubsub/build/lib/py_pubsub
[0.623s] running install
[0.624s] running install_lib
[0.624s] creating /home/savannahmacero/EECE5554/LAB0/install/py_pubsub/lib/python3.10/site-packages/py_pubsub
[0.624s] copying /home/savannahmacero/EECE5554/LAB0/build/py_pubsub/build/lib/py_pubsub/publisher_member_function.py -> /home/savannahmacero/EECE5554/LAB0/install/py_pubsub/lib/python3.10/site-packages/py_pubsub
[0.624s] copying /home/savannahmacero/EECE5554/LAB0/build/py_pubsub/build/lib/py_pubsub/subscriber_member_function.py -> /home/savannahmacero/EECE5554/LAB0/install/py_pubsub/lib/python3.10/site-packages/py_pubsub
[0.624s] copying /home/savannahmacero/EECE5554/LAB0/build/py_pubsub/build/lib/py_pubsub/__init__.py -> /home/savannahmacero/EECE5554/LAB0/install/py_pubsub/lib/python3.10/site-packages/py_pubsub
[0.625s] byte-compiling /home/savannahmacero/EECE5554/LAB0/install/py_pubsub/lib/python3.10/site-packages/py_pubsub/publisher_member_function.py to publisher_member_function.cpython-310.pyc
[0.625s] byte-compiling /home/savannahmacero/EECE5554/LAB0/install/py_pubsub/lib/python3.10/site-packages/py_pubsub/subscriber_member_function.py to subscriber_member_function.cpython-310.pyc
[0.625s] byte-compiling /home/savannahmacero/EECE5554/LAB0/install/py_pubsub/lib/python3.10/site-packages/py_pubsub/__init__.py to __init__.cpython-310.pyc
[0.626s] running install_data
[0.626s] creating /home/savannahmacero/EECE5554/LAB0/install/py_pubsub/share/ament_index
[0.626s] creating /home/savannahmacero/EECE5554/LAB0/install/py_pubsub/share/ament_index/resource_index
[0.626s] creating /home/savannahmacero/EECE5554/LAB0/install/py_pubsub/share/ament_index/resource_index/packages
[0.626s] copying resource/py_pubsub -> /home/savannahmacero/EECE5554/LAB0/install/py_pubsub/share/ament_index/resource_index/packages
[0.626s] copying package.xml -> /home/savannahmacero/EECE5554/LAB0/install/py_pubsub/share/py_pubsub
[0.626s] running install_egg_info
[0.627s] Copying ../../build/py_pubsub/py_pubsub.egg-info to /home/savannahmacero/EECE5554/LAB0/install/py_pubsub/lib/python3.10/site-packages/py_pubsub-0.0.0-py3.10.egg-info
[0.627s] running install_scripts
[0.638s] Installing listener script to /home/savannahmacero/EECE5554/LAB0/install/py_pubsub/lib/py_pubsub
[0.638s] Installing talker script to /home/savannahmacero/EECE5554/LAB0/install/py_pubsub/lib/py_pubsub
[0.638s] writing list of installed files to '/home/savannahmacero/EECE5554/LAB0/build/py_pubsub/install.log'
[0.652s] Invoked command in '/home/savannahmacero/EECE5554/LAB0/src/py_pubsub' returned '0': PYTHONPATH=/home/savannahmacero/EECE5554/LAB0/build/py_pubsub/prefix_override:/usr/lib/python3/dist-packages/colcon_core/task/python/colcon_distutils_commands:/home/savannahmacero/EECE5554/LAB0/install/py_pubsub/lib/python3.10/site-packages:${PYTHONPATH} /usr/bin/python3 -W ignore:setup.py install is deprecated -W ignore:easy_install command is deprecated setup.py egg_info --egg-base ../../build/py_pubsub build --build-base /home/savannahmacero/EECE5554/LAB0/build/py_pubsub/build install --record /home/savannahmacero/EECE5554/LAB0/build/py_pubsub/install.log --single-version-externally-managed install_data
